--------- beginning of system
03-06 15:54:15.741  2026  2053 W BroadcastQueue: Background execution not allowed: receiving Intent { act=android.intent.action.DROPBOX_ENTRY_ADDED flg=0x10 (has extras) } to com.google.android.gms/.stats.service.DropBoxEntryAddedReceiver
03-06 15:54:15.742  2026  2053 W BroadcastQueue: Background execution not allowed: receiving Intent { act=android.intent.action.DROPBOX_ENTRY_ADDED flg=0x10 (has extras) } to com.google.android.gms/.chimera.GmsIntentOperationService$PersistentTrustedReceiver
03-06 15:54:15.793  2026  4785 W ActivityManager: Background start not allowed: service Intent { cmp=com.google.android.apps.messaging/.shared.datamodel.action.execution.ActionExecutorImpl$EmptyService } to com.google.android.apps.messaging/.shared.datamodel.action.execution.ActionExecutorImpl$EmptyService from pid=4330 uid=10121 pkg=com.google.android.apps.messaging startFg?=false
--------- beginning of main
03-06 15:54:15.793  4330  4330 W BugleDataModel: ActionExecutorImpl: Action started execution, but we can't guarantee it will complete, the app may be killed. Action: class com.google.android.apps.messaging.shared.datamodel.action.GenericWorkerQueueAction-GenericWorkerQueueAction:27590445
03-06 15:54:15.793  4330  4330 W BugleDataModel: java.lang.IllegalStateException: Not allowed to start service Intent { cmp=com.google.android.apps.messaging/.shared.datamodel.action.execution.ActionExecutorImpl$EmptyService }: app is in background uid UidRecord{ce230f7 u0a121 CEM  idle change:cached procs:1 seq(0,0,0)}
03-06 15:54:15.793  4330  4330 W BugleDataModel: 	at android.app.ContextImpl.startServiceCommon(ContextImpl.java:1616)
03-06 15:54:15.793  4330  4330 W BugleDataModel: 	at android.app.ContextImpl.startService(ContextImpl.java:1571)
03-06 15:54:15.793  4330  4330 W BugleDataModel: 	at android.content.ContextWrapper.startService(ContextWrapper.java:669)
03-06 15:54:15.793  4330  4330 W BugleDataModel: 	at com.google.android.apps.messaging.shared.datamodel.action.execution.ActionExecutorImpl.e(SourceFile:107)
03-06 15:54:15.793  4330  4330 W BugleDataModel: 	at com.google.android.apps.messaging.shared.datamodel.action.execution.ActionExecutorImpl.a(SourceFile:19)
03-06 15:54:15.793  4330  4330 W BugleDataModel: 	at com.google.android.apps.messaging.shared.datamodel.action.execution.ActionExecutorImpl.a(SourceFile:16)
03-06 15:54:15.793  4330  4330 W BugleDataModel: 	at dya.c(SourceFile:12)
03-06 15:54:15.793  4330  4330 W BugleDataModel: 	at dyb.run(Unknown Source:2)
03-06 15:54:15.793  4330  4330 W BugleDataModel: 	at android.os.Handler.handleCallback(Handler.java:883)
03-06 15:54:15.793  4330  4330 W BugleDataModel: 	at android.os.Handler.dispatchMessage(Handler.java:100)
03-06 15:54:15.793  4330  4330 W BugleDataModel: 	at android.os.Looper.loop(Looper.java:214)
03-06 15:54:15.793  4330  4330 W BugleDataModel: 	at android.app.ActivityThread.main(ActivityThread.java:7356)
03-06 15:54:15.793  4330  4330 W BugleDataModel: 	at java.lang.reflect.Method.invoke(Native Method)
03-06 15:54:15.793  4330  4330 W BugleDataModel: 	at com.android.internal.os.RuntimeInit$MethodAndArgsCaller.run(RuntimeInit.java:492)
03-06 15:54:15.793  4330  4330 W BugleDataModel: 	at com.android.internal.os.ZygoteInit.main(ZygoteInit.java:930)
03-06 15:54:16.053  1791  2388 E GnssHAL_GnssInterface: gnssSvStatusCb: a: input svInfo.flags is 8
03-06 15:54:16.053  1791  2388 E GnssHAL_GnssInterface: gnssSvStatusCb: b: input svInfo.flags is 8
03-06 15:54:16.236  2476  2476 W ServiceManagement: Waited one second for android.hardware.radio@1.0::IRadio/slot1
03-06 15:54:16.237  2476  2476 I ServiceManagement: getService: Trying again for android.hardware.radio@1.0::IRadio/slot1...
03-06 15:54:17.053  1791  2388 E GnssHAL_GnssInterface: gnssSvStatusCb: a: input svInfo.flags is 8
03-06 15:54:17.053  1791  2388 E GnssHAL_GnssInterface: gnssSvStatusCb: b: input svInfo.flags is 8
03-06 15:54:17.238  2476  2476 W ServiceManagement: Waited one second for android.hardware.radio@1.0::IRadio/slot1
03-06 15:54:17.238  2476  2476 I ServiceManagement: getService: Trying again for android.hardware.radio@1.0::IRadio/slot1...
03-06 15:54:17.790  2026  4785 I ActivityTaskManager: START u0 {act=android.intent.action.MAIN cat=[android.intent.category.LAUNCHER] flg=0x10000000 cmp=ru.iteco.fmhandroid.test/androidx.test.core.app.InstrumentationActivityInvoker$EmptyActivity} from uid 10134
03-06 15:54:17.795  2026  2048 E system_server: Invalid ID 0x00000000.
03-06 15:54:17.796  7200  7200 D LifecycleMonitor: Lifecycle status change: ru.iteco.fmhandroid.ui.AppActivity@64130f5 in: PAUSED
03-06 15:54:17.796  7200  7200 V ActivityScenario: Activity lifecycle changed event received but ignored because the reported transition was not ON_CREATE while the last known transition was DESTROYED
03-06 15:54:17.796  7200  7200 V ActivityScenario: Update currentActivityStage to PAUSED, currentActivity=ru.iteco.fmhandroid.ui.AppActivity@64130f5
03-06 15:54:17.799  2026  4785 W InputReader: Device has associated, but no associated display id.
03-06 15:54:17.801  2026  4785 I chatty  : uid=1000(system) Binder:2026_1C identical 48 lines
03-06 15:54:17.801  2026  4785 W InputReader: Device has associated, but no associated display id.
03-06 15:54:17.802  7353  7353 W ActivityThread: handleWindowVisibility: no activity for token android.os.BinderProxy@3bad0be
03-06 15:54:17.824  1792  1969 D gralloc_ranchu: gralloc_alloc: Creating ashmem region of size 9592832
03-06 15:54:17.890  1792  1969 I chatty  : uid=1000(system) HwBinder:1792_2 identical 1 line
03-06 15:54:17.943  1792  1969 D gralloc_ranchu: gralloc_alloc: Creating ashmem region of size 9592832
03-06 15:54:17.947  2026  2048 W InputReader: Device has associated, but no associated display id.
03-06 15:54:17.948  2026  2048 I chatty  : uid=1000(system) android.anim identical 18 lines
03-06 15:54:17.948  2026  2048 W InputReader: Device has associated, but no associated display id.
03-06 15:54:17.949  1792  3032 D gralloc_ranchu: gralloc_alloc: Creating ashmem region of size 6139904
03-06 15:54:17.964  7353  7385 D EGL_emulation: eglMakeCurrent: 0xdb9591c0: ver 2 0 (tinfo 0xf2089d00)
03-06 15:54:17.993  1792  1969 D gralloc_ranchu: gralloc_alloc: Creating ashmem region of size 9592832
03-06 15:54:17.994  7200  7276 D EGL_emulation: eglMakeCurrent: 0xdee1ae40: ver 2 0 (tinfo 0xc2e69120)
03-06 15:54:18.003  1792  3032 D gralloc_ranchu: gralloc_alloc: Creating ashmem region of size 9592832
03-06 15:54:18.024  2026  2052 I ActivityTaskManager: Displayed ru.iteco.fmhandroid.test/androidx.test.core.app.InstrumentationActivityInvoker$EmptyActivity: +232ms
03-06 15:54:18.046  2026  4785 W InputReader: Device has associated, but no associated display id.
03-06 15:54:18.046  2026  4785 I chatty  : uid=1000(system) Binder:2026_1C identical 8 lines
03-06 15:54:18.046  2026  4785 W InputReader: Device has associated, but no associated display id.
03-06 15:54:18.054  1791  2388 E GnssHAL_GnssInterface: gnssSvStatusCb: a: input svInfo.flags is 8
03-06 15:54:18.054  1791  2388 E GnssHAL_GnssInterface: gnssSvStatusCb: b: input svInfo.flags is 8
03-06 15:54:18.060  2026  2377 W InputReader: Device has associated, but no associated display id.
03-06 15:54:18.060  2026  2377 I chatty  : uid=1000(system) Binder:2026_7 identical 8 lines
03-06 15:54:18.060  2026  2377 W InputReader: Device has associated, but no associated display id.
03-06 15:54:18.066  7200  7200 D LifecycleMonitor: Lifecycle status change: ru.iteco.fmhandroid.ui.AppActivity@64130f5 in: STOPPED
03-06 15:54:18.067  7200  7200 V ActivityScenario: Activity lifecycle changed event received but ignored because the reported transition was not ON_CREATE while the last known transition was DESTROYED
03-06 15:54:18.067  7200  7200 V ActivityScenario: Update currentActivityStage to STOPPED, currentActivity=ru.iteco.fmhandroid.ui.AppActivity@64130f5
03-06 15:54:18.074  7200  7200 D LifecycleMonitor: Lifecycle status change: ru.iteco.fmhandroid.ui.AppActivity@64130f5 in: DESTROYED
03-06 15:54:18.075  7200  7200 V ActivityScenario: Activity lifecycle changed event received but ignored because the reported transition was not ON_CREATE while the last known transition was DESTROYED
03-06 15:54:18.075  7200  7200 V ActivityScenario: Update currentActivityStage to DESTROYED, currentActivity=null
03-06 15:54:18.081  1792  3032 D gralloc_ranchu: gralloc_alloc: Creating ashmem region of size 9592832
03-06 15:54:18.088  1792  1969 D gralloc_ranchu: gralloc_alloc: Creating ashmem region of size 9592832
03-06 15:54:18.102  2026  2026 W ActivityManager: Unable to start service Intent { act=android.service.appprediction.AppPredictionService cmp=com.google.android.as/com.google.android.apps.miphone.aiai.app.AiAiPredictionService } U=0: not found
03-06 15:54:18.102  2026  2026 W RemoteAppPredictionService: could not bind to Intent { act=android.service.appprediction.AppPredictionService cmp=com.google.android.as/com.google.android.apps.miphone.aiai.app.AiAiPredictionService } using flags 67108865
03-06 15:54:18.112  1792  3032 D gralloc_ranchu: gralloc_alloc: Creating ashmem region of size 9592832
03-06 15:54:18.150  1792  1969 D gralloc_ranchu: gralloc_alloc: Creating ashmem region of size 9592832
03-06 15:54:18.155  2634  3076 D EGL_emulation: eglMakeCurrent: 0xdee1a120: ver 2 0 (tinfo 0xdee0f3f0)
03-06 15:54:18.165  1792  1792 D gralloc_ranchu: gralloc_alloc: Creating ashmem region of size 9592832
03-06 15:54:18.166  1792  3032 D gralloc_ranchu: gralloc_alloc: Creating ashmem region of size 9592832
03-06 15:54:18.199  2890  3240 D EGL_emulation: eglMakeCurrent: 0xdee1c2e0: ver 2 0 (tinfo 0xc1d14460)
03-06 15:54:18.214  1792  1792 D gralloc_ranchu: gralloc_alloc: Creating ashmem region of size 9592832
03-06 15:54:18.227  2026  2048 W InputReader: Device has associated, but no associated display id.
03-06 15:54:18.227  2026  2048 I chatty  : uid=1000(system) android.anim identical 8 lines
03-06 15:54:18.227  2026  2048 W InputReader: Device has associated, but no associated display id.
03-06 15:54:18.228  1792  3032 D gralloc_ranchu: gralloc_alloc: Creating ashmem region of size 6139904
03-06 15:54:18.243  2476  2476 W ServiceManagement: Waited one second for android.hardware.radio@1.0::IRadio/slot1
03-06 15:54:18.243  2476  2476 I ServiceManagement: getService: Trying again for android.hardware.radio@1.0::IRadio/slot1...
03-06 15:54:18.274  2890  2890 W ThreadPoolDumper: Queue length for executor EventBus is now 11. Perhaps some tasks are too long, or the pool is too small.
03-06 15:54:18.289  2890  3121 W SessionLifecycleManager: Handover failed. Creating new session controller.
03-06 15:54:18.306  2634  2650 W System  : A resource failed to call release. 
03-06 15:54:18.306  2634  2650 W System  : A resource failed to call release. 
03-06 15:54:18.317  2184  2197 I ndroid.systemu: NativeAlloc concurrent copying GC freed 1374(126KB) AllocSpace objects, 0(0B) LOS objects, 49% free, 5434KB/10MB, paused 22.469ms total 40.241ms
03-06 15:54:18.332  2890  3206 W LocationOracle: No location history returned by ContextManager
03-06 15:54:18.343  2890  3121 I MicroDetectionWorker: #startMicroDetector [speakerMode: 0]
03-06 15:54:18.344  2890  3121 I AudioController: Created new AudioSource
03-06 15:54:18.345  2890  3121 I MicroDetectionWorker: onReady
03-06 15:54:18.346  2890  3126 I MicroRecognitionRunner: Starting detection.
03-06 15:54:18.346  2890  3126 I MultipleReaderAudioSrc: Using micInputStream
03-06 15:54:18.346  2890  3566 I MicrophoneInputStream: mic_starting  SR : 16000 CC : 16 SO : 1999
03-06 15:54:18.350  1803  8703 I AudioFlinger: AudioFlinger's thread 0xe2918c80 tid=8703 ready to run
03-06 15:54:18.356  2164  3051 W GCoreFlp: No location to return for getLastLocation()
03-06 15:54:18.358  2026  2872 I AudioService.RecordingActivityMonitor: rec update riid:127 uid:10105 session:113 src:HOTWORD pack:com.google.android.googlequicksearchbox
03-06 15:54:18.358  2890  3566 I MicrophoneInputStream: mic_started  SR : 16000 CC : 16 SO : 1999
03-06 15:54:18.365  2026  2872 W AppOps  : Noting op not finished: uid 10099 pkg com.google.android.gms code 79 time=1709758458051 duration=-1709758178385
03-06 15:54:18.367  2026  2872 W AppOps  : Noting op not finished: uid 10099 pkg com.google.android.gms code 79 time=1709758458365 duration=0
03-06 15:54:18.389  2890  3126 W SpeechLevelGenerator: Really low audio levels detected. The audio input may have issues.
03-06 15:54:18.389  2890  3121 I MicroDetectionWorker: onReady
03-06 15:54:18.395  2164  3051 W GCoreFlp: No location to return for getLastLocation()
03-06 15:54:18.396  2026  7117 I WifiService: acquireWifiLock uid=10099 lockMode=2
03-06 15:54:18.399  2164  3051 W GCoreFlp: No location to return for getLastLocation()
03-06 15:54:18.401  2164  3051 W GCoreFlp: No location to return for getLastLocation()
03-06 15:54:18.418  2164  8548 W ctxmgr  : [AclManager] No 3 for (accnt=account#-517948760#, com.google.android.gms(10099):UserVelocityProducer, vrsn=17786022, 0, 3pPkg = null ,  3pMdlId = null ,  pid = 2164). Was: 3 for 1, account#-517948760# [CONTEXT service_id=47 ]
03-06 15:54:18.419  2164  3051 W GCoreFlp: No location to return for getLastLocation()
03-06 15:54:18.434  2164  8551 I Places  : ?: Couldn't find platform key file.
03-06 15:54:18.458  2164  2164 I GeofencerStateMachine: removeGeofences: removeRequest=RemoveGeofencingRequest[REMOVE_BY_PENDING_INTENT pendingIntent=PendingIntent[creatorPackage=com.google.android.gms], packageName=com.google.android.gms]
03-06 15:54:18.459  2164  2164 I GeofencerStateMachine: removeGeofences: removeRequest=RemoveGeofencingRequest[REMOVE_BY_PENDING_INTENT pendingIntent=PendingIntent[creatorPackage=com.google.android.gms], packageName=com.google.android.gms]
03-06 15:54:18.474  2164  8244 I Places  : ?: Couldn't find platform key file.
03-06 15:54:18.475  2164  8706 I PlaceInferenceEngine: [anon] Changed inference mode: 0
03-06 15:54:18.482  2164  8244 I Places  : ?: Couldn't find platform key file.
03-06 15:54:18.482  2164  3051 W GCoreFlp: No location to return for getLastLocation()
03-06 15:54:18.487  7200  7254 E TestRunner: failed: testFilterExecuted(ru.netology.tests.ClaimsPageTests)
03-06 15:54:18.487  7200  7254 E TestRunner: ----- begin exception -----
03-06 15:54:18.488  7200  7254 E TestRunner: androidx.test.espresso.PerformException: Error performing 'wait for a specific view with attribute <an instance of android.widget.TextView and view.getText() with or without transformation to match: is "Claims"> during 5000 millis.' on view 'Animations or transitions are enabled on the target device.
03-06 15:54:18.488  7200  7254 E TestRunner: For more info check: https://developer.android.com/training/testing/espresso/setup#set-up-environment
03-06 15:54:18.488  7200  7254 E TestRunner: 
03-06 15:54:18.488  7200  7254 E TestRunner: view.getRootView() to equal view'.
03-06 15:54:18.488  7200  7254 E TestRunner: 	at androidx.test.espresso.PerformException$Builder.build(PerformException.java:1)
03-06 15:54:18.488  7200  7254 E TestRunner: 	at androidx.test.espresso.base.DefaultFailureHandler.getUserFriendlyError(DefaultFailureHandler.java:9)
03-06 15:54:18.488  7200  7254 E TestRunner: 	at androidx.test.espresso.base.DefaultFailureHandler.handle(DefaultFailureHandler.java:7)
03-06 15:54:18.488  7200  7254 E TestRunner: 	at androidx.test.espresso.ViewInteraction.waitForAndHandleInteractionResults(ViewInteraction.java:8)
03-06 15:54:18.488  7200  7254 E TestRunner: 	at androidx.test.espresso.ViewInteraction.desugaredPerform(ViewInteraction.java:11)
03-06 15:54:18.488  7200  7254 E TestRunner: 	at androidx.test.espresso.ViewInteraction.perform(ViewInteraction.java:4)
03-06 15:54:18.488  7200  7254 E TestRunner: 	at ru.netology.data.DataHelper.elementWaiting(DataHelper.java:323)
03-06 15:54:18.488  7200  7254 E TestRunner: 	at ru.netology.pages.ClaimsPage.checkClaimsScreenLoaded(ClaimsPage.java:36)
03-06 15:54:18.488  7200  7254 E TestRunner: 	at ru.netology.data.ReadyScreen.readyClaimsScreen(ReadyScreen.java:42)
03-06 15:54:18.488  7200  7254 E TestRunner: 	at ru.netology.tests.ClaimsPageTests.readyScreen(ClaimsPageTests.java:43)
03-06 15:54:18.488  7200  7254 E TestRunner: 	at java.lang.reflect.Method.invoke(Native Method)
03-06 15:54:18.488  7200  7254 E TestRunner: 	at org.junit.runners.model.FrameworkMethod$1.runReflectiveCall(FrameworkMethod.java:59)
03-06 15:54:18.488  7200  7254 E TestRunner: 	at org.junit.internal.runners.model.ReflectiveCallable.run(ReflectiveCallable.java:12)
03-06 15:54:18.488  7200  7254 E TestRunner: 	at org.junit.runners.model.FrameworkMethod.invokeExplosively(FrameworkMethod.java:56)
03-06 15:54:18.488  7200  7254 E TestRunner: 	at androidx.test.internal.runner.junit4.statement.RunBefores.evaluate(RunBefores.java:76)
03-06 15:54:18.488  7200  7254 E TestRunner: 	at org.junit.rules.ExternalResource$1.evaluate(ExternalResource.java:54)
03-06 15:54:18.488  7200  7254 E TestRunner: 	at io.qameta.allure.android.rules.ScreenshotRule$apply$1.evaluate(ScreenshotRule.kt:22)
03-06 15:54:18.488  7200  7254 E TestRunner: 	at org.junit.rules.ExternalResource$1.evaluate(ExternalResource.java:54)
03-06 15:54:18.488  7200  7254 E TestRunner: 	at io.qameta.allure.android.rules.LogcatRule$apply$1.evaluate(LogcatRule.kt:23)
03-06 15:54:18.488  7200  7254 E TestRunner: 	at org.junit.rules.RunRules.evaluate(RunRules.java:20)
03-06 15:54:18.488  7200  7254 E TestRunner: 	at org.junit.runners.ParentRunner$3.evaluate(ParentRunner.java:306)
03-06 15:54:18.488  7200  7254 E TestRunner: 	at org.junit.runners.BlockJUnit4ClassRunner$1.evaluate(BlockJUnit4ClassRunner.java:100)
03-06 15:54:18.488  7200  7254 E TestRunner: 	at org.junit.runners.ParentRunner.runLeaf(ParentRunner.java:366)
03-06 15:54:18.488  7200  7254 E TestRunner: 	at org.junit.runners.BlockJUnit4ClassRunner.runChild(BlockJUnit4ClassRunner.java:103)
03-06 15:54:18.488  7200  7254 E TestRunner: 	at org.junit.runners.BlockJUnit4ClassRunner.runChild(BlockJUnit4ClassRunner.java:63)
03-06 15:54:18.488  7200  7254 E TestRunner: 	at org.junit.runners.ParentRunner$4.run(ParentRunner.java:331)
03-06 15:54:18.488  7200  7254 E TestRunner: 	at org.junit.runners.ParentRunner$1.schedule(ParentRunner.java:79)
03-06 15:54:18.488  7200  7254 E TestRunner: 	at org.junit.runners.ParentRunner.runChildren(ParentRunner.java:329)
03-06 15:54:18.488  7200  7254 E TestRunner: 	at org.junit.runners.ParentRunner.access$100(ParentRunner.java:66)
03-06 15:54:18.488  7200  7254 E TestRunner: 	at org.junit.runners.ParentRunner$2.evaluate(ParentRunner.java:293)
03-06 15:54:18.488  7200  7254 E TestRunner: 	at org.junit.runners.ParentRunner$3.evaluate(ParentRunner.java:306)
03-06 15:54:18.488  7200  7254 E TestRunner: 	at org.junit.runners.ParentRunner.run(ParentRunner.java:413)
03-06 15:54:18.488  7200  7254 E TestRunner: 	at androidx.test.ext.junit.runners.AndroidJUnit4.run(AndroidJUnit4.java:162)
03-06 15:54:18.488  7200  7254 E TestRunner: 	at org.junit.runners.Suite.runChild(Suite.java:128)
03-06 15:54:18.488  7200  7254 E TestRunner: 	at org.junit.runners.Suite.runChild(Suite.java:27)
03-06 15:54:18.488  7200  7254 E TestRunner: 	at org.junit.runners.ParentRunner$4.run(ParentRunner.java:331)
03-06 15:54:18.488  7200  7254 E TestRunner: 	at org.junit.runners.ParentRunner$1.schedule(ParentRunner.java:79)
03-06 15:54:18.488  7200  7254 E TestRunner: 	at org.junit.runners.ParentRunner.runChildren(ParentRunner.java:329)
03-06 15:54:18.488  7200  7254 E TestRunner: 	at org.junit.runners.ParentRunner.access$100(ParentRunner.java:66)
03-06 15:54:18.488  7200  7254 E TestRunner: 	at org.junit.runners.ParentRunner$2.evaluate(ParentRunner.java:293)
03-06 15:54:18.488  7200  7254 E TestRunner: 	at org.junit.runners.ParentRunner$3.evaluate(ParentRunner.java:306)
03-06 15:54:18.488  7200  7254 E TestRunner: 	at org.junit.runners.ParentRunner.run(ParentRunner.java:413)
03-06 15:54:18.488  7200  7254 E TestRunner: 	at org.junit.runner.JUnitCore.run(JUnitCore.java:137)
03-06 15:54:18.488  7200  7254 E TestRunner: 	at org.junit.runner.JUnitCore.run(JUnitCore.java:115)
03-06 15:54:18.488  7200  7254 E TestRunner: 	at androidx.test.internal.runner.TestExecutor.execute(TestExecutor.java:65)
03-06 15:54:18.488  7200  7254 E TestRunner: 	at androidx.test.internal.runner.TestExecutor.execute(TestExecutor.java:56)
03-06 15:54:18.488  7200  7254 E TestRunner: 	at androidx.test.runner.AndroidJUnitRunner.onStart(AndroidJUnitRunner.java:471)
03-06 15:54:18.488  7200  7254 E TestRunner: 	at android.app.Instrumentation$InstrumentationThread.run(Instrumentation.java:2189)
03-06 15:54:18.488  7200  7254 E TestRunner: Caused by: java.util.concurrent.TimeoutException
03-06 15:54:18.488  7200  7254 E TestRunner: 	at
03-06 15:54:18.488  7200  7254 E TestRunner: ----- end exception -----
03-06 15:54:18.490  7200  7254 I TestRunner: finished: testFilterExecuted(ru.netology.tests.ClaimsPageTests)
03-06 15:54:18.491  2026  4785 W AppOps  : Noting op not finished: uid 10099 pkg com.google.android.gms code 79 time=1709758458367 duration=0
03-06 15:54:18.493  7200  7254 I TestRunner: started: testToThrowOff(ru.netology.tests.ClaimsPageTests)
03-06 15:54:18.495  2026  4785 W AppOps  : Noting op not finished: uid 10099 pkg com.google.android.gms code 79 time=1709758458491 duration=0
03-06 15:54:18.523  2164  8707 I Places  : ?: Couldn't find platform key file.
03-06 15:54:18.523  2164  8244 I Places  : ?: Couldn't find platform key file.
03-06 15:54:18.526  2164  8707 I Places  : ?: Couldn't find platform key file.
03-06 15:54:18.528  2164  8551 I Places  : ?: Couldn't find platform key file.
03-06 15:54:18.529  7200  7254 W Settings: Setting always_finish_activities has moved from android.provider.Settings.System to android.provider.Settings.Global, returning read-only value.
03-06 15:54:18.533  2026  2377 W ActivityTaskManager: Finishing task with all activities already finished
03-06 15:54:18.533  2026  2377 W ActivityTaskManager: Duplicate finish request for ActivityRecord{bda7c1 u0 ru.iteco.fmhandroid.test/androidx.test.core.app.InstrumentationActivityInvoker$EmptyActivity t29 f}
03-06 15:54:18.534  2026  2872 I ActivityTaskManager: START u0 {act=android.intent.action.MAIN cat=[android.intent.category.LAUNCHER] flg=0x10008000 cmp=ru.iteco.fmhandroid/.ui.AppActivity} from uid 10134
03-06 15:54:18.538  2164  8706 W Places  : ?: Failed to download inference model weights PlacesServer
03-06 15:54:18.538  2164  8706 W PlaceInferenceEngine: Failed to download model weights. Status code: 7
03-06 15:54:18.538  2164  8551 I Places  : ?: Couldn't find platform key file.
03-06 15:54:18.539  2026  2048 E system_server: Invalid ID 0x00000000.
03-06 15:54:18.539  2164  8551 I Places  : ?: Couldn't find platform key file.
03-06 15:54:18.540  2026  7117 W InputReader: Device has associated, but no associated display id.
03-06 15:54:18.541  2026  7117 I chatty  : uid=1000(system) Binder:2026_1E identical 38 lines
03-06 15:54:18.541  2026  7117 W InputReader: Device has associated, but no associated display id.
03-06 15:54:18.542  7200  7200 W ActivityThread: handleWindowVisibility: no activity for token android.os.BinderProxy@78228eb
03-06 15:54:18.550  1792  1792 D gralloc_ranchu: gralloc_alloc: Creating ashmem region of size 9592832
03-06 15:54:18.571  8714  8714 I ServiceManagement: Registered android.hardware.radio@1.1::IRadio/slot1 (start delay of 29ms)
03-06 15:54:18.571  8714  8714 I ServiceManagement: Registered android.hardware.radio.deprecated@1.0::IOemHook/slot1 (start delay of 30ms)
03-06 15:54:18.571  2476  2476 I android_os_HwBinder: HwBinder: Starting thread pool for getting: android.hardware.radio@1.0::IRadio/slot1
03-06 15:54:18.574  7200  7200 D LifecycleMonitor: Lifecycle status change: ru.iteco.fmhandroid.ui.AppActivity@7d868c7 in: PRE_ON_CREATE
03-06 15:54:18.574  7200  7200 V ActivityScenario: Activity lifecycle changed event received but ignored because the reported transition was not ON_CREATE while the last known transition was PRE_ON_CREATE
03-06 15:54:18.580  1676  1676 I hwservicemanager: getTransport: Cannot find entry android.hardware.radio.deprecated@1.0::IOemHook/slot1 in either framework or device manifest.
03-06 15:54:18.590  7200  7200 D LifecycleMonitor: Lifecycle status change: ru.iteco.fmhandroid.ui.AppActivity@7d868c7 in: CREATED
03-06 15:54:18.591  7200  7200 V ActivityScenario: Update currentActivityStage to CREATED, currentActivity=ru.iteco.fmhandroid.ui.AppActivity@7d868c7
03-06 15:54:18.594  2026  2048 W InputReader: Device has associated, but no associated display id.
03-06 15:54:18.594  2026  2048 I chatty  : uid=1000(system) android.anim identical 8 lines
03-06 15:54:18.594  2026  2048 W InputReader: Device has associated, but no associated display id.
03-06 15:54:18.595  2476  2476 D TelephonyProvider: subIdString = 1 subId = 1
03-06 15:54:18.607  2184  2184 V KeyguardUpdateMonitor: onSubscriptionInfoChanged()
03-06 15:54:18.609  2184  2184 V KeyguardUpdateMonitor: SubInfo:{id=1, iccId=890141032[****] simSlotIndex=0 carrierId=1 displayName=T-Mobile carrierName=No service nameSource=3 iconTint=-16746133 mNumber=[****] dataRoaming=0 iconBitmap=android.graphics.Bitmap@d52f93f mcc 310 mnc 260mCountryIso=us isEmbedded false accessRules null cardString=890141032[****] cardId=-1 isOpportunistic false mGroupUUID=null mIsGroupDisabled=false profileClass=-1 ehplmns = null hplmns = null subscriptionType=0 mGroupOwner=null}
03-06 15:54:18.609  7200  7200 D LifecycleMonitor: Lifecycle status change: ru.iteco.fmhandroid.ui.AppActivity@7d868c7 in: STARTED
03-06 15:54:18.609  7200  7200 V ActivityScenario: Update currentActivityStage to STARTED, currentActivity=ru.iteco.fmhandroid.ui.AppActivity@7d868c7
03-06 15:54:18.610  7200  7200 D LifecycleMonitor: Lifecycle status change: ru.iteco.fmhandroid.ui.AppActivity@7d868c7 in: RESUMED
03-06 15:54:18.610  7200  7200 V ActivityScenario: Update currentActivityStage to RESUMED, currentActivity=ru.iteco.fmhandroid.ui.AppActivity@7d868c7
03-06 15:54:18.612  2026  2123 W BestClock: java.time.DateTimeException: Missing NTP fix
03-06 15:54:18.615  2026  4785 D AlarmManagerService: Kernel timezone updated to 0 minutes west of GMT
03-06 15:54:18.616  2026  2123 W BestClock: java.time.DateTimeException: Missing NTP fix
03-06 15:54:18.616  1773  1773 I netd    : bandwidthSetGlobalAlert(2097152) <0.07ms>
03-06 15:54:18.622  2026  2026 D ConditionProviders.SCP: onReceive android.intent.action.TIMEZONE_CHANGED
03-06 15:54:18.623  2026  2026 D ConditionProviders.SCP: evaluateSubscriptionLocked cal=ScheduleCalendar[mDays={1, 2, 3, 4, 5, 6, 7}, mSchedule=ScheduleInfo{days=[1, 2, 3, 4, 5, 6, 7], startHour=22, startMinute=0, endHour=7, endMinute=0, exitAtAlarm=true, nextAlarm=Thu Jan 01 00:00:00 GMT 1970 (0)}], now=Wed Mar 06 20:54:18 GMT 2024 (1709758458622), nextUserAlarmTime=Thu Jan 01 00:00:00 GMT 1970 (0)
03-06 15:54:18.623  2026  2026 D ConditionProviders.SCP: notifyCondition condition://android/schedule?days=1.2.3.4.5.6.7&start=22.0&end=7.0&exitAtAlarm=true STATE_FALSE reason=!meetsSchedule
03-06 15:54:18.624  2026  2026 D ConditionProviders.SCP: Scheduling evaluate for Wed Mar 06 22:00:00 GMT 2024 (1709762400000), in +1h5m41s378ms, now=Wed Mar 06 20:54:18 GMT 2024 (1709758458622)
03-06 15:54:18.626  2164  8548 I ctxmgr  : [ProducerStatusImpl] updateStateForNewContextData: inactive, contextName=7 [CONTEXT service_id=47 ]
03-06 15:54:18.627  2026  4785 I LocationAccessPolicy: Allowing com.google.android.inputmethod.latin fine because it doesn't target API 29 yet. Please fix this app. Called from TelephonyRegistry push
03-06 15:54:18.628  2026  4785 I LocationAccessPolicy: Allowing com.google.android.apps.messaging fine because it doesn't target API 29 yet. Please fix this app. Called from TelephonyRegistry push
03-06 15:54:18.630  2476  2476 D ServiceStateProvider: subId=1
03-06 15:54:18.631  1792  1792 D gralloc_ranchu: gralloc_alloc: Creating ashmem region of size 9592832
03-06 15:54:18.644  2164  3051 W GCoreFlp: No location to return for getLastLocation()
03-06 15:54:18.649  4330  8274 W Bugle   : BuglePhoneNumberUtils: canonicalizeMccMnc: invalid mccmnc. mcc: null, mnc: null
03-06 15:54:18.651  1792  1792 D gralloc_ranchu: gralloc_alloc: Creating ashmem region of size 9592832
03-06 15:54:18.656  2890  3121 I MicroDetector: Keeping mic open: false
03-06 15:54:18.656  2890  7559 I DeviceStateChecker: DeviceStateChecker cancelled
03-06 15:54:18.657  2890  3215 I AudioController: internalShutdown
03-06 15:54:18.658  2890  3565 I MicroRecognitionRunner: Stopping hotword detection.
03-06 15:54:18.663  4330  8274 W Bugle   : Obsolete carrier config resource: maxMessageSize res: 1048576, sys: 307200
03-06 15:54:18.663  4330  8274 W Bugle   : Obsolete carrier config resource: maxImageHeight res: 1944, sys: 480
03-06 15:54:18.663  4330  8274 W Bugle   : Obsolete carrier config resource: maxImageWidth res: 2592, sys: 640
03-06 15:54:18.663  7200  7276 D EGL_emulation: eglMakeCurrent: 0xdee1ae40: ver 2 0 (tinfo 0xc2e69120)
03-06 15:54:18.663  4330  8274 I Bugle   : Carrier configs loaded: Bundle[{carrier_volte_provisioned_bool=false, disable_charge_indication_bool=false, support_tdscdma_bool=false, httpSocketTimeout=60000, call_redirection_service_component_name_string=null, carrier_wfc_supports_wifi_only_bool=false, carrier_default_actions_on_default_network_available_string_array=[false: 7, true: 8], operator_selection_expand_bool=true, disable_cdma_activation_code_bool=false, simplified_network_settings_bool=false, support_tdscdma_roaming_networks_string_array=null, gps.lpp_profile=0, call_barring_visibility_bool=false, gps.es_extension_sec=0, enable_apps_string_array=null, carrier_default_wfc_ims_roaming_enabled_bool=false, cdma_nonroaming_networks_string_array=null, aliasMinChars=2, wfc_data_spn_format_idx_int=0, hide_sim_lock_settings_bool=false, drop_video_call_when_answering_audio_call_bool=false, ci_action_on_sys_update_bool=false, convert_cdma_caller_id_mmi_codes_while_roaming_on_3gpp_bool=false, support_enhanced_call_blocking_bool=true, vvm_port_number_int=0, carrier_default_wfc_ims_enabled_bool=false, dial_string_replace_string_array=null, opportunistic_network_entry_threshold_bandwidth_int=1024, gsm_nonroaming_networks_string_array=null, hide_ims_apn_bool=false, vvm_destination_number_string=, dtmf_type_enabled_bool=false, allow_video_calling_fallback_bool=true, config_ims_package_override_string=null, only_auto_select_in_home_network=false, smsToMmsTextThreshold=-1, disable_severe_when_extreme_disabled_bool=true, force_home_network_bool=false, spdi_override_string_array=null, show_wfc_location_privacy_policy_bool=false, gps.supl_es=1, enableSMSDeliveryReports=true, auto_retry_enabled_bool=false, opportunistic_network_entry_threshold_rssnr_int=45, play_call_recording_tone_bool=false, carrier_force_disable_etws_cmas_test_bool=false, call_waiting_service_class_int=1, allow_emergency_video_calls_bool=false, csp_enabled_bool=false, default_sim_call_manager_string=, wifi.passpoint_profiles_string_array=null, carrier_app_required_during_setup_bool=false, call_forwarding_blocks_while_roaming_string_array=null, emergency_notification_delay_int=-1, support_video_conference_call_bool=false, ims_dtmf_tone_delay_int=0, show_signal_strength_in_sim_status_bool=true, data_rapid_notification_bool=true, carrier_instant_lettering_escaped_chars_string=, carrier_default_wfc_ims_roaming_mode_int=2, editable_wfc_mode_bool=true, support_direct_fdn_dialing_bool=false, carrier_ut_provisioning_required_bool=false, carrier_wifi_string_array=null, treat_downgraded_video_calls_as_video_calls_bool=false, wifi_calls_can_be_hd_audio=true, support_downgrade_vt_to_audio_bool=true, cdma_enhanced_roaming_indicator_for_home_network_int_array=[1], notify_handover_video_from_lte_to_wifi_bool=false, use_otasp_for_provisioning_bool=false, always_play_remote_hold_tone_bool=false, opportunistic_network_data_switch_hysteresis_time_long=10000, maxMessageTextSize=-1, duration_blocking_disabled_after_emergency_int=7200, carrier_metered_roaming_apn_types_strings=[default, mms, dun, supl], additional_settings_call_waiting_visibility_bool=true, show_video_call_charges_alert_dialog_bool=false, carrier_network_service_wlan_package_override_string=, show_apn_setting_cdma_bool=false, use_usim_bool=false, carrier_instant_lettering_length_limit_int=64, operator_name_filter_pattern_string=, carrier_instant_lettering_invalid_chars_string=, carrier_setup_app_string=, editable_wfc_roaming_mode_bool=false, supportMmsContentDisposition=true, support_manage_ims_conference_call_bool=true, opportunistic_network_exit_threshold_rssnr_int=10, allow_non_emergency_calls_in_ecm_bool=true, allow_cdma_eri_bool=false, carrier_data_service_wlan_package_override_string=, show_carrier_data_icon_pattern_string=, use_rcs_presence_bool=false, config_telephony_use_own_number_for_voicemail_bool=false, cdma_dtmf_tone_delay_int=100, editable_voicemail_number_bool=false, carrier_data_call_apn_retry_after_disconnect_long=10000, filtered_cnap_names_string_array=null, enabledTransID=false, aliasEnabled=false, vvm_disabl
03-06 15:54:18.663  1792  1792 D gralloc_ranchu: gralloc_alloc: Creating ashmem region of size 9592832
03-06 15:54:18.687  2890  3215 I MicrophoneInputStream: mic_close  SR : 16000 CC : 16 SO : 1999
03-06 15:54:18.687  2890  3215 E AudioSource: Stop listening is called on already closed AudioSource
03-06 15:54:18.701  2026  2043 W AppOps  : Noting op not finished: uid 10099 pkg com.google.android.gms code 79 time=1709758458545 duration=-1
03-06 15:54:18.704  2026  2052 I ActivityTaskManager: Displayed ru.iteco.fmhandroid/.ui.AppActivity: +161ms
03-06 15:54:18.706  2026  2043 W AppOps  : Noting op not finished: uid 10099 pkg com.google.android.gms code 79 time=1709758458701 duration=0
03-06 15:54:18.710  5804  5804 I AlarmClock: AlarmInitReceiver android.intent.action.TIMEZONE_CHANGED
03-06 15:54:18.711  5804  8680 I AlarmClock: Connected Dock: null
03-06 15:54:18.712  5804  8680 I AlarmClock: Removing AlarmClockInfo
03-06 15:54:18.714  2164  8551 I Places  : ?: Couldn't find platform key file.
03-06 15:54:18.715  5804  5804 I AlarmClock: DigitalAppWidgetProvider processing Intent { act=android.intent.action.TIMEZONE_CHANGED flg=0x21200010 cmp=com.google.android.deskclock/com.android.alarmclock.DigitalAppWidgetProvider (has extras) }
03-06 15:54:18.715  2890  3126 I MicroRecognitionRunner: Detection finished
03-06 15:54:18.718  2476  4908 D IccSmsInterfaceManager: [IccSmsInterfaceManager] Failed to add GSM cell broadcast channels range 4397 to 4397
03-06 15:54:18.720  7353  7385 D EGL_emulation: eglMakeCurrent: 0xdb9591c0: ver 2 0 (tinfo 0xf2089d00)
03-06 15:54:18.725  2476  4908 D IccSmsInterfaceManager: [IccSmsInterfaceManager] Failed to remove GSM cell broadcast channels range 4398 to 4398
03-06 15:54:18.726  2476  4908 D IccSmsInterfaceManager: [IccSmsInterfaceManager] Failed to remove GSM cell broadcast channels range 4399 to 4399
03-06 15:54:18.732  4113  4140 D CellBroadcastConfigService: Enable CellBroadcast on sub 1
03-06 15:54:18.740  4113  4113 D CellBroadcastReceiver: onReceive Intent { act=android.intent.action.SERVICE_STATE flg=0x1000010 cmp=com.android.cellbroadcastreceiver/.CellBroadcastReceiver (has extras) }
03-06 15:54:18.746  2476  4001 D IccSmsInterfaceManager: [IccSmsInterfaceManager] Calling setGsmBroadcastConfig with 1 configurations
03-06 15:54:18.748  4165  4165 I CarrierServices: [2] ServiceStateReceiver.onReceive: Received SERVICE_STATE intent.
03-06 15:54:18.751  2164  8706 I Places  : ?: PlacesBleScanner start() with priority 2
03-06 15:54:18.751  2164  8706 I PlaceInferenceEngine: [anon] Changed inference mode: 1
03-06 15:54:18.757  2164  3051 W GCoreFlp: No location to return for getLastLocation()
03-06 15:54:18.759  1676  1676 I hwservicemanager: getTransport: Cannot find entry android.hardware.radio.config@1.1::IRadioConfig/default in either framework or device manifest.
03-06 15:54:18.762  1676  1676 I hwservicemanager: getTransport: Cannot find entry android.hardware.radio.config@1.0::IRadioConfig/default in either framework or device manifest.
03-06 15:54:18.762  2026  7117 W AppOps  : Noting op not finished: uid 10099 pkg com.google.android.gms code 79 time=1709758458707 duration=0
03-06 15:54:18.764  2026  7117 W AppOps  : Noting op not finished: uid 10099 pkg com.google.android.gms code 79 time=1709758458762 duration=0
03-06 15:54:18.772  1676  1676 I hwservicemanager: getTransport: Cannot find entry android.hardware.radio.config@1.1::IRadioConfig/default in either framework or device manifest.
03-06 15:54:18.772  1676  1676 I hwservicemanager: getTransport: Cannot find entry android.hardware.radio.config@1.0::IRadioConfig/default in either framework or device manifest.
03-06 15:54:18.772  1676  1676 I hwservicemanager: getTransport: Cannot find entry android.hardware.radio.config@1.1::IRadioConfig/default in either framework or device manifest.
03-06 15:54:18.773  1676  1676 I hwservicemanager: getTransport: Cannot find entry android.hardware.radio.config@1.0::IRadioConfig/default in either framework or device manifest.
03-06 15:54:18.777  2476  2476 D CallNotifier: updatePhoneStateListeners: update CF notifications.
03-06 15:54:18.777  2476  2476 I NotificationMgr: updateCfi: subId= 1, visible=N
03-06 15:54:18.778  2476  2476 I NotificationMgr: updateMwi(): subId 1 update to false
03-06 15:54:18.779  2476  2476 I TelecomFramework: : onSubscriptionsChanged - update accounts
03-06 15:54:18.779  2476  2476 I TelecomFramework: PstnIncomingCallNotifier: Unregistering: Handler (com.android.internal.telephony.GsmCdmaPhone) {b312827}
03-06 15:54:18.779  2476  2476 I TelecomFramework: TelecomAccountRegistry: setupAccounts: Found 1 phones.  Attempting to register.
03-06 15:54:18.779  2476  2476 I TelecomFramework: TelecomAccountRegistry: setupAccounts: Phone with subscription id 1
03-06 15:54:18.779  2476  2476 I TelecomFramework: TelecomAccountRegistry: setupAccounts: adding default
03-06 15:54:18.779  2476  2476 E PhoneInterfaceManager: [PhoneIntfMgr] getIccId: No UICC
03-06 15:54:18.781  4030  4030 I Dialer  : LegacyVoicemailNotificationReceiver.onReceive - received legacy voicemail notification
03-06 15:54:18.781  4030  4030 I Dialer  : LegacyVoicemailNotificationReceiver.onReceive - isRefresh: true
03-06 15:54:18.781  4030  4030 I Dialer  : LegacyVoicemailNotificationReceiver.onReceive - clearing notification
03-06 15:54:18.781  4030  4030 I Dialer  : LegacyVoicemailNotifier.cancelNotification - enter
03-06 15:54:18.781  4030  4030 I Dialer  : LegacyVoicemailNotifier.cancelNotification - 'null' id, canceling all legacy voicemail notifications
03-06 15:54:18.781  2164  3051 W GCoreFlp: No location to return for getLastLocation()
03-06 15:54:18.784  2026  2871 I Telecom : PhoneAccountRegistrar: New phone account registered: [[ ] PhoneAccount: ComponentInfo{com.android.phone/com.android.services.telephony.TelephonyConnectionService}, ***, UserHandle{0} Capabilities: CallProvider MultiUser PlaceEmerg SimSub  Audio Routes: BESW Schemes: tel voicemail  Extras: Bundle[{android.telecom.extra.SUPPORTS_VIDEO_CALLING_FALLBACK=true}] GroupId: ***]: TSI.rPA@BQY
03-06 15:54:18.785  2026  2871 I Telecom : CallsManager: Sending phone-account ComponentInfo{com.android.phone/com.android.services.telephony.TelephonyConnectionService}, ***, UserHandle{0} registered intent as user: TSI.rPA@BQY
03-06 15:54:18.785  2026  2871 I Telecom : CallsManager: Sending phone-account registered intent to default dialer: TSI.rPA@BQY
03-06 15:54:18.785  2476  2476 I TelecomFramework: AccountEntry: Registered phoneAccount: [[ ] PhoneAccount: ComponentInfo{com.android.phone/com.android.services.telephony.TelephonyConnectionService}, ***, UserHandle{0} Capabilities: CallProvider MultiUser PlaceEmerg SimSub  Audio Routes: BESW Schemes: tel voicemail  Extras: Bundle[{android.telecom.extra.SUPPORTS_VIDEO_CALLING_FALLBACK=true}] GroupId: ***] with handle: ComponentInfo{com.android.phone/com.android.services.telephony.TelephonyConnectionService}, ***, UserHandle{0}
03-06 15:54:18.785  2476  2476 I TelecomFramework: PstnIncomingCallNotifier: Registering: Handler (com.android.internal.telephony.GsmCdmaPhone) {b312827}
03-06 15:54:18.786  2476  2476 I TelecomFramework: TelecomAccountRegistry: Unregistering phone account ComponentInfo{com.android.phone/com.android.services.telephony.TelephonyConnectionService}, ***, UserHandle{0}.
03-06 15:54:18.787  2026  2871 I Telecom : CallsManager: Sending phone-account ComponentInfo{com.android.phone/com.android.services.telephony.TelephonyConnectionService}, ***, UserHandle{0} unregistered intent as user: TSI.uPA@BQg
03-06 15:54:18.788  2026  2871 I Telecom : CallsManager: Sending phone-account unregistered intent to default dialer: TSI.uPA@BQg
03-06 15:54:18.789  2476  2476 D MultiSimSettingController: onSubscriptionsChanged
03-06 15:54:18.789  2476  2476 D MultiSimSettingController: updateDefaults
03-06 15:54:18.789  2476  2476 D MultiSimSettingController: [updateDefaultValues] change: 0
03-06 15:54:18.790  2026  7117 D AlarmManagerService: Kernel timezone updated to 0 minutes west of GMT
03-06 15:54:18.796  2476  2476 D IntentBroadcaster: Broadcasting and adding intent for rebroadcast: android.intent.action.SIM_STATE_CHANGED UNKNOWN for slotId 0
03-06 15:54:18.797  2184  2184 V KeyguardUpdateMonitor: action android.intent.action.SIM_STATE_CHANGED state: UNKNOWN slotId: 0 subid: 1
03-06 15:54:18.797  2184  2184 D KeyguardUpdateMonitor: handleSimStateChange(subId=1, slotId=0, state=UNKNOWN)
03-06 15:54:18.797  2803  2803 I rcs     : [PresencePublication] onReceive intent=Intent { act=android.intent.action.SIM_STATE_CHANGED flg=0x5000010 (has extras) }
03-06 15:54:18.797  2803  2803 I rcs     : [PresencePublication] ACTION_SIM_STATE_CHANGED INTENT_KEY_ICC_STATE=UNKNOWN
03-06 15:54:18.797  2803  2803 I rcs     : [RcsService] onReceive intent=Intent { act=android.intent.action.SIM_STATE_CHANGED flg=0x5000010 (has extras) }
03-06 15:54:18.798  2476  2476 D CarrierConfigLoader: update config for phoneId: 0 simState: UNKNOWN
03-06 15:54:18.798  2476  2476 D CarrierSvcBindHelper: update binding for phoneId: 0 simState: UNKNOWN
03-06 15:54:18.801  2476  2476 D TelephonyProvider: match current APN size:  0
03-06 15:54:18.801  2476  2476 E TelephonyProvider: iccRecords is null
03-06 15:54:18.803  2476  2476 I TelecomFramework: PstnPhoneCapabilitiesNotifier: handleVideoCapabilitesChanged. Video capability - false
03-06 15:54:18.803  2476  2476 E PhoneInterfaceManager: [PhoneIntfMgr] getIccId: No UICC
03-06 15:54:18.810  2026  7117 I Telecom : PhoneAccountRegistrar: Modify account: [ComponentInfo{com.android.phone/com.android.services.telephony.TelephonyConnectionService}, ***, UserHandle{0}]: TSI.rPA@BQs
03-06 15:54:18.810  2026  7117 I Telecom : CallsManager: handlePhoneAccountChanged: phoneAccount=[[X] PhoneAccount: ComponentInfo{com.android.phone/com.android.services.telephony.TelephonyConnectionService}, ***, UserHandle{0} Capabilities: CallProvider MultiUser PlaceEmerg SimSub  Audio Routes: BESW Schemes: tel voicemail  Extras: Bundle[{android.telecom.extra.SUPPORTS_VIDEO_CALLING_FALLBACK=true}] GroupId: ***]: TSI.rPA@BQs
03-06 15:54:18.812  2476  2476 D CarrierConfigLoader: mHandler: 0 phoneId: 0
03-06 15:54:18.813  2476  2476 D CarrierConfigLoader: Broadcast CARRIER_CONFIG_CHANGED for phone 0
03-06 15:54:18.814  4330  4330 I Bugle   : Carrier config changed. Reloading MMS config.
03-06 15:54:18.815  4113  4113 D CellBroadcastReceiver: onReceive Intent { act=android.telephony.action.CARRIER_CONFIG_CHANGED flg=0x15000010 cmp=com.android.cellbroadcastreceiver/.CellBroadcastReceiver (has extras) }
03-06 15:54:18.815  4113  4113 D CellBroadcastReceiver: initializeSharedPreference
03-06 15:54:18.817  2476  3627 E CarrierInfoManager: Invalid networkOperator: 
03-06 15:54:18.817  4113  4113 D CellBroadcastReceiver: Default interval 0 did not change.
03-06 15:54:18.817  4113  4113 D CellBroadcastReceiver: Start Cell Broadcast configuration.
03-06 15:54:18.817  2476  2476 I VvmSimStateTracker: android.intent.action.SIM_STATE_CHANGED
03-06 15:54:18.820  6392  6392 I Finsky  : [2] com.google.android.finsky.simhandler.SimStateReceiver.a(6): android.intent.action.SIM_STATE_CHANGED : simState = UNKNOWN
03-06 15:54:18.821  2026  2026 I Telecom : PhoneAccountRegistrar: getSimCallManager: SimCallManager for subId 1 queried, returning: null: CM.CCCR->CM.UECNT->CM.CCCR->CM.UECNT->CM.CCCR->CM.UECNT->CM.CCCR->CM.UECNT->CM.CCCR->CM.UECNT->CM.CCCR->CM.UECNT->CM.CCCR->CM.UECNT->CM.CCCR->CM.UECNT->CM.CCCR->CM.UECNT->CM.CCCR->CM.UECNT->CM.CCCR->CM.UECNT->CM.CCCR->CM.UECNT->CM.CCCR->CM.UECNT->CM.CCCR->CM.UECNT->CM.CCCR->CM.UECNT->CM.CCCR->CM.UECNT->CM.CCCR->CM.UECNT->CM.CCCR->CM.UECNT->CM.CCCR->CM.UECNT->CM.CCCR->CM.UECNT->CM.CCCR->CM.UECNT->CM.CCCR->CM.UECNT->CM.CCCR->CM.UECNT->CM.CCCR->CM.UECNT->CM.CCCR->CM.UECNT->CM.CCCR->CM.UECNT->CM.CCCR->CM.UECNT->CM.CCCR->CM.UECNT->CM.CCCR->CM.UECNT->CM.CCCR->CM.UECNT->CM.CCCR->CM.UECNT->CM.CCCR->CM.UECNT->CM.CCCR->CM.UECNT->CM.CCCR->CM.UECNT->CM.CCCR->CM.UECNT->CM.CCCR->CM.UECNT->CM.CCCR->CM.UECNT->CM.CCCR->CM.UECNT->CM.CCCR->CM.UECNT->CM.CCCR->CM.UECNT->CM.CCCR->CM.UECNT->CM.CCCR->CM.UECNT->CM.CCCR->CM.UECNT->CM.CCCR->CM.UECNT->CM.CCCR->CM.UECNT->CM.CCCR->CM.UECNT->CM.CCCR->CM.UECNT->CM.CCCR->CM.UECNT->CM.CCCR->CM.UECNT->CM.CCCR->CM.UECNT->CM.CCCR->CM.UECNT->CM.CCCR->CM.UECNT->CM.CCCR->CM.UECNT->CM.CCCR->CM.UECNT->CM.CCCR->CM.UECNT->CM.CCCR->CM.UECNT@AD4
03-06 15:54:18.828  2476  2476 I TelecomFramework: : Carrier-config changed, checking for phone account updates.
03-06 15:54:18.828  2476  2476 D OtaspSimStateReceiver: Received intent: android.telephony.action.CARRIER_CONFIG_CHANGED
03-06 15:54:18.831  2387  7815 I constellation: [sim_state_checker] sim state checker is disabled.
03-06 15:54:18.839  2476  2476 D TelephonyProvider: subIdString = 1 subId = 1
03-06 15:54:18.840  2476  2490 W System  : A resource failed to call close. 
03-06 15:54:18.843  2476  2476 E PhoneInterfaceManager: [PhoneIntfMgr] getIccId: No UICC
03-06 15:54:18.846  2184  2184 V KeyguardUpdateMonitor: onSubscriptionInfoChanged()
03-06 15:54:18.849  2026  2377 I LocationAccessPolicy: Allowing com.google.android.inputmethod.latin fine because it doesn't target API 29 yet. Please fix this app. Called from TelephonyRegistry push
03-06 15:54:18.849  2184  2184 V KeyguardUpdateMonitor: SubInfo:{id=1, iccId=890141032[****] simSlotIndex=0 carrierId=1 displayName=T-Mobile carrierName=No service nameSource=3 iconTint=-16746133 mNumber=[****] dataRoaming=0 iconBitmap=android.graphics.Bitmap@726ae36 mcc 310 mnc 260mCountryIso=us isEmbedded false accessRules null cardString=890141032[****] cardId=-1 isOpportunistic false mGroupUUID=null mIsGroupDisabled=false profileClass=-1 ehplmns = null hplmns = null subscriptionType=0 mGroupOwner=null}
03-06 15:54:18.849  2026  2377 I LocationAccessPolicy: Allowing com.google.android.apps.messaging fine because it doesn't target API 29 yet. Please fix this app. Called from TelephonyRegistry push
03-06 15:54:18.850  6392  6423 I Finsky  : [492] fpw.a(10): onSubscriptionsChanged
03-06 15:54:18.850  6392  6423 I Finsky  : [492] fpt.c(15): notifySubscriptionInfoChangedListener: DataSubscriptionInfo=null
03-06 15:54:18.851  2476  2476 D ServiceStateProvider: subId=1
03-06 15:54:18.853  4113  4113 D CellBroadcastReceiver: onReceive Intent { act=android.intent.action.SERVICE_STATE flg=0x1000010 cmp=com.android.cellbroadcastreceiver/.CellBroadcastReceiver (has extras) }
03-06 15:54:18.853  2476  2476 I VvmSimStateTracker: android.telephony.action.CARRIER_CONFIG_CHANGED
03-06 15:54:18.853  2476  2476 I VvmSimStateTracker: Received SIM change for invalid subscription id.
03-06 15:54:18.854  2026  2123 E NetworkPolicy: Missing subscriberId for subId 1
03-06 15:54:18.854  2026  2053 I DropBoxManagerService: add tag=system_server_wtf isTagEnabled=true flags=0x2
03-06 15:54:18.855  2026  2123 W BestClock: java.time.DateTimeException: Missing NTP fix
03-06 15:54:18.856  2026  2123 W BestClock: java.time.DateTimeException: Missing NTP fix
03-06 15:54:18.856  1773  1773 I netd    : bandwidthSetGlobalAlert(2097152) <0.07ms>
03-06 15:54:18.858  4165  4165 I CarrierServices: [2] ServiceStateReceiver.onReceive: Received SERVICE_STATE intent.
03-06 15:54:18.860  4165  4218 I CarrierServices: [259] CarrierServicesReleaseApp.a: Initialized already, return.
03-06 15:54:18.862  6392  6392 I Finsky  : [2] pxd.b(7): Jobs in database: 12-1 21-333333333 28--559038737 31-305419896 
03-06 15:54:18.863  6392  6392 I Finsky  : [2] puk.a(113): ConstraintMapping: 12-1, 21-333333333, 28--559038737, 31-305419896,  -> L: 0ms, D: 82575255ms, C: false, I: false, N: 1
03-06 15:54:18.863  6392  6392 I Finsky  : [2] com.google.android.finsky.scheduler.JobSchedulerEngine.a(42): Cancelling existing job with id: 9000
03-06 15:54:18.864  2476  2476 D TelephonyProvider: match current APN size:  0
03-06 15:54:18.864  6392  6392 I Finsky  : [2] com.google.android.finsky.scheduler.JobSchedulerEngine.a(4): Scheduling job Id: 9001, L: 0, D: 82575255, C: false, I: false, N: 1
03-06 15:54:18.864  2476  2476 E TelephonyProvider: iccRecords is null
03-06 15:54:18.865  6392  6637 I Finsky  : [539] qjn.b(1): SIM removed, prefetching preloads
03-06 15:54:18.865  6392  6428 I Finsky  : [495] qjm.call(2): Prefetching preloads for account null
03-06 15:54:18.865  6392  6428 W Finsky  : [495] cwl.a(19): For unauth, use getDfeApiNonAuthenticated() instead!
03-06 15:54:18.866  2476  2476 I TelecomFramework: : onSubscriptionsChanged - update accounts
03-06 15:54:18.866  2476  2476 I TelecomFramework: PstnIncomingCallNotifier: Unregistering: Handler (com.android.internal.telephony.GsmCdmaPhone) {b312827}
