03-06 15:52:44.110  2184  2184 V KeyguardUpdateMonitor: onSubscriptionInfoChanged()
03-06 15:52:44.112  2184  2184 V KeyguardUpdateMonitor: SubInfo:{id=1, iccId=890141032[****] simSlotIndex=0 carrierId=1 displayName=T-Mobile carrierName=Android nameSource=3 iconTint=-16746133 mNumber=[****] dataRoaming=0 iconBitmap=android.graphics.Bitmap@57ca2bf mcc 310 mnc 260mCountryIso=us isEmbedded false accessRules null cardString=890141032[****] cardId=-1 isOpportunistic false mGroupUUID=null mIsGroupDisabled=false profileClass=-1 ehplmns = null hplmns = null subscriptionType=0 mGroupOwner=null}
03-06 15:52:44.112  2476  2476 D CallNotifier: updatePhoneStateListeners: update CF notifications.
03-06 15:52:44.112  2476  2476 I NotificationMgr: updateCfi: subId= 1, visible=N
03-06 15:52:44.112  2476  3413 D IccSmsInterfaceManager: [IccSmsInterfaceManager] Failed to add GSM cell broadcast channels range 4373 to 4378
03-06 15:52:44.113  2476  2476 I NotificationMgr: updateMwi(): subId 1 update to false
03-06 15:52:44.115  2476  3805 D IccSmsInterfaceManager: [IccSmsInterfaceManager] Calling setCdmaBroadcastConfig with 1 configurations
03-06 15:52:44.117  4030  4030 I Dialer  : LegacyVoicemailNotificationReceiver.onReceive - received legacy voicemail notification
03-06 15:52:44.117  4030  4030 I Dialer  : LegacyVoicemailNotificationReceiver.onReceive - isRefresh: false
03-06 15:52:44.117  4030  4030 I Dialer  : LegacyVoicemailNotificationReceiver.onReceive - clearing notification
03-06 15:52:44.117  4030  4030 I Dialer  : LegacyVoicemailNotifier.cancelNotification - enter
03-06 15:52:44.117  2026  2123 W BestClock: java.time.DateTimeException: Missing NTP fix
03-06 15:52:44.117  2476  2476 D CallNotifier: updatePhoneStateListeners: update CF notifications.
03-06 15:52:44.117  2476  2476 I NotificationMgr: updateCfi: subId= 1, visible=N
03-06 15:52:44.118  2476  2476 I NotificationMgr: updateMwi(): subId 1 update to false
03-06 15:52:44.119  8053  8053 F DEBUG   : 
03-06 15:52:44.119  8053  8053 F DEBUG   : backtrace:
03-06 15:52:44.119  8053  8053 F DEBUG   :       #00 pc 00090a62  /apex/com.android.runtime/lib/bionic/libc.so (strlen_generic+18) (BuildId: 76290498408016ad14f4b98c3ab6c65c)
03-06 15:52:44.119  8053  8053 F DEBUG   :       #01 pc 00030dda  /vendor/lib/libril.so (convertRilDataCallToHal(RIL_Data_Call_Response_v11*, android::hardware::radio::V1_0::SetupDataCallResult&)+298) (BuildId: 4aeb9b9e6267ba7c4d9f952da87091a5)
03-06 15:52:44.119  8053  8053 F DEBUG   :       #02 pc 00030a9e  /vendor/lib/libril.so (radio::setupDataCallResponse(int, int, int, RIL_Errno, void*, unsigned int)+270) (BuildId: 4aeb9b9e6267ba7c4d9f952da87091a5)
03-06 15:52:44.119  8053  8053 F DEBUG   :       #03 pc 000223e7  /vendor/lib/libril.so (RIL_onRequestComplete+295) (BuildId: 4aeb9b9e6267ba7c4d9f952da87091a5)
03-06 15:52:44.119  8053  8053 F DEBUG   :       #04 pc 00010595  /vendor/lib/libgoldfish-ril.so (requestOrSendDataCallList+181) (BuildId: 11f26e2e312eda4514be88afc42925aa)
03-06 15:52:44.119  8053  8053 F DEBUG   :       #05 pc 0001358f  /vendor/lib/libgoldfish-ril.so (onRequest+9343) (BuildId: 11f26e2e312eda4514be88afc42925aa)
03-06 15:52:44.119  8053  8053 F DEBUG   :       #06 pc 00024513  /vendor/lib/libril.so (dispatchStrings(int, int, int, bool, int, ...)+259) (BuildId: 4aeb9b9e6267ba7c4d9f952da87091a5)
03-06 15:52:44.119  8053  8053 F DEBUG   :       #07 pc 00026339  /vendor/lib/libril.so (RadioImpl::setupDataCall(int, android::hardware::radio::V1_0::RadioTechnology, android::hardware::radio::V1_0::DataProfileInfo const&, bool, bool, bool)+521) (BuildId: 4aeb9b9e6267ba7c4d9f952da87091a5)
03-06 15:52:44.119  8053  8053 F DEBUG   :       #08 pc 00098c73  /system/lib/vndk-29/android.hardware.radio@1.0.so (android::hardware::radio::V1_0::BnHwRadio::_hidl_setupDataCall(android::hidl::base::V1_0::BnHwBase*, android::hardware::Parcel const&, android::hardware::Parcel*, std::__1::function<void (android::hardware::Parcel&)>)+419) (BuildId: b93c3e4da35ce72bc87e94c6240d3759)
03-06 15:52:44.119  8053  8053 F DEBUG   :       #09 pc 00070046  /system/lib/vndk-29/android.hardware.radio@1.1.so (android::hardware::radio::V1_1::BnHwRadio::onTransact(unsigned int, android::hardware::Parcel const&, android::hardware::Parcel*, unsigned int, std::__1::function<void (android::hardware::Parcel&)>)+12678) (BuildId: 3afdfbc61f24b3696c178b185465fa20)
03-06 15:52:44.119  8053  8053 F DEBUG   :       #10 pc 000954b9  /system/lib/vndk-sp-29/libhidlbase.so (android::hardware::BHwBinder::transact(unsigned int, android::hardware::Parcel const&, android::hardware::Parcel*, unsigned int, std::__1::function<void (android::hardware::Parcel&)>)+105) (BuildId: fcfb915b8de7916fd0e69779451b6316)
03-06 15:52:44.119  8053  8053 F DEBUG   :       #11 pc 00099abf  /system/lib/vndk-sp-29/libhidlbase.so (android::hardware::IPCThreadState::getAndExecuteCommand()+1759) (BuildId: fcfb915b8de7916fd0e69779451b6316)
03-06 15:52:44.119  8053  8053 F DEBUG   :       #12 pc 0009b596  /system/lib/vndk-sp-29/libhidlbase.so (android::hardware::IPCThreadState::joinThreadPool(bool)+118) (BuildId: fcfb915b8de7916fd0e69779451b6316)
03-06 15:52:44.119  8053  8053 F DEBUG   :       #13 pc 000480be  /system/lib/vndk-sp-29/libhidlbase.so (android::hardware::joinBinderRpcThreadpool()+46) (BuildId: fcfb915b8de7916fd0e69779451b6316)
03-06 15:52:44.119  8053  8053 F DEBUG   :       #14 pc 0004a3da  /system/lib/vndk-sp-29/libhidlbase.so (android::hardware::joinRpcThreadpool()+26) (BuildId: fcfb915b8de7916fd0e69779451b6316)
03-06 15:52:44.119  8053  8053 F DEBUG   :       #15 pc 00041dba  /vendor/lib/libril.so (rilc_thread_pool+26) (BuildId: 4aeb9b9e6267ba7c4d9f952da87091a5)
03-06 15:52:44.119  8053  8053 F DEBUG   :       #16 pc 00002499  /vendor/bin/hw/rild (main+1081) (BuildId: 55deaf6775ca3f6a96577d9ae211045e)
03-06 15:52:44.119  8053  8053 F DEBUG   :       #17 pc 000898e8  /apex/com.android.runtime/lib/bionic/libc.so (__libc_init+120) (BuildId: 76290498408016ad14f4b98c3ab6c65c)
03-06 15:52:44.120  2026  2123 W BestClock: java.time.DateTimeException: Missing NTP fix
03-06 15:52:44.120  1773  1773 I netd    : bandwidthSetGlobalAlert(2097152) <0.05ms>
03-06 15:52:44.122  4330  7816 W Bugle   : BuglePhoneNumberUtils: canonicalizeMccMnc: invalid mccmnc. mcc: null, mnc: null
03-06 15:52:44.123  4030  4030 I Dialer  : LegacyVoicemailNotificationReceiver.onReceive - received legacy voicemail notification
03-06 15:52:44.123  4030  4030 I Dialer  : LegacyVoicemailNotificationReceiver.onReceive - isRefresh: true
03-06 15:52:44.123  4030  4030 I Dialer  : LegacyVoicemailNotificationReceiver.onReceive - clearing notification
03-06 15:52:44.123  4030  4030 I Dialer  : LegacyVoicemailNotifier.cancelNotification - enter
03-06 15:52:44.126  6392  6423 I Finsky  : [492] fpw.a(10): onSubscriptionsChanged
03-06 15:52:44.126  6392  6423 I Finsky  : [492] fpt.c(15): notifySubscriptionInfoChangedListener: DataSubscriptionInfo=DataSubscriptionInfo{imsiAnonymized=Optional.of(310260000000000), imsiRaw=Optional.of(310260000000000), groupIdLevel1=Optional.absent(), mccMnc=Optional.of(310260), serviceProviderName=Optional.of(Android)}
03-06 15:52:44.126  2476  2476 I TelecomFramework: : onSubscriptionsChanged - update accounts
03-06 15:52:44.126  2476  2476 I TelecomFramework: PstnIncomingCallNotifier: Unregistering: Handler (com.android.internal.telephony.GsmCdmaPhone) {b312827}
03-06 15:52:44.126  2476  2476 I TelecomFramework: TelecomAccountRegistry: setupAccounts: Found 1 phones.  Attempting to register.
03-06 15:52:44.126  2476  2476 I TelecomFramework: TelecomAccountRegistry: setupAccounts: Phone with subscription id 1
03-06 15:52:44.127  2026  2299 W NativeCrashListener: Couldn't find ProcessRecord for pid 8036
03-06 15:52:44.127  8053  8053 E crash_dump32: AM data write failed: Broken pipe
03-06 15:52:44.128  1864  1864 E /system/bin/tombstoned: Tombstone written to: /data/tombstones/tombstone_03
03-06 15:52:44.128  2026  2060 I BootReceiver: Copying /data/tombstones/tombstone_03 to DropBox (SYSTEM_TOMBSTONE)
03-06 15:52:44.129  2026  2060 I DropBoxManagerService: add tag=SYSTEM_TOMBSTONE isTagEnabled=true flags=0x2
03-06 15:52:44.130  2026  3718 I Telecom : PhoneAccountRegistrar: New phone account registered: [[ ] PhoneAccount: ComponentInfo{com.android.phone/com.android.services.telephony.TelephonyConnectionService}, ***, UserHandle{0} Capabilities: CallProvider MultiUser PlaceEmerg SimSub  Audio Routes: BESW Schemes: tel voicemail  Extras: Bundle[{android.telecom.extra.SUPPORTS_VIDEO_CALLING_FALLBACK=true}] GroupId: ***]: TSI.rPA@A0k
03-06 15:52:44.131  2026  3718 I Telecom : CallsManager: Sending phone-account ComponentInfo{com.android.phone/com.android.services.telephony.TelephonyConnectionService}, ***, UserHandle{0} registered intent as user: TSI.rPA@A0k
03-06 15:52:44.131  2026  3718 I Telecom : CallsManager: Sending phone-account registered intent to default dialer: TSI.rPA@A0k
03-06 15:52:44.131  2476  2476 I TelecomFramework: AccountEntry: Registered phoneAccount: [[ ] PhoneAccount: ComponentInfo{com.android.phone/com.android.services.telephony.TelephonyConnectionService}, ***, UserHandle{0} Capabilities: CallProvider MultiUser PlaceEmerg SimSub  Audio Routes: BESW Schemes: tel voicemail  Extras: Bundle[{android.telecom.extra.SUPPORTS_VIDEO_CALLING_FALLBACK=true}] GroupId: ***] with handle: ComponentInfo{com.android.phone/com.android.services.telephony.TelephonyConnectionService}, ***, UserHandle{0}
03-06 15:52:44.131  2476  2476 I TelecomFramework: PstnIncomingCallNotifier: Registering: Handler (com.android.internal.telephony.GsmCdmaPhone) {b312827}
03-06 15:52:44.133  2476  2476 I TelecomFramework: TelecomAccountRegistry: Unregistering phone account ComponentInfo{com.android.phone/com.android.services.telephony.TelephonyConnectionService}, ***, UserHandle{0}.
03-06 15:52:44.134  2026  3718 I Telecom : CallsManager: Sending phone-account ComponentInfo{com.android.phone/com.android.services.telephony.TelephonyConnectionService}, ***, UserHandle{0} unregistered intent as user: TSI.uPA@A0s
03-06 15:52:44.134  2026  3718 I Telecom : CallsManager: Sending phone-account unregistered intent to default dialer: TSI.uPA@A0s
03-06 15:52:44.134  4330  7816 W Bugle   : Obsolete carrier config resource: maxMessageSize res: 1048576, sys: 307200
03-06 15:52:44.134  4330  7816 W Bugle   : Obsolete carrier config resource: maxImageHeight res: 1944, sys: 480
03-06 15:52:44.134  4330  7816 W Bugle   : Obsolete carrier config resource: maxImageWidth res: 2592, sys: 640
03-06 15:52:44.135  2476  2476 D MultiSimSettingController: onSubscriptionsChanged
03-06 15:52:44.135  2476  2476 D MultiSimSettingController: updateDefaults
03-06 15:52:44.136  2476  2476 D MultiSimSettingController: [updateDefaultValues] change: 0
03-06 15:52:44.136  2476  2476 I CallNotifier: onCallForwardingIndicatorChanged(): subId=1, visible=N
03-06 15:52:44.136  2026  2053 W BroadcastQueue: Background execution not allowed: receiving Intent { act=android.intent.action.DROPBOX_ENTRY_ADDED flg=0x10 (has extras) } to com.google.android.gms/.stats.service.DropBoxEntryAddedReceiver
03-06 15:52:44.136  2026  2053 W BroadcastQueue: Background execution not allowed: receiving Intent { act=android.intent.action.DROPBOX_ENTRY_ADDED flg=0x10 (has extras) } to com.google.android.gms/.chimera.GmsIntentOperationService$PersistentTrustedReceiver
03-06 15:52:44.136  2476  2476 D CallNotifier: updatePhoneStateListeners: update CF notifications.
03-06 15:52:44.136  2476  2476 I NotificationMgr: updateCfi: subId= 1, visible=N
03-06 15:52:44.137  2476  2476 I NotificationMgr: updateMwi(): subId 1 update to false
03-06 15:52:44.140  2476  2476 D CallNotifier: updatePhoneStateListeners: update CF notifications.
03-06 15:52:44.140  2476  2476 I NotificationMgr: updateCfi: subId= 1, visible=N
03-06 15:52:44.141  4330  7816 I Bugle   : Carrier configs loaded: Bundle[{carrier_volte_provisioned_bool=false, disable_charge_indication_bool=false, support_tdscdma_bool=false, httpSocketTimeout=60000, call_redirection_service_component_name_string=null, carrier_wfc_supports_wifi_only_bool=false, carrier_default_actions_on_default_network_available_string_array=[false: 7, true: 8], operator_selection_expand_bool=true, disable_cdma_activation_code_bool=false, simplified_network_settings_bool=false, support_tdscdma_roaming_networks_string_array=null, gps.lpp_profile=0, call_barring_visibility_bool=false, gps.es_extension_sec=0, enable_apps_string_array=null, carrier_default_wfc_ims_roaming_enabled_bool=false, cdma_nonroaming_networks_string_array=null, aliasMinChars=2, wfc_data_spn_format_idx_int=0, hide_sim_lock_settings_bool=false, drop_video_call_when_answering_audio_call_bool=false, ci_action_on_sys_update_bool=false, convert_cdma_caller_id_mmi_codes_while_roaming_on_3gpp_bool=false, support_enhanced_call_blocking_bool=true, vvm_port_number_int=0, carrier_default_wfc_ims_enabled_bool=false, dial_string_replace_string_array=null, opportunistic_network_entry_threshold_bandwidth_int=1024, gsm_nonroaming_networks_string_array=null, hide_ims_apn_bool=false, vvm_destination_number_string=, dtmf_type_enabled_bool=false, allow_video_calling_fallback_bool=true, config_ims_package_override_string=null, only_auto_select_in_home_network=false, smsToMmsTextThreshold=-1, disable_severe_when_extreme_disabled_bool=true, force_home_network_bool=false, spdi_override_string_array=null, show_wfc_location_privacy_policy_bool=false, gps.supl_es=1, enableSMSDeliveryReports=true, auto_retry_enabled_bool=false, opportunistic_network_entry_threshold_rssnr_int=45, play_call_recording_tone_bool=false, carrier_force_disable_etws_cmas_test_bool=false, call_waiting_service_class_int=1, allow_emergency_video_calls_bool=false, csp_enabled_bool=false, default_sim_call_manager_string=, wifi.passpoint_profiles_string_array=null, carrier_app_required_during_setup_bool=false, call_forwarding_blocks_while_roaming_string_array=null, emergency_notification_delay_int=-1, support_video_conference_call_bool=false, ims_dtmf_tone_delay_int=0, show_signal_strength_in_sim_status_bool=true, data_rapid_notification_bool=true, carrier_instant_lettering_escaped_chars_string=, carrier_default_wfc_ims_roaming_mode_int=2, editable_wfc_mode_bool=true, support_direct_fdn_dialing_bool=false, carrier_ut_provisioning_required_bool=false, carrier_wifi_string_array=null, treat_downgraded_video_calls_as_video_calls_bool=false, wifi_calls_can_be_hd_audio=true, support_downgrade_vt_to_audio_bool=true, cdma_enhanced_roaming_indicator_for_home_network_int_array=[1], notify_handover_video_from_lte_to_wifi_bool=false, use_otasp_for_provisioning_bool=false, always_play_remote_hold_tone_bool=false, opportunistic_network_data_switch_hysteresis_time_long=10000, maxMessageTextSize=-1, duration_blocking_disabled_after_emergency_int=7200, carrier_metered_roaming_apn_types_strings=[default, mms, dun, supl], additional_settings_call_waiting_visibility_bool=true, show_video_call_charges_alert_dialog_bool=false, carrier_network_service_wlan_package_override_string=, show_apn_setting_cdma_bool=false, use_usim_bool=false, carrier_instant_lettering_length_limit_int=64, operator_name_filter_pattern_string=, carrier_instant_lettering_invalid_chars_string=, carrier_setup_app_string=, editable_wfc_roaming_mode_bool=false, supportMmsContentDisposition=true, support_manage_ims_conference_call_bool=true, opportunistic_network_exit_threshold_rssnr_int=10, allow_non_emergency_calls_in_ecm_bool=true, allow_cdma_eri_bool=false, carrier_data_service_wlan_package_override_string=, show_carrier_data_icon_pattern_string=, use_rcs_presence_bool=false, config_telephony_use_own_number_for_voicemail_bool=false, cdma_dtmf_tone_delay_int=100, editable_voicemail_number_bool=false, carrier_data_call_apn_retry_after_disconnect_long=10000, filtered_cnap_names_string_array=null, enabledTransID=false, aliasEnabled=false, vvm_disabl
03-06 15:52:44.143  4030  4030 I Dialer  : LegacyVoicemailNotificationReceiver.onReceive - received legacy voicemail notification
03-06 15:52:44.143  4030  4030 I Dialer  : LegacyVoicemailNotificationReceiver.onReceive - isRefresh: true
03-06 15:52:44.143  4030  4030 I Dialer  : LegacyVoicemailNotificationReceiver.onReceive - clearing notification
03-06 15:52:44.143  4030  4030 I Dialer  : LegacyVoicemailNotifier.cancelNotification - enter
03-06 15:52:44.143  2476  2476 I NotificationMgr: updateMwi(): subId 1 update to false
03-06 15:52:44.145  2476  2476 I TelecomFramework: PstnPhoneCapabilitiesNotifier: handleVideoCapabilitesChanged. Video capability - false
03-06 15:52:44.146  6392  6392 I Finsky  : [2] pxd.b(7): Jobs in database: 12-1 21-333333333 28--559038737 31-305419896 
03-06 15:52:44.146  6392  6392 I Finsky  : [2] puk.a(113): ConstraintMapping: 12-1, 21-333333333, 28--559038737, 31-305419896,  -> L: 0ms, D: 82669972ms, C: false, I: false, N: 1
03-06 15:52:44.147  6392  6637 I Finsky  : [539] qjn.b(1): SIM loaded, prefetching preloads
03-06 15:52:44.147  6392  6428 I Finsky  : [495] qjm.call(2): Prefetching preloads for account null
03-06 15:52:44.147  6392  6428 W Finsky  : [495] cwl.a(19): For unauth, use getDfeApiNonAuthenticated() instead!
03-06 15:52:44.147  4030  4030 I Dialer  : LegacyVoicemailNotificationReceiver.onReceive - received legacy voicemail notification
03-06 15:52:44.147  4030  4030 I Dialer  : LegacyVoicemailNotificationReceiver.onReceive - isRefresh: false
03-06 15:52:44.147  4030  4030 I Dialer  : LegacyVoicemailNotificationReceiver.onReceive - clearing notification
03-06 15:52:44.147  4030  4030 I Dialer  : LegacyVoicemailNotifier.cancelNotification - enter
03-06 15:52:44.147  6392  6392 I Finsky  : [2] com.google.android.finsky.scheduler.JobSchedulerEngine.a(42): Cancelling existing job with id: 9000
03-06 15:52:44.148  6392  6428 I Finsky  : [495] qnu.a(19): No PAI stub found
03-06 15:52:44.148  6392  6428 E Finsky  : [495] qjm.call(31): Error prefetching preloads, using account=null, preloads=NULL, preloadRros=NULL, preloadGroups=NULL
03-06 15:52:44.148  6392  6428 E Finsky  : com.google.android.finsky.setup.fetchers.RawDocumentsFetchException[reason=pai_config, account=null]
03-06 15:52:44.148  6392  6428 E Finsky  : 	at qnu.a(SourceFile:19)
03-06 15:52:44.148  6392  6428 E Finsky  : 	at qjm.call(Unknown Source:2)
03-06 15:52:44.148  6392  6428 E Finsky  : 	at afxg.a(SourceFile:1)
03-06 15:52:44.148  6392  6428 E Finsky  : 	at afwi.run(SourceFile:3)
03-06 15:52:44.148  6392  6428 E Finsky  : 	at afxf.run(SourceFile:2)
03-06 15:52:44.148  6392  6428 E Finsky  : 	at java.util.concurrent.ThreadPoolExecutor.runWorker(ThreadPoolExecutor.java:1167)
03-06 15:52:44.148  6392  6428 E Finsky  : 	at java.util.concurrent.ThreadPoolExecutor$Worker.run(ThreadPoolExecutor.java:641)
03-06 15:52:44.148  6392  6428 E Finsky  : 	at unn.run(Unknown Source:7)
03-06 15:52:44.148  6392  6428 E Finsky  : 	at java.lang.Thread.run(Thread.java:919)
03-06 15:52:44.148  6392  6428 I Finsky  : [495] qjn.a(10): VpaSelectionActivity will be disabled
03-06 15:52:44.148  6392  6428 I Finsky  : [495] qoh.a(3): PAI late SIM : experiment enabled = false
03-06 15:52:44.150  6392  6392 I Finsky  : [2] com.google.android.finsky.scheduler.JobSchedulerEngine.a(4): Scheduling job Id: 9001, L: 0, D: 82669972, C: false, I: false, N: 1
03-06 15:52:44.152  6392  6637 I Finsky  : [539] fpy.a(5): notifySubscriptionInfoChangedListener success.
03-06 15:52:44.154  2026  2377 I Telecom : PhoneAccountRegistrar: Modify account: [ComponentInfo{com.android.phone/com.android.services.telephony.TelephonyConnectionService}, ***, UserHandle{0}]: TSI.rPA@A04
03-06 15:52:44.155  2026  2377 I Telecom : CallsManager: handlePhoneAccountChanged: phoneAccount=[[X] PhoneAccount: ComponentInfo{com.android.phone/com.android.services.telephony.TelephonyConnectionService}, ***, UserHandle{0} Capabilities: CallProvider MultiUser PlaceEmerg SimSub  Audio Routes: BESW Schemes: tel voicemail  Extras: Bundle[{android.telecom.extra.SUPPORTS_VIDEO_CALLING_FALLBACK=true}] GroupId: ***]: TSI.rPA@A04
03-06 15:52:44.202  1676  1676 I hwservicemanager: getTransport: Cannot find entry android.hardware.radio@1.4::IRadio/slot1 in either framework or device manifest.
03-06 15:52:44.202  1676  1676 I hwservicemanager: getTransport: Cannot find entry android.hardware.radio@1.3::IRadio/slot1 in either framework or device manifest.
03-06 15:52:44.203  1676  1676 I hwservicemanager: getTransport: Cannot find entry android.hardware.radio@1.2::IRadio/slot1 in either framework or device manifest.
03-06 15:52:44.203  1676  1676 I hwservicemanager: getTransport: Cannot find entry android.hardware.radio@1.1::IRadio/slot1 in either framework or device manifest.
03-06 15:52:44.208  2476  2476 I ServiceManagement: getService: Trying again for android.hardware.radio@1.0::IRadio/slot1...
03-06 15:52:44.995  1791  2388 E GnssHAL_GnssInterface: gnssSvStatusCb: a: input svInfo.flags is 8
03-06 15:52:44.995  1791  2388 E GnssHAL_GnssInterface: gnssSvStatusCb: b: input svInfo.flags is 8
03-06 15:52:45.208  2476  2476 W ServiceManagement: Waited one second for android.hardware.radio@1.0::IRadio/slot1
03-06 15:52:45.210  2476  2476 I ServiceManagement: getService: Trying again for android.hardware.radio@1.0::IRadio/slot1...
03-06 15:52:45.648  2026  2053 W BroadcastQueue: Background execution not allowed: receiving Intent { act=android.intent.action.DROPBOX_ENTRY_ADDED flg=0x10 (has extras) } to com.google.android.gms/.stats.service.DropBoxEntryAddedReceiver
03-06 15:52:45.649  2026  2053 W BroadcastQueue: Background execution not allowed: receiving Intent { act=android.intent.action.DROPBOX_ENTRY_ADDED flg=0x10 (has extras) } to com.google.android.gms/.chimera.GmsIntentOperationService$PersistentTrustedReceiver
03-06 15:52:45.794  2026  2829 I ActivityTaskManager: START u0 {act=android.intent.action.MAIN cat=[android.intent.category.LAUNCHER] flg=0x10000000 cmp=ru.iteco.fmhandroid.test/androidx.test.core.app.InstrumentationActivityInvoker$EmptyActivity} from uid 10134
03-06 15:52:45.804  2026  2048 E system_server: Invalid ID 0x00000000.
03-06 15:52:45.805  7200  7200 D LifecycleMonitor: Lifecycle status change: ru.iteco.fmhandroid.ui.AppActivity@d39fd67 in: PAUSED
03-06 15:52:45.805  7200  7200 V ActivityScenario: Activity lifecycle changed event received but ignored because the reported transition was not ON_CREATE while the last known transition was DESTROYED
03-06 15:52:45.805  7200  7200 V ActivityScenario: Update currentActivityStage to PAUSED, currentActivity=ru.iteco.fmhandroid.ui.AppActivity@d39fd67
03-06 15:52:45.806  2026  2873 W InputReader: Device has associated, but no associated display id.
03-06 15:52:45.807  2026  2873 I chatty  : uid=1000(system) Binder:2026_F identical 38 lines
03-06 15:52:45.807  2026  2873 W InputReader: Device has associated, but no associated display id.
03-06 15:52:45.807  7353  7353 W ActivityThread: handleWindowVisibility: no activity for token android.os.BinderProxy@e01740a
03-06 15:52:45.808  2026  2873 W InputReader: Device has associated, but no associated display id.
03-06 15:52:45.808  2026  2873 I chatty  : uid=1000(system) Binder:2026_F identical 8 lines
03-06 15:52:45.808  2026  2873 W InputReader: Device has associated, but no associated display id.
03-06 15:52:45.817  1792  3032 D gralloc_ranchu: gralloc_alloc: Creating ashmem region of size 9592832
03-06 15:52:45.863  1792  3032 D gralloc_ranchu: gralloc_alloc: Creating ashmem region of size 9592832
03-06 15:52:45.905  2026  2048 W InputReader: Device has associated, but no associated display id.
03-06 15:52:45.906  2026  2048 I chatty  : uid=1000(system) android.anim identical 18 lines
03-06 15:52:45.906  2026  2048 W InputReader: Device has associated, but no associated display id.
03-06 15:52:45.907  1792  3032 D gralloc_ranchu: gralloc_alloc: Creating ashmem region of size 6139904
03-06 15:52:45.912  1792  1792 D gralloc_ranchu: gralloc_alloc: Creating ashmem region of size 9592832
03-06 15:52:45.933  7353  7385 D EGL_emulation: eglMakeCurrent: 0xdb9591c0: ver 2 0 (tinfo 0xf2089d00)
03-06 15:52:45.953  1792  3032 D gralloc_ranchu: gralloc_alloc: Creating ashmem region of size 9592832
03-06 15:52:45.973  1792  3032 D gralloc_ranchu: gralloc_alloc: Creating ashmem region of size 9592832
03-06 15:52:45.979  2026  2829 W InputReader: Device has associated, but no associated display id.
03-06 15:52:45.979  2026  2829 I chatty  : uid=1000(system) Binder:2026_B identical 8 lines
03-06 15:52:45.979  2026  2829 W InputReader: Device has associated, but no associated display id.
03-06 15:52:45.995  2026  2052 I ActivityTaskManager: Displayed ru.iteco.fmhandroid.test/androidx.test.core.app.InstrumentationActivityInvoker$EmptyActivity: +186ms
03-06 15:52:45.998  1791  2388 E GnssHAL_GnssInterface: gnssSvStatusCb: a: input svInfo.flags is 8
03-06 15:52:45.998  1791  2388 E GnssHAL_GnssInterface: gnssSvStatusCb: b: input svInfo.flags is 8
03-06 15:52:46.012  7200  7276 D EGL_emulation: eglMakeCurrent: 0xdee1ae40: ver 2 0 (tinfo 0xc2e69120)
03-06 15:52:46.020  2634  2648 I s.nexuslaunche: NativeAlloc concurrent copying GC freed 1554(147KB) AllocSpace objects, 1(88KB) LOS objects, 49% free, 2698KB/5396KB, paused 13.553ms total 24.619ms
03-06 15:52:46.031  2026  2871 W InputReader: Device has associated, but no associated display id.
03-06 15:52:46.031  2026  2871 I chatty  : uid=1000(system) Binder:2026_D identical 8 lines
03-06 15:52:46.031  2026  2871 W InputReader: Device has associated, but no associated display id.
03-06 15:52:46.040  7200  7200 D LifecycleMonitor: Lifecycle status change: ru.iteco.fmhandroid.ui.AppActivity@d39fd67 in: STOPPED
03-06 15:52:46.041  7200  7200 V ActivityScenario: Activity lifecycle changed event received but ignored because the reported transition was not ON_CREATE while the last known transition was DESTROYED
03-06 15:52:46.041  7200  7200 V ActivityScenario: Update currentActivityStage to STOPPED, currentActivity=ru.iteco.fmhandroid.ui.AppActivity@d39fd67
03-06 15:52:46.053  7200  7200 D LifecycleMonitor: Lifecycle status change: ru.iteco.fmhandroid.ui.AppActivity@d39fd67 in: DESTROYED
03-06 15:52:46.053  7200  7200 V ActivityScenario: Activity lifecycle changed event received but ignored because the reported transition was not ON_CREATE while the last known transition was DESTROYED
03-06 15:52:46.053  7200  7200 V ActivityScenario: Update currentActivityStage to DESTROYED, currentActivity=null
03-06 15:52:46.056  1792  3032 D gralloc_ranchu: gralloc_alloc: Creating ashmem region of size 9592832
03-06 15:52:46.056  2026  2026 W ActivityManager: Unable to start service Intent { act=android.service.appprediction.AppPredictionService cmp=com.google.android.as/com.google.android.apps.miphone.aiai.app.AiAiPredictionService } U=0: not found
03-06 15:52:46.056  2026  2026 W RemoteAppPredictionService: could not bind to Intent { act=android.service.appprediction.AppPredictionService cmp=com.google.android.as/com.google.android.apps.miphone.aiai.app.AiAiPredictionService } using flags 67108865
03-06 15:52:46.063  1792  1792 D gralloc_ranchu: gralloc_alloc: Creating ashmem region of size 9592832
03-06 15:52:46.068  1792  1969 D gralloc_ranchu: gralloc_alloc: Creating ashmem region of size 9592832
03-06 15:52:46.077  7200  7213 I teco.fmhandroi: Background young concurrent copying GC freed 83226(3719KB) AllocSpace objects, 18(532KB) LOS objects, 32% free, 9203KB/13MB, paused 7.628ms total 83.275ms
03-06 15:52:46.118  1792  1792 D gralloc_ranchu: gralloc_alloc: Creating ashmem region of size 9592832
03-06 15:52:46.121  1792  1969 D gralloc_ranchu: gralloc_alloc: Creating ashmem region of size 9592832
03-06 15:52:46.133  1792  3032 D gralloc_ranchu: gralloc_alloc: Creating ashmem region of size 9592832
03-06 15:52:46.133  2634  3076 D EGL_emulation: eglMakeCurrent: 0xdee1a120: ver 2 0 (tinfo 0xdee0f3f0)
03-06 15:52:46.134  2890  3240 D EGL_emulation: eglMakeCurrent: 0xdee1c2e0: ver 2 0 (tinfo 0xc1d14460)
03-06 15:52:46.187  1792  1969 D gralloc_ranchu: gralloc_alloc: Creating ashmem region of size 9592832
03-06 15:52:46.189  2026  2048 W InputReader: Device has associated, but no associated display id.
03-06 15:52:46.189  2026  2048 I chatty  : uid=1000(system) android.anim identical 8 lines
03-06 15:52:46.189  2026  2048 W InputReader: Device has associated, but no associated display id.
03-06 15:52:46.190  1792  3032 D gralloc_ranchu: gralloc_alloc: Creating ashmem region of size 6139904
03-06 15:52:46.211  2476  2476 W ServiceManagement: Waited one second for android.hardware.radio@1.0::IRadio/slot1
03-06 15:52:46.211  2476  2476 I ServiceManagement: getService: Trying again for android.hardware.radio@1.0::IRadio/slot1...
03-06 15:52:46.250  2890  2890 W ThreadPoolDumper: Queue length for executor EventBus is now 11. Perhaps some tasks are too long, or the pool is too small.
03-06 15:52:46.259  2890  3121 W SessionLifecycleManager: Handover failed. Creating new session controller.
03-06 15:52:46.273  2634  2650 W System  : A resource failed to call release. 
03-06 15:52:46.273  2634  2650 W System  : A resource failed to call release. 
03-06 15:52:46.315  2890  3206 W LocationOracle: No location history returned by ContextManager
03-06 15:52:46.328  2890  3121 I MicroDetectionWorker: #startMicroDetector [speakerMode: 0]
03-06 15:52:46.329  2890  3121 I AudioController: Created new AudioSource
03-06 15:52:46.330  2890  3121 I MicroDetectionWorker: onReady
03-06 15:52:46.333  2890  7559 I MicroRecognitionRunner: Starting detection.
03-06 15:52:46.333  2890  7559 I MultipleReaderAudioSrc: Using micInputStream
03-06 15:52:46.334  2890  3215 I MicrophoneInputStream: mic_starting  SR : 16000 CC : 16 SO : 1999
03-06 15:52:46.335  2164  3051 W GCoreFlp: No location to return for getLastLocation()
03-06 15:52:46.336  1922  1922 E netmgr  : Failed to open QEMU pipe 'qemud:network': Invalid argument
03-06 15:52:46.344  2026  2873 W AppOps  : Noting op not finished: uid 10099 pkg com.google.android.gms code 79 time=1709758352629 duration=-1709758167884
03-06 15:52:46.344  1803  8072 I AudioFlinger: AudioFlinger's thread 0xe2e87180 tid=8072 ready to run
03-06 15:52:46.347  2890  3215 I MicrophoneInputStream: mic_started  SR : 16000 CC : 16 SO : 1999
03-06 15:52:46.347  2026  2377 I AudioService.RecordingActivityMonitor: rec update riid:95 uid:10105 session:81 src:HOTWORD pack:com.google.android.googlequicksearchbox
03-06 15:52:46.349  2026  2377 W AppOps  : Noting op not finished: uid 10099 pkg com.google.android.gms code 79 time=1709758366344 duration=0
03-06 15:52:46.372  1927  1927 E wifi_forwarder: RemoteConnection failed to initialize: RemoteConnection failed to open pipe
03-06 15:52:46.380  2890  7559 W SpeechLevelGenerator: Really low audio levels detected. The audio input may have issues.
03-06 15:52:46.380  2890  3121 I MicroDetectionWorker: onReady
03-06 15:52:46.387  2164  3051 W GCoreFlp: No location to return for getLastLocation()
03-06 15:52:46.394  2164  3051 W GCoreFlp: No location to return for getLastLocation()
03-06 15:52:46.394  2026  2873 I WifiService: acquireWifiLock uid=10099 lockMode=2
03-06 15:52:46.395  2164  3051 W GCoreFlp: No location to return for getLastLocation()
03-06 15:52:46.411  2164  3051 W GCoreFlp: No location to return for getLastLocation()
03-06 15:52:46.413  2164  6098 W ctxmgr  : [AclManager] No 3 for (accnt=account#-517948760#, com.google.android.gms(10099):UserVelocityProducer, vrsn=17786022, 0, 3pPkg = null ,  3pMdlId = null ,  pid = 2164). Was: 3 for 1, account#-517948760# [CONTEXT service_id=47 ]
03-06 15:52:46.421  2164  7666 I Places  : ?: Couldn't find platform key file.
03-06 15:52:46.450  2164  2164 I GeofencerStateMachine: removeGeofences: removeRequest=RemoveGeofencingRequest[REMOVE_BY_PENDING_INTENT pendingIntent=PendingIntent[creatorPackage=com.google.android.gms], packageName=com.google.android.gms]
03-06 15:52:46.453  2026  2377 W AppOps  : Noting op not finished: uid 10099 pkg com.google.android.gms code 79 time=1709758366349 duration=0
03-06 15:52:46.452  2164  2164 I GeofencerStateMachine: removeGeofences: removeRequest=RemoveGeofencingRequest[REMOVE_BY_PENDING_INTENT pendingIntent=PendingIntent[creatorPackage=com.google.android.gms], packageName=com.google.android.gms]
03-06 15:52:46.456  2164  7945 I Places  : ?: Couldn't find platform key file.
03-06 15:52:46.457  2164  8074 I PlaceInferenceEngine: [anon] Changed inference mode: 0
03-06 15:52:46.457  2164  7945 I Places  : ?: Couldn't find platform key file.
03-06 15:52:46.458  2164  3051 W GCoreFlp: No location to return for getLastLocation()
03-06 15:52:46.463  2026  4785 W AppOps  : Noting op not finished: uid 10099 pkg com.google.android.gms code 79 time=1709758366453 duration=0
03-06 15:52:46.488  2164  7945 I Places  : ?: Couldn't find platform key file.
03-06 15:52:46.489  2164  7666 I Places  : ?: Couldn't find platform key file.
03-06 15:52:46.493  2164  7232 I Places  : ?: Couldn't find platform key file.
03-06 15:52:46.500  2164  7945 I Places  : ?: Couldn't find platform key file.
03-06 15:52:46.503  2164  8074 W Places  : ?: Failed to download inference model weights PlacesServer
03-06 15:52:46.503  2164  8074 W PlaceInferenceEngine: Failed to download model weights. Status code: 7
03-06 15:52:46.503  2164  7945 I Places  : ?: Couldn't find platform key file.
03-06 15:52:46.505  2164  7945 I Places  : ?: Couldn't find platform key file.
03-06 15:52:46.513  7200  7254 E TestRunner: failed: testToAllNews(ru.netology.tests.ClaimsPageTests)
03-06 15:52:46.513  7200  7254 E TestRunner: ----- begin exception -----
03-06 15:52:46.513  7200  7254 E TestRunner: androidx.test.espresso.PerformException: Error performing 'wait for a specific view with attribute <an instance of android.widget.TextView and view.getText() with or without transformation to match: is "Claims"> during 5000 millis.' on view 'Animations or transitions are enabled on the target device.
03-06 15:52:46.513  7200  7254 E TestRunner: For more info check: https://developer.android.com/training/testing/espresso/setup#set-up-environment
03-06 15:52:46.513  7200  7254 E TestRunner: 
03-06 15:52:46.513  7200  7254 E TestRunner: view.getRootView() to equal view'.
03-06 15:52:46.513  7200  7254 E TestRunner: 	at androidx.test.espresso.PerformException$Builder.build(PerformException.java:1)
03-06 15:52:46.513  7200  7254 E TestRunner: 	at androidx.test.espresso.base.DefaultFailureHandler.getUserFriendlyError(DefaultFailureHandler.java:9)
03-06 15:52:46.513  7200  7254 E TestRunner: 	at androidx.test.espresso.base.DefaultFailureHandler.handle(DefaultFailureHandler.java:7)
03-06 15:52:46.513  7200  7254 E TestRunner: 	at androidx.test.espresso.ViewInteraction.waitForAndHandleInteractionResults(ViewInteraction.java:8)
03-06 15:52:46.513  7200  7254 E TestRunner: 	at androidx.test.espresso.ViewInteraction.desugaredPerform(ViewInteraction.java:11)
03-06 15:52:46.513  7200  7254 E TestRunner: 	at androidx.test.espresso.ViewInteraction.perform(ViewInteraction.java:4)
03-06 15:52:46.513  7200  7254 E TestRunner: 	at ru.netology.data.DataHelper.elementWaiting(DataHelper.java:323)
03-06 15:52:46.513  7200  7254 E TestRunner: 	at ru.netology.pages.ClaimsPage.checkClaimsScreenLoaded(ClaimsPage.java:36)
03-06 15:52:46.513  7200  7254 E TestRunner: 	at ru.netology.data.ReadyScreen.readyClaimsScreen(ReadyScreen.java:42)
03-06 15:52:46.513  7200  7254 E TestRunner: 	at ru.netology.tests.ClaimsPageTests.readyScreen(ClaimsPageTests.java:43)
03-06 15:52:46.513  7200  7254 E TestRunner: 	at java.lang.reflect.Method.invoke(Native Method)
03-06 15:52:46.513  7200  7254 E TestRunner: 	at org.junit.runners.model.FrameworkMethod$1.runReflectiveCall(FrameworkMethod.java:59)
03-06 15:52:46.513  7200  7254 E TestRunner: 	at org.junit.internal.runners.model.ReflectiveCallable.run(ReflectiveCallable.java:12)
03-06 15:52:46.513  7200  7254 E TestRunner: 	at org.junit.runners.model.FrameworkMethod.invokeExplosively(FrameworkMethod.java:56)
03-06 15:52:46.513  7200  7254 E TestRunner: 	at androidx.test.internal.runner.junit4.statement.RunBefores.evaluate(RunBefores.java:76)
03-06 15:52:46.513  7200  7254 E TestRunner: 	at org.junit.rules.ExternalResource$1.evaluate(ExternalResource.java:54)
03-06 15:52:46.513  7200  7254 E TestRunner: 	at io.qameta.allure.android.rules.ScreenshotRule$apply$1.evaluate(ScreenshotRule.kt:22)
03-06 15:52:46.513  7200  7254 E TestRunner: 	at org.junit.rules.ExternalResource$1.evaluate(ExternalResource.java:54)
03-06 15:52:46.513  7200  7254 E TestRunner: 	at io.qameta.allure.android.rules.LogcatRule$apply$1.evaluate(LogcatRule.kt:23)
03-06 15:52:46.513  7200  7254 E TestRunner: 	at org.junit.rules.RunRules.evaluate(RunRules.java:20)
03-06 15:52:46.513  7200  7254 E TestRunner: 	at org.junit.runners.ParentRunner$3.evaluate(ParentRunner.java:306)
03-06 15:52:46.513  7200  7254 E TestRunner: 	at org.junit.runners.BlockJUnit4ClassRunner$1.evaluate(BlockJUnit4ClassRunner.java:100)
03-06 15:52:46.513  7200  7254 E TestRunner: 	at org.junit.runners.ParentRunner.runLeaf(ParentRunner.java:366)
03-06 15:52:46.513  7200  7254 E TestRunner: 	at org.junit.runners.BlockJUnit4ClassRunner.runChild(BlockJUnit4ClassRunner.java:103)
03-06 15:52:46.513  7200  7254 E TestRunner: 	at org.junit.runners.BlockJUnit4ClassRunner.runChild(BlockJUnit4ClassRunner.java:63)
03-06 15:52:46.513  7200  7254 E TestRunner: 	at org.junit.runners.ParentRunner$4.run(ParentRunner.java:331)
03-06 15:52:46.513  7200  7254 E TestRunner: 	at org.junit.runners.ParentRunner$1.schedule(ParentRunner.java:79)
03-06 15:52:46.513  7200  7254 E TestRunner: 	at org.junit.runners.ParentRunner.runChildren(ParentRunner.java:329)
03-06 15:52:46.513  7200  7254 E TestRunner: 	at org.junit.runners.ParentRunner.access$100(ParentRunner.java:66)
03-06 15:52:46.513  7200  7254 E TestRunner: 	at org.junit.runners.ParentRunner$2.evaluate(ParentRunner.java:293)
03-06 15:52:46.513  7200  7254 E TestRunner: 	at org.junit.runners.ParentRunner$3.evaluate(ParentRunner.java:306)
03-06 15:52:46.513  7200  7254 E TestRunner: 	at org.junit.runners.ParentRunner.run(ParentRunner.java:413)
03-06 15:52:46.513  7200  7254 E TestRunner: 	at androidx.test.ext.junit.runners.AndroidJUnit4.run(AndroidJUnit4.java:162)
03-06 15:52:46.513  7200  7254 E TestRunner: 	at org.junit.runners.Suite.runChild(Suite.java:128)
03-06 15:52:46.513  7200  7254 E TestRunner: 	at org.junit.runners.Suite.runChild(Suite.java:27)
03-06 15:52:46.513  7200  7254 E TestRunner: 	at org.junit.runners.ParentRunner$4.run(ParentRunner.java:331)
03-06 15:52:46.513  7200  7254 E TestRunner: 	at org.junit.runners.ParentRunner$1.schedule(ParentRunner.java:79)
03-06 15:52:46.513  7200  7254 E TestRunner: 	at org.junit.runners.ParentRunner.runChildren(ParentRunner.java:329)
03-06 15:52:46.513  7200  7254 E TestRunner: 	at org.junit.runners.ParentRunner.access$100(ParentRunner.java:66)
03-06 15:52:46.513  7200  7254 E TestRunner: 	at org.junit.runners.ParentRunner$2.evaluate(ParentRunner.java:293)
03-06 15:52:46.513  7200  7254 E TestRunner: 	at org.junit.runners.ParentRunner$3.evaluate(ParentRunner.java:306)
03-06 15:52:46.513  7200  7254 E TestRunner: 	at org.junit.runners.ParentRunner.run(ParentRunner.java:413)
03-06 15:52:46.513  7200  7254 E TestRunner: 	at org.junit.runner.JUnitCore.run(JUnitCore.java:137)
03-06 15:52:46.513  7200  7254 E TestRunner: 	at org.junit.runner.JUnitCore.run(JUnitCore.java:115)
03-06 15:52:46.513  7200  7254 E TestRunner: 	at androidx.test.internal.runner.TestExecutor.execute(TestExecutor.java:65)
03-06 15:52:46.513  7200  7254 E TestRunner: 	at androidx.test.internal.runner.TestExecutor.execute(TestExecutor.java:56)
03-06 15:52:46.513  7200  7254 E TestRunner: 	at androidx.test.runner.AndroidJUnitRunner.onStart(AndroidJUnitRunner.java:471)
03-06 15:52:46.513  7200  7254 E TestRunner: 	at android.app.Instrumentation$InstrumentationThread.run(Instrumentation.java:2189)
03-06 15:52:46.513  7200  7254 E TestRunner: Caused by: java.util.concurrent.TimeoutException
03-06 15:52:46.513  7200  7254 E TestRunner: 	at
03-06 15:52:46.513  7200  7254 E TestRunner: ----- end exception -----
03-06 15:52:46.519  7200  7254 I TestRunner: finished: testToAllNews(ru.netology.tests.ClaimsPageTests)
03-06 15:52:46.524  7200  7254 I TestRunner: started: testFilterCancelled(ru.netology.tests.ClaimsPageTests)
03-06 15:52:46.549  7200  7254 W Settings: Setting always_finish_activities has moved from android.provider.Settings.System to android.provider.Settings.Global, returning read-only value.
03-06 15:52:46.552  2026  2829 W ActivityTaskManager: Finishing task with all activities already finished
03-06 15:52:46.552  2026  2829 W ActivityTaskManager: Duplicate finish request for ActivityRecord{3f14c54 u0 ru.iteco.fmhandroid.test/androidx.test.core.app.InstrumentationActivityInvoker$EmptyActivity t21 f}
03-06 15:52:46.553  2026  4785 I ActivityTaskManager: START u0 {act=android.intent.action.MAIN cat=[android.intent.category.LAUNCHER] flg=0x10008000 cmp=ru.iteco.fmhandroid/.ui.AppActivity} from uid 10134
03-06 15:52:46.554  2164  6098 I ctxmgr  : [ProducerStatusImpl] updateStateForNewContextData: inactive, contextName=7 [CONTEXT service_id=47 ]
03-06 15:52:46.557  2026  4785 W InputReader: Device has associated, but no associated display id.
03-06 15:52:46.558  2026  4785 I chatty  : uid=1000(system) Binder:2026_1C identical 28 lines
03-06 15:52:46.558  2026  4785 W InputReader: Device has associated, but no associated display id.
03-06 15:52:46.558  7200  7200 W ActivityThread: handleWindowVisibility: no activity for token android.os.BinderProxy@398937b
03-06 15:52:46.559  2026  4785 W InputReader: Device has associated, but no associated display id.
03-06 15:52:46.559  2026  4785 I chatty  : uid=1000(system) Binder:2026_1C identical 8 lines
03-06 15:52:46.559  2026  4785 W InputReader: Device has associated, but no associated display id.
03-06 15:52:46.560  2026  2048 E system_server: Invalid ID 0x00000000.
03-06 15:52:46.565  7200  7200 D LifecycleMonitor: Lifecycle status change: ru.iteco.fmhandroid.ui.AppActivity@392ec57 in: PRE_ON_CREATE
03-06 15:52:46.565  7200  7200 V ActivityScenario: Activity lifecycle changed event received but ignored because the reported transition was not ON_CREATE while the last known transition was PRE_ON_CREATE
03-06 15:52:46.578  2164  3051 W GCoreFlp: No location to return for getLastLocation()
03-06 15:52:46.582  7200  7200 D LifecycleMonitor: Lifecycle status change: ru.iteco.fmhandroid.ui.AppActivity@392ec57 in: CREATED
03-06 15:52:46.582  7200  7200 V ActivityScenario: Update currentActivityStage to CREATED, currentActivity=ru.iteco.fmhandroid.ui.AppActivity@392ec57
03-06 15:52:46.586  1792  3032 D gralloc_ranchu: gralloc_alloc: Creating ashmem region of size 9592832
03-06 15:52:46.588  2164  7232 I Places  : ?: Couldn't find platform key file.
03-06 15:52:46.594  2026  2871 W AppOps  : Noting op not finished: uid 10099 pkg com.google.android.gms code 79 time=1709758366564 duration=-1
03-06 15:52:46.596  2026  4785 W AppOps  : Noting op not finished: uid 10099 pkg com.google.android.gms code 79 time=1709758366594 duration=0
03-06 15:52:46.603  7200  7200 D LifecycleMonitor: Lifecycle status change: ru.iteco.fmhandroid.ui.AppActivity@392ec57 in: STARTED
03-06 15:52:46.603  7200  7200 V ActivityScenario: Update currentActivityStage to STARTED, currentActivity=ru.iteco.fmhandroid.ui.AppActivity@392ec57
03-06 15:52:46.604  7200  7200 D LifecycleMonitor: Lifecycle status change: ru.iteco.fmhandroid.ui.AppActivity@392ec57 in: RESUMED
03-06 15:52:46.604  7200  7200 V ActivityScenario: Update currentActivityStage to RESUMED, currentActivity=ru.iteco.fmhandroid.ui.AppActivity@392ec57
03-06 15:52:46.613  2164  8074 I Places  : ?: PlacesBleScanner start() with priority 2
03-06 15:52:46.613  2164  8074 I PlaceInferenceEngine: [anon] Changed inference mode: 1
03-06 15:52:46.619  2164  3051 W GCoreFlp: No location to return for getLastLocation()
03-06 15:52:46.624  1792  3032 D gralloc_ranchu: gralloc_alloc: Creating ashmem region of size 9592832
03-06 15:52:46.639  2026  2873 W AppOps  : Noting op not finished: uid 10099 pkg com.google.android.gms code 79 time=1709758366596 duration=0
03-06 15:52:46.643  2026  2871 W AppOps  : Noting op not finished: uid 10099 pkg com.google.android.gms code 79 time=1709758366639 duration=0
03-06 15:52:46.647  1792  3032 D gralloc_ranchu: gralloc_alloc: Creating ashmem region of size 9592832
03-06 15:52:46.659  1792  1969 D gralloc_ranchu: gralloc_alloc: Creating ashmem region of size 9592832
03-06 15:52:46.659  7200  7276 D EGL_emulation: eglMakeCurrent: 0xdee1ae40: ver 2 0 (tinfo 0xc2e69120)
03-06 15:52:46.675  2026  2048 W InputReader: Device has associated, but no associated display id.
03-06 15:52:46.675  2026  2048 I chatty  : uid=1000(system) android.anim identical 8 lines
03-06 15:52:46.675  2026  2048 W InputReader: Device has associated, but no associated display id.
03-06 15:52:46.675  2164  3051 W GCoreFlp: No location to return for getLastLocation()
03-06 15:52:46.680  1792  3032 D gralloc_ranchu: gralloc_alloc: Creating ashmem region of size 9592832
03-06 15:52:46.682  7353  7385 D EGL_emulation: eglMakeCurrent: 0xdb9591c0: ver 2 0 (tinfo 0xf2089d00)
03-06 15:52:46.688  2890  3121 I MicroDetector: Keeping mic open: false
03-06 15:52:46.688  2890  3206 I DeviceStateChecker: DeviceStateChecker cancelled
03-06 15:52:46.691  2890  3566 I AudioController: internalShutdown
03-06 15:52:46.691  2890  3212 I MicroRecognitionRunner: Stopping hotword detection.
03-06 15:52:46.700  2026  2052 I ActivityTaskManager: Displayed ru.iteco.fmhandroid/.ui.AppActivity: +141ms
03-06 15:52:46.705  2890  3566 I MicrophoneInputStream: mic_close  SR : 16000 CC : 16 SO : 1999
03-06 15:52:46.705  2890  3566 E AudioSource: Stop listening is called on already closed AudioSource
03-06 15:52:46.706  2890  7559 I MicroRecognitionRunner: Detection finished
03-06 15:52:46.951  7200  7254 W Settings: Setting always_finish_activities has moved from android.provider.Settings.System to android.provider.Settings.Global, returning read-only value.
03-06 15:52:46.955  2026  4785 I ActivityTaskManager: START u0 {act=android.intent.action.MAIN cat=[android.intent.category.LAUNCHER] flg=0x10008000 cmp=ru.iteco.fmhandroid/.ui.AppActivity} from uid 10134
03-06 15:52:46.955  2026  4785 W InputReader: Device has associated, but no associated display id.
03-06 15:52:46.956  2026  4785 I chatty  : uid=1000(system) Binder:2026_1C identical 8 lines
03-06 15:52:46.957  2026  4785 W InputReader: Device has associated, but no associated display id.
03-06 15:52:46.959  7200  7200 D LifecycleMonitor: Lifecycle status change: ru.iteco.fmhandroid.ui.AppActivity@392ec57 in: PAUSED
03-06 15:52:46.959  7200  7200 V ActivityScenario: Update currentActivityStage to PAUSED, currentActivity=ru.iteco.fmhandroid.ui.AppActivity@392ec57
03-06 15:52:46.959  7200  7200 V ActivityScenario: Activity lifecycle changed event received but ignored because the reported transition was not ON_CREATE while the last known transition was PRE_ON_CREATE
03-06 15:52:46.967  2634  3076 D EGL_emulation: eglMakeCurrent: 0xdee1a120: ver 2 0 (tinfo 0xdee0f3f0)
03-06 15:52:46.968  2890  3240 D EGL_emulation: eglMakeCurrent: 0xdee1c2e0: ver 2 0 (tinfo 0xc1d14460)
03-06 15:52:46.970  2026  4785 W InputReader: Device has associated, but no associated display id.
03-06 15:52:46.973  2026  4785 I chatty  : uid=1000(system) Binder:2026_1C identical 38 lines
03-06 15:52:46.973  2026  4785 W InputReader: Device has associated, but no associated display id.
03-06 15:52:46.975  7200  7200 W ActivityThread: handleWindowVisibility: no activity for token android.os.BinderProxy@b4857df
03-06 15:52:46.980  1792  1969 D gralloc_ranchu: gralloc_alloc: Creating ashmem region of size 9592832
03-06 15:52:46.999  7200  7200 D LifecycleMonitor: Lifecycle status change: ru.iteco.fmhandroid.ui.AppActivity@b0492fb in: PRE_ON_CREATE
03-06 15:52:46.999  7200  7200 V ActivityScenario: Activity lifecycle changed event received but ignored because the activity instance does not match. currentActivity=ru.iteco.fmhandroid.ui.AppActivity@392ec57, receivedActivity=ru.iteco.fmhandroid.ui.AppActivity@b0492fb
03-06 15:52:46.999  7200  7200 V ActivityScenario: Activity lifecycle changed event received but ignored because the reported transition was not ON_CREATE while the last known transition was PRE_ON_CREATE
03-06 15:52:47.013  1791  2388 E GnssHAL_GnssInterface: gnssSvStatusCb: a: input svInfo.flags is 8
03-06 15:52:47.013  1791  2388 E GnssHAL_GnssInterface: gnssSvStatusCb: b: input svInfo.flags is 8
03-06 15:52:47.022  2890  3565 I PBSessionCacheImpl: Deleted sessionId[85817060399] from persistence.
03-06 15:52:47.026  7200  7200 D LifecycleMonitor: Lifecycle status change: ru.iteco.fmhandroid.ui.AppActivity@b0492fb in: CREATED
03-06 15:52:47.026  7200  7200 V ActivityScenario: Activity lifecycle changed event received but ignored because the activity instance does not match. currentActivity=ru.iteco.fmhandroid.ui.AppActivity@392ec57, receivedActivity=ru.iteco.fmhandroid.ui.AppActivity@b0492fb
03-06 15:52:47.026  7200  7200 V ActivityScenario: Update currentActivityStage to CREATED, currentActivity=ru.iteco.fmhandroid.ui.AppActivity@b0492fb
03-06 15:52:47.041  2026  2048 W InputReader: Device has associated, but no associated display id.
03-06 15:52:47.043  2026  2048 I chatty  : uid=1000(system) android.anim identical 18 lines
03-06 15:52:47.043  2026  2048 W InputReader: Device has associated, but no associated display id.
03-06 15:52:47.045  2890  3121 W SearchServiceCore: Abort, client detached.
03-06 15:52:47.049  7200  7200 D LifecycleMonitor: Lifecycle status change: ru.iteco.fmhandroid.ui.AppActivity@b0492fb in: STARTED
