03-06 15:55:49.300  4030  4030 I Dialer  : LegacyVoicemailNotificationReceiver.onReceive - received legacy voicemail notification
03-06 15:55:49.300  4030  4030 I Dialer  : LegacyVoicemailNotificationReceiver.onReceive - isRefresh: false
03-06 15:55:49.300  6392  6422 I Finsky  : [491] fpw.a(10): onSubscriptionsChanged
03-06 15:55:49.300  6392  6422 I Finsky  : [491] fpt.c(15): notifySubscriptionInfoChangedListener: DataSubscriptionInfo=DataSubscriptionInfo{imsiAnonymized=Optional.of(310260000000000), imsiRaw=Optional.of(310260000000000), groupIdLevel1=Optional.absent(), mccMnc=Optional.of(310260), serviceProviderName=Optional.of(Android)}
03-06 15:55:49.300  4030  4030 I Dialer  : LegacyVoicemailNotificationReceiver.onReceive - clearing notification
03-06 15:55:49.300  4030  4030 I Dialer  : LegacyVoicemailNotifier.cancelNotification - enter
03-06 15:55:49.302  2476  2476 I TelecomFramework: : onSubscriptionsChanged - update accounts
03-06 15:55:49.302  2476  2476 I TelecomFramework: PstnIncomingCallNotifier: Unregistering: Handler (com.android.internal.telephony.GsmCdmaPhone) {b312827}
03-06 15:55:49.302  2476  2476 I TelecomFramework: TelecomAccountRegistry: setupAccounts: Found 1 phones.  Attempting to register.
03-06 15:55:49.302  2476  2476 I TelecomFramework: TelecomAccountRegistry: setupAccounts: Phone with subscription id 1
03-06 15:55:49.304  4330  8274 W Bugle   : BuglePhoneNumberUtils: canonicalizeMccMnc: invalid mccmnc. mcc: null, mnc: null
03-06 15:55:49.306  4330  8274 W Bugle   : Obsolete carrier config resource: maxMessageSize res: 1048576, sys: 307200
03-06 15:55:49.306  4330  8274 W Bugle   : Obsolete carrier config resource: maxImageHeight res: 1944, sys: 480
03-06 15:55:49.306  4330  8274 W Bugle   : Obsolete carrier config resource: maxImageWidth res: 2592, sys: 640
03-06 15:55:49.306  4330  8274 I Bugle   : Carrier configs loaded: Bundle[{carrier_volte_provisioned_bool=false, disable_charge_indication_bool=false, support_tdscdma_bool=false, httpSocketTimeout=60000, call_redirection_service_component_name_string=null, carrier_wfc_supports_wifi_only_bool=false, carrier_default_actions_on_default_network_available_string_array=[false: 7, true: 8], operator_selection_expand_bool=true, disable_cdma_activation_code_bool=false, simplified_network_settings_bool=false, support_tdscdma_roaming_networks_string_array=null, gps.lpp_profile=0, call_barring_visibility_bool=false, gps.es_extension_sec=0, enable_apps_string_array=null, carrier_default_wfc_ims_roaming_enabled_bool=false, cdma_nonroaming_networks_string_array=null, aliasMinChars=2, wfc_data_spn_format_idx_int=0, hide_sim_lock_settings_bool=false, drop_video_call_when_answering_audio_call_bool=false, ci_action_on_sys_update_bool=false, convert_cdma_caller_id_mmi_codes_while_roaming_on_3gpp_bool=false, support_enhanced_call_blocking_bool=true, vvm_port_number_int=0, carrier_default_wfc_ims_enabled_bool=false, dial_string_replace_string_array=null, opportunistic_network_entry_threshold_bandwidth_int=1024, gsm_nonroaming_networks_string_array=null, hide_ims_apn_bool=false, vvm_destination_number_string=, dtmf_type_enabled_bool=false, allow_video_calling_fallback_bool=true, config_ims_package_override_string=null, only_auto_select_in_home_network=false, smsToMmsTextThreshold=-1, disable_severe_when_extreme_disabled_bool=true, force_home_network_bool=false, spdi_override_string_array=null, show_wfc_location_privacy_policy_bool=false, gps.supl_es=1, enableSMSDeliveryReports=true, auto_retry_enabled_bool=false, opportunistic_network_entry_threshold_rssnr_int=45, play_call_recording_tone_bool=false, carrier_force_disable_etws_cmas_test_bool=false, call_waiting_service_class_int=1, allow_emergency_video_calls_bool=false, csp_enabled_bool=false, default_sim_call_manager_string=, wifi.passpoint_profiles_string_array=null, carrier_app_required_during_setup_bool=false, call_forwarding_blocks_while_roaming_string_array=null, emergency_notification_delay_int=-1, support_video_conference_call_bool=false, ims_dtmf_tone_delay_int=0, show_signal_strength_in_sim_status_bool=true, data_rapid_notification_bool=true, carrier_instant_lettering_escaped_chars_string=, carrier_default_wfc_ims_roaming_mode_int=2, editable_wfc_mode_bool=true, support_direct_fdn_dialing_bool=false, carrier_ut_provisioning_required_bool=false, carrier_wifi_string_array=null, treat_downgraded_video_calls_as_video_calls_bool=false, wifi_calls_can_be_hd_audio=true, support_downgrade_vt_to_audio_bool=true, cdma_enhanced_roaming_indicator_for_home_network_int_array=[1], notify_handover_video_from_lte_to_wifi_bool=false, use_otasp_for_provisioning_bool=false, always_play_remote_hold_tone_bool=false, opportunistic_network_data_switch_hysteresis_time_long=10000, maxMessageTextSize=-1, duration_blocking_disabled_after_emergency_int=7200, carrier_metered_roaming_apn_types_strings=[default, mms, dun, supl], additional_settings_call_waiting_visibility_bool=true, show_video_call_charges_alert_dialog_bool=false, carrier_network_service_wlan_package_override_string=, show_apn_setting_cdma_bool=false, use_usim_bool=false, carrier_instant_lettering_length_limit_int=64, operator_name_filter_pattern_string=, carrier_instant_lettering_invalid_chars_string=, carrier_setup_app_string=, editable_wfc_roaming_mode_bool=false, supportMmsContentDisposition=true, support_manage_ims_conference_call_bool=true, opportunistic_network_exit_threshold_rssnr_int=10, allow_non_emergency_calls_in_ecm_bool=true, allow_cdma_eri_bool=false, carrier_data_service_wlan_package_override_string=, show_carrier_data_icon_pattern_string=, use_rcs_presence_bool=false, config_telephony_use_own_number_for_voicemail_bool=false, cdma_dtmf_tone_delay_int=100, editable_voicemail_number_bool=false, carrier_data_call_apn_retry_after_disconnect_long=10000, filtered_cnap_names_string_array=null, enabledTransID=false, aliasEnabled=false, vvm_disabl
03-06 15:55:49.307  6392  6392 I Finsky  : [2] pxd.b(7): Jobs in database: 12-1 21-333333333 28--559038737 31-305419896 
03-06 15:55:49.307  6392  6392 I Finsky  : [2] puk.a(113): ConstraintMapping: 12-1, 21-333333333, 28--559038737, 31-305419896,  -> L: 0ms, D: 82484811ms, C: false, I: false, N: 1
03-06 15:55:49.307  6392  6637 I Finsky  : [539] qjn.b(1): SIM loaded, prefetching preloads
03-06 15:55:49.307  6392  6392 I Finsky  : [2] com.google.android.finsky.scheduler.JobSchedulerEngine.a(42): Cancelling existing job with id: 9000
03-06 15:55:49.307  6392  6428 I Finsky  : [495] qjm.call(2): Prefetching preloads for account null
03-06 15:55:49.308  6392  6428 W Finsky  : [495] cwl.a(19): For unauth, use getDfeApiNonAuthenticated() instead!
03-06 15:55:49.308  6392  6392 I Finsky  : [2] com.google.android.finsky.scheduler.JobSchedulerEngine.a(4): Scheduling job Id: 9001, L: 0, D: 82484811, C: false, I: false, N: 1
03-06 15:55:49.308  6392  6428 I Finsky  : [495] qnu.a(19): No PAI stub found
03-06 15:55:49.308  6392  6428 E Finsky  : [495] qjm.call(31): Error prefetching preloads, using account=null, preloads=NULL, preloadRros=NULL, preloadGroups=NULL
03-06 15:55:49.308  6392  6428 E Finsky  : com.google.android.finsky.setup.fetchers.RawDocumentsFetchException[reason=pai_config, account=null]
03-06 15:55:49.308  6392  6428 E Finsky  : 	at qnu.a(SourceFile:19)
03-06 15:55:49.308  6392  6428 E Finsky  : 	at qjm.call(Unknown Source:2)
03-06 15:55:49.308  6392  6428 E Finsky  : 	at afxg.a(SourceFile:1)
03-06 15:55:49.308  6392  6428 E Finsky  : 	at afwi.run(SourceFile:3)
03-06 15:55:49.308  6392  6428 E Finsky  : 	at afxf.run(SourceFile:2)
03-06 15:55:49.308  6392  6428 E Finsky  : 	at java.util.concurrent.ThreadPoolExecutor.runWorker(ThreadPoolExecutor.java:1167)
03-06 15:55:49.308  6392  6428 E Finsky  : 	at java.util.concurrent.ThreadPoolExecutor$Worker.run(ThreadPoolExecutor.java:641)
03-06 15:55:49.308  6392  6428 E Finsky  : 	at unn.run(Unknown Source:7)
03-06 15:55:49.308  6392  6428 E Finsky  : 	at java.lang.Thread.run(Thread.java:919)
03-06 15:55:49.308  6392  6428 I Finsky  : [495] qjn.a(10): VpaSelectionActivity will be disabled
03-06 15:55:49.308  6392  6428 I Finsky  : [495] qoh.a(3): PAI late SIM : experiment enabled = false
03-06 15:55:49.309  6392  6637 I Finsky  : [539] fpy.a(5): notifySubscriptionInfoChangedListener success.
03-06 15:55:49.316  9329  9329 F DEBUG   : 
03-06 15:55:49.316  9329  9329 F DEBUG   : backtrace:
03-06 15:55:49.316  9329  9329 F DEBUG   :       #00 pc 00090a62  /apex/com.android.runtime/lib/bionic/libc.so (strlen_generic+18) (BuildId: 76290498408016ad14f4b98c3ab6c65c)
03-06 15:55:49.316  9329  9329 F DEBUG   :       #01 pc 00030dda  /vendor/lib/libril.so (convertRilDataCallToHal(RIL_Data_Call_Response_v11*, android::hardware::radio::V1_0::SetupDataCallResult&)+298) (BuildId: 4aeb9b9e6267ba7c4d9f952da87091a5)
03-06 15:55:49.316  9329  9329 F DEBUG   :       #02 pc 00030a9e  /vendor/lib/libril.so (radio::setupDataCallResponse(int, int, int, RIL_Errno, void*, unsigned int)+270) (BuildId: 4aeb9b9e6267ba7c4d9f952da87091a5)
03-06 15:55:49.316  9329  9329 F DEBUG   :       #03 pc 000223e7  /vendor/lib/libril.so (RIL_onRequestComplete+295) (BuildId: 4aeb9b9e6267ba7c4d9f952da87091a5)
03-06 15:55:49.316  9329  9329 F DEBUG   :       #04 pc 00010595  /vendor/lib/libgoldfish-ril.so (requestOrSendDataCallList+181) (BuildId: 11f26e2e312eda4514be88afc42925aa)
03-06 15:55:49.316  9329  9329 F DEBUG   :       #05 pc 0001358f  /vendor/lib/libgoldfish-ril.so (onRequest+9343) (BuildId: 11f26e2e312eda4514be88afc42925aa)
03-06 15:55:49.316  9329  9329 F DEBUG   :       #06 pc 00024513  /vendor/lib/libril.so (dispatchStrings(int, int, int, bool, int, ...)+259) (BuildId: 4aeb9b9e6267ba7c4d9f952da87091a5)
03-06 15:55:49.316  9329  9329 F DEBUG   :       #07 pc 00026339  /vendor/lib/libril.so (RadioImpl::setupDataCall(int, android::hardware::radio::V1_0::RadioTechnology, android::hardware::radio::V1_0::DataProfileInfo const&, bool, bool, bool)+521) (BuildId: 4aeb9b9e6267ba7c4d9f952da87091a5)
03-06 15:55:49.316  9329  9329 F DEBUG   :       #08 pc 00098c73  /system/lib/vndk-29/android.hardware.radio@1.0.so (android::hardware::radio::V1_0::BnHwRadio::_hidl_setupDataCall(android::hidl::base::V1_0::BnHwBase*, android::hardware::Parcel const&, android::hardware::Parcel*, std::__1::function<void (android::hardware::Parcel&)>)+419) (BuildId: b93c3e4da35ce72bc87e94c6240d3759)
03-06 15:55:49.316  9329  9329 F DEBUG   :       #09 pc 00070046  /system/lib/vndk-29/android.hardware.radio@1.1.so (android::hardware::radio::V1_1::BnHwRadio::onTransact(unsigned int, android::hardware::Parcel const&, android::hardware::Parcel*, unsigned int, std::__1::function<void (android::hardware::Parcel&)>)+12678) (BuildId: 3afdfbc61f24b3696c178b185465fa20)
03-06 15:55:49.316  9329  9329 F DEBUG   :       #10 pc 000954b9  /system/lib/vndk-sp-29/libhidlbase.so (android::hardware::BHwBinder::transact(unsigned int, android::hardware::Parcel const&, android::hardware::Parcel*, unsigned int, std::__1::function<void (android::hardware::Parcel&)>)+105) (BuildId: fcfb915b8de7916fd0e69779451b6316)
03-06 15:55:49.316  9329  9329 F DEBUG   :       #11 pc 00099abf  /system/lib/vndk-sp-29/libhidlbase.so (android::hardware::IPCThreadState::getAndExecuteCommand()+1759) (BuildId: fcfb915b8de7916fd0e69779451b6316)
03-06 15:55:49.316  9329  9329 F DEBUG   :       #12 pc 0009b596  /system/lib/vndk-sp-29/libhidlbase.so (android::hardware::IPCThreadState::joinThreadPool(bool)+118) (BuildId: fcfb915b8de7916fd0e69779451b6316)
03-06 15:55:49.316  9329  9329 F DEBUG   :       #13 pc 000480be  /system/lib/vndk-sp-29/libhidlbase.so (android::hardware::joinBinderRpcThreadpool()+46) (BuildId: fcfb915b8de7916fd0e69779451b6316)
03-06 15:55:49.316  9329  9329 F DEBUG   :       #14 pc 0004a3da  /system/lib/vndk-sp-29/libhidlbase.so (android::hardware::joinRpcThreadpool()+26) (BuildId: fcfb915b8de7916fd0e69779451b6316)
03-06 15:55:49.316  9329  9329 F DEBUG   :       #15 pc 00041dba  /vendor/lib/libril.so (rilc_thread_pool+26) (BuildId: 4aeb9b9e6267ba7c4d9f952da87091a5)
03-06 15:55:49.316  9329  9329 F DEBUG   :       #16 pc 00002499  /vendor/bin/hw/rild (main+1081) (BuildId: 55deaf6775ca3f6a96577d9ae211045e)
03-06 15:55:49.316  9329  9329 F DEBUG   :       #17 pc 000898e8  /apex/com.android.runtime/lib/bionic/libc.so (__libc_init+120) (BuildId: 76290498408016ad14f4b98c3ab6c65c)
03-06 15:55:49.317  2026  4611 I Telecom : PhoneAccountRegistrar: New phone account registered: [[ ] PhoneAccount: ComponentInfo{com.android.phone/com.android.services.telephony.TelephonyConnectionService}, ***, UserHandle{0} Capabilities: CallProvider MultiUser PlaceEmerg SimSub  Audio Routes: BESW Schemes: tel voicemail  Extras: Bundle[{android.telecom.extra.SUPPORTS_VIDEO_CALLING_FALLBACK=true}] GroupId: ***]: TSI.rPA@BrU
03-06 15:55:49.317  2026  4611 I Telecom : CallsManager: Sending phone-account ComponentInfo{com.android.phone/com.android.services.telephony.TelephonyConnectionService}, ***, UserHandle{0} registered intent as user: TSI.rPA@BrU
03-06 15:55:49.318  2026  4611 I Telecom : CallsManager: Sending phone-account registered intent to default dialer: TSI.rPA@BrU
03-06 15:55:49.319  2476  2476 I TelecomFramework: AccountEntry: Registered phoneAccount: [[ ] PhoneAccount: ComponentInfo{com.android.phone/com.android.services.telephony.TelephonyConnectionService}, ***, UserHandle{0} Capabilities: CallProvider MultiUser PlaceEmerg SimSub  Audio Routes: BESW Schemes: tel voicemail  Extras: Bundle[{android.telecom.extra.SUPPORTS_VIDEO_CALLING_FALLBACK=true}] GroupId: ***] with handle: ComponentInfo{com.android.phone/com.android.services.telephony.TelephonyConnectionService}, ***, UserHandle{0}
03-06 15:55:49.319  2476  2476 I TelecomFramework: PstnIncomingCallNotifier: Registering: Handler (com.android.internal.telephony.GsmCdmaPhone) {b312827}
03-06 15:55:49.320  2476  2476 I TelecomFramework: TelecomAccountRegistry: Unregistering phone account ComponentInfo{com.android.phone/com.android.services.telephony.TelephonyConnectionService}, ***, UserHandle{0}.
03-06 15:55:49.320  2026  3208 I Telecom : CallsManager: Sending phone-account ComponentInfo{com.android.phone/com.android.services.telephony.TelephonyConnectionService}, ***, UserHandle{0} unregistered intent as user: TSI.uPA@Brc
03-06 15:55:49.320  2026  3208 I Telecom : CallsManager: Sending phone-account unregistered intent to default dialer: TSI.uPA@Brc
03-06 15:55:49.321  2476  2476 D CallNotifier: updatePhoneStateListeners: update CF notifications.
03-06 15:55:49.321  2476  2476 I NotificationMgr: updateCfi: subId= 1, visible=N
03-06 15:55:49.322  2476  2476 I NotificationMgr: updateMwi(): subId 1 update to false
03-06 15:55:49.324  2026  2299 W NativeCrashListener: Couldn't find ProcessRecord for pid 9315
03-06 15:55:49.324  9329  9329 E crash_dump32: AM data write failed: Broken pipe
03-06 15:55:49.324  1864  1864 E /system/bin/tombstoned: Tombstone written to: /data/tombstones/tombstone_00
03-06 15:55:49.325  2026  2060 I BootReceiver: Copying /data/tombstones/tombstone_00 to DropBox (SYSTEM_TOMBSTONE)
03-06 15:55:49.325  2026  2060 I DropBoxManagerService: add tag=SYSTEM_TOMBSTONE isTagEnabled=true flags=0x2
03-06 15:55:49.327  4030  4030 I Dialer  : LegacyVoicemailNotificationReceiver.onReceive - received legacy voicemail notification
03-06 15:55:49.327  4030  4030 I Dialer  : LegacyVoicemailNotificationReceiver.onReceive - isRefresh: true
03-06 15:55:49.327  4030  4030 I Dialer  : LegacyVoicemailNotificationReceiver.onReceive - clearing notification
03-06 15:55:49.327  4030  4030 I Dialer  : LegacyVoicemailNotifier.cancelNotification - enter
03-06 15:55:49.328  2476  2476 D MultiSimSettingController: onSubscriptionsChanged
03-06 15:55:49.328  2476  2476 D MultiSimSettingController: updateDefaults
03-06 15:55:49.328  2476  2476 D MultiSimSettingController: [updateDefaultValues] change: 0
03-06 15:55:49.328  2476  2476 I TelecomFramework: PstnPhoneCapabilitiesNotifier: handleVideoCapabilitesChanged. Video capability - false
03-06 15:55:49.331  2026  2053 W BroadcastQueue: Background execution not allowed: receiving Intent { act=android.intent.action.DROPBOX_ENTRY_ADDED flg=0x10 (has extras) } to com.google.android.gms/.stats.service.DropBoxEntryAddedReceiver
03-06 15:55:49.332  2026  2053 W BroadcastQueue: Background execution not allowed: receiving Intent { act=android.intent.action.DROPBOX_ENTRY_ADDED flg=0x10 (has extras) } to com.google.android.gms/.chimera.GmsIntentOperationService$PersistentTrustedReceiver
03-06 15:55:49.336  2026  2869 I Telecom : PhoneAccountRegistrar: Modify account: [ComponentInfo{com.android.phone/com.android.services.telephony.TelephonyConnectionService}, ***, UserHandle{0}]: TSI.rPA@Bro
03-06 15:55:49.337  2026  2869 I Telecom : CallsManager: handlePhoneAccountChanged: phoneAccount=[[X] PhoneAccount: ComponentInfo{com.android.phone/com.android.services.telephony.TelephonyConnectionService}, ***, UserHandle{0} Capabilities: CallProvider MultiUser PlaceEmerg SimSub  Audio Routes: BESW Schemes: tel voicemail  Extras: Bundle[{android.telecom.extra.SUPPORTS_VIDEO_CALLING_FALLBACK=true}] GroupId: ***]: TSI.rPA@Bro
03-06 15:55:49.340  2476  2476 I CallNotifier: onCallForwardingIndicatorChanged(): subId=1, visible=N
03-06 15:55:49.340  2476  2476 D CallNotifier: updatePhoneStateListeners: update CF notifications.
03-06 15:55:49.340  2476  2476 I NotificationMgr: updateCfi: subId= 1, visible=N
03-06 15:55:49.341  2476  2476 I NotificationMgr: updateMwi(): subId 1 update to false
03-06 15:55:49.344  2476  2476 D CallNotifier: updatePhoneStateListeners: update CF notifications.
03-06 15:55:49.344  2476  2476 I NotificationMgr: updateCfi: subId= 1, visible=N
03-06 15:55:49.345  2476  2476 I NotificationMgr: updateMwi(): subId 1 update to false
03-06 15:55:49.347  4030  4030 I Dialer  : LegacyVoicemailNotificationReceiver.onReceive - received legacy voicemail notification
03-06 15:55:49.347  4030  4030 I Dialer  : LegacyVoicemailNotificationReceiver.onReceive - isRefresh: true
03-06 15:55:49.347  4030  4030 I Dialer  : LegacyVoicemailNotificationReceiver.onReceive - clearing notification
03-06 15:55:49.347  4030  4030 I Dialer  : LegacyVoicemailNotifier.cancelNotification - enter
03-06 15:55:49.350  4030  4030 I Dialer  : LegacyVoicemailNotificationReceiver.onReceive - received legacy voicemail notification
03-06 15:55:49.350  4030  4030 I Dialer  : LegacyVoicemailNotificationReceiver.onReceive - isRefresh: false
03-06 15:55:49.350  4030  4030 I Dialer  : LegacyVoicemailNotificationReceiver.onReceive - clearing notification
03-06 15:55:49.350  4030  4030 I Dialer  : LegacyVoicemailNotifier.cancelNotification - enter
03-06 15:55:49.381  1676  1676 I hwservicemanager: getTransport: Cannot find entry android.hardware.radio@1.4::IRadio/slot1 in either framework or device manifest.
03-06 15:55:49.382  1676  1676 I hwservicemanager: getTransport: Cannot find entry android.hardware.radio@1.3::IRadio/slot1 in either framework or device manifest.
03-06 15:55:49.382  1676  1676 I hwservicemanager: getTransport: Cannot find entry android.hardware.radio@1.2::IRadio/slot1 in either framework or device manifest.
03-06 15:55:49.382  1676  1676 I hwservicemanager: getTransport: Cannot find entry android.hardware.radio@1.1::IRadio/slot1 in either framework or device manifest.
03-06 15:55:49.383  2476  2476 I ServiceManagement: getService: Trying again for android.hardware.radio@1.0::IRadio/slot1...
03-06 15:55:49.609  2026  2043 I ActivityTaskManager: START u0 {act=android.intent.action.MAIN cat=[android.intent.category.LAUNCHER] flg=0x10000000 cmp=ru.iteco.fmhandroid.test/androidx.test.core.app.InstrumentationActivityInvoker$EmptyActivity} from uid 10134
03-06 15:55:49.615  2026  2048 E system_server: Invalid ID 0x00000000.
03-06 15:55:49.616  7200  7200 D LifecycleMonitor: Lifecycle status change: ru.iteco.fmhandroid.ui.AppActivity@cbc2cea in: PAUSED
03-06 15:55:49.616  7200  7200 V ActivityScenario: Activity lifecycle changed event received but ignored because the reported transition was not ON_CREATE while the last known transition was DESTROYED
03-06 15:55:49.616  7200  7200 V ActivityScenario: Update currentActivityStage to PAUSED, currentActivity=ru.iteco.fmhandroid.ui.AppActivity@cbc2cea
03-06 15:55:49.617  2026  2043 W InputReader: Device has associated, but no associated display id.
03-06 15:55:49.618  2026  2043 I chatty  : uid=1000(system) Binder:2026_2 identical 38 lines
03-06 15:55:49.618  2026  2043 W InputReader: Device has associated, but no associated display id.
03-06 15:55:49.618  7353  7353 W ActivityThread: handleWindowVisibility: no activity for token android.os.BinderProxy@2f89e32
03-06 15:55:49.621  2026  2043 W InputReader: Device has associated, but no associated display id.
03-06 15:55:49.621  2026  2043 I chatty  : uid=1000(system) Binder:2026_2 identical 8 lines
03-06 15:55:49.621  2026  2043 W InputReader: Device has associated, but no associated display id.
03-06 15:55:49.634  1792  1887 D gralloc_ranchu: gralloc_alloc: Creating ashmem region of size 9592832
03-06 15:55:49.680  2026  2869 W InputReader: Device has associated, but no associated display id.
03-06 15:55:49.680  2026  2869 I chatty  : uid=1000(system) Binder:2026_C identical 8 lines
03-06 15:55:49.680  2026  2869 W InputReader: Device has associated, but no associated display id.
03-06 15:55:49.692  1792  1887 D gralloc_ranchu: gralloc_alloc: Creating ashmem region of size 9592832
03-06 15:55:49.721  1792  1887 D gralloc_ranchu: gralloc_alloc: Creating ashmem region of size 9592832
03-06 15:55:49.734  1792  1792 D gralloc_ranchu: gralloc_alloc: Creating ashmem region of size 9592832
03-06 15:55:49.746  7353  7385 D EGL_emulation: eglMakeCurrent: 0xdb9591c0: ver 2 0 (tinfo 0xf2089d00)
03-06 15:55:49.770  1792  1792 D gralloc_ranchu: gralloc_alloc: Creating ashmem region of size 9592832
03-06 15:55:49.777  2026  2869 W InputReader: Device has associated, but no associated display id.
03-06 15:55:49.777  2026  2869 I chatty  : uid=1000(system) Binder:2026_C identical 8 lines
03-06 15:55:49.777  2026  2869 W InputReader: Device has associated, but no associated display id.
03-06 15:55:49.791  1792  1887 D gralloc_ranchu: gralloc_alloc: Creating ashmem region of size 9592832
03-06 15:55:49.857  1792  1792 D gralloc_ranchu: gralloc_alloc: Creating ashmem region of size 9592832
03-06 15:55:49.861  2890  3240 D EGL_emulation: eglMakeCurrent: 0xdee1c2e0: ver 2 0 (tinfo 0xc1d14460)
03-06 15:55:49.872  1792  1792 D gralloc_ranchu: gralloc_alloc: Creating ashmem region of size 9592832
03-06 15:55:49.883  1792  1887 D gralloc_ranchu: gralloc_alloc: Creating ashmem region of size 9592832
03-06 15:55:49.911  2890  2890 W ThreadPoolDumper: Queue length for executor EventBus is now 11. Perhaps some tasks are too long, or the pool is too small.
03-06 15:55:49.925  2890  3121 W SessionLifecycleManager: Handover failed. Creating new session controller.
03-06 15:55:49.939  1792  1887 D gralloc_ranchu: gralloc_alloc: Creating ashmem region of size 9592832
03-06 15:55:49.951  1792  1792 D gralloc_ranchu: gralloc_alloc: Creating ashmem region of size 9592832
03-06 15:55:49.951  2634  3076 D EGL_emulation: eglMakeCurrent: 0xdee1a120: ver 2 0 (tinfo 0xdee0f3f0)
03-06 15:55:49.988  2026  2048 W InputReader: Device has associated, but no associated display id.
03-06 15:55:49.988  2026  2048 I chatty  : uid=1000(system) android.anim identical 8 lines
03-06 15:55:49.988  2026  2048 W InputReader: Device has associated, but no associated display id.
03-06 15:55:49.992  1792  1792 D gralloc_ranchu: gralloc_alloc: Creating ashmem region of size 6139904
03-06 15:55:50.005  2890  3207 W LocationOracle: No location history returned by ContextManager
03-06 15:55:50.014  2890  3121 I MicroDetectionWorker: #startMicroDetector [speakerMode: 0]
03-06 15:55:50.015  2890  3121 I AudioController: Created new AudioSource
03-06 15:55:50.018  2890  3121 I MicroDetectionWorker: onReady
03-06 15:55:50.022  2890  7559 I MicroRecognitionRunner: Starting detection.
03-06 15:55:50.022  2890  7559 I MultipleReaderAudioSrc: Using micInputStream
03-06 15:55:50.022  2026  2026 W ActivityManager: Unable to start service Intent { act=android.service.appprediction.AppPredictionService cmp=com.google.android.as/com.google.android.apps.miphone.aiai.app.AiAiPredictionService } U=0: not found
03-06 15:55:50.023  2026  2026 W RemoteAppPredictionService: could not bind to Intent { act=android.service.appprediction.AppPredictionService cmp=com.google.android.as/com.google.android.apps.miphone.aiai.app.AiAiPredictionService } using flags 67108865
03-06 15:55:50.024  7353  7385 D EGL_emulation: eglMakeCurrent: 0xdb9591c0: ver 2 0 (tinfo 0xf2089d00)
03-06 15:55:50.026  2890  3567 I MicrophoneInputStream: mic_starting  SR : 16000 CC : 16 SO : 1999
03-06 15:55:50.031  2634  2650 W System  : A resource failed to call release. 
03-06 15:55:50.031  2634  2650 W System  : A resource failed to call release. 
03-06 15:55:50.033  2164  3051 W GCoreFlp: No location to return for getLastLocation()
03-06 15:55:50.039  1803  9340 I AudioFlinger: AudioFlinger's thread 0xe2977c80 tid=9340 ready to run
03-06 15:55:50.043  2026  3472 I AudioService.RecordingActivityMonitor: rec update riid:159 uid:10105 session:145 src:HOTWORD pack:com.google.android.googlequicksearchbox
03-06 15:55:50.043  2890  3567 I MicrophoneInputStream: mic_started  SR : 16000 CC : 16 SO : 1999
03-06 15:55:50.051  2026  4611 W AppOps  : Noting op not finished: uid 10099 pkg com.google.android.gms code 79 time=1709758538632 duration=-1
03-06 15:55:50.059  2026  2042 W AppOps  : Noting op not finished: uid 10099 pkg com.google.android.gms code 79 time=1709758550051 duration=0
03-06 15:55:50.075  2890  7559 W SpeechLevelGenerator: Really low audio levels detected. The audio input may have issues.
03-06 15:55:50.075  2890  3121 I MicroDetectionWorker: onReady
03-06 15:55:50.084  2026  2043 I WifiService: acquireWifiLock uid=10099 lockMode=2
03-06 15:55:50.085  2164  8881 W ctxmgr  : [AclManager] No 3 for (accnt=account#-517948760#, com.google.android.gms(10099):UserVelocityProducer, vrsn=17786022, 0, 3pPkg = null ,  3pMdlId = null ,  pid = 2164). Was: 3 for 1, account#-517948760# [CONTEXT service_id=47 ]
03-06 15:55:50.087  2164  3051 W GCoreFlp: No location to return for getLastLocation()
03-06 15:55:50.097  2164  3051 I chatty  : uid=10099(com.google.android.gms) FlpThread identical 2 lines
03-06 15:55:50.104  2164  3051 W GCoreFlp: No location to return for getLastLocation()
03-06 15:55:50.109  2164  9190 I Places  : ?: Couldn't find platform key file.
03-06 15:55:50.109  1791  2388 E GnssHAL_GnssInterface: gnssSvStatusCb: a: input svInfo.flags is 8
03-06 15:55:50.109  1791  2388 E GnssHAL_GnssInterface: gnssSvStatusCb: b: input svInfo.flags is 8
03-06 15:55:50.134  2164  2164 I GeofencerStateMachine: removeGeofences: removeRequest=RemoveGeofencingRequest[REMOVE_BY_PENDING_INTENT pendingIntent=PendingIntent[creatorPackage=com.google.android.gms], packageName=com.google.android.gms]
03-06 15:55:50.135  2164  2164 I GeofencerStateMachine: removeGeofences: removeRequest=RemoveGeofencingRequest[REMOVE_BY_PENDING_INTENT pendingIntent=PendingIntent[creatorPackage=com.google.android.gms], packageName=com.google.android.gms]
03-06 15:55:50.136  2164  9039 I Places  : ?: Couldn't find platform key file.
03-06 15:55:50.136  2164  9342 I PlaceInferenceEngine: [anon] Changed inference mode: 0
03-06 15:55:50.137  2164  9039 I Places  : ?: Couldn't find platform key file.
03-06 15:55:50.144  2164  3051 W GCoreFlp: No location to return for getLastLocation()
03-06 15:55:50.148  2026  3472 W AppOps  : Noting op not finished: uid 10099 pkg com.google.android.gms code 79 time=1709758550059 duration=0
03-06 15:55:50.149  2026  2043 W AppOps  : Noting op not finished: uid 10099 pkg com.google.android.gms code 79 time=1709758550148 duration=0
03-06 15:55:50.149  2164  9039 I Places  : ?: Couldn't find platform key file.
03-06 15:55:50.150  2164  9343 I Places  : ?: Couldn't find platform key file.
03-06 15:55:50.151  2164  9039 I Places  : ?: Couldn't find platform key file.
03-06 15:55:50.152  2164  9343 I Places  : ?: Couldn't find platform key file.
03-06 15:55:50.160  2164  9342 W Places  : ?: Failed to download inference model weights PlacesServer
03-06 15:55:50.160  2164  9342 W PlaceInferenceEngine: Failed to download model weights. Status code: 7
03-06 15:55:50.160  2164  9039 I Places  : ?: Couldn't find platform key file.
03-06 15:55:50.161  2164  9039 I Places  : ?: Couldn't find platform key file.
03-06 15:55:50.182  2164  8881 I ctxmgr  : [ProducerStatusImpl] updateStateForNewContextData: inactive, contextName=7 [CONTEXT service_id=47 ]
03-06 15:55:50.187  2164  3051 W GCoreFlp: No location to return for getLastLocation()
03-06 15:55:50.193  2026  3472 W AppOps  : Noting op not finished: uid 10099 pkg com.google.android.gms code 79 time=1709758550149 duration=0
03-06 15:55:50.194  2164  9344 I Places  : ?: Couldn't find platform key file.
03-06 15:55:50.195  2026  3472 W AppOps  : Noting op not finished: uid 10099 pkg com.google.android.gms code 79 time=1709758550193 duration=0
03-06 15:55:50.203  2164  9342 I Places  : ?: PlacesBleScanner start() with priority 2
03-06 15:55:50.203  2164  9342 I PlaceInferenceEngine: [anon] Changed inference mode: 1
03-06 15:55:50.205  2164  3051 W GCoreFlp: No location to return for getLastLocation()
03-06 15:55:50.209  2026  3472 W AppOps  : Noting op not finished: uid 10099 pkg com.google.android.gms code 79 time=1709758550195 duration=0
03-06 15:55:50.214  2026  4611 W AppOps  : Noting op not finished: uid 10099 pkg com.google.android.gms code 79 time=1709758550209 duration=0
03-06 15:55:50.222  2164  3051 W GCoreFlp: No location to return for getLastLocation()
03-06 15:55:50.385  2476  2476 W ServiceManagement: Waited one second for android.hardware.radio@1.0::IRadio/slot1
03-06 15:55:50.386  2476  2476 I ServiceManagement: getService: Trying again for android.hardware.radio@1.0::IRadio/slot1...
03-06 15:55:50.492  7200  7276 D EGL_emulation: eglMakeCurrent: 0xdee1ae40: ver 2 0 (tinfo 0xc2e69120)
03-06 15:55:50.496  2026  4070 D HostConnection: HostConnection::get() New Host Connection established 0xb73c2c60, tid 4070
03-06 15:55:50.497  2026  4070 D HostConnection: HostComposition ext ANDROID_EMU_CHECKSUM_HELPER_v1 ANDROID_EMU_dma_v1 ANDROID_EMU_direct_mem ANDROID_EMU_host_composition_v1 ANDROID_EMU_host_composition_v2 ANDROID_EMU_vulkan ANDROID_EMU_deferred_vulkan_commands ANDROID_EMU_vulkan_null_optional_strings ANDROID_EMU_vulkan_create_resources_with_requirements ANDROID_EMU_YUV420_888_to_NV21 ANDROID_EMU_YUV_Cache ANDROID_EMU_vulkan_free_memory_sync ANDROID_EMU_vulkan_shader_float16_int8 ANDROID_EMU_vulkan_async_queue_submit ANDROID_EMU_sync_buffer_data GL_OES_vertex_array_object GL_KHR_texture_compression_astc_ldr ANDROID_EMU_host_side_tracing ANDROID_EMU_gles_max_version_2 
03-06 15:55:50.498  2026  4070 W OpenGLRenderer: Failed to choose config with EGL_SWAP_BEHAVIOR_PRESERVED, retrying without...
03-06 15:55:50.504  2026  4070 D eglCodecCommon: setVertexArrayObject: set vao to 0 (0) 0 0
03-06 15:55:50.504  2026  4070 D EGL_emulation: eglCreateContext: 0xc23d2660: maj 2 min 0 rcv 2
03-06 15:55:50.507  7200  7200 D LifecycleMonitor: Lifecycle status change: ru.iteco.fmhandroid.ui.AppActivity@cbc2cea in: STOPPED
03-06 15:55:50.507  7200  7200 V ActivityScenario: Activity lifecycle changed event received but ignored because the reported transition was not ON_CREATE while the last known transition was DESTROYED
03-06 15:55:50.507  7200  7200 V ActivityScenario: Update currentActivityStage to STOPPED, currentActivity=ru.iteco.fmhandroid.ui.AppActivity@cbc2cea
03-06 15:55:50.511  7200  7200 D LifecycleMonitor: Lifecycle status change: ru.iteco.fmhandroid.ui.AppActivity@cbc2cea in: DESTROYED
03-06 15:55:50.511  7200  7200 V ActivityScenario: Activity lifecycle changed event received but ignored because the reported transition was not ON_CREATE while the last known transition was DESTROYED
03-06 15:55:50.511  7200  7200 V ActivityScenario: Update currentActivityStage to DESTROYED, currentActivity=null
03-06 15:55:50.513  1792  1792 D gralloc_ranchu: gralloc_alloc: Creating ashmem region of size 9592832
03-06 15:55:50.542  2026  4070 D EGL_emulation: eglMakeCurrent: 0xc23d2660: ver 2 0 (tinfo 0xbd5c54c0)
03-06 15:55:50.550  2026  4070 D eglCodecCommon: setVertexArrayObject: set vao to 0 (0) 1 0
03-06 15:55:50.758  2026  2053 W BroadcastQueue: Background execution not allowed: receiving Intent { act=android.intent.action.DROPBOX_ENTRY_ADDED flg=0x10 (has extras) } to com.google.android.gms/.stats.service.DropBoxEntryAddedReceiver
03-06 15:55:50.758  2026  2053 W BroadcastQueue: Background execution not allowed: receiving Intent { act=android.intent.action.DROPBOX_ENTRY_ADDED flg=0x10 (has extras) } to com.google.android.gms/.chimera.GmsIntentOperationService$PersistentTrustedReceiver
03-06 15:55:50.933  2026  4611 D WificondControl: Scan result ready event
03-06 15:55:50.963  7200  7254 E TestRunner: failed: testOpenCloseUnitClaim(ru.netology.tests.ClaimsPageTests)
03-06 15:55:50.963  7200  7254 E TestRunner: ----- begin exception -----
03-06 15:55:50.963  7200  7254 E TestRunner: androidx.test.espresso.PerformException: Error performing 'wait for a specific view with attribute <an instance of android.widget.TextView and view.getText() with or without transformation to match: is "Claims"> during 5000 millis.' on view 'Animations or transitions are enabled on the target device.
03-06 15:55:50.963  7200  7254 E TestRunner: For more info check: https://developer.android.com/training/testing/espresso/setup#set-up-environment
03-06 15:55:50.963  7200  7254 E TestRunner: 
03-06 15:55:50.963  7200  7254 E TestRunner: view.getRootView() to equal view'.
03-06 15:55:50.963  7200  7254 E TestRunner: 	at androidx.test.espresso.PerformException$Builder.build(PerformException.java:1)
03-06 15:55:50.963  7200  7254 E TestRunner: 	at androidx.test.espresso.base.DefaultFailureHandler.getUserFriendlyError(DefaultFailureHandler.java:9)
03-06 15:55:50.963  7200  7254 E TestRunner: 	at androidx.test.espresso.base.DefaultFailureHandler.handle(DefaultFailureHandler.java:7)
03-06 15:55:50.963  7200  7254 E TestRunner: 	at androidx.test.espresso.ViewInteraction.waitForAndHandleInteractionResults(ViewInteraction.java:8)
03-06 15:55:50.963  7200  7254 E TestRunner: 	at androidx.test.espresso.ViewInteraction.desugaredPerform(ViewInteraction.java:11)
03-06 15:55:50.963  7200  7254 E TestRunner: 	at androidx.test.espresso.ViewInteraction.perform(ViewInteraction.java:4)
03-06 15:55:50.963  7200  7254 E TestRunner: 	at ru.netology.data.DataHelper.elementWaiting(DataHelper.java:323)
03-06 15:55:50.963  7200  7254 E TestRunner: 	at ru.netology.pages.ClaimsPage.checkClaimsScreenLoaded(ClaimsPage.java:36)
03-06 15:55:50.963  7200  7254 E TestRunner: 	at ru.netology.data.ReadyScreen.readyClaimsScreen(ReadyScreen.java:42)
03-06 15:55:50.963  7200  7254 E TestRunner: 	at ru.netology.tests.ClaimsPageTests.readyScreen(ClaimsPageTests.java:43)
03-06 15:55:50.963  7200  7254 E TestRunner: 	at java.lang.reflect.Method.invoke(Native Method)
03-06 15:55:50.963  7200  7254 E TestRunner: 	at org.junit.runners.model.FrameworkMethod$1.runReflectiveCall(FrameworkMethod.java:59)
03-06 15:55:50.963  7200  7254 E TestRunner: 	at org.junit.internal.runners.model.ReflectiveCallable.run(ReflectiveCallable.java:12)
03-06 15:55:50.963  7200  7254 E TestRunner: 	at org.junit.runners.model.FrameworkMethod.invokeExplosively(FrameworkMethod.java:56)
03-06 15:55:50.963  7200  7254 E TestRunner: 	at androidx.test.internal.runner.junit4.statement.RunBefores.evaluate(RunBefores.java:76)
03-06 15:55:50.963  7200  7254 E TestRunner: 	at org.junit.rules.ExternalResource$1.evaluate(ExternalResource.java:54)
03-06 15:55:50.963  7200  7254 E TestRunner: 	at io.qameta.allure.android.rules.ScreenshotRule$apply$1.evaluate(ScreenshotRule.kt:22)
03-06 15:55:50.963  7200  7254 E TestRunner: 	at org.junit.rules.ExternalResource$1.evaluate(ExternalResource.java:54)
03-06 15:55:50.963  7200  7254 E TestRunner: 	at io.qameta.allure.android.rules.LogcatRule$apply$1.evaluate(LogcatRule.kt:23)
03-06 15:55:50.963  7200  7254 E TestRunner: 	at org.junit.rules.RunRules.evaluate(RunRules.java:20)
03-06 15:55:50.963  7200  7254 E TestRunner: 	at org.junit.runners.ParentRunner$3.evaluate(ParentRunner.java:306)
03-06 15:55:50.963  7200  7254 E TestRunner: 	at org.junit.runners.BlockJUnit4ClassRunner$1.evaluate(BlockJUnit4ClassRunner.java:100)
03-06 15:55:50.963  7200  7254 E TestRunner: 	at org.junit.runners.ParentRunner.runLeaf(ParentRunner.java:366)
03-06 15:55:50.963  7200  7254 E TestRunner: 	at org.junit.runners.BlockJUnit4ClassRunner.runChild(BlockJUnit4ClassRunner.java:103)
03-06 15:55:50.963  7200  7254 E TestRunner: 	at org.junit.runners.BlockJUnit4ClassRunner.runChild(BlockJUnit4ClassRunner.java:63)
03-06 15:55:50.963  7200  7254 E TestRunner: 	at org.junit.runners.ParentRunner$4.run(ParentRunner.java:331)
03-06 15:55:50.963  7200  7254 E TestRunner: 	at org.junit.runners.ParentRunner$1.schedule(ParentRunner.java:79)
03-06 15:55:50.963  7200  7254 E TestRunner: 	at org.junit.runners.ParentRunner.runChildren(ParentRunner.java:329)
03-06 15:55:50.963  7200  7254 E TestRunner: 	at org.junit.runners.ParentRunner.access$100(ParentRunner.java:66)
03-06 15:55:50.963  7200  7254 E TestRunner: 	at org.junit.runners.ParentRunner$2.evaluate(ParentRunner.java:293)
03-06 15:55:50.963  7200  7254 E TestRunner: 	at org.junit.runners.ParentRunner$3.evaluate(ParentRunner.java:306)
03-06 15:55:50.963  7200  7254 E TestRunner: 	at org.junit.runners.ParentRunner.run(ParentRunner.java:413)
03-06 15:55:50.963  7200  7254 E TestRunner: 	at androidx.test.ext.junit.runners.AndroidJUnit4.run(AndroidJUnit4.java:162)
03-06 15:55:50.963  7200  7254 E TestRunner: 	at org.junit.runners.Suite.runChild(Suite.java:128)
03-06 15:55:50.963  7200  7254 E TestRunner: 	at org.junit.runners.Suite.runChild(Suite.java:27)
03-06 15:55:50.963  7200  7254 E TestRunner: 	at org.junit.runners.ParentRunner$4.run(ParentRunner.java:331)
03-06 15:55:50.963  7200  7254 E TestRunner: 	at org.junit.runners.ParentRunner$1.schedule(ParentRunner.java:79)
03-06 15:55:50.963  7200  7254 E TestRunner: 	at org.junit.runners.ParentRunner.runChildren(ParentRunner.java:329)
03-06 15:55:50.963  7200  7254 E TestRunner: 	at org.junit.runners.ParentRunner.access$100(ParentRunner.java:66)
03-06 15:55:50.963  7200  7254 E TestRunner: 	at org.junit.runners.ParentRunner$2.evaluate(ParentRunner.java:293)
03-06 15:55:50.963  7200  7254 E TestRunner: 	at org.junit.runners.ParentRunner$3.evaluate(ParentRunner.java:306)
03-06 15:55:50.963  7200  7254 E TestRunner: 	at org.junit.runners.ParentRunner.run(ParentRunner.java:413)
03-06 15:55:50.963  7200  7254 E TestRunner: 	at org.junit.runner.JUnitCore.run(JUnitCore.java:137)
03-06 15:55:50.963  7200  7254 E TestRunner: 	at org.junit.runner.JUnitCore.run(JUnitCore.java:115)
03-06 15:55:50.963  7200  7254 E TestRunner: 	at androidx.test.internal.runner.TestExecutor.execute(TestExecutor.java:65)
03-06 15:55:50.963  7200  7254 E TestRunner: 	at androidx.test.internal.runner.TestExecutor.execute(TestExecutor.java:56)
03-06 15:55:50.963  7200  7254 E TestRunner: 	at androidx.test.runner.AndroidJUnitRunner.onStart(AndroidJUnitRunner.java:471)
03-06 15:55:50.963  7200  7254 E TestRunner: 	at android.app.Instrumentation$InstrumentationThread.run(Instrumentation.java:2189)
03-06 15:55:50.963  7200  7254 E TestRunner: Caused by: java.util.concurrent.TimeoutException
03-06 15:55:50.963  7200  7254 E TestRunner: 	at
03-06 15:55:50.963  7200  7254 E TestRunner: ----- end exception -----
03-06 15:55:50.964  7200  7254 I TestRunner: finished: testOpenCloseUnitClaim(ru.netology.tests.ClaimsPageTests)
03-06 15:55:50.967  7200  7254 I TestRunner: started: testToExecute(ru.netology.tests.ClaimsPageTests)
03-06 15:55:50.983  7200  7254 W Settings: Setting always_finish_activities has moved from android.provider.Settings.System to android.provider.Settings.Global, returning read-only value.
03-06 15:55:50.986  2026  4611 I ActivityTaskManager: START u0 {act=android.intent.action.MAIN cat=[android.intent.category.LAUNCHER] flg=0x10008000 cmp=ru.iteco.fmhandroid/.ui.AppActivity} from uid 10134
03-06 15:55:50.992  2026  2048 E system_server: Invalid ID 0x00000000.
03-06 15:55:50.995  2026  2043 W InputReader: Device has associated, but no associated display id.
03-06 15:55:50.996  2026  2043 I chatty  : uid=1000(system) Binder:2026_2 identical 28 lines
03-06 15:55:50.996  2026  2043 W InputReader: Device has associated, but no associated display id.
03-06 15:55:50.996  7200  7200 W ActivityThread: handleWindowVisibility: no activity for token android.os.BinderProxy@26d556a
03-06 15:55:50.997  2026  2043 W InputReader: Device has associated, but no associated display id.
03-06 15:55:50.997  2026  2043 I chatty  : uid=1000(system) Binder:2026_2 identical 8 lines
03-06 15:55:50.997  2026  2043 W InputReader: Device has associated, but no associated display id.
03-06 15:55:51.009  1792  1792 D gralloc_ranchu: gralloc_alloc: Creating ashmem region of size 9592832
03-06 15:55:51.024  7200  7200 D LifecycleMonitor: Lifecycle status change: ru.iteco.fmhandroid.ui.AppActivity@9835e36 in: PRE_ON_CREATE
03-06 15:55:51.024  7200  7200 V ActivityScenario: Activity lifecycle changed event received but ignored because the reported transition was not ON_CREATE while the last known transition was PRE_ON_CREATE
03-06 15:55:51.041  7200  7200 D LifecycleMonitor: Lifecycle status change: ru.iteco.fmhandroid.ui.AppActivity@9835e36 in: CREATED
03-06 15:55:51.042  7200  7200 V ActivityScenario: Update currentActivityStage to CREATED, currentActivity=ru.iteco.fmhandroid.ui.AppActivity@9835e36
03-06 15:55:51.054  2026  2048 W InputReader: Device has associated, but no associated display id.
03-06 15:55:51.055  2026  2048 I chatty  : uid=1000(system) android.anim identical 8 lines
03-06 15:55:51.055  2026  2048 W InputReader: Device has associated, but no associated display id.
03-06 15:55:51.069  7200  7200 D LifecycleMonitor: Lifecycle status change: ru.iteco.fmhandroid.ui.AppActivity@9835e36 in: STARTED
03-06 15:55:51.069  7200  7200 V ActivityScenario: Update currentActivityStage to STARTED, currentActivity=ru.iteco.fmhandroid.ui.AppActivity@9835e36
03-06 15:55:51.071  7200  7200 D LifecycleMonitor: Lifecycle status change: ru.iteco.fmhandroid.ui.AppActivity@9835e36 in: RESUMED
03-06 15:55:51.071  7200  7200 V ActivityScenario: Update currentActivityStage to RESUMED, currentActivity=ru.iteco.fmhandroid.ui.AppActivity@9835e36
03-06 15:55:51.085  1792  1792 D gralloc_ranchu: gralloc_alloc: Creating ashmem region of size 9592832
03-06 15:55:51.099  1792  1792 D gralloc_ranchu: gralloc_alloc: Creating ashmem region of size 9592832
03-06 15:55:51.103  2890  3121 I MicroDetector: Keeping mic open: false
03-06 15:55:51.105  2890  3126 I DeviceStateChecker: DeviceStateChecker cancelled
03-06 15:55:51.105  2890  3568 I AudioController: internalShutdown
03-06 15:55:51.106  2890  3212 I MicroRecognitionRunner: Stopping hotword detection.
03-06 15:55:51.110  1792  1887 D gralloc_ranchu: gralloc_alloc: Creating ashmem region of size 9592832
03-06 15:55:51.110  1791  2388 E GnssHAL_GnssInterface: gnssSvStatusCb: a: input svInfo.flags is 8
03-06 15:55:51.110  1791  2388 E GnssHAL_GnssInterface: gnssSvStatusCb: b: input svInfo.flags is 8
03-06 15:55:51.110  7200  7276 D EGL_emulation: eglMakeCurrent: 0xdee1ae40: ver 2 0 (tinfo 0xc2e69120)
03-06 15:55:51.130  2890  3568 I MicrophoneInputStream: mic_close  SR : 16000 CC : 16 SO : 1999
03-06 15:55:51.130  2890  3568 E AudioSource: Stop listening is called on already closed AudioSource
03-06 15:55:51.132  2890  7559 I MicroRecognitionRunner: Detection finished
03-06 15:55:51.138  2026  2052 I ActivityTaskManager: Displayed ru.iteco.fmhandroid/.ui.AppActivity: +146ms
03-06 15:55:51.327  7200  7254 W Settings: Setting always_finish_activities has moved from android.provider.Settings.System to android.provider.Settings.Global, returning read-only value.
03-06 15:55:51.330  2026  2829 I ActivityTaskManager: START u0 {act=android.intent.action.MAIN cat=[android.intent.category.LAUNCHER] flg=0x10008000 cmp=ru.iteco.fmhandroid/.ui.AppActivity} from uid 10134
03-06 15:55:51.331  2026  2829 W InputReader: Device has associated, but no associated display id.
03-06 15:55:51.331  2026  2829 I chatty  : uid=1000(system) Binder:2026_B identical 8 lines
03-06 15:55:51.331  2026  2829 W InputReader: Device has associated, but no associated display id.
03-06 15:55:51.338  2890  3240 D EGL_emulation: eglMakeCurrent: 0xdee1c2e0: ver 2 0 (tinfo 0xc1d14460)
03-06 15:55:51.340  2634  3076 D EGL_emulation: eglMakeCurrent: 0xdee1a120: ver 2 0 (tinfo 0xdee0f3f0)
03-06 15:55:51.345  1792  1887 D gralloc_ranchu: gralloc_alloc: Creating ashmem region of size 9592832
03-06 15:55:51.357  2890  3121 W SearchServiceCore: Abort, client detached.
03-06 15:55:51.361  2890  3568 I PBSessionCacheImpl: Deleted sessionId[85817062236] from persistence.
03-06 15:55:51.378  7200  7200 D LifecycleMonitor: Lifecycle status change: ru.iteco.fmhandroid.ui.AppActivity@9835e36 in: PAUSED
03-06 15:55:51.378  7200  7200 V ActivityScenario: Update currentActivityStage to PAUSED, currentActivity=ru.iteco.fmhandroid.ui.AppActivity@9835e36
03-06 15:55:51.378  7200  7200 V ActivityScenario: Activity lifecycle changed event received but ignored because the reported transition was not ON_CREATE while the last known transition was PRE_ON_CREATE
03-06 15:55:51.380  2026  2873 W InputReader: Device has associated, but no associated display id.
03-06 15:55:51.385  2026  2873 I chatty  : uid=1000(system) Binder:2026_F identical 58 lines
03-06 15:55:51.385  2026  2873 W InputReader: Device has associated, but no associated display id.
03-06 15:55:51.387  2476  2476 W ServiceManagement: Waited one second for android.hardware.radio@1.0::IRadio/slot1
03-06 15:55:51.388  7200  7200 W ActivityThread: handleWindowVisibility: no activity for token android.os.BinderProxy@761b6de
03-06 15:55:51.388  2476  2476 I ServiceManagement: getService: Trying again for android.hardware.radio@1.0::IRadio/slot1...
03-06 15:55:51.394  7200  7200 D LifecycleMonitor: Lifecycle status change: ru.iteco.fmhandroid.ui.AppActivity@ace62ea in: PRE_ON_CREATE
03-06 15:55:51.394  7200  7200 V ActivityScenario: Activity lifecycle changed event received but ignored because the activity instance does not match. currentActivity=ru.iteco.fmhandroid.ui.AppActivity@9835e36, receivedActivity=ru.iteco.fmhandroid.ui.AppActivity@ace62ea
03-06 15:55:51.394  7200  7200 V ActivityScenario: Activity lifecycle changed event received but ignored because the reported transition was not ON_CREATE while the last known transition was PRE_ON_CREATE
03-06 15:55:51.403  7200  7200 D LifecycleMonitor: Lifecycle status change: ru.iteco.fmhandroid.ui.AppActivity@ace62ea in: CREATED
03-06 15:55:51.403  7200  7200 V ActivityScenario: Activity lifecycle changed event received but ignored because the activity instance does not match. currentActivity=ru.iteco.fmhandroid.ui.AppActivity@9835e36, receivedActivity=ru.iteco.fmhandroid.ui.AppActivity@ace62ea
03-06 15:55:51.403  7200  7200 V ActivityScenario: Update currentActivityStage to CREATED, currentActivity=ru.iteco.fmhandroid.ui.AppActivity@ace62ea
03-06 15:55:51.407  7200  7200 D LifecycleMonitor: Lifecycle status change: ru.iteco.fmhandroid.ui.AppActivity@ace62ea in: STARTED
03-06 15:55:51.407  7200  7200 V ActivityScenario: Activity lifecycle changed event received but ignored because the activity instance does not match. currentActivity=ru.iteco.fmhandroid.ui.AppActivity@9835e36, receivedActivity=ru.iteco.fmhandroid.ui.AppActivity@ace62ea
03-06 15:55:51.407  7200  7200 V ActivityScenario: Update currentActivityStage to STARTED, currentActivity=ru.iteco.fmhandroid.ui.AppActivity@ace62ea
03-06 15:55:51.407  7200  7200 D LifecycleMonitor: Lifecycle status change: ru.iteco.fmhandroid.ui.AppActivity@ace62ea in: RESUMED
03-06 15:55:51.407  7200  7200 V ActivityScenario: Activity lifecycle changed event received but ignored because the activity instance does not match. currentActivity=ru.iteco.fmhandroid.ui.AppActivity@9835e36, receivedActivity=ru.iteco.fmhandroid.ui.AppActivity@ace62ea
03-06 15:55:51.407  7200  7200 V ActivityScenario: Update currentActivityStage to RESUMED, currentActivity=ru.iteco.fmhandroid.ui.AppActivity@ace62ea
03-06 15:55:51.418  1792  1887 D gralloc_ranchu: gralloc_alloc: Creating ashmem region of size 9592832
03-06 15:55:51.432  1792  1887 I chatty  : uid=1000(system) HwBinder:1792_1 identical 1 line
03-06 15:55:51.441  1792  1887 D gralloc_ranchu: gralloc_alloc: Creating ashmem region of size 9592832
03-06 15:55:51.451  7200  7276 D EGL_emulation: eglMakeCurrent: 0xdee1ae40: ver 2 0 (tinfo 0xc2e69120)
03-06 15:55:52.000  7200  7276 I chatty  : uid=10134(ru.iteco.fmhandroid) RenderThread identical 61 lines
03-06 15:55:52.015  7200  7276 D EGL_emulation: eglMakeCurrent: 0xdee1ae40: ver 2 0 (tinfo 0xc2e69120)
03-06 15:55:52.050  7200  7200 D LifecycleMonitor: Lifecycle status change: ru.iteco.fmhandroid.ui.AppActivity@9835e36 in: STOPPED
03-06 15:55:52.050  7200  7200 V ActivityScenario: Update currentActivityStage to STOPPED, currentActivity=ru.iteco.fmhandroid.ui.AppActivity@9835e36
03-06 15:55:52.051  7200  7200 V ActivityScenario: Activity lifecycle changed event received but ignored because the activity instance does not match. currentActivity=ru.iteco.fmhandroid.ui.AppActivity@ace62ea, receivedActivity=ru.iteco.fmhandroid.ui.AppActivity@9835e36
03-06 15:55:52.054  7200  7200 D LifecycleMonitor: Lifecycle status change: ru.iteco.fmhandroid.ui.AppActivity@9835e36 in: DESTROYED
