03-06 20:56:59.469  4330  9883 I Bugle   : Carrier configs loaded: Bundle[{carrier_volte_provisioned_bool=false, disable_charge_indication_bool=false, support_tdscdma_bool=false, httpSocketTimeout=60000, call_redirection_service_component_name_string=null, carrier_wfc_supports_wifi_only_bool=false, carrier_default_actions_on_default_network_available_string_array=[false: 7, true: 8], operator_selection_expand_bool=true, disable_cdma_activation_code_bool=false, simplified_network_settings_bool=false, support_tdscdma_roaming_networks_string_array=null, gps.lpp_profile=0, call_barring_visibility_bool=false, gps.es_extension_sec=0, enable_apps_string_array=null, carrier_default_wfc_ims_roaming_enabled_bool=false, cdma_nonroaming_networks_string_array=null, aliasMinChars=2, wfc_data_spn_format_idx_int=0, hide_sim_lock_settings_bool=false, drop_video_call_when_answering_audio_call_bool=false, ci_action_on_sys_update_bool=false, convert_cdma_caller_id_mmi_codes_while_roaming_on_3gpp_bool=false, support_enhanced_call_blocking_bool=true, vvm_port_number_int=0, carrier_default_wfc_ims_enabled_bool=false, dial_string_replace_string_array=null, opportunistic_network_entry_threshold_bandwidth_int=1024, gsm_nonroaming_networks_string_array=null, hide_ims_apn_bool=false, vvm_destination_number_string=, dtmf_type_enabled_bool=false, allow_video_calling_fallback_bool=true, config_ims_package_override_string=null, only_auto_select_in_home_network=false, smsToMmsTextThreshold=-1, disable_severe_when_extreme_disabled_bool=true, force_home_network_bool=false, spdi_override_string_array=null, show_wfc_location_privacy_policy_bool=false, gps.supl_es=1, enableSMSDeliveryReports=true, auto_retry_enabled_bool=false, opportunistic_network_entry_threshold_rssnr_int=45, play_call_recording_tone_bool=false, carrier_force_disable_etws_cmas_test_bool=false, call_waiting_service_class_int=1, allow_emergency_video_calls_bool=false, csp_enabled_bool=false, default_sim_call_manager_string=, wifi.passpoint_profiles_string_array=null, carrier_app_required_during_setup_bool=false, call_forwarding_blocks_while_roaming_string_array=null, emergency_notification_delay_int=-1, support_video_conference_call_bool=false, ims_dtmf_tone_delay_int=0, show_signal_strength_in_sim_status_bool=true, data_rapid_notification_bool=true, carrier_instant_lettering_escaped_chars_string=, carrier_default_wfc_ims_roaming_mode_int=2, editable_wfc_mode_bool=true, support_direct_fdn_dialing_bool=false, carrier_ut_provisioning_required_bool=false, carrier_wifi_string_array=null, treat_downgraded_video_calls_as_video_calls_bool=false, wifi_calls_can_be_hd_audio=true, support_downgrade_vt_to_audio_bool=true, cdma_enhanced_roaming_indicator_for_home_network_int_array=[1], notify_handover_video_from_lte_to_wifi_bool=false, use_otasp_for_provisioning_bool=false, always_play_remote_hold_tone_bool=false, opportunistic_network_data_switch_hysteresis_time_long=10000, maxMessageTextSize=-1, duration_blocking_disabled_after_emergency_int=7200, carrier_metered_roaming_apn_types_strings=[default, mms, dun, supl], additional_settings_call_waiting_visibility_bool=true, show_video_call_charges_alert_dialog_bool=false, carrier_network_service_wlan_package_override_string=, show_apn_setting_cdma_bool=false, use_usim_bool=false, carrier_instant_lettering_length_limit_int=64, operator_name_filter_pattern_string=, carrier_instant_lettering_invalid_chars_string=, carrier_setup_app_string=, editable_wfc_roaming_mode_bool=false, supportMmsContentDisposition=true, support_manage_ims_conference_call_bool=true, opportunistic_network_exit_threshold_rssnr_int=10, allow_non_emergency_calls_in_ecm_bool=true, allow_cdma_eri_bool=false, carrier_data_service_wlan_package_override_string=, show_carrier_data_icon_pattern_string=, use_rcs_presence_bool=false, config_telephony_use_own_number_for_voicemail_bool=false, cdma_dtmf_tone_delay_int=100, editable_voicemail_number_bool=false, carrier_data_call_apn_retry_after_disconnect_long=10000, filtered_cnap_names_string_array=null, enabledTransID=false, aliasEnabled=false, vvm_disabl
03-06 20:56:59.474  4330  9885 W Bugle   : BuglePhoneNumberUtils: canonicalizeMccMnc: invalid mccmnc. mcc: null, mnc: null
03-06 20:56:59.475  4330  9885 W Bugle   : Obsolete carrier config resource: maxMessageSize res: 1048576, sys: 307200
03-06 20:56:59.475  4330  9885 W Bugle   : Obsolete carrier config resource: maxImageHeight res: 1944, sys: 480
03-06 20:56:59.475  4330  9885 W Bugle   : Obsolete carrier config resource: maxImageWidth res: 2592, sys: 640
03-06 20:56:59.475  4330  9885 I Bugle   : Carrier configs loaded: Bundle[{carrier_volte_provisioned_bool=false, disable_charge_indication_bool=false, support_tdscdma_bool=false, httpSocketTimeout=60000, call_redirection_service_component_name_string=null, carrier_wfc_supports_wifi_only_bool=false, carrier_default_actions_on_default_network_available_string_array=[false: 7, true: 8], operator_selection_expand_bool=true, disable_cdma_activation_code_bool=false, simplified_network_settings_bool=false, support_tdscdma_roaming_networks_string_array=null, gps.lpp_profile=0, call_barring_visibility_bool=false, gps.es_extension_sec=0, enable_apps_string_array=null, carrier_default_wfc_ims_roaming_enabled_bool=false, cdma_nonroaming_networks_string_array=null, aliasMinChars=2, wfc_data_spn_format_idx_int=0, hide_sim_lock_settings_bool=false, drop_video_call_when_answering_audio_call_bool=false, ci_action_on_sys_update_bool=false, convert_cdma_caller_id_mmi_codes_while_roaming_on_3gpp_bool=false, support_enhanced_call_blocking_bool=true, vvm_port_number_int=0, carrier_default_wfc_ims_enabled_bool=false, dial_string_replace_string_array=null, opportunistic_network_entry_threshold_bandwidth_int=1024, gsm_nonroaming_networks_string_array=null, hide_ims_apn_bool=false, vvm_destination_number_string=, dtmf_type_enabled_bool=false, allow_video_calling_fallback_bool=true, config_ims_package_override_string=null, only_auto_select_in_home_network=false, smsToMmsTextThreshold=-1, disable_severe_when_extreme_disabled_bool=true, force_home_network_bool=false, spdi_override_string_array=null, show_wfc_location_privacy_policy_bool=false, gps.supl_es=1, enableSMSDeliveryReports=true, auto_retry_enabled_bool=false, opportunistic_network_entry_threshold_rssnr_int=45, play_call_recording_tone_bool=false, carrier_force_disable_etws_cmas_test_bool=false, call_waiting_service_class_int=1, allow_emergency_video_calls_bool=false, csp_enabled_bool=false, default_sim_call_manager_string=, wifi.passpoint_profiles_string_array=null, carrier_app_required_during_setup_bool=false, call_forwarding_blocks_while_roaming_string_array=null, emergency_notification_delay_int=-1, support_video_conference_call_bool=false, ims_dtmf_tone_delay_int=0, show_signal_strength_in_sim_status_bool=true, data_rapid_notification_bool=true, carrier_instant_lettering_escaped_chars_string=, carrier_default_wfc_ims_roaming_mode_int=2, editable_wfc_mode_bool=true, support_direct_fdn_dialing_bool=false, carrier_ut_provisioning_required_bool=false, carrier_wifi_string_array=null, treat_downgraded_video_calls_as_video_calls_bool=false, wifi_calls_can_be_hd_audio=true, support_downgrade_vt_to_audio_bool=true, cdma_enhanced_roaming_indicator_for_home_network_int_array=[1], notify_handover_video_from_lte_to_wifi_bool=false, use_otasp_for_provisioning_bool=false, always_play_remote_hold_tone_bool=false, opportunistic_network_data_switch_hysteresis_time_long=10000, maxMessageTextSize=-1, duration_blocking_disabled_after_emergency_int=7200, carrier_metered_roaming_apn_types_strings=[default, mms, dun, supl], additional_settings_call_waiting_visibility_bool=true, show_video_call_charges_alert_dialog_bool=false, carrier_network_service_wlan_package_override_string=, show_apn_setting_cdma_bool=false, use_usim_bool=false, carrier_instant_lettering_length_limit_int=64, operator_name_filter_pattern_string=, carrier_instant_lettering_invalid_chars_string=, carrier_setup_app_string=, editable_wfc_roaming_mode_bool=false, supportMmsContentDisposition=true, support_manage_ims_conference_call_bool=true, opportunistic_network_exit_threshold_rssnr_int=10, allow_non_emergency_calls_in_ecm_bool=true, allow_cdma_eri_bool=false, carrier_data_service_wlan_package_override_string=, show_carrier_data_icon_pattern_string=, use_rcs_presence_bool=false, config_telephony_use_own_number_for_voicemail_bool=false, cdma_dtmf_tone_delay_int=100, editable_voicemail_number_bool=false, carrier_data_call_apn_retry_after_disconnect_long=10000, filtered_cnap_names_string_array=null, enabledTransID=false, aliasEnabled=false, vvm_disabl
03-06 20:57:00.156  1791  2388 E GnssHAL_GnssInterface: gnssSvStatusCb: a: input svInfo.flags is 8
03-06 20:57:00.156  1791  2388 E GnssHAL_GnssInterface: gnssSvStatusCb: b: input svInfo.flags is 8
03-06 20:57:00.225  2026  2052 E memtrack: Couldn't load memtrack module
03-06 20:57:00.225  2026  2052 W android.os.Debug: failed to get memory consumption info: -1
03-06 20:57:00.456  2476  3366 W ServiceManagement: Waited one second for android.hardware.radio@1.0::IRadio/slot1
03-06 20:57:00.458  2476  3366 I ServiceManagement: getService: Trying again for android.hardware.radio@1.0::IRadio/slot1...
03-06 20:57:00.747  2026  8757 I ActivityTaskManager: START u0 {act=android.intent.action.MAIN cat=[android.intent.category.LAUNCHER] flg=0x10000000 cmp=ru.iteco.fmhandroid.test/androidx.test.core.app.InstrumentationActivityInvoker$EmptyActivity} from uid 10134
03-06 20:57:00.753  2026  2048 E system_server: Invalid ID 0x00000000.
03-06 20:57:00.755  7200  7200 D LifecycleMonitor: Lifecycle status change: ru.iteco.fmhandroid.ui.AppActivity@fa41c58 in: PAUSED
03-06 20:57:00.755  7200  7200 V ActivityScenario: Activity lifecycle changed event received but ignored because the reported transition was not ON_CREATE while the last known transition was DESTROYED
03-06 20:57:00.755  7200  7200 V ActivityScenario: Update currentActivityStage to PAUSED, currentActivity=ru.iteco.fmhandroid.ui.AppActivity@fa41c58
03-06 20:57:00.756  2026  8757 W InputReader: Device has associated, but no associated display id.
03-06 20:57:00.757  2026  8757 I chatty  : uid=1000(system) Binder:2026_1F identical 38 lines
03-06 20:57:00.757  2026  8757 W InputReader: Device has associated, but no associated display id.
03-06 20:57:00.757  7353  7353 W ActivityThread: handleWindowVisibility: no activity for token android.os.BinderProxy@35f3ab7
03-06 20:57:00.759  2026  8757 W InputReader: Device has associated, but no associated display id.
03-06 20:57:00.761  2026  2047 I ActivityManager: Killing 5883:com.google.android.gm/u0a120 (adj 985): empty #17
03-06 20:57:00.759  2026  8757 I chatty  : uid=1000(system) Binder:2026_1F identical 8 lines
03-06 20:57:00.759  2026  8757 W InputReader: Device has associated, but no associated display id.
03-06 20:57:00.774  1792  1969 D gralloc_ranchu: gralloc_alloc: Creating ashmem region of size 9592832
03-06 20:57:00.802  1774  1774 I Zygote  : Process 5883 exited due to signal 9 (Killed)
03-06 20:57:00.817  2026  8757 W InputReader: Device has associated, but no associated display id.
03-06 20:57:00.817  2026  8757 I chatty  : uid=1000(system) Binder:2026_1F identical 8 lines
03-06 20:57:00.817  2026  8757 W InputReader: Device has associated, but no associated display id.
03-06 20:57:00.842  2026  2055 I libprocessgroup: Successfully killed process cgroup uid 10120 pid 5883 in 80ms
03-06 20:57:00.864  1792  1969 D gralloc_ranchu: gralloc_alloc: Creating ashmem region of size 9592832
03-06 20:57:00.865  1792  1792 D gralloc_ranchu: gralloc_alloc: Creating ashmem region of size 9592832
03-06 20:57:00.929  1792  1792 I chatty  : uid=1000(system) allocator@2.0-s identical 1 line
03-06 20:57:00.953  1792  1792 D gralloc_ranchu: gralloc_alloc: Creating ashmem region of size 9592832
03-06 20:57:00.970  7353  7385 D EGL_emulation: eglMakeCurrent: 0xdb9591c0: ver 2 0 (tinfo 0xf2089d00)
03-06 20:57:00.995  2026  2377 W InputReader: Device has associated, but no associated display id.
03-06 20:57:00.995  2026  2377 I chatty  : uid=1000(system) Binder:2026_7 identical 8 lines
03-06 20:57:00.995  2026  2377 W InputReader: Device has associated, but no associated display id.
03-06 20:57:01.009  1792  1792 D gralloc_ranchu: gralloc_alloc: Creating ashmem region of size 9592832
03-06 20:57:01.011  2026  2026 W ActivityManager: Unable to start service Intent { act=android.service.appprediction.AppPredictionService cmp=com.google.android.as/com.google.android.apps.miphone.aiai.app.AiAiPredictionService } U=0: not found
03-06 20:57:01.011  2026  2026 W RemoteAppPredictionService: could not bind to Intent { act=android.service.appprediction.AppPredictionService cmp=com.google.android.as/com.google.android.apps.miphone.aiai.app.AiAiPredictionService } using flags 67108865
03-06 20:57:01.054  1792  1792 D gralloc_ranchu: gralloc_alloc: Creating ashmem region of size 9592832
03-06 20:57:01.057  1792  1969 D gralloc_ranchu: gralloc_alloc: Creating ashmem region of size 9592832
03-06 20:57:01.096  1792  1792 D gralloc_ranchu: gralloc_alloc: Creating ashmem region of size 9592832
03-06 20:57:01.113  2890  3240 D EGL_emulation: eglMakeCurrent: 0xdee1c2e0: ver 2 0 (tinfo 0xc1d14460)
03-06 20:57:01.129  1792  1792 D gralloc_ranchu: gralloc_alloc: Creating ashmem region of size 9592832
03-06 20:57:01.152  1792  1792 D gralloc_ranchu: gralloc_alloc: Creating ashmem region of size 9592832
03-06 20:57:01.155  1791  2388 E GnssHAL_GnssInterface: gnssSvStatusCb: a: input svInfo.flags is 8
03-06 20:57:01.155  1791  2388 E GnssHAL_GnssInterface: gnssSvStatusCb: b: input svInfo.flags is 8
03-06 20:57:01.156  2890  2890 W ThreadPoolDumper: Queue length for executor EventBus is now 11. Perhaps some tasks are too long, or the pool is too small.
03-06 20:57:01.162  2890  3121 W SessionLifecycleManager: Handover failed. Creating new session controller.
03-06 20:57:01.169  2634  3076 D EGL_emulation: eglMakeCurrent: 0xdee1a120: ver 2 0 (tinfo 0xdee0f3f0)
03-06 20:57:01.184  2026  2048 W InputReader: Device has associated, but no associated display id.
03-06 20:57:01.185  2026  2048 I chatty  : uid=1000(system) android.anim identical 8 lines
03-06 20:57:01.185  2026  2048 W InputReader: Device has associated, but no associated display id.
03-06 20:57:01.187  1792  1792 D gralloc_ranchu: gralloc_alloc: Creating ashmem region of size 6139904
03-06 20:57:01.198  7353  7385 D EGL_emulation: eglMakeCurrent: 0xdb9591c0: ver 2 0 (tinfo 0xf2089d00)
03-06 20:57:01.228  2890  3207 W LocationOracle: No location history returned by ContextManager
03-06 20:57:01.239  2164  3051 W GCoreFlp: No location to return for getLastLocation()
03-06 20:57:01.245  2890  3121 I MicroDetectionWorker: #startMicroDetector [speakerMode: 0]
03-06 20:57:01.246  2890  3121 I AudioController: Created new AudioSource
03-06 20:57:01.247  2890  3121 I MicroDetectionWorker: onReady
03-06 20:57:01.251  2026  2043 W AppOps  : Noting op not finished: uid 10099 pkg com.google.android.gms code 79 time=1709758609685 duration=-1709758167835
03-06 20:57:01.259  2026  8757 W AppOps  : Noting op not finished: uid 10099 pkg com.google.android.gms code 79 time=1709758621251 duration=0
03-06 20:57:01.260  2890  3207 I MicroRecognitionRunner: Starting detection.
03-06 20:57:01.260  2890  3207 I MultipleReaderAudioSrc: Using micInputStream
03-06 20:57:01.261  2890  3566 I MicrophoneInputStream: mic_starting  SR : 16000 CC : 16 SO : 1999
03-06 20:57:01.267  1803  9895 I AudioFlinger: AudioFlinger's thread 0xe2977680 tid=9895 ready to run
03-06 20:57:01.272  2890  3566 I MicrophoneInputStream: mic_started  SR : 16000 CC : 16 SO : 1999
03-06 20:57:01.273  2026  4611 I AudioService.RecordingActivityMonitor: rec update riid:183 uid:10105 session:169 src:HOTWORD pack:com.google.android.googlequicksearchbox
03-06 20:57:01.282  2634  2650 W System  : A resource failed to call release. 
03-06 20:57:01.282  2634  2650 W System  : A resource failed to call release. 
03-06 20:57:01.284  2164  3051 W GCoreFlp: No location to return for getLastLocation()
03-06 20:57:01.284  2026  7117 I WifiService: acquireWifiLock uid=10099 lockMode=2
03-06 20:57:01.288  2164  3051 W GCoreFlp: No location to return for getLastLocation()
03-06 20:57:01.297  2164  3051 W GCoreFlp: No location to return for getLastLocation()
03-06 20:57:01.301  2164  8881 W ctxmgr  : [AclManager] No 3 for (accnt=account#-517948760#, com.google.android.gms(10099):UserVelocityProducer, vrsn=17786022, 0, 3pPkg = null ,  3pMdlId = null ,  pid = 2164). Was: 3 for 1, account#-517948760# [CONTEXT service_id=47 ]
03-06 20:57:01.304  2890  3207 W SpeechLevelGenerator: Really low audio levels detected. The audio input may have issues.
03-06 20:57:01.305  2890  3121 I MicroDetectionWorker: onReady
03-06 20:57:01.305  2164  3051 W GCoreFlp: No location to return for getLastLocation()
03-06 20:57:01.316  2164  9689 I Places  : ?: Couldn't find platform key file.
03-06 20:57:01.341  2026  7117 W AppOps  : Noting op not finished: uid 10099 pkg com.google.android.gms code 79 time=1709758621259 duration=0
03-06 20:57:01.342  2026  3472 W AppOps  : Noting op not finished: uid 10099 pkg com.google.android.gms code 79 time=1709758621341 duration=0
03-06 20:57:01.350  2164  2164 I GeofencerStateMachine: removeGeofences: removeRequest=RemoveGeofencingRequest[REMOVE_BY_PENDING_INTENT pendingIntent=PendingIntent[creatorPackage=com.google.android.gms], packageName=com.google.android.gms]
03-06 20:57:01.352  2164  2164 I GeofencerStateMachine: removeGeofences: removeRequest=RemoveGeofencingRequest[REMOVE_BY_PENDING_INTENT pendingIntent=PendingIntent[creatorPackage=com.google.android.gms], packageName=com.google.android.gms]
03-06 20:57:01.355  2164  9899 I Places  : ?: Couldn't find platform key file.
03-06 20:57:01.355  2164  9897 I PlaceInferenceEngine: [anon] Changed inference mode: 0
03-06 20:57:01.356  2164  9898 I Places  : ?: Couldn't find platform key file.
03-06 20:57:01.358  2164  3051 W GCoreFlp: No location to return for getLastLocation()
03-06 20:57:01.369  2164  9899 I Places  : ?: Couldn't find platform key file.
03-06 20:57:01.369  2164  9190 I Places  : ?: Couldn't find platform key file.
03-06 20:57:01.370  2164  9689 I Places  : ?: Couldn't find platform key file.
03-06 20:57:01.370  2164  9898 I Places  : ?: Couldn't find platform key file.
03-06 20:57:01.375  2164  9897 W Places  : ?: Failed to download inference model weights PlacesServer
03-06 20:57:01.375  2164  9897 W PlaceInferenceEngine: Failed to download model weights. Status code: 7
03-06 20:57:01.377  2164  8881 I ctxmgr  : [ProducerStatusImpl] updateStateForNewContextData: inactive, contextName=7 [CONTEXT service_id=47 ]
03-06 20:57:01.380  2164  9898 I Places  : ?: Couldn't find platform key file.
03-06 20:57:01.381  2164  9898 I Places  : ?: Couldn't find platform key file.
03-06 20:57:01.386  2164  3051 W GCoreFlp: No location to return for getLastLocation()
03-06 20:57:01.405  2026  2377 W AppOps  : Noting op not finished: uid 10099 pkg com.google.android.gms code 79 time=1709758621342 duration=0
03-06 20:57:01.406  2164  9691 I Places  : ?: Couldn't find platform key file.
03-06 20:57:01.406  2026  2377 W AppOps  : Noting op not finished: uid 10099 pkg com.google.android.gms code 79 time=1709758621405 duration=0
03-06 20:57:01.414  2164  9897 I Places  : ?: PlacesBleScanner start() with priority 2
03-06 20:57:01.415  2164  9897 I PlaceInferenceEngine: [anon] Changed inference mode: 1
03-06 20:57:01.417  2164  3051 W GCoreFlp: No location to return for getLastLocation()
03-06 20:57:01.425  2026  3472 W AppOps  : Noting op not finished: uid 10099 pkg com.google.android.gms code 79 time=1709758621406 duration=0
03-06 20:57:01.427  2026  7117 W AppOps  : Noting op not finished: uid 10099 pkg com.google.android.gms code 79 time=1709758621425 duration=0
03-06 20:57:01.437  2164  3051 W GCoreFlp: No location to return for getLastLocation()
03-06 20:57:01.459  2476  3366 W ServiceManagement: Waited one second for android.hardware.radio@1.0::IRadio/slot1
03-06 20:57:01.459  2476  3366 I ServiceManagement: getService: Trying again for android.hardware.radio@1.0::IRadio/slot1...
03-06 20:57:01.679  7200  7276 D EGL_emulation: eglMakeCurrent: 0xdee1ae40: ver 2 0 (tinfo 0xc2e69120)
03-06 20:57:01.681  2026  4070 D HostConnection: HostConnection::get() New Host Connection established 0xb73c2c60, tid 4070
03-06 20:57:01.683  2026  4070 D HostConnection: HostComposition ext ANDROID_EMU_CHECKSUM_HELPER_v1 ANDROID_EMU_dma_v1 ANDROID_EMU_direct_mem ANDROID_EMU_host_composition_v1 ANDROID_EMU_host_composition_v2 ANDROID_EMU_vulkan ANDROID_EMU_deferred_vulkan_commands ANDROID_EMU_vulkan_null_optional_strings ANDROID_EMU_vulkan_create_resources_with_requirements ANDROID_EMU_YUV420_888_to_NV21 ANDROID_EMU_YUV_Cache ANDROID_EMU_vulkan_free_memory_sync ANDROID_EMU_vulkan_shader_float16_int8 ANDROID_EMU_vulkan_async_queue_submit ANDROID_EMU_sync_buffer_data GL_OES_vertex_array_object GL_KHR_texture_compression_astc_ldr ANDROID_EMU_host_side_tracing ANDROID_EMU_gles_max_version_2 
03-06 20:57:01.683  2026  4070 W OpenGLRenderer: Failed to choose config with EGL_SWAP_BEHAVIOR_PRESERVED, retrying without...
03-06 20:57:01.697  2026  4070 D eglCodecCommon: setVertexArrayObject: set vao to 0 (0) 0 0
03-06 20:57:01.697  2026  4070 D EGL_emulation: eglCreateContext: 0xc23d2720: maj 2 min 0 rcv 2
03-06 20:57:01.698  7200  7200 D LifecycleMonitor: Lifecycle status change: ru.iteco.fmhandroid.ui.AppActivity@fa41c58 in: STOPPED
03-06 20:57:01.699  7200  7200 V ActivityScenario: Activity lifecycle changed event received but ignored because the reported transition was not ON_CREATE while the last known transition was DESTROYED
03-06 20:57:01.699  7200  7200 V ActivityScenario: Update currentActivityStage to STOPPED, currentActivity=ru.iteco.fmhandroid.ui.AppActivity@fa41c58
03-06 20:57:01.705  7200  7200 D LifecycleMonitor: Lifecycle status change: ru.iteco.fmhandroid.ui.AppActivity@fa41c58 in: DESTROYED
03-06 20:57:01.706  7200  7200 V ActivityScenario: Activity lifecycle changed event received but ignored because the reported transition was not ON_CREATE while the last known transition was DESTROYED
03-06 20:57:01.706  7200  7200 V ActivityScenario: Update currentActivityStage to DESTROYED, currentActivity=null
03-06 20:57:01.708  1792  1792 D gralloc_ranchu: gralloc_alloc: Creating ashmem region of size 9592832
03-06 20:57:01.739  2026  4070 D EGL_emulation: eglMakeCurrent: 0xc23d2720: ver 2 0 (tinfo 0xbd5c54c0)
03-06 20:57:01.760  2026  4070 D eglCodecCommon: setVertexArrayObject: set vao to 0 (0) 1 0
03-06 20:57:02.156  1791  2388 E GnssHAL_GnssInterface: gnssSvStatusCb: a: input svInfo.flags is 8
03-06 20:57:02.156  1791  2388 E GnssHAL_GnssInterface: gnssSvStatusCb: b: input svInfo.flags is 8
03-06 20:57:02.261  7200  7254 E TestRunner: failed: testEditComment(ru.netology.tests.CreateEditClaimTests)
03-06 20:57:02.261  7200  7254 E TestRunner: ----- begin exception -----
03-06 20:57:02.262  7200  7254 E TestRunner: androidx.test.espresso.PerformException: Error performing 'wait for a specific view with attribute <an instance of android.widget.TextView and view.getText() with or without transformation to match: is "Claims"> during 5000 millis.' on view 'Animations or transitions are enabled on the target device.
03-06 20:57:02.262  7200  7254 E TestRunner: For more info check: https://developer.android.com/training/testing/espresso/setup#set-up-environment
03-06 20:57:02.262  7200  7254 E TestRunner: 
03-06 20:57:02.262  7200  7254 E TestRunner: view.getRootView() to equal view'.
03-06 20:57:02.262  7200  7254 E TestRunner: 	at androidx.test.espresso.PerformException$Builder.build(PerformException.java:1)
03-06 20:57:02.262  7200  7254 E TestRunner: 	at androidx.test.espresso.base.DefaultFailureHandler.getUserFriendlyError(DefaultFailureHandler.java:9)
03-06 20:57:02.262  7200  7254 E TestRunner: 	at androidx.test.espresso.base.DefaultFailureHandler.handle(DefaultFailureHandler.java:7)
03-06 20:57:02.262  7200  7254 E TestRunner: 	at androidx.test.espresso.ViewInteraction.waitForAndHandleInteractionResults(ViewInteraction.java:8)
03-06 20:57:02.262  7200  7254 E TestRunner: 	at androidx.test.espresso.ViewInteraction.desugaredPerform(ViewInteraction.java:11)
03-06 20:57:02.262  7200  7254 E TestRunner: 	at androidx.test.espresso.ViewInteraction.perform(ViewInteraction.java:4)
03-06 20:57:02.262  7200  7254 E TestRunner: 	at ru.netology.data.DataHelper.elementWaiting(DataHelper.java:323)
03-06 20:57:02.262  7200  7254 E TestRunner: 	at ru.netology.pages.ClaimsPage.checkClaimsScreenLoaded(ClaimsPage.java:36)
03-06 20:57:02.262  7200  7254 E TestRunner: 	at ru.netology.data.ReadyScreen.readyClaimsScreen(ReadyScreen.java:42)
03-06 20:57:02.262  7200  7254 E TestRunner: 	at ru.netology.tests.CreateEditClaimTests.readyScreen(CreateEditClaimTests.java:46)
03-06 20:57:02.262  7200  7254 E TestRunner: 	at java.lang.reflect.Method.invoke(Native Method)
03-06 20:57:02.262  7200  7254 E TestRunner: 	at org.junit.runners.model.FrameworkMethod$1.runReflectiveCall(FrameworkMethod.java:59)
03-06 20:57:02.262  7200  7254 E TestRunner: 	at org.junit.internal.runners.model.ReflectiveCallable.run(ReflectiveCallable.java:12)
03-06 20:57:02.262  7200  7254 E TestRunner: 	at org.junit.runners.model.FrameworkMethod.invokeExplosively(FrameworkMethod.java:56)
03-06 20:57:02.262  7200  7254 E TestRunner: 	at androidx.test.internal.runner.junit4.statement.RunBefores.evaluate(RunBefores.java:76)
03-06 20:57:02.262  7200  7254 E TestRunner: 	at org.junit.rules.ExternalResource$1.evaluate(ExternalResource.java:54)
03-06 20:57:02.262  7200  7254 E TestRunner: 	at io.qameta.allure.android.rules.ScreenshotRule$apply$1.evaluate(ScreenshotRule.kt:22)
03-06 20:57:02.262  7200  7254 E TestRunner: 	at org.junit.rules.ExternalResource$1.evaluate(ExternalResource.java:54)
03-06 20:57:02.262  7200  7254 E TestRunner: 	at io.qameta.allure.android.rules.LogcatRule$apply$1.evaluate(LogcatRule.kt:23)
03-06 20:57:02.262  7200  7254 E TestRunner: 	at org.junit.rules.RunRules.evaluate(RunRules.java:20)
03-06 20:57:02.262  7200  7254 E TestRunner: 	at org.junit.runners.ParentRunner$3.evaluate(ParentRunner.java:306)
03-06 20:57:02.262  7200  7254 E TestRunner: 	at org.junit.runners.BlockJUnit4ClassRunner$1.evaluate(BlockJUnit4ClassRunner.java:100)
03-06 20:57:02.262  7200  7254 E TestRunner: 	at org.junit.runners.ParentRunner.runLeaf(ParentRunner.java:366)
03-06 20:57:02.262  7200  7254 E TestRunner: 	at org.junit.runners.BlockJUnit4ClassRunner.runChild(BlockJUnit4ClassRunner.java:103)
03-06 20:57:02.262  7200  7254 E TestRunner: 	at org.junit.runners.BlockJUnit4ClassRunner.runChild(BlockJUnit4ClassRunner.java:63)
03-06 20:57:02.262  7200  7254 E TestRunner: 	at org.junit.runners.ParentRunner$4.run(ParentRunner.java:331)
03-06 20:57:02.262  7200  7254 E TestRunner: 	at org.junit.runners.ParentRunner$1.schedule(ParentRunner.java:79)
03-06 20:57:02.262  7200  7254 E TestRunner: 	at org.junit.runners.ParentRunner.runChildren(ParentRunner.java:329)
03-06 20:57:02.262  7200  7254 E TestRunner: 	at org.junit.runners.ParentRunner.access$100(ParentRunner.java:66)
03-06 20:57:02.262  7200  7254 E TestRunner: 	at org.junit.runners.ParentRunner$2.evaluate(ParentRunner.java:293)
03-06 20:57:02.262  7200  7254 E TestRunner: 	at org.junit.runners.ParentRunner$3.evaluate(ParentRunner.java:306)
03-06 20:57:02.262  7200  7254 E TestRunner: 	at org.junit.runners.ParentRunner.run(ParentRunner.java:413)
03-06 20:57:02.262  7200  7254 E TestRunner: 	at androidx.test.ext.junit.runners.AndroidJUnit4.run(AndroidJUnit4.java:162)
03-06 20:57:02.262  7200  7254 E TestRunner: 	at org.junit.runners.Suite.runChild(Suite.java:128)
03-06 20:57:02.262  7200  7254 E TestRunner: 	at org.junit.runners.Suite.runChild(Suite.java:27)
03-06 20:57:02.262  7200  7254 E TestRunner: 	at org.junit.runners.ParentRunner$4.run(ParentRunner.java:331)
03-06 20:57:02.262  7200  7254 E TestRunner: 	at org.junit.runners.ParentRunner$1.schedule(ParentRunner.java:79)
03-06 20:57:02.262  7200  7254 E TestRunner: 	at org.junit.runners.ParentRunner.runChildren(ParentRunner.java:329)
03-06 20:57:02.262  7200  7254 E TestRunner: 	at org.junit.runners.ParentRunner.access$100(ParentRunner.java:66)
03-06 20:57:02.262  7200  7254 E TestRunner: 	at org.junit.runners.ParentRunner$2.evaluate(ParentRunner.java:293)
03-06 20:57:02.262  7200  7254 E TestRunner: 	at org.junit.runners.ParentRunner$3.evaluate(ParentRunner.java:306)
03-06 20:57:02.262  7200  7254 E TestRunner: 	at org.junit.runners.ParentRunner.run(ParentRunner.java:413)
03-06 20:57:02.262  7200  7254 E TestRunner: 	at org.junit.runner.JUnitCore.run(JUnitCore.java:137)
03-06 20:57:02.262  7200  7254 E TestRunner: 	at org.junit.runner.JUnitCore.run(JUnitCore.java:115)
03-06 20:57:02.262  7200  7254 E TestRunner: 	at androidx.test.internal.runner.TestExecutor.execute(TestExecutor.java:65)
03-06 20:57:02.262  7200  7254 E TestRunner: 	at androidx.test.internal.runner.TestExecutor.execute(TestExecutor.java:56)
03-06 20:57:02.262  7200  7254 E TestRunner: 	at androidx.test.runner.AndroidJUnitRunner.onStart(AndroidJUnitRunner.java:471)
03-06 20:57:02.262  7200  7254 E TestRunner: 	at android.app.Instrumentation$InstrumentationThread.run(Instrumentation.java:2189)
03-06 20:57:02.262  7200  7254 E TestRunner: Caused by: java.util.concurrent.TimeoutExc
03-06 20:57:02.262  7200  7254 E TestRunner: ----- end exception -----
03-06 20:57:02.262  7200  7254 I TestRunner: finished: testEditComment(ru.netology.tests.CreateEditClaimTests)
03-06 20:57:02.269  7200  7254 I TestRunner: started: testEditClaim(ru.netology.tests.CreateEditClaimTests)
03-06 20:57:02.286  7200  7254 W Settings: Setting always_finish_activities has moved from android.provider.Settings.System to android.provider.Settings.Global, returning read-only value.
03-06 20:57:02.292  2026  3472 I ActivityTaskManager: START u0 {act=android.intent.action.MAIN cat=[android.intent.category.LAUNCHER] flg=0x10008000 cmp=ru.iteco.fmhandroid/.ui.AppActivity} from uid 10134
03-06 20:57:02.298  2026  7117 W InputReader: Device has associated, but no associated display id.
03-06 20:57:02.298  2026  7117 I chatty  : uid=1000(system) Binder:2026_1E identical 28 lines
03-06 20:57:02.298  2026  7117 W InputReader: Device has associated, but no associated display id.
03-06 20:57:02.298  7200  7200 W ActivityThread: handleWindowVisibility: no activity for token android.os.BinderProxy@b9b1bbb
03-06 20:57:02.299  2026  7117 W InputReader: Device has associated, but no associated display id.
03-06 20:57:02.299  2026  7117 I chatty  : uid=1000(system) Binder:2026_1E identical 8 lines
03-06 20:57:02.299  2026  7117 W InputReader: Device has associated, but no associated display id.
03-06 20:57:02.300  2026  2048 E system_server: Invalid ID 0x00000000.
03-06 20:57:02.313  7200  7200 D LifecycleMonitor: Lifecycle status change: ru.iteco.fmhandroid.ui.AppActivity@ed5b897 in: PRE_ON_CREATE
03-06 20:57:02.313  7200  7200 V ActivityScenario: Activity lifecycle changed event received but ignored because the reported transition was not ON_CREATE while the last known transition was PRE_ON_CREATE
03-06 20:57:02.315  1792  1792 D gralloc_ranchu: gralloc_alloc: Creating ashmem region of size 9592832
03-06 20:57:02.323  7200  7200 D LifecycleMonitor: Lifecycle status change: ru.iteco.fmhandroid.ui.AppActivity@ed5b897 in: CREATED
03-06 20:57:02.323  7200  7200 V ActivityScenario: Update currentActivityStage to CREATED, currentActivity=ru.iteco.fmhandroid.ui.AppActivity@ed5b897
03-06 20:57:02.366  7200  7200 D LifecycleMonitor: Lifecycle status change: ru.iteco.fmhandroid.ui.AppActivity@ed5b897 in: STARTED
03-06 20:57:02.366  7200  7200 V ActivityScenario: Update currentActivityStage to STARTED, currentActivity=ru.iteco.fmhandroid.ui.AppActivity@ed5b897
03-06 20:57:02.367  7200  7200 D LifecycleMonitor: Lifecycle status change: ru.iteco.fmhandroid.ui.AppActivity@ed5b897 in: RESUMED
03-06 20:57:02.367  7200  7200 V ActivityScenario: Update currentActivityStage to RESUMED, currentActivity=ru.iteco.fmhandroid.ui.AppActivity@ed5b897
03-06 20:57:02.369  2026  2048 W InputReader: Device has associated, but no associated display id.
03-06 20:57:02.369  2026  2048 I chatty  : uid=1000(system) android.anim identical 8 lines
03-06 20:57:02.369  2026  2048 W InputReader: Device has associated, but no associated display id.
03-06 20:57:02.389  1792  1792 D gralloc_ranchu: gralloc_alloc: Creating ashmem region of size 9592832
03-06 20:57:02.410  2890  3121 I MicroDetector: Keeping mic open: false
03-06 20:57:02.411  2890  3567 I AudioController: internalShutdown
03-06 20:57:02.411  2890  3212 I MicroRecognitionRunner: Stopping hotword detection.
03-06 20:57:02.411  2890  7559 I DeviceStateChecker: DeviceStateChecker cancelled
03-06 20:57:02.425  1792  1792 D gralloc_ranchu: gralloc_alloc: Creating ashmem region of size 9592832
03-06 20:57:02.445  7200  7276 D EGL_emulation: eglMakeCurrent: 0xdee1ae40: ver 2 0 (tinfo 0xc2e69120)
03-06 20:57:02.452  2890  3567 I MicrophoneInputStream: mic_close  SR : 16000 CC : 16 SO : 1999
03-06 20:57:02.452  2890  3567 E AudioSource: Stop listening is called on already closed AudioSource
03-06 20:57:02.453  1792  1792 D gralloc_ranchu: gralloc_alloc: Creating ashmem region of size 9592832
03-06 20:57:02.460  2476  3366 W ServiceManagement: Waited one second for android.hardware.radio@1.0::IRadio/slot1
03-06 20:57:02.461  2476  3366 I ServiceManagement: getService: Trying again for android.hardware.radio@1.0::IRadio/slot1...
03-06 20:57:02.476  2890  3207 I MicroRecognitionRunner: Detection finished
03-06 20:57:02.480  2026  2052 I ActivityTaskManager: Displayed ru.iteco.fmhandroid/.ui.AppActivity: +187ms
03-06 20:57:02.664  7200  7254 W Settings: Setting always_finish_activities has moved from android.provider.Settings.System to android.provider.Settings.Global, returning read-only value.
03-06 20:57:02.667  2026  2377 I ActivityTaskManager: START u0 {act=android.intent.action.MAIN cat=[android.intent.category.LAUNCHER] flg=0x10008000 cmp=ru.iteco.fmhandroid/.ui.AppActivity} from uid 10134
03-06 20:57:02.667  2026  2377 W InputReader: Device has associated, but no associated display id.
03-06 20:57:02.668  2026  2377 I chatty  : uid=1000(system) Binder:2026_7 identical 8 lines
03-06 20:57:02.668  2026  2377 W InputReader: Device has associated, but no associated display id.
03-06 20:57:02.671  2890  3240 D EGL_emulation: eglMakeCurrent: 0xdee1c2e0: ver 2 0 (tinfo 0xc1d14460)
03-06 20:57:02.675  7200  7200 D LifecycleMonitor: Lifecycle status change: ru.iteco.fmhandroid.ui.AppActivity@ed5b897 in: PAUSED
03-06 20:57:02.676  7200  7200 V ActivityScenario: Update currentActivityStage to PAUSED, currentActivity=ru.iteco.fmhandroid.ui.AppActivity@ed5b897
03-06 20:57:02.676  7200  7200 V ActivityScenario: Activity lifecycle changed event received but ignored because the reported transition was not ON_CREATE while the last known transition was PRE_ON_CREATE
03-06 20:57:02.677  2026  7117 W InputReader: Device has associated, but no associated display id.
03-06 20:57:02.677  2026  7117 I chatty  : uid=1000(system) Binder:2026_1E identical 16 lines
03-06 20:57:02.677  2026  7117 W InputReader: Device has associated, but no associated display id.
03-06 20:57:02.677  2634  3076 D EGL_emulation: eglMakeCurrent: 0xdee1a120: ver 2 0 (tinfo 0xdee0f3f0)
03-06 20:57:02.677  2026  7117 W InputReader: Device has associated, but no associated display id.
03-06 20:57:02.679  2026  7117 I chatty  : uid=1000(system) Binder:2026_1E identical 20 lines
03-06 20:57:02.679  2026  7117 W InputReader: Device has associated, but no associated display id.
03-06 20:57:02.681  7200  7200 W ActivityThread: handleWindowVisibility: no activity for token android.os.BinderProxy@7035c1f
03-06 20:57:02.685  7200  7200 D LifecycleMonitor: Lifecycle status change: ru.iteco.fmhandroid.ui.AppActivity@30b9b3b in: PRE_ON_CREATE
03-06 20:57:02.685  7200  7200 V ActivityScenario: Activity lifecycle changed event received but ignored because the activity instance does not match. currentActivity=ru.iteco.fmhandroid.ui.AppActivity@ed5b897, receivedActivity=ru.iteco.fmhandroid.ui.AppActivity@30b9b3b
03-06 20:57:02.685  7200  7200 V ActivityScenario: Activity lifecycle changed event received but ignored because the reported transition was not ON_CREATE while the last known transition was PRE_ON_CREATE
03-06 20:57:02.687  2890  3212 I PBSessionCacheImpl: Deleted sessionId[85817062948] from persistence.
03-06 20:57:02.693  2890  3121 W SearchServiceCore: Abort, client detached.
03-06 20:57:02.695  1792  1792 D gralloc_ranchu: gralloc_alloc: Creating ashmem region of size 9592832
03-06 20:57:02.699  7200  7200 D LifecycleMonitor: Lifecycle status change: ru.iteco.fmhandroid.ui.AppActivity@30b9b3b in: CREATED
03-06 20:57:02.699  7200  7200 V ActivityScenario: Activity lifecycle changed event received but ignored because the activity instance does not match. currentActivity=ru.iteco.fmhandroid.ui.AppActivity@ed5b897, receivedActivity=ru.iteco.fmhandroid.ui.AppActivity@30b9b3b
03-06 20:57:02.699  7200  7200 V ActivityScenario: Update currentActivityStage to CREATED, currentActivity=ru.iteco.fmhandroid.ui.AppActivity@30b9b3b
03-06 20:57:02.704  7200  7200 D LifecycleMonitor: Lifecycle status change: ru.iteco.fmhandroid.ui.AppActivity@30b9b3b in: STARTED
03-06 20:57:02.704  7200  7200 V ActivityScenario: Activity lifecycle changed event received but ignored because the activity instance does not match. currentActivity=ru.iteco.fmhandroid.ui.AppActivity@ed5b897, receivedActivity=ru.iteco.fmhandroid.ui.AppActivity@30b9b3b
03-06 20:57:02.704  7200  7200 V ActivityScenario: Update currentActivityStage to STARTED, currentActivity=ru.iteco.fmhandroid.ui.AppActivity@30b9b3b
03-06 20:57:02.704  7200  7200 D LifecycleMonitor: Lifecycle status change: ru.iteco.fmhandroid.ui.AppActivity@30b9b3b in: RESUMED
03-06 20:57:02.705  7200  7200 V ActivityScenario: Activity lifecycle changed event received but ignored because the activity instance does not match. currentActivity=ru.iteco.fmhandroid.ui.AppActivity@ed5b897, receivedActivity=ru.iteco.fmhandroid.ui.AppActivity@30b9b3b
03-06 20:57:02.705  7200  7200 V ActivityScenario: Update currentActivityStage to RESUMED, currentActivity=ru.iteco.fmhandroid.ui.AppActivity@30b9b3b
03-06 20:57:02.740  1792  1792 D gralloc_ranchu: gralloc_alloc: Creating ashmem region of size 9592832
03-06 20:57:02.745  2026  2048 W InputReader: Device has associated, but no associated display id.
03-06 20:57:02.746  2026  2048 I chatty  : uid=1000(system) android.anim identical 18 lines
03-06 20:57:02.746  2026  2048 W InputReader: Device has associated, but no associated display id.
03-06 20:57:02.748  1792  1969 D gralloc_ranchu: gralloc_alloc: Creating ashmem region of size 9592832
03-06 20:57:02.779  1792  1792 D gralloc_ranchu: gralloc_alloc: Creating ashmem region of size 9592832
03-06 20:57:02.798  7200  7276 D EGL_emulation: eglMakeCurrent: 0xdee1ae40: ver 2 0 (tinfo 0xc2e69120)
03-06 20:57:02.800  1792  1969 D gralloc_ranchu: gralloc_alloc: Creating ashmem region of size 9592832
03-06 20:57:02.823  7200  7276 D EGL_emulation: eglMakeCurrent: 0xdee1ae40: ver 2 0 (tinfo 0xc2e69120)
03-06 20:57:03.146  7200  7276 I chatty  : uid=10134(ru.iteco.fmhandroid) RenderThread identical 33 lines
03-06 20:57:03.149  7200  7276 D EGL_emulation: eglMakeCurrent: 0xdee1ae40: ver 2 0 (tinfo 0xc2e69120)
03-06 20:57:03.157  1791  2388 E GnssHAL_GnssInterface: gnssSvStatusCb: a: input svInfo.flags is 8
03-06 20:57:03.157  1791  2388 E GnssHAL_GnssInterface: gnssSvStatusCb: b: input svInfo.flags is 8
03-06 20:57:03.163  7200  7276 D EGL_emulation: eglMakeCurrent: 0xdee1ae40: ver 2 0 (tinfo 0xc2e69120)
03-06 20:57:03.394  2026  2026 W WindowManager: removeWindowToken: Attempted to remove non-existing token: android.os.Binder@a325989
03-06 20:57:03.358  7200  7276 I chatty  : uid=10134(ru.iteco.fmhandroid) RenderThread identical 23 lines
03-06 20:57:03.371  7200  7276 D EGL_emulation: eglMakeCurrent: 0xdee1ae40: ver 2 0 (tinfo 0xc2e69120)
03-06 20:57:03.404  7200  7200 D LifecycleMonitor: Lifecycle status change: ru.iteco.fmhandroid.ui.AppActivity@ed5b897 in: STOPPED
03-06 20:57:03.404  7200  7200 V ActivityScenario: Update currentActivityStage to STOPPED, currentActivity=ru.iteco.fmhandroid.ui.AppActivity@ed5b897
03-06 20:57:03.404  7200  7200 V ActivityScenario: Activity lifecycle changed event received but ignored because the activity instance does not match. currentActivity=ru.iteco.fmhandroid.ui.AppActivity@30b9b3b, receivedActivity=ru.iteco.fmhandroid.ui.AppActivity@ed5b897
03-06 20:57:03.408  7200  7200 D LifecycleMonitor: Lifecycle status change: ru.iteco.fmhandroid.ui.AppActivity@ed5b897 in: DESTROYED
03-06 20:57:03.408  7200  7200 V ActivityScenario: Update currentActivityStage to DESTROYED, currentActivity=null
03-06 20:57:03.408  7200  7200 V ActivityScenario: Activity lifecycle changed event received but ignored because the activity instance does not match. currentActivity=ru.iteco.fmhandroid.ui.AppActivity@30b9b3b, receivedActivity=ru.iteco.fmhandroid.ui.AppActivity@ed5b897
03-06 20:57:03.462  2476  3366 W ServiceManagement: Waited one second for android.hardware.radio@1.0::IRadio/slot1
03-06 20:57:03.462  2476  3366 I ServiceManagement: getService: Trying again for android.hardware.radio@1.0::IRadio/slot1...
03-06 20:57:03.699  9917  9917 I ServiceManagement: Registered android.hardware.radio@1.1::IRadio/slot1 (start delay of 17ms)
03-06 20:57:03.699  9917  9917 I ServiceManagement: Registered android.hardware.radio.deprecated@1.0::IOemHook/slot1 (start delay of 18ms)
03-06 20:57:03.700  2476  3366 I android_os_HwBinder: HwBinder: Starting thread pool for getting: android.hardware.radio@1.0::IRadio/slot1
03-06 20:57:03.702  1676  1676 I hwservicemanager: getTransport: Cannot find entry android.hardware.radio.deprecated@1.0::IOemHook/slot1 in either framework or device manifest.
03-06 20:57:03.712  2476  2476 D MultiSimSettingController: onSubscriptionsChanged
03-06 20:57:03.712  2476  2476 D MultiSimSettingController: updateDefaults
03-06 20:57:03.712  2476  2476 D MultiSimSettingController: [updateDefaultValues] change: 0
03-06 20:57:03.712  2476  2476 D MultiSimSettingController: onDefaultDataSettingChanged
03-06 20:57:03.714  2476  2476 D MultiSimSettingController: onDefaultDataSettingChanged
03-06 20:57:03.714  2476  2476 D CallNotifier: updatePhoneStateListeners: update CF notifications.
03-06 20:57:03.714  2476  2476 I NotificationMgr: updateCfi: subId= 1, visible=N
03-06 20:57:03.715  2476  2476 I NotificationMgr: updateMwi(): subId 1 update to false
03-06 20:57:03.718  4030  4030 I Dialer  : LegacyVoicemailNotificationReceiver.onReceive - received legacy voicemail notification
03-06 20:57:03.718  4030  4030 I Dialer  : LegacyVoicemailNotificationReceiver.onReceive - isRefresh: true
03-06 20:57:03.718  4030  4030 I Dialer  : LegacyVoicemailNotificationReceiver.onReceive - clearing notification
03-06 20:57:03.718  4030  4030 I Dialer  : LegacyVoicemailNotifier.cancelNotification - enter
03-06 20:57:03.719  2476  2476 I TelecomFramework: : onSubscriptionsChanged - update accounts
03-06 20:57:03.719  2476  2476 I TelecomFramework: PstnIncomingCallNotifier: Unregistering: Handler (com.android.internal.telephony.GsmCdmaPhone) {b312827}
03-06 20:57:03.719  2476  2476 I TelecomFramework: TelecomAccountRegistry: setupAccounts: Found 1 phones.  Attempting to register.
03-06 20:57:03.719  2476  2476 I TelecomFramework: TelecomAccountRegistry: setupAccounts: Phone with subscription id 1
03-06 20:57:03.727  2026  2043 I Telecom : PhoneAccountRegistrar: Modify account: [ComponentInfo{com.android.phone/com.android.services.telephony.TelephonyConnectionService}, ***, UserHandle{0}]: TSI.rPA@CGQ
03-06 20:57:03.728  2026  2043 I Telecom : CallsManager: handlePhoneAccountChanged: phoneAccount=[[X] PhoneAccount: ComponentInfo{com.android.phone/com.android.services.telephony.TelephonyConnectionService}, ***, UserHandle{0} Capabilities: CallProvider MultiUser PlaceEmerg SimSub  Audio Routes: BESW Schemes: tel voicemail  Extras: Bundle[{android.telecom.extra.SUPPORTS_VIDEO_CALLING_FALLBACK=true}] GroupId: ***]: TSI.rPA@CGQ
03-06 20:57:03.728  2476  2476 I TelecomFramework: AccountEntry: Registered phoneAccount: [[ ] PhoneAccount: ComponentInfo{com.android.phone/com.android.services.telephony.TelephonyConnectionService}, ***, UserHandle{0} Capabilities: CallProvider MultiUser PlaceEmerg SimSub  Audio Routes: BESW Schemes: tel voicemail  Extras: Bundle[{android.telecom.extra.SUPPORTS_VIDEO_CALLING_FALLBACK=true}] GroupId: ***] with handle: ComponentInfo{com.android.phone/com.android.services.telephony.TelephonyConnectionService}, ***, UserHandle{0}
03-06 20:57:03.728  2476  2476 I TelecomFramework: PstnIncomingCallNotifier: Registering: Handler (com.android.internal.telephony.GsmCdmaPhone) {b312827}
03-06 20:57:03.731  2476  2476 D MultiSimSettingController: onSubscriptionsChanged
03-06 20:57:03.731  2476  2476 D MultiSimSettingController: updateDefaults
03-06 20:57:03.731  2476  2476 D MultiSimSettingController: [updateDefaultValues] change: 0
03-06 20:57:03.732  2476  2476 D CallNotifier: updatePhoneStateListeners: update CF notifications.
03-06 20:57:03.732  2476  2476 I NotificationMgr: updateCfi: subId= 1, visible=N
03-06 20:57:03.733  2476  2476 I NotificationMgr: updateMwi(): subId 1 update to false
03-06 20:57:03.733  2476  2476 I TelecomFramework: : onSubscriptionsChanged - update accounts
03-06 20:57:03.733  2476  2476 I TelecomFramework: PstnIncomingCallNotifier: Unregistering: Handler (com.android.internal.telephony.GsmCdmaPhone) {b312827}
03-06 20:57:03.733  2476  2476 I TelecomFramework: TelecomAccountRegistry: setupAccounts: Found 1 phones.  Attempting to register.
03-06 20:57:03.733  2476  2476 I TelecomFramework: TelecomAccountRegistry: setupAccounts: Phone with subscription id 1
03-06 20:57:03.735  4030  4030 I Dialer  : LegacyVoicemailNotificationReceiver.onReceive - received legacy voicemail notification
03-06 20:57:03.735  4030  4030 I Dialer  : LegacyVoicemailNotificationReceiver.onReceive - isRefresh: true
03-06 20:57:03.735  4030  4030 I Dialer  : LegacyVoicemailNotificationReceiver.onReceive - clearing notification
03-06 20:57:03.735  4030  4030 I Dialer  : LegacyVoicemailNotifier.cancelNotification - enter
03-06 20:57:03.739  2026  2043 I Telecom : PhoneAccountRegistrar: Modify account: [ComponentInfo{com.android.phone/com.android.services.telephony.TelephonyConnectionService}, ***, UserHandle{0}]: TSI.rPA@CGc
03-06 20:57:03.744  2026  2043 I Telecom : CallsManager: handlePhoneAccountChanged: phoneAccount=[[X] PhoneAccount: ComponentInfo{com.android.phone/com.android.services.telephony.TelephonyConnectionService}, ***, UserHandle{0} Capabilities: CallProvider MultiUser PlaceEmerg SimSub  Audio Routes: BESW Schemes: tel voicemail  Extras: Bundle[{android.telecom.extra.SUPPORTS_VIDEO_CALLING_FALLBACK=true}] GroupId: ***]: TSI.rPA@CGc
03-06 20:57:03.744  2476  2476 I TelecomFramework: AccountEntry: Registered phoneAccount: [[ ] PhoneAccount: ComponentInfo{com.android.phone/com.android.services.telephony.TelephonyConnectionService}, ***, UserHandle{0} Capabilities: CallProvider MultiUser PlaceEmerg SimSub  Audio Routes: BESW Schemes: tel voicemail  Extras: Bundle[{android.telecom.extra.SUPPORTS_VIDEO_CALLING_FALLBACK=true}] GroupId: ***] with handle: ComponentInfo{com.android.phone/com.android.services.telephony.TelephonyConnectionService}, ***, UserHandle{0}
03-06 20:57:03.745  2476  2476 I TelecomFramework: PstnIncomingCallNotifier: Registering: Handler (com.android.internal.telephony.GsmCdmaPhone) {b312827}
03-06 20:57:03.746  2476  2476 D MultiSimSettingController: onSubscriptionsChanged
03-06 20:57:03.746  2476  2476 D MultiSimSettingController: updateDefaults
03-06 20:57:03.746  2476  2476 D MultiSimSettingController: [updateDefaultValues] change: 0
03-06 20:57:03.748  2476  2476 I TelecomFramework: : onSubscriptionsChanged - update accounts
03-06 20:57:03.748  2476  2476 I TelecomFramework: PstnIncomingCallNotifier: Unregistering: Handler (com.android.internal.telephony.GsmCdmaPhone) {b312827}
03-06 20:57:03.748  2476  2476 I TelecomFramework: TelecomAccountRegistry: setupAccounts: Found 1 phones.  Attempting to register.
03-06 20:57:03.748  2476  2476 I TelecomFramework: TelecomAccountRegistry: setupAccounts: Phone with subscription id 1
03-06 20:57:03.753  2026  2043 I Telecom : PhoneAccountRegistrar: Modify account: [ComponentInfo{com.android.phone/com.android.services.telephony.TelephonyConnectionService}, ***, UserHandle{0}]: TSI.rPA@CGo
03-06 20:57:03.753  2026  2043 I Telecom : CallsManager: handlePhoneAccountChanged: phoneAccount=[[X] PhoneAccount: ComponentInfo{com.android.phone/com.android.services.telephony.TelephonyConnectionService}, ***, UserHandle{0} Capabilities: CallProvider MultiUser PlaceEmerg SimSub  Audio Routes: BESW Schemes: tel voicemail  Extras: Bundle[{android.telecom.extra.SUPPORTS_VIDEO_CALLING_FALLBACK=true}] GroupId: ***]: TSI.rPA@CGo
03-06 20:57:03.754  2476  2476 I TelecomFramework: AccountEntry: Registered phoneAccount: [[ ] PhoneAccount: ComponentInfo{com.android.phone/com.android.services.telephony.TelephonyConnectionService}, ***, UserHandle{0} Capabilities: CallProvider MultiUser PlaceEmerg SimSub  Audio Routes: BESW Schemes: tel voicemail  Extras: Bundle[{android.telecom.extra.SUPPORTS_VIDEO_CALLING_FALLBACK=true}] GroupId: ***] with handle: ComponentInfo{com.android.phone/com.android.services.telephony.TelephonyConnectionService}, ***, UserHandle{0}
