03-06 20:57:18.826  2476  2476 E PhoneInterfaceManager: [PhoneIntfMgr] getIccId: No UICC
03-06 20:57:18.811  2476  2476 I chatty  : uid=1001(radio) com.android.phone identical 4 lines
03-06 20:57:18.826  2476  2476 I TelecomFramework: PstnPhoneCapabilitiesNotifier: handleVideoCapabilitesChanged. Video capability - false
03-06 20:57:18.830  2026  4785 I Telecom : PhoneAccountRegistrar: New phone account registered: [[ ] PhoneAccount: ComponentInfo{com.android.phone/com.android.services.telephony.TelephonyConnectionService}, ***, UserHandle{0} Capabilities: CallProvider MultiUser PlaceEmerg SimSub  Audio Routes: BESW Schemes: tel voicemail  Extras: Bundle[{android.telecom.extra.SUPPORTS_VIDEO_CALLING_FALLBACK=true}] GroupId: ***]: TSI.rPA@CMw
03-06 20:57:18.830  2026  4785 I Telecom : CallsManager: Sending phone-account ComponentInfo{com.android.phone/com.android.services.telephony.TelephonyConnectionService}, ***, UserHandle{0} registered intent as user: TSI.rPA@CMw
03-06 20:57:18.831  2026  4785 I Telecom : CallsManager: Sending phone-account registered intent to default dialer: TSI.rPA@CMw
03-06 20:57:18.831  2476  2476 D CarrierConfigLoader: mHandler: 5 phoneId: 0
03-06 20:57:18.831  2476  2476 E PhoneInterfaceManager: [PhoneIntfMgr] getCarrierPackageNamesForIntent: No UICC
03-06 20:57:18.832  2476  2476 D IntentBroadcaster: Broadcasting and adding intent for rebroadcast: android.intent.action.SIM_STATE_CHANGED UNKNOWN for slotId 0
03-06 20:57:18.833  2803  2803 I rcs     : [PresencePublication] onReceive intent=Intent { act=android.intent.action.SIM_STATE_CHANGED flg=0x5000010 (has extras) }
03-06 20:57:18.833  2803  2803 I rcs     : [PresencePublication] ACTION_SIM_STATE_CHANGED INTENT_KEY_ICC_STATE=UNKNOWN
03-06 20:57:18.833  2803  2803 I rcs     : [RcsService] onReceive intent=Intent { act=android.intent.action.SIM_STATE_CHANGED flg=0x5000010 (has extras) }
03-06 20:57:18.833  2184  2184 V KeyguardUpdateMonitor: action android.intent.action.SIM_STATE_CHANGED state: UNKNOWN slotId: 0 subid: 1
03-06 20:57:18.833  2184  2184 D KeyguardUpdateMonitor: handleSimStateChange(subId=1, slotId=0, state=UNKNOWN)
03-06 20:57:18.836  2476  2476 D CarrierConfigLoader: update config for phoneId: 0 simState: UNKNOWN
03-06 20:57:18.836  2476  2476 D CarrierSvcBindHelper: update binding for phoneId: 0 simState: UNKNOWN
03-06 20:57:18.840  2476  2476 D TelephonyProvider: match current APN size:  0
03-06 20:57:18.841  2476  2476 E TelephonyProvider: iccRecords is null
03-06 20:57:18.844  2476  2476 E PhoneInterfaceManager: [PhoneIntfMgr] getIccId: No UICC
03-06 20:57:18.847  2476  2476 I VvmSimStateTracker: android.intent.action.SIM_STATE_CHANGED
03-06 20:57:18.847  2476  2476 D CarrierConfigLoader: mHandler: 0 phoneId: 0
03-06 20:57:18.848  6392  6392 I Finsky  : [2] com.google.android.finsky.simhandler.SimStateReceiver.a(6): android.intent.action.SIM_STATE_CHANGED : simState = UNKNOWN
03-06 20:57:18.849  2476  2476 D CarrierConfigLoader: Broadcast CARRIER_CONFIG_CHANGED for phone 0
03-06 20:57:18.852  4330  4330 I Bugle   : Carrier config changed. Reloading MMS config.
03-06 20:57:18.853  2476  2476 D CarrierSvcBindHelper: mHandler: 0
03-06 20:57:18.853  4113  4113 D CellBroadcastReceiver: onReceive Intent { act=android.telephony.action.CARRIER_CONFIG_CHANGED flg=0x15000010 cmp=com.android.cellbroadcastreceiver/.CellBroadcastReceiver (has extras) }
03-06 20:57:18.853  2476  2476 D CarrierSvcBindHelper: Rebinding if necessary for phoneId: 0
03-06 20:57:18.853  4113  4113 D CellBroadcastReceiver: initializeSharedPreference
03-06 20:57:18.853  2476  3978 E CarrierInfoManager: Invalid networkOperator: 
03-06 20:57:18.854  2476  2476 E PhoneInterfaceManager: [PhoneIntfMgr] getCarrierPackageNamesForIntent: No UICC
03-06 20:57:18.854  2476  2476 D CarrierSvcBindHelper: No carrier app for: 0
03-06 20:57:18.854  2476  2476 D CarrierConfigLoader: mHandler: 16 phoneId: 0
03-06 20:57:18.856  4113  4113 D CellBroadcastReceiver: Default interval 0 did not change.
03-06 20:57:18.856  4113  4113 D CellBroadcastReceiver: Start Cell Broadcast configuration.
03-06 20:57:18.856  2387  9991 I constellation: [sim_state_checker] sim state checker is disabled.
03-06 20:57:18.862  2476  2476 D CarrierConfigLoader: Broadcast CARRIER_CONFIG_CHANGED for phone 0
03-06 20:57:18.864  4330  4330 I Bugle   : Carrier config changed. Reloading MMS config.
03-06 20:57:18.864  2026  2026 I Telecom : PhoneAccountRegistrar: getSimCallManager: SimCallManager for subId 1 queried, returning: null: CM.CCCR->CM.UECNT->CM.CCCR->CM.UECNT->CM.CCCR->CM.UECNT->CM.CCCR->CM.UECNT->CM.CCCR->CM.UECNT->CM.CCCR->CM.UECNT->CM.CCCR->CM.UECNT->CM.CCCR->CM.UECNT->CM.CCCR->CM.UECNT->CM.CCCR->CM.UECNT->CM.CCCR->CM.UECNT->CM.CCCR->CM.UECNT->CM.CCCR->CM.UECNT->CM.CCCR->CM.UECNT->CM.CCCR->CM.UECNT->CM.CCCR->CM.UECNT->CM.CCCR->CM.UECNT->CM.CCCR->CM.UECNT->CM.CCCR->CM.UECNT->CM.CCCR->CM.UECNT->CM.CCCR->CM.UECNT->CM.CCCR->CM.UECNT->CM.CCCR->CM.UECNT->CM.CCCR->CM.UECNT->CM.CCCR->CM.UECNT->CM.CCCR->CM.UECNT->CM.CCCR->CM.UECNT->CM.CCCR->CM.UECNT->CM.CCCR->CM.UECNT->CM.CCCR->CM.UECNT->CM.CCCR->CM.UECNT->CM.CCCR->CM.UECNT->CM.CCCR->CM.UECNT->CM.CCCR->CM.UECNT->CM.CCCR->CM.UECNT->CM.CCCR->CM.UECNT->CM.CCCR->CM.UECNT->CM.CCCR->CM.UECNT->CM.CCCR->CM.UECNT->CM.CCCR->CM.UECNT->CM.CCCR->CM.UECNT->CM.CCCR->CM.UECNT->CM.CCCR->CM.UECNT->CM.CCCR->CM.UECNT->CM.CCCR->CM.UECNT->CM.CCCR->CM.UECNT->CM.CCCR->CM.UECNT->CM.CCCR->CM.UECNT->CM.CCCR->CM.UECNT->CM.CCCR->CM.UECNT->CM.CCCR->CM.UECNT->CM.CCCR->CM.UECNT->CM.CCCR->CM.UECNT->CM.CCCR->CM.UECNT->CM.CCCR->CM.UECNT->CM.CCCR->CM.UECNT->CM.CCCR->CM.UECNT->CM.CCCR->CM.UECNT->CM.CCCR->CM.UECNT->CM.CCCR->CM.UECNT->CM.CCCR->CM.UECNT->CM.CCCR->CM.UECNT->CM.CCCR->CM.UECNT->CM.CCCR->CM.UECNT->CM.CCCR->CM.UECNT->CM.CCCR->CM.UECNT->CM.CCCR->CM.UECNT->CM.CCCR->CM.UECNT->CM.CCCR->CM.UECNT->CM.CCCR->CM.UECNT->CM.CCCR->CM.UECNT->CM.CCCR->CM.UECNT->CM.CCCR->CM.UECNT->CM.CCCR->CM.UECNT->CM.CCCR->CM.UECNT->CM.CCCR->CM.UECNT->CM.CCCR->CM.UECNT->CM.CCCR->CM.UECNT->CM.CCCR->CM.UECNT->CM.CCCR->CM.UECNT->CM.CCCR->CM.UECNT->CM.CCCR->CM.UECNT->CM.CCCR->CM.UECNT->CM.CCCR->CM.UECNT->CM.CCCR->CM.UECNT->CM.CCCR->CM.UECNT->CM.CCCR->CM.UECNT->CM.CCCR->CM.UECNT->CM.CCCR->CM.UECNT->CM.CCCR->CM.UECNT->CM.CCCR->CM.UECNT->CM.CCCR->CM.UECNT->CM.CCCR->CM.UECNT->CM.CCCR->CM.UECNT->CM.CCCR->CM.UECNT->CM.CCCR->CM.UECNT->CM.CCCR->CM.UECNT->CM.CCCR->CM.UECNT->CM.CCCR->CM.UECNT->CM.CCCR->CM.UECNT->CM.CCCR->CM.UECNT->CM.CCCR->CM.UECNT->CM.CCCR->CM.UECNT->CM.CCCR->CM.UECNT@AD4
03-06 20:57:18.869  2026  2871 D AlarmManagerService: Kernel timezone updated to 0 minutes west of GMT
03-06 20:57:18.876  2476  3541 E CarrierInfoManager: Invalid networkOperator: 
03-06 20:57:18.887  5804  5804 I AlarmClock: AlarmInitReceiver android.intent.action.TIMEZONE_CHANGED
03-06 20:57:18.888  5804  9375 I AlarmClock: Connected Dock: null
03-06 20:57:18.888  2476  2476 I TelecomFramework: : Carrier-config changed, checking for phone account updates.
03-06 20:57:18.888  2476  2476 D OtaspSimStateReceiver: Received intent: android.telephony.action.CARRIER_CONFIG_CHANGED
03-06 20:57:18.889  5804  9375 I AlarmClock: Removing AlarmClockInfo
03-06 20:57:18.889  2026  2026 I Telecom : PhoneAccountRegistrar: getSimCallManager: SimCallManager for subId 1 queried, returning: null: CM.CCCR->CM.UECNT->CM.CCCR->CM.UECNT->CM.CCCR->CM.UECNT->CM.CCCR->CM.UECNT->CM.CCCR->CM.UECNT->CM.CCCR->CM.UECNT->CM.CCCR->CM.UECNT->CM.CCCR->CM.UECNT->CM.CCCR->CM.UECNT->CM.CCCR->CM.UECNT->CM.CCCR->CM.UECNT->CM.CCCR->CM.UECNT->CM.CCCR->CM.UECNT->CM.CCCR->CM.UECNT->CM.CCCR->CM.UECNT->CM.CCCR->CM.UECNT->CM.CCCR->CM.UECNT->CM.CCCR->CM.UECNT->CM.CCCR->CM.UECNT->CM.CCCR->CM.UECNT->CM.CCCR->CM.UECNT->CM.CCCR->CM.UECNT->CM.CCCR->CM.UECNT->CM.CCCR->CM.UECNT->CM.CCCR->CM.UECNT->CM.CCCR->CM.UECNT->CM.CCCR->CM.UECNT->CM.CCCR->CM.UECNT->CM.CCCR->CM.UECNT->CM.CCCR->CM.UECNT->CM.CCCR->CM.UECNT->CM.CCCR->CM.UECNT->CM.CCCR->CM.UECNT->CM.CCCR->CM.UECNT->CM.CCCR->CM.UECNT->CM.CCCR->CM.UECNT->CM.CCCR->CM.UECNT->CM.CCCR->CM.UECNT->CM.CCCR->CM.UECNT->CM.CCCR->CM.UECNT->CM.CCCR->CM.UECNT->CM.CCCR->CM.UECNT->CM.CCCR->CM.UECNT->CM.CCCR->CM.UECNT->CM.CCCR->CM.UECNT->CM.CCCR->CM.UECNT->CM.CCCR->CM.UECNT->CM.CCCR->CM.UECNT->CM.CCCR->CM.UECNT->CM.CCCR->CM.UECNT->CM.CCCR->CM.UECNT->CM.CCCR->CM.UECNT->CM.CCCR->CM.UECNT->CM.CCCR->CM.UECNT->CM.CCCR->CM.UECNT->CM.CCCR->CM.UECNT->CM.CCCR->CM.UECNT->CM.CCCR->CM.UECNT->CM.CCCR->CM.UECNT->CM.CCCR->CM.UECNT->CM.CCCR->CM.UECNT->CM.CCCR->CM.UECNT->CM.CCCR->CM.UECNT->CM.CCCR->CM.UECNT->CM.CCCR->CM.UECNT->CM.CCCR->CM.UECNT->CM.CCCR->CM.UECNT->CM.CCCR->CM.UECNT->CM.CCCR->CM.UECNT->CM.CCCR->CM.UECNT->CM.CCCR->CM.UECNT->CM.CCCR->CM.UECNT->CM.CCCR->CM.UECNT->CM.CCCR->CM.UECNT->CM.CCCR->CM.UECNT->CM.CCCR->CM.UECNT->CM.CCCR->CM.UECNT->CM.CCCR->CM.UECNT->CM.CCCR->CM.UECNT->CM.CCCR->CM.UECNT->CM.CCCR->CM.UECNT->CM.CCCR->CM.UECNT->CM.CCCR->CM.UECNT->CM.CCCR->CM.UECNT->CM.CCCR->CM.UECNT->CM.CCCR->CM.UECNT->CM.CCCR->CM.UECNT->CM.CCCR->CM.UECNT->CM.CCCR->CM.UECNT->CM.CCCR->CM.UECNT->CM.CCCR->CM.UECNT->CM.CCCR->CM.UECNT->CM.CCCR->CM.UECNT->CM.CCCR->CM.UECNT->CM.CCCR->CM.UECNT->CM.CCCR->CM.UECNT->CM.CCCR->CM.UECNT->CM.CCCR->CM.UECNT->CM.CCCR->CM.UECNT->CM.CCCR->CM.UECNT->CM.CCCR->CM.UECNT->CM.CCCR->CM.UECNT->CM.CCCR->CM.UECNT->CM.CCCR->CM.UECNT->CM.CCCR->CM.UECNT@AD4
03-06 20:57:18.894  5804  5804 I AlarmClock: DigitalAppWidgetProvider processing Intent { act=android.intent.action.TIMEZONE_CHANGED flg=0x21200010 cmp=com.google.android.deskclock/com.android.alarmclock.DigitalAppWidgetProvider (has extras) }
03-06 20:57:18.895  2476  2476 I TelecomFramework: : Carrier-config changed, checking for phone account updates.
03-06 20:57:18.904  2026  2026 D ConditionProviders.SCP: onReceive android.intent.action.TIMEZONE_CHANGED
03-06 20:57:18.905  2026  2026 D ConditionProviders.SCP: evaluateSubscriptionLocked cal=ScheduleCalendar[mDays={1, 2, 3, 4, 5, 6, 7}, mSchedule=ScheduleInfo{days=[1, 2, 3, 4, 5, 6, 7], startHour=22, startMinute=0, endHour=7, endMinute=0, exitAtAlarm=true, nextAlarm=Thu Jan 01 00:00:00 GMT 1970 (0)}], now=Wed Mar 06 20:57:18 GMT 2024 (1709758638905), nextUserAlarmTime=Thu Jan 01 00:00:00 GMT 1970 (0)
03-06 20:57:18.905  2026  2026 D ConditionProviders.SCP: notifyCondition condition://android/schedule?days=1.2.3.4.5.6.7&start=22.0&end=7.0&exitAtAlarm=true STATE_FALSE reason=!meetsSchedule
03-06 20:57:18.906  2026  2026 D ConditionProviders.SCP: Scheduling evaluate for Wed Mar 06 22:00:00 GMT 2024 (1709762400000), in +1h2m41s95ms, now=Wed Mar 06 20:57:18 GMT 2024 (1709758638905)
03-06 20:57:18.918  2476  2490 W System  : A resource failed to call close. 
03-06 20:57:18.926  2476  2476 D TelephonyProvider: subIdString = 1 subId = 1
03-06 20:57:18.934  2476  2476 E PhoneInterfaceManager: [PhoneIntfMgr] getIccId: No UICC
03-06 20:57:18.938  2184  2184 V KeyguardUpdateMonitor: onSubscriptionInfoChanged()
03-06 20:57:18.940  2184  2184 V KeyguardUpdateMonitor: SubInfo:{id=1, iccId=890141032[****] simSlotIndex=0 carrierId=1 displayName=T-Mobile carrierName=No service nameSource=3 iconTint=-16746133 mNumber=[****] dataRoaming=0 iconBitmap=android.graphics.Bitmap@3e3ec2f mcc 310 mnc 260mCountryIso=us isEmbedded false accessRules null cardString=890141032[****] cardId=-1 isOpportunistic false mGroupUUID=null mIsGroupDisabled=false profileClass=-1 ehplmns = null hplmns = null subscriptionType=0 mGroupOwner=null}
03-06 20:57:18.940  6392  6424 I Finsky  : [493] fpw.a(10): onSubscriptionsChanged
03-06 20:57:18.940  6392  6424 I Finsky  : [493] fpt.c(15): notifySubscriptionInfoChangedListener: DataSubscriptionInfo=null
03-06 20:57:18.944  2026  4611 D AlarmManagerService: Kernel timezone updated to 0 minutes west of GMT
03-06 20:57:18.945  2026  2123 E NetworkPolicy: Missing subscriberId for subId 1
03-06 20:57:18.946  2026  2053 I DropBoxManagerService: add tag=system_server_wtf isTagEnabled=true flags=0x2
03-06 20:57:18.946  2026  4785 I LocationAccessPolicy: Allowing com.google.android.inputmethod.latin fine because it doesn't target API 29 yet. Please fix this app. Called from TelephonyRegistry push
03-06 20:57:18.946  2026  4785 I LocationAccessPolicy: Allowing com.google.android.apps.messaging fine because it doesn't target API 29 yet. Please fix this app. Called from TelephonyRegistry push
03-06 20:57:18.947  2026  2123 W BestClock: java.time.DateTimeException: Missing NTP fix
03-06 20:57:18.948  2026  2123 W BestClock: java.time.DateTimeException: Missing NTP fix
03-06 20:57:18.948  1773  1773 I netd    : bandwidthSetGlobalAlert(2097152) <0.06ms>
03-06 20:57:18.950  4113  4113 D CellBroadcastReceiver: onReceive Intent { act=android.intent.action.SERVICE_STATE flg=0x1000010 cmp=com.android.cellbroadcastreceiver/.CellBroadcastReceiver (has extras) }
03-06 20:57:18.951  2476  2476 D ServiceStateProvider: subId=1
03-06 20:57:18.953  4165  4165 I CarrierServices: [2] ServiceStateReceiver.onReceive: Received SERVICE_STATE intent.
03-06 20:57:18.955  6392  6392 I Finsky  : [2] pxd.b(7): Jobs in database: 12-1 21-333333333 28--559038737 31-305419896 
03-06 20:57:18.955  6392  6392 I Finsky  : [2] puk.a(113): ConstraintMapping: 12-1, 21-333333333, 28--559038737, 31-305419896,  -> L: 0ms, D: 82395163ms, C: false, I: false, N: 1
03-06 20:57:18.956  6392  6392 I Finsky  : [2] com.google.android.finsky.scheduler.JobSchedulerEngine.a(42): Cancelling existing job with id: 9001
03-06 20:57:18.957  6392  6637 I Finsky  : [539] qjn.b(1): SIM removed, prefetching preloads
03-06 20:57:18.957  6392  6392 I Finsky  : [2] com.google.android.finsky.scheduler.JobSchedulerEngine.a(4): Scheduling job Id: 9000, L: 0, D: 82395163, C: false, I: false, N: 1
03-06 20:57:18.957  6392  6428 I Finsky  : [495] qjm.call(2): Prefetching preloads for account null
03-06 20:57:18.957  6392  6428 W Finsky  : [495] cwl.a(19): For unauth, use getDfeApiNonAuthenticated() instead!
03-06 20:57:18.958  6392  6428 I Finsky  : [495] qnu.a(19): No PAI stub found
03-06 20:57:18.958  6392  6428 E Finsky  : [495] qjm.call(31): Error prefetching preloads, using account=null, preloads=NULL, preloadRros=NULL, preloadGroups=NULL
03-06 20:57:18.958  6392  6428 E Finsky  : com.google.android.finsky.setup.fetchers.RawDocumentsFetchException[reason=pai_config, account=null]
03-06 20:57:18.958  6392  6428 E Finsky  : 	at qnu.a(SourceFile:19)
03-06 20:57:18.958  6392  6428 E Finsky  : 	at qjm.call(Unknown Source:2)
03-06 20:57:18.958  6392  6428 E Finsky  : 	at afxg.a(SourceFile:1)
03-06 20:57:18.958  6392  6428 E Finsky  : 	at afwi.run(SourceFile:3)
03-06 20:57:18.958  6392  6428 E Finsky  : 	at afxf.run(SourceFile:2)
03-06 20:57:18.958  6392  6428 E Finsky  : 	at java.util.concurrent.ThreadPoolExecutor.runWorker(ThreadPoolExecutor.java:1167)
03-06 20:57:18.958  6392  6428 E Finsky  : 	at java.util.concurrent.ThreadPoolExecutor$Worker.run(ThreadPoolExecutor.java:641)
03-06 20:57:18.958  6392  6428 E Finsky  : 	at unn.run(Unknown Source:7)
03-06 20:57:18.958  6392  6428 E Finsky  : 	at java.lang.Thread.run(Thread.java:919)
03-06 20:57:18.958  6392  6428 I Finsky  : [495] qjn.a(10): VpaSelectionActivity will be disabled
03-06 20:57:18.958  6392  6637 I Finsky  : [539] fpy.a(5): notifySubscriptionInfoChangedListener success.
03-06 20:57:18.966  2476  2476 I VvmSimStateTracker: android.telephony.action.CARRIER_CONFIG_CHANGED
03-06 20:57:18.966  2476  2476 I VvmSimStateTracker: Received SIM change for invalid subscription id.
03-06 20:57:18.972  4165  4218 I CarrierServices: [259] CarrierServicesReleaseApp.a: Initialized already, return.
03-06 20:57:18.974  2476  2476 D TelephonyProvider: match current APN size:  0
03-06 20:57:18.975  2476  2476 E TelephonyProvider: iccRecords is null
03-06 20:57:18.978  2476  2476 D CallNotifier: updatePhoneStateListeners: update CF notifications.
03-06 20:57:18.978  2476  2476 I NotificationMgr: updateCfi: subId= 1, visible=N
03-06 20:57:18.979  2476  2476 I NotificationMgr: updateMwi(): subId 1 update to false
03-06 20:57:18.982  2476  2476 I TelecomFramework: : onSubscriptionsChanged - update accounts
03-06 20:57:18.982  2476  2476 I TelecomFramework: PstnIncomingCallNotifier: Unregistering: Handler (com.android.internal.telephony.GsmCdmaPhone) {b312827}
03-06 20:57:18.982  2476  2476 I TelecomFramework: TelecomAccountRegistry: setupAccounts: Found 1 phones.  Attempting to register.
03-06 20:57:18.982  2476  2476 I TelecomFramework: TelecomAccountRegistry: setupAccounts: Phone with subscription id 1
03-06 20:57:18.982  2476  2476 I TelecomFramework: TelecomAccountRegistry: setupAccounts: adding default
03-06 20:57:18.983  2476  2476 E PhoneInterfaceManager: [PhoneIntfMgr] getIccId: No UICC
03-06 20:57:18.984  7200  7200 I ViewInteraction: Performing 'wait for a specific view with attribute <an instance of android.widget.TextView and view.getText() with or without transformation to match: is "Claims"> during 5000 millis.' action on view view.getRootView() to equal view
03-06 20:57:18.985  4113  4113 D CellBroadcastReceiver: onReceive Intent { act=android.telephony.action.CARRIER_CONFIG_CHANGED flg=0x15000010 cmp=com.android.cellbroadcastreceiver/.CellBroadcastReceiver (has extras) }
03-06 20:57:18.985  4113  4113 D CellBroadcastReceiver: initializeSharedPreference
03-06 20:57:18.987  4113  4113 D CellBroadcastReceiver: Default interval 0 did not change.
03-06 20:57:18.987  4113  4113 D CellBroadcastReceiver: Start Cell Broadcast configuration.
03-06 20:57:18.995  2026  2873 I Telecom : PhoneAccountRegistrar: New phone account registered: [[ ] PhoneAccount: ComponentInfo{com.android.phone/com.android.services.telephony.TelephonyConnectionService}, ***, UserHandle{0} Capabilities: CallProvider MultiUser PlaceEmerg SimSub  Audio Routes: BESW Schemes: tel voicemail  Extras: Bundle[{android.telecom.extra.SUPPORTS_VIDEO_CALLING_FALLBACK=true}] GroupId: ***]: TSI.rPA@CM4
03-06 20:57:18.996  2026  2873 I Telecom : CallsManager: Sending phone-account ComponentInfo{com.android.phone/com.android.services.telephony.TelephonyConnectionService}, ***, UserHandle{0} registered intent as user: TSI.rPA@CM4
03-06 20:57:18.996  2026  2873 I Telecom : CallsManager: Sending phone-account registered intent to default dialer: TSI.rPA@CM4
03-06 20:57:18.998  2476  2476 I TelecomFramework: AccountEntry: Registered phoneAccount: [[ ] PhoneAccount: ComponentInfo{com.android.phone/com.android.services.telephony.TelephonyConnectionService}, ***, UserHandle{0} Capabilities: CallProvider MultiUser PlaceEmerg SimSub  Audio Routes: BESW Schemes: tel voicemail  Extras: Bundle[{android.telecom.extra.SUPPORTS_VIDEO_CALLING_FALLBACK=true}] GroupId: ***] with handle: ComponentInfo{com.android.phone/com.android.services.telephony.TelephonyConnectionService}, ***, UserHandle{0}
03-06 20:57:18.998  2476  2476 I TelecomFramework: PstnIncomingCallNotifier: Registering: Handler (com.android.internal.telephony.GsmCdmaPhone) {b312827}
03-06 20:57:18.999  2476  2476 I TelecomFramework: TelecomAccountRegistry: Unregistering phone account ComponentInfo{com.android.phone/com.android.services.telephony.TelephonyConnectionService}, ***, UserHandle{0}.
03-06 20:57:19.000  2026  4785 I Telecom : CallsManager: Sending phone-account ComponentInfo{com.android.phone/com.android.services.telephony.TelephonyConnectionService}, ***, UserHandle{0} unregistered intent as user: TSI.uPA@CNE
03-06 20:57:19.000  2026  4785 I Telecom : CallsManager: Sending phone-account unregistered intent to default dialer: TSI.uPA@CNE
03-06 20:57:19.001  2476  2476 I TelecomFramework: TelecomAccountRegistry: Unregistering phone account ComponentInfo{com.android.phone/com.android.services.telephony.TelephonyConnectionService}, ***, UserHandle{0}.
03-06 20:57:19.002  2026  4785 I Telecom : CallsManager: Sending phone-account ComponentInfo{com.android.phone/com.android.services.telephony.TelephonyConnectionService}, ***, UserHandle{0} unregistered intent as user: TSI.uPA@CNI
03-06 20:57:19.002  2026  4785 I Telecom : CallsManager: Sending phone-account unregistered intent to default dialer: TSI.uPA@CNI
03-06 20:57:19.003  2476  2476 D MultiSimSettingController: onSubscriptionsChanged
03-06 20:57:19.003  2476  2476 D MultiSimSettingController: updateDefaults
03-06 20:57:19.003  2476  2476 D MultiSimSettingController: [updateDefaultValues] change: 0
03-06 20:57:19.005  2026  4785 D AlarmManagerService: Kernel timezone updated to 0 minutes west of GMT
03-06 20:57:19.010  2476  2476 D OtaspSimStateReceiver: Received intent: android.telephony.action.CARRIER_CONFIG_CHANGED
03-06 20:57:19.010  2476  2476 I TelecomFramework: PstnPhoneCapabilitiesNotifier: handleVideoCapabilitesChanged. Video capability - false
03-06 20:57:19.011  2476  2476 E PhoneInterfaceManager: [PhoneIntfMgr] getIccId: No UICC
03-06 20:57:19.019  2026  2873 I Telecom : PhoneAccountRegistrar: Modify account: [ComponentInfo{com.android.phone/com.android.services.telephony.TelephonyConnectionService}, ***, UserHandle{0}]: TSI.rPA@CNQ
03-06 20:57:19.019  2026  2873 I Telecom : CallsManager: handlePhoneAccountChanged: phoneAccount=[[X] PhoneAccount: ComponentInfo{com.android.phone/com.android.services.telephony.TelephonyConnectionService}, ***, UserHandle{0} Capabilities: CallProvider MultiUser PlaceEmerg SimSub  Audio Routes: BESW Schemes: tel voicemail  Extras: Bundle[{android.telecom.extra.SUPPORTS_VIDEO_CALLING_FALLBACK=true}] GroupId: ***]: TSI.rPA@CNQ
03-06 20:57:19.020  2476  2476 I VvmSimStateTracker: android.telephony.action.CARRIER_CONFIG_CHANGED
03-06 20:57:19.020  2476  2476 I VvmSimStateTracker: Received SIM change for invalid subscription id.
03-06 20:57:19.027  4165  4218 I CarrierServices: [259] CarrierServicesReleaseApp.a: Initialized already, return.
03-06 20:57:19.038  4030  4030 I Dialer  : LegacyVoicemailNotificationReceiver.onReceive - received legacy voicemail notification
03-06 20:57:19.038  4030  4030 I Dialer  : LegacyVoicemailNotificationReceiver.onReceive - isRefresh: true
03-06 20:57:19.038  4030  4030 I Dialer  : LegacyVoicemailNotificationReceiver.onReceive - clearing notification
03-06 20:57:19.038  4030  4030 I Dialer  : LegacyVoicemailNotifier.cancelNotification - enter
03-06 20:57:19.038  4030  4030 I Dialer  : LegacyVoicemailNotifier.cancelNotification - 'null' id, canceling all legacy voicemail notifications
03-06 20:57:19.039  2026  2873 D AlarmManagerService: Kernel timezone updated to 0 minutes west of GMT
03-06 20:57:19.044  2476  6634 D IccSmsInterfaceManager: [IccSmsInterfaceManager] Failed to add GSM cell broadcast channels range 4373 to 4378
03-06 20:57:19.045  2476  6634 D IccSmsInterfaceManager: [IccSmsInterfaceManager] Calling setCdmaBroadcastConfig with 1 configurations
03-06 20:57:19.070  2476  2476 D TelephonyProvider: subIdString = 1 subId = 1
03-06 20:57:19.077  2476  2476 E PhoneInterfaceManager: [PhoneIntfMgr] getIccId: ICC ID is null or empty.
03-06 20:57:19.080  2184  2184 V KeyguardUpdateMonitor: onSubscriptionInfoChanged()
03-06 20:57:19.082  2184  2184 V KeyguardUpdateMonitor: SubInfo:{id=1, iccId=890141032[****] simSlotIndex=0 carrierId=1 displayName=T-Mobile carrierName=Android nameSource=3 iconTint=-16746133 mNumber=[****] dataRoaming=0 iconBitmap=android.graphics.Bitmap@55c123c mcc 310 mnc 260mCountryIso=us isEmbedded false accessRules null cardString=890141032[****] cardId=-1 isOpportunistic false mGroupUUID=null mIsGroupDisabled=false profileClass=-1 ehplmns = null hplmns = null subscriptionType=0 mGroupOwner=null}
03-06 20:57:19.083  2184  2184 D KeyguardViewMediator: onSimStateChanged(subId=1, slotId=0,state=READY)
03-06 20:57:19.083  2184  2184 D KeyguardViewMediator: READY, reset state? false
03-06 20:57:19.084  2026  2123 E NetworkPolicy: Missing subscriberId for subId 1
03-06 20:57:19.085  2026  2053 I DropBoxManagerService: add tag=system_server_wtf isTagEnabled=true flags=0x2
03-06 20:57:19.085  2026  2123 W BestClock: java.time.DateTimeException: Missing NTP fix
03-06 20:57:19.086  2026  2123 W BestClock: java.time.DateTimeException: Missing NTP fix
03-06 20:57:19.087  1773  1773 I netd    : bandwidthSetGlobalAlert(2097152) <0.06ms>
03-06 20:57:19.089  2026  2873 I LocationAccessPolicy: Allowing com.google.android.inputmethod.latin fine because it doesn't target API 29 yet. Please fix this app. Called from TelephonyRegistry push
03-06 20:57:19.089  2026  2873 I LocationAccessPolicy: Allowing com.google.android.apps.messaging fine because it doesn't target API 29 yet. Please fix this app. Called from TelephonyRegistry push
03-06 20:57:19.090  4330  9992 W Bugle   : BuglePhoneNumberUtils: canonicalizeMccMnc: invalid mccmnc. mcc: null, mnc: null
03-06 20:57:19.092  4330  9992 W Bugle   : Obsolete carrier config resource: maxMessageSize res: 1048576, sys: 307200
03-06 20:57:19.092  4330  9992 W Bugle   : Obsolete carrier config resource: maxImageHeight res: 1944, sys: 480
03-06 20:57:19.092  4330  9992 W Bugle   : Obsolete carrier config resource: maxImageWidth res: 2592, sys: 640
03-06 20:57:19.093  2476  2476 D ServiceStateProvider: subId=1
03-06 20:57:19.095  4113  4113 D CellBroadcastReceiver: onReceive Intent { act=android.intent.action.SERVICE_STATE flg=0x1000010 cmp=com.android.cellbroadcastreceiver/.CellBroadcastReceiver (has extras) }
03-06 20:57:19.096  4330  9992 I Bugle   : Carrier configs loaded: Bundle[{carrier_volte_provisioned_bool=false, disable_charge_indication_bool=false, support_tdscdma_bool=false, httpSocketTimeout=60000, call_redirection_service_component_name_string=null, carrier_wfc_supports_wifi_only_bool=false, carrier_default_actions_on_default_network_available_string_array=[false: 7, true: 8], operator_selection_expand_bool=true, disable_cdma_activation_code_bool=false, simplified_network_settings_bool=false, support_tdscdma_roaming_networks_string_array=null, gps.lpp_profile=0, call_barring_visibility_bool=false, gps.es_extension_sec=0, enable_apps_string_array=null, carrier_default_wfc_ims_roaming_enabled_bool=false, cdma_nonroaming_networks_string_array=null, aliasMinChars=2, wfc_data_spn_format_idx_int=0, hide_sim_lock_settings_bool=false, drop_video_call_when_answering_audio_call_bool=false, ci_action_on_sys_update_bool=false, convert_cdma_caller_id_mmi_codes_while_roaming_on_3gpp_bool=false, support_enhanced_call_blocking_bool=true, vvm_port_number_int=0, carrier_default_wfc_ims_enabled_bool=false, dial_string_replace_string_array=null, opportunistic_network_entry_threshold_bandwidth_int=1024, gsm_nonroaming_networks_string_array=null, hide_ims_apn_bool=false, vvm_destination_number_string=, dtmf_type_enabled_bool=false, allow_video_calling_fallback_bool=true, config_ims_package_override_string=null, only_auto_select_in_home_network=false, smsToMmsTextThreshold=-1, disable_severe_when_extreme_disabled_bool=true, force_home_network_bool=false, spdi_override_string_array=null, show_wfc_location_privacy_policy_bool=false, gps.supl_es=1, enableSMSDeliveryReports=true, auto_retry_enabled_bool=false, opportunistic_network_entry_threshold_rssnr_int=45, play_call_recording_tone_bool=false, carrier_force_disable_etws_cmas_test_bool=false, call_waiting_service_class_int=1, allow_emergency_video_calls_bool=false, csp_enabled_bool=false, default_sim_call_manager_string=, wifi.passpoint_profiles_string_array=null, carrier_app_required_during_setup_bool=false, call_forwarding_blocks_while_roaming_string_array=null, emergency_notification_delay_int=-1, support_video_conference_call_bool=false, ims_dtmf_tone_delay_int=0, show_signal_strength_in_sim_status_bool=true, data_rapid_notification_bool=true, carrier_instant_lettering_escaped_chars_string=, carrier_default_wfc_ims_roaming_mode_int=2, editable_wfc_mode_bool=true, support_direct_fdn_dialing_bool=false, carrier_ut_provisioning_required_bool=false, carrier_wifi_string_array=null, treat_downgraded_video_calls_as_video_calls_bool=false, wifi_calls_can_be_hd_audio=true, support_downgrade_vt_to_audio_bool=true, cdma_enhanced_roaming_indicator_for_home_network_int_array=[1], notify_handover_video_from_lte_to_wifi_bool=false, use_otasp_for_provisioning_bool=false, always_play_remote_hold_tone_bool=false, opportunistic_network_data_switch_hysteresis_time_long=10000, maxMessageTextSize=-1, duration_blocking_disabled_after_emergency_int=7200, carrier_metered_roaming_apn_types_strings=[default, mms, dun, supl], additional_settings_call_waiting_visibility_bool=true, show_video_call_charges_alert_dialog_bool=false, carrier_network_service_wlan_package_override_string=, show_apn_setting_cdma_bool=false, use_usim_bool=false, carrier_instant_lettering_length_limit_int=64, operator_name_filter_pattern_string=, carrier_instant_lettering_invalid_chars_string=, carrier_setup_app_string=, editable_wfc_roaming_mode_bool=false, supportMmsContentDisposition=true, support_manage_ims_conference_call_bool=true, opportunistic_network_exit_threshold_rssnr_int=10, allow_non_emergency_calls_in_ecm_bool=true, allow_cdma_eri_bool=false, carrier_data_service_wlan_package_override_string=, show_carrier_data_icon_pattern_string=, use_rcs_presence_bool=false, config_telephony_use_own_number_for_voicemail_bool=false, cdma_dtmf_tone_delay_int=100, editable_voicemail_number_bool=false, carrier_data_call_apn_retry_after_disconnect_long=10000, filtered_cnap_names_string_array=null, enabledTransID=false, aliasEnabled=false, vvm_disabl
03-06 20:57:19.096  6392  6422 I Finsky  : [491] fpw.a(10): onSubscriptionsChanged
03-06 20:57:19.096  6392  6422 I Finsky  : [491] fpt.c(15): notifySubscriptionInfoChangedListener: DataSubscriptionInfo=DataSubscriptionInfo{imsiAnonymized=Optional.absent(), imsiRaw=Optional.absent(), groupIdLevel1=Optional.absent(), mccMnc=Optional.absent(), serviceProviderName=Optional.absent()}
03-06 20:57:19.099  4165  4165 I CarrierServices: [2] ServiceStateReceiver.onReceive: Received SERVICE_STATE intent.
03-06 20:57:19.105  6392  6392 I Finsky  : [2] pxd.b(7): Jobs in database: 12-1 21-333333333 28--559038737 31-305419896 
03-06 20:57:19.105  6392  6392 I Finsky  : [2] puk.a(113): ConstraintMapping: 12-1, 21-333333333, 28--559038737, 31-305419896,  -> L: 0ms, D: 82395013ms, C: false, I: false, N: 1
03-06 20:57:19.105  6392  6392 I Finsky  : [2] com.google.android.finsky.scheduler.JobSchedulerEngine.a(42): Cancelling existing job with id: 9000
03-06 20:57:19.106  6392  6392 I Finsky  : [2] com.google.android.finsky.scheduler.JobSchedulerEngine.a(4): Scheduling job Id: 9001, L: 0, D: 82395013, C: false, I: false, N: 1
03-06 20:57:19.107  6392  6637 I Finsky  : [539] qjn.b(1): SIM loaded, prefetching preloads
03-06 20:57:19.107  6392  6428 I Finsky  : [495] qjm.call(2): Prefetching preloads for account null
03-06 20:57:19.107  6392  6428 W Finsky  : [495] cwl.a(19): For unauth, use getDfeApiNonAuthenticated() instead!
03-06 20:57:19.107  6392  6428 I Finsky  : [495] qnu.a(19): No PAI stub found
03-06 20:57:19.107  6392  6428 E Finsky  : [495] qjm.call(31): Error prefetching preloads, using account=null, preloads=NULL, preloadRros=NULL, preloadGroups=NULL
03-06 20:57:19.107  6392  6428 E Finsky  : com.google.android.finsky.setup.fetchers.RawDocumentsFetchException[reason=pai_config, account=null]
03-06 20:57:19.107  6392  6428 E Finsky  : 	at qnu.a(SourceFile:19)
03-06 20:57:19.107  6392  6428 E Finsky  : 	at qjm.call(Unknown Source:2)
03-06 20:57:19.107  6392  6428 E Finsky  : 	at afxg.a(SourceFile:1)
03-06 20:57:19.107  6392  6428 E Finsky  : 	at afwi.run(SourceFile:3)
03-06 20:57:19.107  6392  6428 E Finsky  : 	at afxf.run(SourceFile:2)
03-06 20:57:19.107  6392  6428 E Finsky  : 	at java.util.concurrent.ThreadPoolExecutor.runWorker(ThreadPoolExecutor.java:1167)
03-06 20:57:19.107  6392  6428 E Finsky  : 	at java.util.concurrent.ThreadPoolExecutor$Worker.run(ThreadPoolExecutor.java:641)
03-06 20:57:19.107  6392  6428 E Finsky  : 	at unn.run(Unknown Source:7)
03-06 20:57:19.107  6392  6428 E Finsky  : 	at java.lang.Thread.run(Thread.java:919)
03-06 20:57:19.107  6392  6428 I Finsky  : [495] qjn.a(10): VpaSelectionActivity will be disabled
03-06 20:57:19.108  6392  6428 I Finsky  : [495] qoh.a(3): PAI late SIM : experiment enabled = false
03-06 20:57:19.108  6392  6637 I Finsky  : [539] fpy.a(5): notifySubscriptionInfoChangedListener success.
03-06 20:57:19.115  2476  6634 D IccSmsInterfaceManager: [IccSmsInterfaceManager] Failed to add cdma broadcast channels range 4098 to 4098
03-06 20:57:19.119  2476  6634 D IccSmsInterfaceManager: [IccSmsInterfaceManager] Calling setGsmBroadcastConfig with 1 configurations
03-06 20:57:19.130  2476  2490 W System  : A resource failed to call close. 
03-06 20:57:19.135  2476  2476 D IntentBroadcaster: Broadcasting and adding intent for rebroadcast: android.intent.action.SIM_STATE_CHANGED READY for slotId 0
03-06 20:57:19.136  2803  2803 I rcs     : [PresencePublication] onReceive intent=Intent { act=android.intent.action.SIM_STATE_CHANGED flg=0x5000010 (has extras) }
03-06 20:57:19.136  2803  2803 I rcs     : [PresencePublication] ACTION_SIM_STATE_CHANGED INTENT_KEY_ICC_STATE=READY
03-06 20:57:19.136  2803  2803 I rcs     : [RcsService] onReceive intent=Intent { act=android.intent.action.SIM_STATE_CHANGED flg=0x5000010 (has extras) }
03-06 20:57:19.137  2184  2184 V KeyguardUpdateMonitor: action android.intent.action.SIM_STATE_CHANGED state: READY slotId: 0 subid: 1
03-06 20:57:19.137  2184  2184 D KeyguardUpdateMonitor: handleSimStateChange(subId=1, slotId=0, state=READY)
03-06 20:57:19.146  2476  2476 D CallNotifier: updatePhoneStateListeners: update CF notifications.
03-06 20:57:19.146  2476  2476 I NotificationMgr: updateCfi: subId= 1, visible=N
03-06 20:57:19.146  2476  2476 I NotificationMgr: updateMwi(): subId 1 update to false
03-06 20:57:19.148  2476  2476 I TelecomFramework: : onSubscriptionsChanged - update accounts
03-06 20:57:19.148  2476  2476 I TelecomFramework: PstnIncomingCallNotifier: Unregistering: Handler (com.android.internal.telephony.GsmCdmaPhone) {b312827}
03-06 20:57:19.148  2476  2476 I TelecomFramework: TelecomAccountRegistry: setupAccounts: Found 1 phones.  Attempting to register.
03-06 20:57:19.148  2476  2476 I TelecomFramework: TelecomAccountRegistry: setupAccounts: Phone with subscription id 1
03-06 20:57:19.149  2476  2476 I TelecomFramework: TelecomAccountRegistry: setupAccounts: adding default
03-06 20:57:19.150  2476  2476 E PhoneInterfaceManager: [PhoneIntfMgr] getIccId: ICC ID is null or empty.
03-06 20:57:19.150  4030  4030 I Dialer  : LegacyVoicemailNotificationReceiver.onReceive - received legacy voicemail notification
03-06 20:57:19.150  4030  4030 I Dialer  : LegacyVoicemailNotificationReceiver.onReceive - isRefresh: true
03-06 20:57:19.150  4030  4030 I Dialer  : LegacyVoicemailNotificationReceiver.onReceive - clearing notification
03-06 20:57:19.150  4030  4030 I Dialer  : LegacyVoicemailNotifier.cancelNotification - enter
03-06 20:57:19.150  4030  4030 I Dialer  : LegacyVoicemailNotifier.cancelNotification - 'null' id, canceling all legacy voicemail notifications
03-06 20:57:19.160  2026  2873 I Telecom : PhoneAccountRegistrar: Modify account: [ComponentInfo{com.android.phone/com.android.services.telephony.TelephonyConnectionService}, ***, UserHandle{0}]: TSI.rPA@CNU
03-06 20:57:19.160  2026  2873 I Telecom : CallsManager: handlePhoneAccountChanged: phoneAccount=[[X] PhoneAccount: ComponentInfo{com.android.phone/com.android.services.telephony.TelephonyConnectionService}, ***, UserHandle{0} Capabilities: CallProvider MultiUser PlaceEmerg SimSub  Audio Routes: BESW Schemes: tel voicemail  Extras: Bundle[{android.telecom.extra.SUPPORTS_VIDEO_CALLING_FALLBACK=true}] GroupId: ***]: TSI.rPA@CNU
03-06 20:57:19.160  2476  2476 I TelecomFramework: AccountEntry: Registered phoneAccount: [[ ] PhoneAccount: ComponentInfo{com.android.phone/com.android.services.telephony.TelephonyConnectionService}, ***, UserHandle{0} Capabilities: CallProvider MultiUser PlaceEmerg SimSub  Audio Routes: BESW Schemes: tel voicemail  Extras: Bundle[{android.telecom.extra.SUPPORTS_VIDEO_CALLING_FALLBACK=true}] GroupId: ***] with handle: ComponentInfo{com.android.phone/com.android.services.telephony.TelephonyConnectionService}, ***, UserHandle{0}
03-06 20:57:19.161  2476  2476 I TelecomFramework: PstnIncomingCallNotifier: Registering: Handler (com.android.internal.telephony.GsmCdmaPhone) {b312827}
03-06 20:57:19.162  2476  2476 D MultiSimSettingController: onSubscriptionsChanged
03-06 20:57:19.162  2476  2476 D MultiSimSettingController: updateDefaults
03-06 20:57:19.163  2476  2476 D MultiSimSettingController: [updateDefaultValues] change: 0
03-06 20:57:19.164  2476  2476 I TelecomFramework: PstnIncomingCallNotifier: Unregistering: Handler (com.android.internal.telephony.GsmCdmaPhone) {b312827}
03-06 20:57:19.164  2476  2476 I TelecomFramework: TelecomAccountRegistry: setupAccounts: Found 1 phones.  Attempting to register.
03-06 20:57:19.164  2476  2476 I TelecomFramework: TelecomAccountRegistry: setupAccounts: Phone with subscription id 1
03-06 20:57:19.164  2476  2476 I TelecomFramework: TelecomAccountRegistry: setupAccounts: adding default
03-06 20:57:19.164  2476  2476 E PhoneInterfaceManager: [PhoneIntfMgr] getIccId: ICC ID is null or empty.
03-06 20:57:19.170  1791  2388 E GnssHAL_GnssInterface: gnssSvStatusCb: a: input svInfo.flags is 8
03-06 20:57:19.170  1791  2388 E GnssHAL_GnssInterface: gnssSvStatusCb: b: input svInfo.flags is 8
03-06 20:57:19.174  2026  2873 I Telecom : PhoneAccountRegistrar: Modify account: [ComponentInfo{com.android.phone/com.android.services.telephony.TelephonyConnectionService}, ***, UserHandle{0}]: TSI.rPA@CNg
03-06 20:57:19.174  2026  2873 I Telecom : CallsManager: handlePhoneAccountChanged: phoneAccount=[[X] PhoneAccount: ComponentInfo{com.android.phone/com.android.services.telephony.TelephonyConnectionService}, ***, UserHandle{0} Capabilities: CallProvider MultiUser PlaceEmerg SimSub  Audio Routes: BESW Schemes: tel voicemail  Extras: Bundle[{android.telecom.extra.SUPPORTS_VIDEO_CALLING_FALLBACK=true}] GroupId: ***]: TSI.rPA@CNg
03-06 20:57:19.174  2476  2476 I TelecomFramework: AccountEntry: Registered phoneAccount: [[ ] PhoneAccount: ComponentInfo{com.android.phone/com.android.services.telephony.TelephonyConnectionService}, ***, UserHandle{0} Capabilities: CallProvider MultiUser PlaceEmerg SimSub  Audio Routes: BESW Schemes: tel voicemail  Extras: Bundle[{android.telecom.extra.SUPPORTS_VIDEO_CALLING_FALLBACK=true}] GroupId: ***] with handle: ComponentInfo{com.android.phone/com.android.services.telephony.TelephonyConnectionService}, ***, UserHandle{0}
03-06 20:57:19.174  2476  2476 I TelecomFramework: PstnIncomingCallNotifier: Registering: Handler (com.android.internal.telephony.GsmCdmaPhone) {b312827}
03-06 20:57:19.210  2476  6634 D IccSmsInterfaceManager: [IccSmsInterfaceManager] Failed to add GSM cell broadcast channels range 4386 to 4391
03-06 20:57:19.215  2476  2476 I VvmSimStateTracker: android.intent.action.SIM_STATE_CHANGED
03-06 20:57:19.218  6392  6392 I Finsky  : [2] com.google.android.finsky.simhandler.SimStateReceiver.a(6): android.intent.action.SIM_STATE_CHANGED : simState = READY
03-06 20:57:19.220  2476  6634 D IccSmsInterfaceManager: [IccSmsInterfaceManager] Calling setGsmBroadcastConfig with 1 configurations
03-06 20:57:19.224  2387  8508 I constellation: [sim_state_checker] sim state checker is disabled.
03-06 20:57:19.227  2476  2476 E PhoneInterfaceManager: [PhoneIntfMgr] getIccId: ICC ID is null or empty.
03-06 20:57:19.229  2476  2476 I TelecomFramework: PstnPhoneCapabilitiesNotifier: handleVideoCapabilitesChanged. Video capability - false
03-06 20:57:19.231  2476  2476 I TelecomFramework: PstnPhoneCapabilitiesNotifier: handleVideoCapabilitesChanged. Video capability - false
03-06 20:57:19.239  2026  4611 I Telecom : PhoneAccountRegistrar: Modify account: [ComponentInfo{com.android.phone/com.android.services.telephony.TelephonyConnectionService}, ***, UserHandle{0}]: TSI.rPA@CNs
03-06 20:57:19.240  2026  4611 I Telecom : CallsManager: handlePhoneAccountChanged: phoneAccount=[[X] PhoneAccount: ComponentInfo{com.android.phone/com.android.services.telephony.TelephonyConnectionService}, ***, UserHandle{0} Capabilities: CallProvider MultiUser PlaceEmerg SimSub  Audio Routes: BESW Schemes: tel voicemail  Extras: Bundle[{android.telecom.extra.SUPPORTS_VIDEO_CALLING_FALLBACK=true}] GroupId: ***]: TSI.rPA@CNs
03-06 20:57:19.231  2476  2476 E PhoneInterfaceManager: [PhoneIntfMgr] getIccId: ICC ID is null or empty.
03-06 20:57:19.246  2476  2476 I CallNotifier: onCallForwardingIndicatorChanged(): subId=1, visible=N
03-06 20:57:19.246  2476  2476 D CallNotifier: updatePhoneStateListeners: update CF notifications.
03-06 20:57:19.246  2476  2476 I NotificationMgr: updateCfi: subId= 1, visible=N
03-06 20:57:19.247  2476  2476 I NotificationMgr: updateMwi(): subId 1 update to false
03-06 20:57:19.250  4030  4030 I Dialer  : LegacyVoicemailNotificationReceiver.onReceive - received legacy voicemail notification
03-06 20:57:19.250  4030  4030 I Dialer  : LegacyVoicemailNotificationReceiver.onReceive - isRefresh: true
03-06 20:57:19.250  4030  4030 I Dialer  : LegacyVoicemailNotificationReceiver.onReceive - clearing notification
03-06 20:57:19.250  4030  4030 I Dialer  : LegacyVoicemailNotifier.cancelNotification - enter
03-06 20:57:19.250  4030  4030 I Dialer  : LegacyVoicemailNotifier.cancelNotification - 'null' id, canceling all legacy voicemail notifications
03-06 20:57:19.250  2476  6634 D IccSmsInterfaceManager: [IccSmsInterfaceManager] Failed to add GSM cell broadcast channels range 4379 to 4379
03-06 20:57:19.253  2476  6634 D IccSmsInterfaceManager: [IccSmsInterfaceManager] Calling setCdmaBroadcastConfig with 1 configurations
03-06 20:57:19.257  2476  2476 D MccTable: updateMccMncConfiguration mccmnc='310260
03-06 20:57:19.257  2476  2476 D MccTable: updateMccMncConfiguration: mcc=310, mnc=260
03-06 20:57:19.259  2026  4611 D AlarmManagerService: Kernel timezone updated to 300 minutes west of GMT
03-06 20:57:19.261  2026  2026 D ConditionProviders.SCP: onReceive android.intent.action.TIMEZONE_CHANGED
03-06 20:57:19.262  2026  2026 D ConditionProviders.SCP: evaluateSubscriptionLocked cal=ScheduleCalendar[mDays={1, 2, 3, 4, 5, 6, 7}, mSchedule=ScheduleInfo{days=[1, 2, 3, 4, 5, 6, 7], startHour=22, startMinute=0, endHour=7, endMinute=0, exitAtAlarm=true, nextAlarm=Wed Dec 31 19:00:00 EST 1969 (0)}], now=Wed Mar 06 15:57:19 EST 2024 (1709758639262), nextUserAlarmTime=Wed Dec 31 19:00:00 EST 1969 (0)
03-06 20:57:19.262  2026  2026 D ConditionProviders.SCP: notifyCondition condition://android/schedule?days=1.2.3.4.5.6.7&start=22.0&end=7.0&exitAtAlarm=true STATE_FALSE reason=!meetsSchedule
03-06 20:57:19.263  2026  2026 D ConditionProviders.SCP: Scheduling evaluate for Wed Mar 06 22:00:00 EST 2024 (1709780400000), in +6h2m40s738ms, now=Wed Mar 06 15:57:19 EST 2024 (1709758639262)
03-06 20:57:19.264  2476  2476 D MccTable: timezone set to America/New_York
03-06 20:57:19.264  2476  2476 D MccTable: updateMccMncConfiguration updateConfig config={0.0 310mcc260mnc ?localeList ?layoutDir ?swdp ?wdp ?hdp ?density ?lsize ?long ?ldr ?wideColorGamut ?orien ?uimode ?night ?touch ?keyb/?/? ?nav/? winConfig={ mBounds=Rect(0, 0 - 0, 0) mAppBounds=null mWindowingMode=undefined mDisplayWindowingMode=undefined mActivityType=undefined mAlwaysOnTop=undefined mRotation=undefined}}
03-06 20:57:19.280  2476  6634 D IccSmsInterfaceManager: [IccSmsInterfaceManager] Failed to add cdma broadcast channels range 4099 to 4099
03-06 20:57:19.282  5804  5804 I AlarmClock: AlarmInitReceiver android.intent.action.TIMEZONE_CHANGED
03-06 20:57:19.283  2476  6634 D IccSmsInterfaceManager: [IccSmsInterfaceManager] Calling setGsmBroadcastConfig with 1 configurations
03-06 20:57:19.284  5804 10023 I AlarmClock: Connected Dock: null
03-06 20:57:19.285  5804 10023 I AlarmClock: Removing AlarmClockInfo
03-06 20:57:19.292  5804  5804 I AlarmClock: DigitalAppWidgetProvider processing Intent { act=android.intent.action.TIMEZONE_CHANGED flg=0x21200010 cmp=com.google.android.deskclock/com.android.alarmclock.DigitalAppWidgetProvider (has extras) }
03-06 20:57:19.319  2476  2476 D TelephonyProvider: match current APN size:  12
03-06 20:57:19.319  2476  2476 D TelephonyProvider: match MNO APN: 5
03-06 20:57:19.320  2476  2476 D TelephonyProvider: subIdString = 1 subId = 1
03-06 20:57:19.320  2476  2476 D TelephonyProvider: getPreferredApnIdFromApn: for subId 1
03-06 20:57:19.322  2476  2476 D TelephonyProvider: subIdString = 1 subId = 1
03-06 20:57:19.322  2476  2476 D TelephonyProvider: getPreferredApnIdFromApn: for subId 1
03-06 20:57:19.325  2476  2476 D TelephonyProvider: subIdString = 1 subId = 1
03-06 20:57:19.325  2476  2476 D TelephonyProvider: getPreferredApnIdFromApn: for subId 1
03-06 20:57:19.330  2476  2476 D TelephonyProvider: subIdString = 1 subId = 1
03-06 20:57:19.330  2476  2476 D TelephonyProvider: getPreferredApnIdFromApn: for subId 1
03-06 20:57:19.332  2476  2476 D TelephonyProvider: subIdString = 1 subId = 1
03-06 20:57:19.332  2476  2476 D TelephonyProvider: getPreferredApnIdFromApn: for subId 1
03-06 20:57:19.334  2476  2476 D TelephonyProvider: subIdString = 1 subId = 1
03-06 20:57:19.334  2476  2476 D TelephonyProvider: getPreferredApnIdFromApn: for subId 1
03-06 20:57:19.336  2476  2476 D TelephonyProvider: subIdString = 1 subId = 1
03-06 20:57:19.336  2476  2476 D TelephonyProvider: getPreferredApnIdFromApn: for subId 1
03-06 20:57:19.341  2476  2476 D TelephonyProvider: subIdString = 1 subId = 1
03-06 20:57:19.341  2476  2476 D TelephonyProvider: getPreferredApnIdFromApn: for subId 1
03-06 20:57:19.347  2476  3373 D TelephonyProvider: subIdString = 1 subId = 1
03-06 20:57:19.347  2476  3373 D TelephonyProvider: getPreferredApnIdFromApn: for subId 1
03-06 20:57:19.352 10016 10016 F libc    : Fatal signal 11 (SIGSEGV), code 1 (SEGV_MAPERR), fault addr 0xa in tid 10016 (rild), pid 10016 (rild)
03-06 20:57:19.353  2476  2476 D TelephonyProvider: subIdString = 1 subId = 1
03-06 20:57:19.358 10034 10034 I crash_dump32: obtaining output fd from tombstoned, type: kDebuggerdTombstone
03-06 20:57:19.358  1864  1864 I /system/bin/tombstoned: received crash request for pid 10016
03-06 20:57:19.358 10034 10034 I crash_dump32: performing dump of process 10016 (target tid = 10016)
03-06 20:57:19.359 10034 10034 F DEBUG   : *** *** *** *** *** *** *** *** *** *** *** *** *** *** *** ***
03-06 20:57:19.359 10034 10034 F DEBUG   : Build fingerprint: 'google/sdk_gphone_x86/generic_x86:10/QSR1.190920.001/5891938:user/release-keys'
03-06 20:57:19.359 10034 10034 F DEBUG   : Revision: '0'
03-06 20:57:19.359 10034 10034 F DEBUG   : ABI: 'x86'
03-06 20:57:19.359 10034 10034 F DEBUG   : Timestamp: 2024-03-06 15:57:19-0500
03-06 20:57:19.359 10034 10034 F DEBUG   : pid: 10016, tid: 10016, name: rild  >>> /vendor/bin/hw/rild <<<
03-06 20:57:19.359 10034 10034 F DEBUG   : uid: 1001
03-06 20:57:19.359 10034 10034 F DEBUG   : signal 11 (SIGSEGV), code 1 (SEGV_MAPERR), fault addr 0xa
03-06 20:57:19.359 10034 10034 F DEBUG   : Cause: null pointer dereference
03-06 20:57:19.359 10034 10034 F DEBUG   :     eax ee4eb403  ebx eeba40e4  ecx 0000000a  edx 0000000a
03-06 20:57:19.359 10034 10034 F DEBUG   :     edi 0000000a  esi ffebba48
03-06 20:57:19.359 10034 10034 F DEBUG   :     ebp ffebba78  esp ffebba2c  eip eefd2a62
03-06 20:57:19.366  2184  2184 V KeyguardUpdateMonitor: onSubscriptionInfoChanged()
03-06 20:57:19.367 10034 10034 F DEBUG   : 
03-06 20:57:19.367 10034 10034 F DEBUG   : backtrace:
03-06 20:57:19.367 10034 10034 F DEBUG   :       #00 pc 00090a62  /apex/com.android.runtime/lib/bionic/libc.so (strlen_generic+18) (BuildId: 76290498408016ad14f4b98c3ab6c65c)
03-06 20:57:19.367 10034 10034 F DEBUG   :       #01 pc 00030dda  /vendor/lib/libril.so (convertRilDataCallToHal(RIL_Data_Call_Response_v11*, android::hardware::radio::V1_0::SetupDataCallResult&)+298) (BuildId: 4aeb9b9e6267ba7c4d9f952da87091a5)
03-06 20:57:19.367 10034 10034 F DEBUG   :       #02 pc 00030a9e  /vendor/lib/libril.so (radio::setupDataCallResponse(int, int, int, RIL_Errno, void*, unsigned int)+270) (BuildId: 4aeb9b9e6267ba7c4d9f952da87091a5)
03-06 20:57:19.367 10034 10034 F DEBUG   :       #03 pc 000223e7  /vendor/lib/libril.so (RIL_onRequestComplete+295) (BuildId: 4aeb9b9e6267ba7c4d9f952da87091a5)
03-06 20:57:19.367 10034 10034 F DEBUG   :       #04 pc 00010595  /vendor/lib/libgoldfish-ril.so (requestOrSendDataCallList+181) (BuildId: 11f26e2e312eda4514be88afc42925aa)
03-06 20:57:19.367 10034 10034 F DEBUG   :       #05 pc 0001358f  /vendor/lib/libgoldfish-ril.so (onRequest+9343) (BuildId: 11f26e2e312eda4514be88afc42925aa)
03-06 20:57:19.367 10034 10034 F DEBUG   :       #06 pc 00024513  /vendor/lib/libril.so (dispatchStrings(int, int, int, bool, int, ...)+259) (BuildId: 4aeb9b9e6267ba7c4d9f952da87091a5)
03-06 20:57:19.367 10034 10034 F DEBUG   :       #07 pc 00026339  /vendor/lib/libril.so (RadioImpl::setupDataCall(int, android::hardware::radio::V1_0::RadioTechnology, android::hardware::radio::V1_0::DataProfileInfo const&, bool, bool, bool)+521) (BuildId: 4aeb9b9e6267ba7c4d9f952da87091a5)
03-06 20:57:19.367 10034 10034 F DEBUG   :       #08 pc 00098c73  /system/lib/vndk-29/android.hardware.radio@1.0.so (android::hardware::radio::V1_0::BnHwRadio::_hidl_setupDataCall(android::hidl::base::V1_0::BnHwBase*, android::hardware::Parcel const&, android::hardware::Parcel*, std::__1::function<void (android::hardware::Parcel&)>)+419) (BuildId: b93c3e4da35ce72bc87e94c6240d3759)
03-06 20:57:19.367 10034 10034 F DEBUG   :       #09 pc 00070046  /system/lib/vndk-29/android.hardware.radio@1.1.so (android::hardware::radio::V1_1::BnHwRadio::onTransact(unsigned int, android::hardware::Parcel const&, android::hardware::Parcel*, unsigned int, std::__1::function<void (android::hardware::Parcel&)>)+12678) (BuildId: 3afdfbc61f24b3696c178b185465fa20)
