03-06 20:57:03.754  2476  2476 I TelecomFramework: PstnIncomingCallNotifier: Registering: Handler (com.android.internal.telephony.GsmCdmaPhone) {b312827}
03-06 20:57:03.757  2476  2476 D CallNotifier: updatePhoneStateListeners: update CF notifications.
03-06 20:57:03.757  2476  2476 I NotificationMgr: updateCfi: subId= 1, visible=N
03-06 20:57:03.758  2476  2476 I NotificationMgr: updateMwi(): subId 1 update to false
03-06 20:57:03.759  2476  2476 D MultiSimSettingController: onSubscriptionsChanged
03-06 20:57:03.759  2476  2476 D MultiSimSettingController: updateDefaults
03-06 20:57:03.760  2476  2476 D MultiSimSettingController: [updateDefaultValues] change: 0
03-06 20:57:03.760  2476  2476 D CallNotifier: updatePhoneStateListeners: update CF notifications.
03-06 20:57:03.760  2476  2476 I NotificationMgr: updateCfi: subId= 1, visible=N
03-06 20:57:03.760  2476  2476 I NotificationMgr: updateMwi(): subId 1 update to false
03-06 20:57:03.761  2476  2476 I TelecomFramework: : onSubscriptionsChanged - update accounts
03-06 20:57:03.761  2476  2476 I TelecomFramework: PstnIncomingCallNotifier: Unregistering: Handler (com.android.internal.telephony.GsmCdmaPhone) {b312827}
03-06 20:57:03.761  2476  2476 I TelecomFramework: TelecomAccountRegistry: setupAccounts: Found 1 phones.  Attempting to register.
03-06 20:57:03.761  2476  2476 I TelecomFramework: TelecomAccountRegistry: setupAccounts: Phone with subscription id 1
03-06 20:57:03.762  4030  4030 I Dialer  : LegacyVoicemailNotificationReceiver.onReceive - received legacy voicemail notification
03-06 20:57:03.762  4030  4030 I Dialer  : LegacyVoicemailNotificationReceiver.onReceive - isRefresh: true
03-06 20:57:03.762  4030  4030 I Dialer  : LegacyVoicemailNotificationReceiver.onReceive - clearing notification
03-06 20:57:03.762  4030  4030 I Dialer  : LegacyVoicemailNotifier.cancelNotification - enter
03-06 20:57:03.764  4030  4030 I Dialer  : LegacyVoicemailNotificationReceiver.onReceive - received legacy voicemail notification
03-06 20:57:03.764  4030  4030 I Dialer  : LegacyVoicemailNotificationReceiver.onReceive - isRefresh: true
03-06 20:57:03.764  4030  4030 I Dialer  : LegacyVoicemailNotificationReceiver.onReceive - clearing notification
03-06 20:57:03.764  4030  4030 I Dialer  : LegacyVoicemailNotifier.cancelNotification - enter
03-06 20:57:03.768  2476  2490 W System  : A resource failed to call close. 
03-06 20:57:03.775  2026  2043 I Telecom : PhoneAccountRegistrar: Modify account: [ComponentInfo{com.android.phone/com.android.services.telephony.TelephonyConnectionService}, ***, UserHandle{0}]: TSI.rPA@CG0
03-06 20:57:03.776  2026  2043 I Telecom : CallsManager: handlePhoneAccountChanged: phoneAccount=[[X] PhoneAccount: ComponentInfo{com.android.phone/com.android.services.telephony.TelephonyConnectionService}, ***, UserHandle{0} Capabilities: CallProvider MultiUser PlaceEmerg SimSub  Audio Routes: BESW Schemes: tel voicemail  Extras: Bundle[{android.telecom.extra.SUPPORTS_VIDEO_CALLING_FALLBACK=true}] GroupId: ***]: TSI.rPA@CG0
03-06 20:57:03.776  2476  2476 I TelecomFramework: AccountEntry: Registered phoneAccount: [[ ] PhoneAccount: ComponentInfo{com.android.phone/com.android.services.telephony.TelephonyConnectionService}, ***, UserHandle{0} Capabilities: CallProvider MultiUser PlaceEmerg SimSub  Audio Routes: BESW Schemes: tel voicemail  Extras: Bundle[{android.telecom.extra.SUPPORTS_VIDEO_CALLING_FALLBACK=true}] GroupId: ***] with handle: ComponentInfo{com.android.phone/com.android.services.telephony.TelephonyConnectionService}, ***, UserHandle{0}
03-06 20:57:03.776  2476  2476 I TelecomFramework: PstnIncomingCallNotifier: Registering: Handler (com.android.internal.telephony.GsmCdmaPhone) {b312827}
03-06 20:57:03.780  2476  2476 D MultiSimSettingController: onSubscriptionsChanged
03-06 20:57:03.780  2476  2476 D MultiSimSettingController: updateDefaults
03-06 20:57:03.780  2476  2476 D MultiSimSettingController: [updateDefaultValues] change: 0
03-06 20:57:03.781  2476  2476 D CallNotifier: updatePhoneStateListeners: update CF notifications.
03-06 20:57:03.781  2476  2476 I NotificationMgr: updateCfi: subId= 1, visible=N
03-06 20:57:03.782  2476  2476 I NotificationMgr: updateMwi(): subId 1 update to false
03-06 20:57:03.785  4030  4030 I Dialer  : LegacyVoicemailNotificationReceiver.onReceive - received legacy voicemail notification
03-06 20:57:03.785  4030  4030 I Dialer  : LegacyVoicemailNotificationReceiver.onReceive - isRefresh: true
03-06 20:57:03.785  4030  4030 I Dialer  : LegacyVoicemailNotificationReceiver.onReceive - clearing notification
03-06 20:57:03.785  4030  4030 I Dialer  : LegacyVoicemailNotifier.cancelNotification - enter
03-06 20:57:03.786  2476  2476 I TelecomFramework: : onSubscriptionsChanged - update accounts
03-06 20:57:03.786  2476  2476 I TelecomFramework: PstnIncomingCallNotifier: Unregistering: Handler (com.android.internal.telephony.GsmCdmaPhone) {b312827}
03-06 20:57:03.786  2476  2476 I TelecomFramework: TelecomAccountRegistry: setupAccounts: Found 1 phones.  Attempting to register.
03-06 20:57:03.786  2476  2476 I TelecomFramework: TelecomAccountRegistry: setupAccounts: Phone with subscription id 1
03-06 20:57:03.798  2026  2043 I Telecom : PhoneAccountRegistrar: Modify account: [ComponentInfo{com.android.phone/com.android.services.telephony.TelephonyConnectionService}, ***, UserHandle{0}]: TSI.rPA@CHA
03-06 20:57:03.798  2026  2043 I Telecom : CallsManager: handlePhoneAccountChanged: phoneAccount=[[X] PhoneAccount: ComponentInfo{com.android.phone/com.android.services.telephony.TelephonyConnectionService}, ***, UserHandle{0} Capabilities: CallProvider MultiUser PlaceEmerg SimSub  Audio Routes: BESW Schemes: tel voicemail  Extras: Bundle[{android.telecom.extra.SUPPORTS_VIDEO_CALLING_FALLBACK=true}] GroupId: ***]: TSI.rPA@CHA
03-06 20:57:03.799  2476  2476 I TelecomFramework: AccountEntry: Registered phoneAccount: [[ ] PhoneAccount: ComponentInfo{com.android.phone/com.android.services.telephony.TelephonyConnectionService}, ***, UserHandle{0} Capabilities: CallProvider MultiUser PlaceEmerg SimSub  Audio Routes: BESW Schemes: tel voicemail  Extras: Bundle[{android.telecom.extra.SUPPORTS_VIDEO_CALLING_FALLBACK=true}] GroupId: ***] with handle: ComponentInfo{com.android.phone/com.android.services.telephony.TelephonyConnectionService}, ***, UserHandle{0}
03-06 20:57:03.799  2476  2476 I TelecomFramework: PstnIncomingCallNotifier: Registering: Handler (com.android.internal.telephony.GsmCdmaPhone) {b312827}
03-06 20:57:03.802  2476  2476 D MultiSimSettingController: onSubscriptionsChanged
03-06 20:57:03.802  2476  2476 D MultiSimSettingController: updateDefaults
03-06 20:57:03.802  2476  2476 D MultiSimSettingController: [updateDefaultValues] change: 0
03-06 20:57:03.804  2476  2476 I VvmSimStateTracker: android.intent.action.SIM_STATE_CHANGED
03-06 20:57:03.806  6392  6392 I Finsky  : [2] com.google.android.finsky.simhandler.SimStateReceiver.a(6): android.intent.action.SIM_STATE_CHANGED : simState = LOADED
03-06 20:57:03.809  2387  8508 I constellation: [sim_state_checker] sim state checker is disabled.
03-06 20:57:03.816  2026  8757 W BroadcastQueue: Background execution not allowed: receiving Intent { act=android.intent.action.DROPBOX_ENTRY_ADDED flg=0x10 (has extras) } to com.google.android.gms/.stats.service.DropBoxEntryAddedReceiver
03-06 20:57:03.816  2026  2053 W BroadcastQueue: Background execution not allowed: receiving Intent { act=android.intent.action.DROPBOX_ENTRY_ADDED flg=0x10 (has extras) } to com.google.android.gms/.chimera.GmsIntentOperationService$PersistentTrustedReceiver
03-06 20:57:03.818  2476  2476 I TelecomFramework: : onSubscriptionsChanged - update accounts
03-06 20:57:03.818  2476  2476 I TelecomFramework: PstnIncomingCallNotifier: Unregistering: Handler (com.android.internal.telephony.GsmCdmaPhone) {b312827}
03-06 20:57:03.818  2476  2476 I TelecomFramework: TelecomAccountRegistry: setupAccounts: Found 1 phones.  Attempting to register.
03-06 20:57:03.818  2476  2476 I TelecomFramework: TelecomAccountRegistry: setupAccounts: Phone with subscription id 1
03-06 20:57:03.828  2026  4611 I Telecom : PhoneAccountRegistrar: Modify account: [ComponentInfo{com.android.phone/com.android.services.telephony.TelephonyConnectionService}, ***, UserHandle{0}]: TSI.rPA@CHQ
03-06 20:57:03.829  2026  4611 I Telecom : CallsManager: handlePhoneAccountChanged: phoneAccount=[[X] PhoneAccount: ComponentInfo{com.android.phone/com.android.services.telephony.TelephonyConnectionService}, ***, UserHandle{0} Capabilities: CallProvider MultiUser PlaceEmerg SimSub  Audio Routes: BESW Schemes: tel voicemail  Extras: Bundle[{android.telecom.extra.SUPPORTS_VIDEO_CALLING_FALLBACK=true}] GroupId: ***]: TSI.rPA@CHQ
03-06 20:57:03.829  2476  2476 I TelecomFramework: AccountEntry: Registered phoneAccount: [[ ] PhoneAccount: ComponentInfo{com.android.phone/com.android.services.telephony.TelephonyConnectionService}, ***, UserHandle{0} Capabilities: CallProvider MultiUser PlaceEmerg SimSub  Audio Routes: BESW Schemes: tel voicemail  Extras: Bundle[{android.telecom.extra.SUPPORTS_VIDEO_CALLING_FALLBACK=true}] GroupId: ***] with handle: ComponentInfo{com.android.phone/com.android.services.telephony.TelephonyConnectionService}, ***, UserHandle{0}
03-06 20:57:03.829  2476  2476 I TelecomFramework: PstnIncomingCallNotifier: Registering: Handler (com.android.internal.telephony.GsmCdmaPhone) {b312827}
03-06 20:57:03.835  2476  2476 D CallNotifier: updatePhoneStateListeners: update CF notifications.
03-06 20:57:03.835  2476  2476 I NotificationMgr: updateCfi: subId= 1, visible=N
03-06 20:57:03.836  2476  2476 I NotificationMgr: updateMwi(): subId 1 update to false
03-06 20:57:03.841  4030  4030 I Dialer  : LegacyVoicemailNotificationReceiver.onReceive - received legacy voicemail notification
03-06 20:57:03.841  4030  4030 I Dialer  : LegacyVoicemailNotificationReceiver.onReceive - isRefresh: true
03-06 20:57:03.841  4030  4030 I Dialer  : LegacyVoicemailNotificationReceiver.onReceive - clearing notification
03-06 20:57:03.841  4030  4030 I Dialer  : LegacyVoicemailNotifier.cancelNotification - enter
03-06 20:57:03.842  2476  2476 D MultiSimSettingController: onSubscriptionsChanged
03-06 20:57:03.842  2476  2476 D MultiSimSettingController: updateDefaults
03-06 20:57:03.843  2476  2476 D MultiSimSettingController: [updateDefaultValues] change: 0
03-06 20:57:03.843  2476  2476 D CarrierConfigLoader: mHandler: 7 phoneId: 0
03-06 20:57:03.844  2476  2476 D CarrierConfigLoader: Loaded config from XML. package=com.android.carrierconfig phoneId=0
03-06 20:57:03.844  2476  2476 D CarrierSvcBindHelper: mHandler: 0
03-06 20:57:03.844  2476  2476 D CarrierSvcBindHelper: Rebinding if necessary for phoneId: 0
03-06 20:57:03.845  2476  2476 D CarrierSvcBindHelper: No carrier app for: 0
03-06 20:57:03.873  2476  3366 D IccSmsInterfaceManager: [IccSmsInterfaceManager] Failed to add GSM cell broadcast channels range 4397 to 4397
03-06 20:57:03.876  2476  2476 I TelecomFramework: PstnPhoneCapabilitiesNotifier: handleVideoCapabilitesChanged. Video capability - false
03-06 20:57:03.877  2476  2476 I CallNotifier: onCallForwardingIndicatorChanged(): subId=1, visible=N
03-06 20:57:03.877  2476  2476 D CallNotifier: updatePhoneStateListeners: update CF notifications.
03-06 20:57:03.877  2476  2476 I NotificationMgr: updateCfi: subId= 1, visible=N
03-06 20:57:03.878  2476  2476 I NotificationMgr: updateMwi(): subId 1 update to false
03-06 20:57:03.878  2476  3366 D IccSmsInterfaceManager: [IccSmsInterfaceManager] Failed to remove GSM cell broadcast channels range 4398 to 4398
03-06 20:57:03.879  2476  3366 D IccSmsInterfaceManager: [IccSmsInterfaceManager] Failed to remove GSM cell broadcast channels range 4399 to 4399
03-06 20:57:03.883  4030  4030 I Dialer  : LegacyVoicemailNotificationReceiver.onReceive - received legacy voicemail notification
03-06 20:57:03.883  4030  4030 I Dialer  : LegacyVoicemailNotificationReceiver.onReceive - isRefresh: true
03-06 20:57:03.883  4030  4030 I Dialer  : LegacyVoicemailNotificationReceiver.onReceive - clearing notification
03-06 20:57:03.883  4030  4030 I Dialer  : LegacyVoicemailNotifier.cancelNotification - enter
03-06 20:57:03.883  4030  4030 I Dialer  : LegacyVoicemailNotifier.cancelNotification - 'null' id, canceling all legacy voicemail notifications
03-06 20:57:03.888  4113  4140 D CellBroadcastConfigService: Enable CellBroadcast on sub 1
03-06 20:57:03.890  2476  2476 D CallNotifier: updatePhoneStateListeners: update CF notifications.
03-06 20:57:03.890  2476  2476 I NotificationMgr: updateCfi: subId= 1, visible=N
03-06 20:57:03.891  2476  2476 I NotificationMgr: updateMwi(): subId 1 update to false
03-06 20:57:03.894  4030  4030 I Dialer  : LegacyVoicemailNotificationReceiver.onReceive - received legacy voicemail notification
03-06 20:57:03.894  4030  4030 I Dialer  : LegacyVoicemailNotificationReceiver.onReceive - isRefresh: false
03-06 20:57:03.895  4030  4030 I Dialer  : LegacyVoicemailNotificationReceiver.onReceive - clearing notification
03-06 20:57:03.895  4030  4030 I Dialer  : LegacyVoicemailNotifier.cancelNotification - enter
03-06 20:57:03.895  4030  4030 I Dialer  : LegacyVoicemailNotifier.cancelNotification - 'null' id, canceling all legacy voicemail notifications
03-06 20:57:03.895  2476  3366 D IccSmsInterfaceManager: [IccSmsInterfaceManager] Calling setGsmBroadcastConfig with 1 configurations
03-06 20:57:03.899  1676  1676 I hwservicemanager: getTransport: Cannot find entry android.hardware.radio.config@1.1::IRadioConfig/default in either framework or device manifest.
03-06 20:57:03.900  1676  1676 I hwservicemanager: getTransport: Cannot find entry android.hardware.radio.config@1.0::IRadioConfig/default in either framework or device manifest.
03-06 20:57:03.909  1676  1676 I hwservicemanager: getTransport: Cannot find entry android.hardware.radio.config@1.1::IRadioConfig/default in either framework or device manifest.
03-06 20:57:03.909  1676  1676 I hwservicemanager: getTransport: Cannot find entry android.hardware.radio.config@1.0::IRadioConfig/default in either framework or device manifest.
03-06 20:57:03.910  1676  1676 I hwservicemanager: getTransport: Cannot find entry android.hardware.radio.config@1.1::IRadioConfig/default in either framework or device manifest.
03-06 20:57:03.910  1676  1676 I hwservicemanager: getTransport: Cannot find entry android.hardware.radio.config@1.0::IRadioConfig/default in either framework or device manifest.
03-06 20:57:03.914  7418  7418 D CarrierDefaultBroadcastReceiver: onReceive intent: com.android.internal.telephony.CARRIER_SIGNAL_RESET
03-06 20:57:03.916  7418  7418 D CarrierDefaultBroadcastReceiver: apply carrier action idx: 6
03-06 20:57:03.916  7418  7418 D CarrierActionUtils: onCancelAllNotifications
03-06 20:57:03.916  7418  7418 D CarrierDefaultBroadcastReceiver: apply carrier action idx: 8
03-06 20:57:03.916  7418  7418 D CarrierActionUtils: onDisableDefaultURLHandler
03-06 20:57:03.917  2476  2476 E PhoneInterfaceManager: [PhoneIntfMgr] getIccId: No UICC
03-06 20:57:03.911  2476  2476 I chatty  : uid=1001(radio) com.android.phone identical 5 lines
03-06 20:57:03.916  2476  2476 I TelecomFramework: PstnPhoneCapabilitiesNotifier: handleVideoCapabilitesChanged. Video capability - false
03-06 20:57:03.927  2026  2043 I Telecom : PhoneAccountRegistrar: New phone account registered: [[ ] PhoneAccount: ComponentInfo{com.android.phone/com.android.services.telephony.TelephonyConnectionService}, ***, UserHandle{0} Capabilities: CallProvider MultiUser PlaceEmerg SimSub  Audio Routes: BESW Schemes: tel voicemail  Extras: Bundle[{android.telecom.extra.SUPPORTS_VIDEO_CALLING_FALLBACK=true}] GroupId: ***]: TSI.rPA@CHc
03-06 20:57:03.928  2026  2043 I Telecom : CallsManager: Sending phone-account ComponentInfo{com.android.phone/com.android.services.telephony.TelephonyConnectionService}, ***, UserHandle{0} registered intent as user: TSI.rPA@CHc
03-06 20:57:03.928  2026  2043 I Telecom : CallsManager: Sending phone-account registered intent to default dialer: TSI.rPA@CHc
03-06 20:57:03.928  2476  2476 D CarrierConfigLoader: mHandler: 5 phoneId: 0
03-06 20:57:03.929  2476  2476 E PhoneInterfaceManager: [PhoneIntfMgr] getCarrierPackageNamesForIntent: No UICC
03-06 20:57:03.930  2476  2476 D IntentBroadcaster: Broadcasting and adding intent for rebroadcast: android.intent.action.SIM_STATE_CHANGED UNKNOWN for slotId 0
03-06 20:57:03.932  2184  2184 V KeyguardUpdateMonitor: action android.intent.action.SIM_STATE_CHANGED state: UNKNOWN slotId: 0 subid: 1
03-06 20:57:03.932  2184  2184 D KeyguardUpdateMonitor: handleSimStateChange(subId=1, slotId=0, state=UNKNOWN)
03-06 20:57:03.934  2476  2476 D CarrierConfigLoader: update config for phoneId: 0 simState: UNKNOWN
03-06 20:57:03.934  2476  2476 D CarrierSvcBindHelper: update binding for phoneId: 0 simState: UNKNOWN
03-06 20:57:03.934  2803  2803 I rcs     : [PresencePublication] onReceive intent=Intent { act=android.intent.action.SIM_STATE_CHANGED flg=0x5000010 (has extras) }
03-06 20:57:03.934  2803  2803 I rcs     : [PresencePublication] ACTION_SIM_STATE_CHANGED INTENT_KEY_ICC_STATE=UNKNOWN
03-06 20:57:03.934  2803  2803 I rcs     : [RcsService] onReceive intent=Intent { act=android.intent.action.SIM_STATE_CHANGED flg=0x5000010 (has extras) }
03-06 20:57:03.941  2476  2476 D TelephonyProvider: match current APN size:  0
03-06 20:57:03.942  2476  2476 E TelephonyProvider: iccRecords is null
03-06 20:57:03.945  2476  2476 E PhoneInterfaceManager: [PhoneIntfMgr] getIccId: No UICC
03-06 20:57:03.947  2476  2476 D CarrierConfigLoader: mHandler: 0 phoneId: 0
03-06 20:57:03.948  2476  2476 D CarrierConfigLoader: Broadcast CARRIER_CONFIG_CHANGED for phone 0
03-06 20:57:03.951  4113  4113 D CellBroadcastReceiver: onReceive Intent { act=android.telephony.action.CARRIER_CONFIG_CHANGED flg=0x15000010 cmp=com.android.cellbroadcastreceiver/.CellBroadcastReceiver (has extras) }
03-06 20:57:03.951  4113  4113 D CellBroadcastReceiver: initializeSharedPreference
03-06 20:57:03.951  2476  2476 D CarrierSvcBindHelper: mHandler: 0
03-06 20:57:03.951  2476  2476 D CarrierSvcBindHelper: Rebinding if necessary for phoneId: 0
03-06 20:57:03.952  2476  2476 E PhoneInterfaceManager: [PhoneIntfMgr] getCarrierPackageNamesForIntent: No UICC
03-06 20:57:03.952  2476  2476 D CarrierSvcBindHelper: No carrier app for: 0
03-06 20:57:03.952  2476  2476 I VvmSimStateTracker: android.intent.action.SIM_STATE_CHANGED
03-06 20:57:03.953  4330  4330 I Bugle   : Carrier config changed. Reloading MMS config.
03-06 20:57:03.954  6392  6392 I Finsky  : [2] com.google.android.finsky.simhandler.SimStateReceiver.a(6): android.intent.action.SIM_STATE_CHANGED : simState = UNKNOWN
03-06 20:57:03.956  4113  4113 D CellBroadcastReceiver: Default interval 0 did not change.
03-06 20:57:03.957  4113  4113 D CellBroadcastReceiver: Start Cell Broadcast configuration.
03-06 20:57:03.957  2476  3978 E CarrierInfoManager: Invalid networkOperator: 
03-06 20:57:03.960  2387  9730 I constellation: [sim_state_checker] sim state checker is disabled.
03-06 20:57:03.963  2476  2476 D CarrierConfigLoader: mHandler: 16 phoneId: 0
03-06 20:57:03.964  2476  2476 D CarrierConfigLoader: Broadcast CARRIER_CONFIG_CHANGED for phone 0
03-06 20:57:03.964  2026  2026 I Telecom : PhoneAccountRegistrar: getSimCallManager: SimCallManager for subId 1 queried, returning: null: CM.CCCR->CM.UECNT->CM.CCCR->CM.UECNT->CM.CCCR->CM.UECNT->CM.CCCR->CM.UECNT->CM.CCCR->CM.UECNT->CM.CCCR->CM.UECNT->CM.CCCR->CM.UECNT->CM.CCCR->CM.UECNT->CM.CCCR->CM.UECNT->CM.CCCR->CM.UECNT->CM.CCCR->CM.UECNT->CM.CCCR->CM.UECNT->CM.CCCR->CM.UECNT->CM.CCCR->CM.UECNT->CM.CCCR->CM.UECNT->CM.CCCR->CM.UECNT->CM.CCCR->CM.UECNT->CM.CCCR->CM.UECNT->CM.CCCR->CM.UECNT->CM.CCCR->CM.UECNT->CM.CCCR->CM.UECNT->CM.CCCR->CM.UECNT->CM.CCCR->CM.UECNT->CM.CCCR->CM.UECNT->CM.CCCR->CM.UECNT->CM.CCCR->CM.UECNT->CM.CCCR->CM.UECNT->CM.CCCR->CM.UECNT->CM.CCCR->CM.UECNT->CM.CCCR->CM.UECNT->CM.CCCR->CM.UECNT->CM.CCCR->CM.UECNT->CM.CCCR->CM.UECNT->CM.CCCR->CM.UECNT->CM.CCCR->CM.UECNT->CM.CCCR->CM.UECNT->CM.CCCR->CM.UECNT->CM.CCCR->CM.UECNT->CM.CCCR->CM.UECNT->CM.CCCR->CM.UECNT->CM.CCCR->CM.UECNT->CM.CCCR->CM.UECNT->CM.CCCR->CM.UECNT->CM.CCCR->CM.UECNT->CM.CCCR->CM.UECNT->CM.CCCR->CM.UECNT->CM.CCCR->CM.UECNT->CM.CCCR->CM.UECNT->CM.CCCR->CM.UECNT->CM.CCCR->CM.UECNT->CM.CCCR->CM.UECNT->CM.CCCR->CM.UECNT->CM.CCCR->CM.UECNT->CM.CCCR->CM.UECNT->CM.CCCR->CM.UECNT->CM.CCCR->CM.UECNT->CM.CCCR->CM.UECNT->CM.CCCR->CM.UECNT->CM.CCCR->CM.UECNT->CM.CCCR->CM.UECNT->CM.CCCR->CM.UECNT->CM.CCCR->CM.UECNT->CM.CCCR->CM.UECNT->CM.CCCR->CM.UECNT->CM.CCCR->CM.UECNT->CM.CCCR->CM.UECNT->CM.CCCR->CM.UECNT->CM.CCCR->CM.UECNT->CM.CCCR->CM.UECNT->CM.CCCR->CM.UECNT->CM.CCCR->CM.UECNT->CM.CCCR->CM.UECNT->CM.CCCR->CM.UECNT->CM.CCCR->CM.UECNT->CM.CCCR->CM.UECNT->CM.CCCR->CM.UECNT->CM.CCCR->CM.UECNT->CM.CCCR->CM.UECNT->CM.CCCR->CM.UECNT->CM.CCCR->CM.UECNT->CM.CCCR->CM.UECNT->CM.CCCR->CM.UECNT->CM.CCCR->CM.UECNT->CM.CCCR->CM.UECNT->CM.CCCR->CM.UECNT->CM.CCCR->CM.UECNT->CM.CCCR->CM.UECNT->CM.CCCR->CM.UECNT->CM.CCCR->CM.UECNT->CM.CCCR->CM.UECNT->CM.CCCR->CM.UECNT->CM.CCCR->CM.UECNT->CM.CCCR->CM.UECNT->CM.CCCR->CM.UECNT->CM.CCCR->CM.UECNT->CM.CCCR->CM.UECNT->CM.CCCR->CM.UECNT->CM.CCCR->CM.UECNT@AD4
03-06 20:57:03.965  4330  4330 I Bugle   : Carrier config changed. Reloading MMS config.
03-06 20:57:03.971  2026  4278 D AlarmManagerService: Kernel timezone updated to 0 minutes west of GMT
03-06 20:57:03.980  2476  3805 E CarrierInfoManager: Invalid networkOperator: 
03-06 20:57:03.995  2026  2026 I Telecom : PhoneAccountRegistrar: getSimCallManager: SimCallManager for subId 1 queried, returning: null: CM.CCCR->CM.UECNT->CM.CCCR->CM.UECNT->CM.CCCR->CM.UECNT->CM.CCCR->CM.UECNT->CM.CCCR->CM.UECNT->CM.CCCR->CM.UECNT->CM.CCCR->CM.UECNT->CM.CCCR->CM.UECNT->CM.CCCR->CM.UECNT->CM.CCCR->CM.UECNT->CM.CCCR->CM.UECNT->CM.CCCR->CM.UECNT->CM.CCCR->CM.UECNT->CM.CCCR->CM.UECNT->CM.CCCR->CM.UECNT->CM.CCCR->CM.UECNT->CM.CCCR->CM.UECNT->CM.CCCR->CM.UECNT->CM.CCCR->CM.UECNT->CM.CCCR->CM.UECNT->CM.CCCR->CM.UECNT->CM.CCCR->CM.UECNT->CM.CCCR->CM.UECNT->CM.CCCR->CM.UECNT->CM.CCCR->CM.UECNT->CM.CCCR->CM.UECNT->CM.CCCR->CM.UECNT->CM.CCCR->CM.UECNT->CM.CCCR->CM.UECNT->CM.CCCR->CM.UECNT->CM.CCCR->CM.UECNT->CM.CCCR->CM.UECNT->CM.CCCR->CM.UECNT->CM.CCCR->CM.UECNT->CM.CCCR->CM.UECNT->CM.CCCR->CM.UECNT->CM.CCCR->CM.UECNT->CM.CCCR->CM.UECNT->CM.CCCR->CM.UECNT->CM.CCCR->CM.UECNT->CM.CCCR->CM.UECNT->CM.CCCR->CM.UECNT->CM.CCCR->CM.UECNT->CM.CCCR->CM.UECNT->CM.CCCR->CM.UECNT->CM.CCCR->CM.UECNT->CM.CCCR->CM.UECNT->CM.CCCR->CM.UECNT->CM.CCCR->CM.UECNT->CM.CCCR->CM.UECNT->CM.CCCR->CM.UECNT->CM.CCCR->CM.UECNT->CM.CCCR->CM.UECNT->CM.CCCR->CM.UECNT->CM.CCCR->CM.UECNT->CM.CCCR->CM.UECNT->CM.CCCR->CM.UECNT->CM.CCCR->CM.UECNT->CM.CCCR->CM.UECNT->CM.CCCR->CM.UECNT->CM.CCCR->CM.UECNT->CM.CCCR->CM.UECNT->CM.CCCR->CM.UECNT->CM.CCCR->CM.UECNT->CM.CCCR->CM.UECNT->CM.CCCR->CM.UECNT->CM.CCCR->CM.UECNT->CM.CCCR->CM.UECNT->CM.CCCR->CM.UECNT->CM.CCCR->CM.UECNT->CM.CCCR->CM.UECNT->CM.CCCR->CM.UECNT->CM.CCCR->CM.UECNT->CM.CCCR->CM.UECNT->CM.CCCR->CM.UECNT->CM.CCCR->CM.UECNT->CM.CCCR->CM.UECNT->CM.CCCR->CM.UECNT->CM.CCCR->CM.UECNT->CM.CCCR->CM.UECNT->CM.CCCR->CM.UECNT->CM.CCCR->CM.UECNT->CM.CCCR->CM.UECNT->CM.CCCR->CM.UECNT->CM.CCCR->CM.UECNT->CM.CCCR->CM.UECNT->CM.CCCR->CM.UECNT->CM.CCCR->CM.UECNT->CM.CCCR->CM.UECNT->CM.CCCR->CM.UECNT->CM.CCCR->CM.UECNT->CM.CCCR->CM.UECNT->CM.CCCR->CM.UECNT->CM.CCCR->CM.UECNT->CM.CCCR->CM.UECNT->CM.CCCR->CM.UECNT->CM.CCCR->CM.UECNT->CM.CCCR->CM.UECNT->CM.CCCR->CM.UECNT@AD4
03-06 20:57:03.995  2476  2476 I TelecomFramework: : Carrier-config changed, checking for phone account updates.
03-06 20:57:03.996  2476  2476 D OtaspSimStateReceiver: Received intent: android.telephony.action.CARRIER_CONFIG_CHANGED
03-06 20:57:03.999  2026  2026 D ConditionProviders.SCP: onReceive android.intent.action.TIMEZONE_CHANGED
03-06 20:57:04.000  2026  2026 D ConditionProviders.SCP: evaluateSubscriptionLocked cal=ScheduleCalendar[mDays={1, 2, 3, 4, 5, 6, 7}, mSchedule=ScheduleInfo{days=[1, 2, 3, 4, 5, 6, 7], startHour=22, startMinute=0, endHour=7, endMinute=0, exitAtAlarm=true, nextAlarm=Thu Jan 01 00:00:00 GMT 1970 (0)}], now=Wed Mar 06 20:57:03 GMT 2024 (1709758623999), nextUserAlarmTime=Thu Jan 01 00:00:00 GMT 1970 (0)
03-06 20:57:04.000  2026  2026 D ConditionProviders.SCP: notifyCondition condition://android/schedule?days=1.2.3.4.5.6.7&start=22.0&end=7.0&exitAtAlarm=true STATE_FALSE reason=!meetsSchedule
03-06 20:57:04.001  2026  2026 D ConditionProviders.SCP: Scheduling evaluate for Wed Mar 06 22:00:00 GMT 2024 (1709762400000), in +1h2m56s1ms, now=Wed Mar 06 20:57:03 GMT 2024 (1709758623999)
03-06 20:57:04.004  5804  5804 I AlarmClock: AlarmInitReceiver android.intent.action.TIMEZONE_CHANGED
03-06 20:57:04.009  5804  9375 I AlarmClock: Connected Dock: null
03-06 20:57:04.013  2476  2476 I TelecomFramework: : Carrier-config changed, checking for phone account updates.
03-06 20:57:04.014  5804  9375 I AlarmClock: Removing AlarmClockInfo
03-06 20:57:04.017  5804  5804 I AlarmClock: DigitalAppWidgetProvider processing Intent { act=android.intent.action.TIMEZONE_CHANGED flg=0x21200010 cmp=com.google.android.deskclock/com.android.alarmclock.DigitalAppWidgetProvider (has extras) }
03-06 20:57:04.038  2476  2476 I VvmSimStateTracker: android.telephony.action.CARRIER_CONFIG_CHANGED
03-06 20:57:04.038  2476  2476 I VvmSimStateTracker: Received SIM change for invalid subscription id.
03-06 20:57:04.044  2476  3366 D IccSmsInterfaceManager: [IccSmsInterfaceManager] Failed to add GSM cell broadcast channels range 4370 to 4370
03-06 20:57:04.045  2476  3366 D IccSmsInterfaceManager: [IccSmsInterfaceManager] Calling setCdmaBroadcastConfig with 1 configurations
03-06 20:57:04.045  2026  4278 D AlarmManagerService: Kernel timezone updated to 0 minutes west of GMT
03-06 20:57:04.049  4165  4218 I CarrierServices: [259] CarrierServicesReleaseApp.a: Initialized already, return.
03-06 20:57:04.066  4113  4113 D CellBroadcastReceiver: onReceive Intent { act=android.telephony.action.CARRIER_CONFIG_CHANGED flg=0x15000010 cmp=com.android.cellbroadcastreceiver/.CellBroadcastReceiver (has extras) }
03-06 20:57:04.066  4113  4113 D CellBroadcastReceiver: initializeSharedPreference
03-06 20:57:04.068  4113  4113 D CellBroadcastReceiver: Default interval 0 did not change.
03-06 20:57:04.068  4113  4113 D CellBroadcastReceiver: Start Cell Broadcast configuration.
03-06 20:57:04.083  2026  2873 I WifiService: releaseWifiLock uid=10099
03-06 20:57:04.086  2476  3366 D IccSmsInterfaceManager: [IccSmsInterfaceManager] Failed to add cdma broadcast channels range 4096 to 4096
03-06 20:57:04.087  2476  3366 D IccSmsInterfaceManager: [IccSmsInterfaceManager] Calling setGsmBroadcastConfig with 1 configurations
03-06 20:57:04.095  2476  2490 W System  : A resource failed to call close. 
03-06 20:57:04.099  2026  5390 I WifiService: acquireWifiLock uid=10099 lockMode=2
03-06 20:57:04.118  2476  2476 D IntentBroadcaster: Broadcasting and adding intent for rebroadcast: android.intent.action.SIM_STATE_CHANGED READY for slotId 0
03-06 20:57:04.119  2803  2803 I rcs     : [PresencePublication] onReceive intent=Intent { act=android.intent.action.SIM_STATE_CHANGED flg=0x5000010 (has extras) }
03-06 20:57:04.119  2803  2803 I rcs     : [PresencePublication] ACTION_SIM_STATE_CHANGED INTENT_KEY_ICC_STATE=READY
03-06 20:57:04.119  2803  2803 I rcs     : [RcsService] onReceive intent=Intent { act=android.intent.action.SIM_STATE_CHANGED flg=0x5000010 (has extras) }
03-06 20:57:04.120  2184  2184 V KeyguardUpdateMonitor: action android.intent.action.SIM_STATE_CHANGED state: READY slotId: 0 subid: 1
03-06 20:57:04.120  2184  2184 D KeyguardUpdateMonitor: handleSimStateChange(subId=1, slotId=0, state=READY)
03-06 20:57:04.120  2184  2184 D KeyguardViewMediator: onSimStateChanged(subId=1, slotId=0,state=READY)
03-06 20:57:04.120  2184  2184 D KeyguardViewMediator: READY, reset state? false
03-06 20:57:04.123  2476  2476 D OtaspSimStateReceiver: Received intent: android.telephony.action.CARRIER_CONFIG_CHANGED
03-06 20:57:04.132  2476  3366 D IccSmsInterfaceManager: [IccSmsInterfaceManager] Failed to add GSM cell broadcast channels range 4383 to 4383
03-06 20:57:04.136  2476  3366 D IccSmsInterfaceManager: [IccSmsInterfaceManager] Calling setGsmBroadcastConfig with 1 configurations
03-06 20:57:04.149  2476  2476 I VvmSimStateTracker: android.intent.action.SIM_STATE_CHANGED
03-06 20:57:04.151  6392  6392 I Finsky  : [2] com.google.android.finsky.simhandler.SimStateReceiver.a(6): android.intent.action.SIM_STATE_CHANGED : simState = READY
03-06 20:57:04.154  2476  2476 E PhoneInterfaceManager: [PhoneIntfMgr] getIccId: ICC ID is null or empty.
03-06 20:57:04.156  2387  8508 I constellation: [sim_state_checker] sim state checker is disabled.
03-06 20:57:04.157  1791  2388 E GnssHAL_GnssInterface: gnssSvStatusCb: a: input svInfo.flags is 8
03-06 20:57:04.157  1791  2388 E GnssHAL_GnssInterface: gnssSvStatusCb: b: input svInfo.flags is 8
03-06 20:57:04.168  2476  2476 I VvmSimStateTracker: android.telephony.action.CARRIER_CONFIG_CHANGED
03-06 20:57:04.168  2476  2476 I VvmSimStateTracker: Received SIM change for invalid subscription id.
03-06 20:57:04.173  4165  4218 I CarrierServices: [259] CarrierServicesReleaseApp.a: Initialized already, return.
03-06 20:57:04.173  2476  3366 D IccSmsInterfaceManager: [IccSmsInterfaceManager] Failed to add GSM cell broadcast channels range 4371 to 4372
03-06 20:57:04.175  2476  3366 D IccSmsInterfaceManager: [IccSmsInterfaceManager] Calling setCdmaBroadcastConfig with 1 configurations
03-06 20:57:04.183  2476  2476 I CallNotifier: onCallForwardingIndicatorChanged(): subId=1, visible=N
03-06 20:57:04.184  2476  2476 D CallNotifier: updatePhoneStateListeners: update CF notifications.
03-06 20:57:04.184  2476  2476 I NotificationMgr: updateCfi: subId= 1, visible=N
03-06 20:57:04.185  2476  2476 I NotificationMgr: updateMwi(): subId 1 update to false
03-06 20:57:04.190  4030  4030 I Dialer  : LegacyVoicemailNotificationReceiver.onReceive - received legacy voicemail notification
03-06 20:57:04.190  4030  4030 I Dialer  : LegacyVoicemailNotificationReceiver.onReceive - isRefresh: true
03-06 20:57:04.190  4030  4030 I Dialer  : LegacyVoicemailNotificationReceiver.onReceive - clearing notification
03-06 20:57:04.190  4030  4030 I Dialer  : LegacyVoicemailNotifier.cancelNotification - enter
03-06 20:57:04.190  4030  4030 I Dialer  : LegacyVoicemailNotifier.cancelNotification - 'null' id, canceling all legacy voicemail notifications
03-06 20:57:04.192  2476  2476 D MccTable: updateMccMncConfiguration mccmnc='310260
03-06 20:57:04.192  2476  2476 D MccTable: updateMccMncConfiguration: mcc=310, mnc=260
03-06 20:57:04.195  2026  2871 D AlarmManagerService: Kernel timezone updated to 300 minutes west of GMT
03-06 20:57:04.200  2026  2026 D ConditionProviders.SCP: onReceive android.intent.action.TIMEZONE_CHANGED
03-06 20:57:04.200  2026  2026 D ConditionProviders.SCP: evaluateSubscriptionLocked cal=ScheduleCalendar[mDays={1, 2, 3, 4, 5, 6, 7}, mSchedule=ScheduleInfo{days=[1, 2, 3, 4, 5, 6, 7], startHour=22, startMinute=0, endHour=7, endMinute=0, exitAtAlarm=true, nextAlarm=Wed Dec 31 19:00:00 EST 1969 (0)}], now=Wed Mar 06 15:57:04 EST 2024 (1709758624200), nextUserAlarmTime=Wed Dec 31 19:00:00 EST 1969 (0)
03-06 20:57:04.200  2026  2026 D ConditionProviders.SCP: notifyCondition condition://android/schedule?days=1.2.3.4.5.6.7&start=22.0&end=7.0&exitAtAlarm=true STATE_FALSE reason=!meetsSchedule
03-06 20:57:04.201  2476  2476 D MccTable: timezone set to America/New_York
03-06 20:57:04.202  2476  2476 D MccTable: updateMccMncConfiguration updateConfig config={0.0 310mcc260mnc ?localeList ?layoutDir ?swdp ?wdp ?hdp ?density ?lsize ?long ?ldr ?wideColorGamut ?orien ?uimode ?night ?touch ?keyb/?/? ?nav/? winConfig={ mBounds=Rect(0, 0 - 0, 0) mAppBounds=null mWindowingMode=undefined mDisplayWindowingMode=undefined mActivityType=undefined mAlwaysOnTop=undefined mRotation=undefined}}
03-06 20:57:04.202  2026  2026 D ConditionProviders.SCP: Scheduling evaluate for Wed Mar 06 22:00:00 EST 2024 (1709780400000), in +6h2m55s800ms, now=Wed Mar 06 15:57:04 EST 2024 (1709758624200)
03-06 20:57:04.218  2476  3366 D IccSmsInterfaceManager: [IccSmsInterfaceManager] Failed to add cdma broadcast channels range 4097 to 4097
03-06 20:57:04.219  2476  3366 D IccSmsInterfaceManager: [IccSmsInterfaceManager] Calling setGsmBroadcastConfig with 1 configurations
03-06 20:57:04.225  5804  5804 I AlarmClock: AlarmInitReceiver android.intent.action.TIMEZONE_CHANGED
03-06 20:57:04.233  5804  9375 I AlarmClock: Connected Dock: null
03-06 20:57:04.233  5804  9375 I AlarmClock: Removing AlarmClockInfo
03-06 20:57:04.235  2476  3366 D IccSmsInterfaceManager: [IccSmsInterfaceManager] Failed to add GSM cell broadcast channels range 4384 to 4385
03-06 20:57:04.236  5804  5804 I AlarmClock: DigitalAppWidgetProvider processing Intent { act=android.intent.action.TIMEZONE_CHANGED flg=0x21200010 cmp=com.google.android.deskclock/com.android.alarmclock.DigitalAppWidgetProvider (has extras) }
03-06 20:57:04.240  2476  3366 D IccSmsInterfaceManager: [IccSmsInterfaceManager] Calling setGsmBroadcastConfig with 1 configurations
03-06 20:57:04.272  2476  2476 D TelephonyProvider: match current APN size:  12
03-06 20:57:04.273  2476  2476 D TelephonyProvider: match MNO APN: 5
03-06 20:57:04.273  2476  2476 D TelephonyProvider: subIdString = 1 subId = 1
03-06 20:57:04.273  2476  2476 D TelephonyProvider: getPreferredApnIdFromApn: for subId 1
03-06 20:57:04.275  2476  2476 D TelephonyProvider: subIdString = 1 subId = 1
03-06 20:57:04.275  2476  2476 D TelephonyProvider: getPreferredApnIdFromApn: for subId 1
03-06 20:57:04.277  2476  2476 D TelephonyProvider: subIdString = 1 subId = 1
03-06 20:57:04.277  2476  2476 D TelephonyProvider: getPreferredApnIdFromApn: for subId 1
03-06 20:57:04.281  2476  2476 D TelephonyProvider: subIdString = 1 subId = 1
03-06 20:57:04.281  2476  2476 D TelephonyProvider: getPreferredApnIdFromApn: for subId 1
03-06 20:57:04.286  2476  2476 D TelephonyProvider: subIdString = 1 subId = 1
03-06 20:57:04.286  2476  2476 D TelephonyProvider: getPreferredApnIdFromApn: for subId 1
03-06 20:57:04.287  2476  2476 D TelephonyProvider: subIdString = 1 subId = 1
03-06 20:57:04.287  2476  2476 D TelephonyProvider: getPreferredApnIdFromApn: for subId 1
03-06 20:57:04.289  2476  2476 D TelephonyProvider: subIdString = 1 subId = 1
03-06 20:57:04.290  2476  2476 D TelephonyProvider: getPreferredApnIdFromApn: for subId 1
03-06 20:57:04.295  2476  2476 D TelephonyProvider: subIdString = 1 subId = 1
03-06 20:57:04.295  2476  2476 D TelephonyProvider: getPreferredApnIdFromApn: for subId 1
03-06 20:57:04.308  2476  3373 D TelephonyProvider: subIdString = 1 subId = 1
03-06 20:57:04.308  2476  3373 D TelephonyProvider: getPreferredApnIdFromApn: for subId 1
03-06 20:57:04.312  9917  9917 F libc    : Fatal signal 11 (SIGSEGV), code 1 (SEGV_MAPERR), fault addr 0xa in tid 9917 (rild), pid 9917 (rild)
03-06 20:57:04.313  2476  3366 D IccSmsInterfaceManager: [IccSmsInterfaceManager] Failed to add GSM cell broadcast channels range 4373 to 4378
03-06 20:57:04.314  2476  3366 D IccSmsInterfaceManager: [IccSmsInterfaceManager] Calling setCdmaBroadcastConfig with 1 configurations
03-06 20:57:04.321  2476  2476 D TelephonyProvider: subIdString = 1 subId = 1
03-06 20:57:04.322  9935  9935 I crash_dump32: obtaining output fd from tombstoned, type: kDebuggerdTombstone
03-06 20:57:04.323  1864  1864 I /system/bin/tombstoned: received crash request for pid 9917
03-06 20:57:04.323  9935  9935 I crash_dump32: performing dump of process 9917 (target tid = 9917)
03-06 20:57:04.323  9935  9935 F DEBUG   : *** *** *** *** *** *** *** *** *** *** *** *** *** *** *** ***
03-06 20:57:04.323  9935  9935 F DEBUG   : Build fingerprint: 'google/sdk_gphone_x86/generic_x86:10/QSR1.190920.001/5891938:user/release-keys'
03-06 20:57:04.323  9935  9935 F DEBUG   : Revision: '0'
03-06 20:57:04.323  9935  9935 F DEBUG   : ABI: 'x86'
03-06 20:57:04.323  9935  9935 F DEBUG   : Timestamp: 2024-03-06 15:57:04-0500
03-06 20:57:04.323  9935  9935 F DEBUG   : pid: 9917, tid: 9917, name: rild  >>> /vendor/bin/hw/rild <<<
03-06 20:57:04.323  9935  9935 F DEBUG   : uid: 1001
03-06 20:57:04.323  9935  9935 F DEBUG   : signal 11 (SIGSEGV), code 1 (SEGV_MAPERR), fault addr 0xa
03-06 20:57:04.323  9935  9935 F DEBUG   : Cause: null pointer dereference
03-06 20:57:04.323  9935  9935 F DEBUG   :     eax f54e9403  ebx f4ebc0e4  ecx 0000000a  edx 0000000a
03-06 20:57:04.323  9935  9935 F DEBUG   :     edi 0000000a  esi fff2e1a8
03-06 20:57:04.323  9935  9935 F DEBUG   :     ebp fff2e1d8  esp fff2e18c  eip f5756a62
03-06 20:57:04.330  2476  2476 D TelephonyProvider: subIdString = 1 subId = 1
03-06 20:57:04.333  9935  9935 F DEBUG   : 
03-06 20:57:04.333  9935  9935 F DEBUG   : backtrace:
03-06 20:57:04.333  9935  9935 F DEBUG   :       #00 pc 00090a62  /apex/com.android.runtime/lib/bionic/libc.so (strlen_generic+18) (BuildId: 76290498408016ad14f4b98c3ab6c65c)
03-06 20:57:04.333  9935  9935 F DEBUG   :       #01 pc 00030dda  /vendor/lib/libril.so (convertRilDataCallToHal(RIL_Data_Call_Response_v11*, android::hardware::radio::V1_0::SetupDataCallResult&)+298) (BuildId: 4aeb9b9e6267ba7c4d9f952da87091a5)
03-06 20:57:04.333  9935  9935 F DEBUG   :       #02 pc 00030a9e  /vendor/lib/libril.so (radio::setupDataCallResponse(int, int, int, RIL_Errno, void*, unsigned int)+270) (BuildId: 4aeb9b9e6267ba7c4d9f952da87091a5)
03-06 20:57:04.333  9935  9935 F DEBUG   :       #03 pc 000223e7  /vendor/lib/libril.so (RIL_onRequestComplete+295) (BuildId: 4aeb9b9e6267ba7c4d9f952da87091a5)
03-06 20:57:04.333  9935  9935 F DEBUG   :       #04 pc 00010595  /vendor/lib/libgoldfish-ril.so (requestOrSendDataCallList+181) (BuildId: 11f26e2e312eda4514be88afc42925aa)
03-06 20:57:04.333  9935  9935 F DEBUG   :       #05 pc 0001358f  /vendor/lib/libgoldfish-ril.so (onRequest+9343) (BuildId: 11f26e2e312eda4514be88afc42925aa)
03-06 20:57:04.333  9935  9935 F DEBUG   :       #06 pc 00024513  /vendor/lib/libril.so (dispatchStrings(int, int, int, bool, int, ...)+259) (BuildId: 4aeb9b9e6267ba7c4d9f952da87091a5)
03-06 20:57:04.333  9935  9935 F DEBUG   :       #07 pc 00026339  /vendor/lib/libril.so (RadioImpl::setupDataCall(int, android::hardware::radio::V1_0::RadioTechnology, android::hardware::radio::V1_0::DataProfileInfo const&, bool, bool, bool)+521) (BuildId: 4aeb9b9e6267ba7c4d9f952da87091a5)
03-06 20:57:04.333  9935  9935 F DEBUG   :       #08 pc 00098c73  /system/lib/vndk-29/android.hardware.radio@1.0.so (android::hardware::radio::V1_0::BnHwRadio::_hidl_setupDataCall(android::hidl::base::V1_0::BnHwBase*, android::hardware::Parcel const&, android::hardware::Parcel*, std::__1::function<void (android::hardware::Parcel&)>)+419) (BuildId: b93c3e4da35ce72bc87e94c6240d3759)
03-06 20:57:04.333  9935  9935 F DEBUG   :       #09 pc 00070046  /system/lib/vndk-29/android.hardware.radio@1.1.so (android::hardware::radio::V1_1::BnHwRadio::onTransact(unsigned int, android::hardware::Parcel const&, android::hardware::Parcel*, unsigned int, std::__1::function<void (android::hardware::Parcel&)>)+12678) (BuildId: 3afdfbc61f24b3696c178b185465fa20)
03-06 20:57:04.333  9935  9935 F DEBUG   :       #10 pc 000954b9  /system/lib/vndk-sp-29/libhidlbase.so (android::hardware::BHwBinder::transact(unsigned int, android::hardware::Parcel const&, android::hardware::Parcel*, unsigned int, std::__1::function<void (android::hardware::Parcel&)>)+105) (BuildId: fcfb915b8de7916fd0e69779451b6316)
03-06 20:57:04.333  9935  9935 F DEBUG   :       #11 pc 00099abf  /system/lib/vndk-sp-29/libhidlbase.so (android::hardware::IPCThreadState::getAndExecuteCommand()+1759) (BuildId: fcfb915b8de7916fd0e69779451b6316)
03-06 20:57:04.333  9935  9935 F DEBUG   :       #12 pc 0009b596  /system/lib/vndk-sp-29/libhidlbase.so (android::hardware::IPCThreadState::joinThreadPool(bool)+118) (BuildId: fcfb915b8de7916fd0e69779451b6316)
03-06 20:57:04.333  9935  9935 F DEBUG   :       #13 pc 000480be  /system/lib/vndk-sp-29/libhidlbase.so (android::hardware::joinBinderRpcThreadpool()+46) (BuildId: fcfb915b8de7916fd0e69779451b6316)
03-06 20:57:04.333  9935  9935 F DEBUG   :       #14 pc 0004a3da  /system/lib/vndk-sp-29/libhidlbase.so (android::hardware::joinRpcThreadpool()+26) (BuildId: fcfb915b8de7916fd0e69779451b6316)
03-06 20:57:04.333  9935  9935 F DEBUG   :       #15 pc 00041dba  /vendor/lib/libril.so (rilc_thread_pool+26) (BuildId: 4aeb9b9e6267ba7c4d9f952da87091a5)
03-06 20:57:04.333  9935  9935 F DEBUG   :       #16 pc 00002499  /vendor/bin/hw/rild (main+1081) (BuildId: 55deaf6775ca3f6a96577d9ae211045e)
03-06 20:57:04.333  9935  9935 F DEBUG   :       #17 pc 000898e8  /apex/com.android.runtime/lib/bionic/libc.so (__libc_init+120) (BuildId: 76290498408016ad14f4b98c3ab6c65c)
03-06 20:57:04.338  2476  2476 D MccTable: updateMccMncConfiguration mccmnc='310260
03-06 20:57:04.338  2476  2476 D MccTable: updateMccMncConfiguration: mcc=310, mnc=260
03-06 20:57:04.338  2476  2476 D MccTable: updateMccMncConfiguration updateConfig config={0.0 310mcc260mnc ?localeList ?layoutDir ?swdp ?wdp ?hdp ?density ?lsize ?long ?ldr ?wideColorGamut ?orien ?uimode ?night ?touch ?keyb/?/? ?nav/? winConfig={ mBounds=Rect(0, 0 - 0, 0) mAppBounds=null mWindowingMode=undefined mDisplayWindowingMode=undefined mActivityType=undefined mAlwaysOnTop=undefined mRotation=undefined}}
03-06 20:57:04.344  2026  2299 W NativeCrashListener: Couldn't find ProcessRecord for pid 9917
03-06 20:57:04.344  9935  9935 E crash_dump32: AM data write failed: Broken pipe
03-06 20:57:04.344  1864  1864 E /system/bin/tombstoned: Tombstone written to: /data/tombstones/tombstone_05
03-06 20:57:04.345  2026  2060 I BootReceiver: Copying /data/tombstones/tombstone_05 to DropBox (SYSTEM_TOMBSTONE)
03-06 20:57:04.345  2026  2060 I DropBoxManagerService: add tag=SYSTEM_TOMBSTONE isTagEnabled=true flags=0x2
03-06 20:57:04.356  2026  2053 W BroadcastQueue: Background execution not allowed: receiving Intent { act=android.intent.action.DROPBOX_ENTRY_ADDED flg=0x10 (has extras) } to com.google.android.gms/.stats.service.DropBoxEntryAddedReceiver
03-06 20:57:04.356  2026  2053 W BroadcastQueue: Background execution not allowed: receiving Intent { act=android.intent.action.DROPBOX_ENTRY_ADDED flg=0x10 (has extras) } to com.google.android.gms/.chimera.GmsIntentOperationService$PersistentTrustedReceiver
03-06 20:57:04.373  4113  4113 D CellBroadcastReceiver: onReceive Intent { act=android.telephony.action.DEFAULT_SMS_SUBSCRIPTION_CHANGED flg=0x21000010 cmp=com.android.cellbroadcastreceiver/.CellBroadcastReceiver (has extras) }
03-06 20:57:04.373  4113  4113 D CellBroadcastReceiver: Start Cell Broadcast configuration.
03-06 20:57:04.377  2026  5390 W ActivityManager: Background start not allowed: service Intent { cmp=com.google.android.apps.messaging/.shared.datamodel.action.execution.ActionExecutorImpl$EmptyService } to com.google.android.apps.messaging/.shared.datamodel.action.execution.ActionExecutorImpl$EmptyService from pid=4330 uid=10121 pkg=com.google.android.apps.messaging startFg?=false
03-06 20:57:04.379  2026  2044 E GnssLocationProvider: android_location_GnssLocationProvider_set_agps_server: AGPS interface not supported
03-06 20:57:04.415  2476  2476 D TelephonyProvider: subIdString = 1 subId = 1
03-06 20:57:04.448  2184  2184 V KeyguardUpdateMonitor: onSubscriptionInfoChanged()
03-06 20:57:04.449  2184  2184 V KeyguardUpdateMonitor: SubInfo:{id=1, iccId=890141032[****] simSlotIndex=0 carrierId=1 displayName=T-Mobile carrierName=Android nameSource=3 iconTint=-16746133 mNumber=[****] dataRoaming=0 iconBitmap=android.graphics.Bitmap@d467532 mcc 310 mnc 260mCountryIso=us isEmbedded false accessRules null cardString=890141032[****] cardId=-1 isOpportunistic false mGroupUUID=null mIsGroupDisabled=false profileClass=-1 ehplmns = null hplmns = null subscriptionType=0 mGroupOwner=null}
03-06 20:57:04.452  2026  2123 W BestClock: java.time.DateTimeException: Missing NTP fix
03-06 20:57:04.454  2026  2123 W BestClock: java.time.DateTimeException: Missing NTP fix
03-06 20:57:04.455  1773  1773 I netd    : bandwidthSetGlobalAlert(2097152) <0.10ms>
03-06 20:57:04.459  4330  9885 W Bugle   : BuglePhoneNumberUtils: canonicalizeMccMnc: invalid mccmnc. mcc: null, mnc: null
03-06 20:57:04.460  2476  2476 D MccTable: updateMccMncConfiguration mccmnc='310260
03-06 20:57:04.460  2476  2476 D MccTable: updateMccMncConfiguration: mcc=310, mnc=260
03-06 20:57:04.460  2476  2476 D MccTable: updateMccMncConfiguration updateConfig config={0.0 310mcc260mnc ?localeList ?layoutDir ?swdp ?wdp ?hdp ?density ?lsize ?long ?ldr ?wideColorGamut ?orien ?uimode ?night ?touch ?keyb/?/? ?nav/? winConfig={ mBounds=Rect(0, 0 - 0, 0) mAppBounds=null mWindowingMode=undefined mDisplayWindowingMode=undefined mActivityType=undefined mAlwaysOnTop=undefined mRotation=undefined}}
03-06 20:57:04.463  2026  2044 E GnssLocationProvider: android_location_GnssLocationProvider_set_agps_server: AGPS interface not supported
03-06 20:57:04.463  2476  2476 D TelephonyProvider: subIdString = 1 subId = 1
03-06 20:57:04.465  2184  2184 E StatusBarSignalPolicy: Unexpected subscription 1
03-06 20:57:04.465  4330  9885 W Bugle   : Obsolete carrier config resource: maxMessageSize res: 1048576, sys: 307200
03-06 20:57:04.465  4330  9885 W Bugle   : Obsolete carrier config resource: maxImageHeight res: 1944, sys: 480
03-06 20:57:04.465  4330  9885 W Bugle   : Obsolete carrier config resource: maxImageWidth res: 2592, sys: 640
03-06 20:57:04.466  4330  9885 I Bugle   : Carrier configs loaded: Bundle[{carrier_volte_provisioned_bool=false, disable_charge_indication_bool=false, support_tdscdma_bool=false, httpSocketTimeout=60000, call_redirection_service_component_name_string=null, carrier_wfc_supports_wifi_only_bool=false, carrier_default_actions_on_default_network_available_string_array=[false: 7, true: 8], operator_selection_expand_bool=true, disable_cdma_activation_code_bool=false, simplified_network_settings_bool=false, support_tdscdma_roaming_networks_string_array=null, gps.lpp_profile=0, call_barring_visibility_bool=false, gps.es_extension_sec=0, enable_apps_string_array=null, carrier_default_wfc_ims_roaming_enabled_bool=false, cdma_nonroaming_networks_string_array=null, aliasMinChars=2, wfc_data_spn_format_idx_int=0, hide_sim_lock_settings_bool=false, drop_video_call_when_answering_audio_call_bool=false, ci_action_on_sys_update_bool=false, convert_cdma_caller_id_mmi_codes_while_roaming_on_3gpp_bool=false, support_enhanced_call_blocking_bool=true, vvm_port_number_int=0, carrier_default_wfc_ims_enabled_bool=false, dial_string_replace_string_array=null, opportunistic_network_entry_threshold_bandwidth_int=1024, gsm_nonroaming_networks_string_array=null, hide_ims_apn_bool=false, vvm_destination_number_string=, dtmf_type_enabled_bool=false, allow_video_calling_fallback_bool=true, config_ims_package_override_string=null, only_auto_select_in_home_network=false, smsToMmsTextThreshold=-1, disable_severe_when_extreme_disabled_bool=true, force_home_network_bool=false, spdi_override_string_array=null, show_wfc_location_privacy_policy_bool=false, gps.supl_es=1, enableSMSDeliveryReports=true, auto_retry_enabled_bool=false, opportunistic_network_entry_threshold_rssnr_int=45, play_call_recording_tone_bool=false, carrier_force_disable_etws_cmas_test_bool=false, call_waiting_service_class_int=1, allow_emergency_video_calls_bool=false, csp_enabled_bool=false, default_sim_call_manager_string=, wifi.passpoint_profiles_string_array=null, carrier_app_required_during_setup_bool=false, call_forwarding_blocks_while_roaming_string_array=null, emergency_notification_delay_int=-1, support_video_conference_call_bool=false, ims_dtmf_tone_delay_int=0, show_signal_strength_in_sim_status_bool=true, data_rapid_notification_bool=true, carrier_instant_lettering_escaped_chars_string=, carrier_default_wfc_ims_roaming_mode_int=2, editable_wfc_mode_bool=true, support_direct_fdn_dialing_bool=false, carrier_ut_provisioning_required_bool=false, carrier_wifi_string_array=null, treat_downgraded_video_calls_as_video_calls_bool=false, wifi_calls_can_be_hd_audio=true, support_downgrade_vt_to_audio_bool=true, cdma_enhanced_roaming_indicator_for_home_network_int_array=[1], notify_handover_video_from_lte_to_wifi_bool=false, use_otasp_for_provisioning_bool=false, always_play_remote_hold_tone_bool=false, opportunistic_network_data_switch_hysteresis_time_long=10000, maxMessageTextSize=-1, duration_blocking_disabled_after_emergency_int=7200, carrier_metered_roaming_apn_types_strings=[default, mms, dun, supl], additional_settings_call_waiting_visibility_bool=true, show_video_call_charges_alert_dialog_bool=false, carrier_network_service_wlan_package_override_string=, show_apn_setting_cdma_bool=false, use_usim_bool=false, carrier_instant_lettering_length_limit_int=64, operator_name_filter_pattern_string=, carrier_instant_lettering_invalid_chars_string=, carrier_setup_app_string=, editable_wfc_roaming_mode_bool=false, supportMmsContentDisposition=true, support_manage_ims_conference_call_bool=true, opportunistic_network_exit_threshold_rssnr_int=10, allow_non_emergency_calls_in_ecm_bool=true, allow_cdma_eri_bool=false, carrier_data_service_wlan_package_override_string=, show_carrier_data_icon_pattern_string=, use_rcs_presence_bool=false, config_telephony_use_own_number_for_voicemail_bool=false, cdma_dtmf_tone_delay_int=100, editable_voicemail_number_bool=false, carrier_data_call_apn_retry_after_disconnect_long=10000, filtered_cnap_names_string_array=null, enabledTransID=false, aliasEnabled=false, vvm_disabl
03-06 20:57:04.480  2476  2476 D TelephonyProvider: subIdString = 1 subId = 1
03-06 20:57:04.481  2026  2123 W BestClock: java.time.DateTimeException: Missing NTP fix
