03-06 15:52:45.998  1791  2388 E GnssHAL_GnssInterface: gnssSvStatusCb: a: input svInfo.flags is 8
03-06 15:52:45.998  1791  2388 E GnssHAL_GnssInterface: gnssSvStatusCb: b: input svInfo.flags is 8
03-06 15:52:46.012  7200  7276 D EGL_emulation: eglMakeCurrent: 0xdee1ae40: ver 2 0 (tinfo 0xc2e69120)
03-06 15:52:46.020  2634  2648 I s.nexuslaunche: NativeAlloc concurrent copying GC freed 1554(147KB) AllocSpace objects, 1(88KB) LOS objects, 49% free, 2698KB/5396KB, paused 13.553ms total 24.619ms
03-06 15:52:46.031  2026  2871 W InputReader: Device has associated, but no associated display id.
03-06 15:52:46.031  2026  2871 I chatty  : uid=1000(system) Binder:2026_D identical 8 lines
03-06 15:52:46.031  2026  2871 W InputReader: Device has associated, but no associated display id.
03-06 15:52:46.040  7200  7200 D LifecycleMonitor: Lifecycle status change: ru.iteco.fmhandroid.ui.AppActivity@d39fd67 in: STOPPED
03-06 15:52:46.041  7200  7200 V ActivityScenario: Activity lifecycle changed event received but ignored because the reported transition was not ON_CREATE while the last known transition was DESTROYED
03-06 15:52:46.041  7200  7200 V ActivityScenario: Update currentActivityStage to STOPPED, currentActivity=ru.iteco.fmhandroid.ui.AppActivity@d39fd67
03-06 15:52:46.053  7200  7200 D LifecycleMonitor: Lifecycle status change: ru.iteco.fmhandroid.ui.AppActivity@d39fd67 in: DESTROYED
03-06 15:52:46.053  7200  7200 V ActivityScenario: Activity lifecycle changed event received but ignored because the reported transition was not ON_CREATE while the last known transition was DESTROYED
03-06 15:52:46.053  7200  7200 V ActivityScenario: Update currentActivityStage to DESTROYED, currentActivity=null
03-06 15:52:46.056  1792  3032 D gralloc_ranchu: gralloc_alloc: Creating ashmem region of size 9592832
03-06 15:52:46.056  2026  2026 W ActivityManager: Unable to start service Intent { act=android.service.appprediction.AppPredictionService cmp=com.google.android.as/com.google.android.apps.miphone.aiai.app.AiAiPredictionService } U=0: not found
03-06 15:52:46.056  2026  2026 W RemoteAppPredictionService: could not bind to Intent { act=android.service.appprediction.AppPredictionService cmp=com.google.android.as/com.google.android.apps.miphone.aiai.app.AiAiPredictionService } using flags 67108865
03-06 15:52:46.063  1792  1792 D gralloc_ranchu: gralloc_alloc: Creating ashmem region of size 9592832
03-06 15:52:46.068  1792  1969 D gralloc_ranchu: gralloc_alloc: Creating ashmem region of size 9592832
03-06 15:52:46.077  7200  7213 I teco.fmhandroi: Background young concurrent copying GC freed 83226(3719KB) AllocSpace objects, 18(532KB) LOS objects, 32% free, 9203KB/13MB, paused 7.628ms total 83.275ms
03-06 15:52:46.118  1792  1792 D gralloc_ranchu: gralloc_alloc: Creating ashmem region of size 9592832
03-06 15:52:46.121  1792  1969 D gralloc_ranchu: gralloc_alloc: Creating ashmem region of size 9592832
03-06 15:52:46.133  1792  3032 D gralloc_ranchu: gralloc_alloc: Creating ashmem region of size 9592832
03-06 15:52:46.133  2634  3076 D EGL_emulation: eglMakeCurrent: 0xdee1a120: ver 2 0 (tinfo 0xdee0f3f0)
03-06 15:52:46.134  2890  3240 D EGL_emulation: eglMakeCurrent: 0xdee1c2e0: ver 2 0 (tinfo 0xc1d14460)
03-06 15:52:46.187  1792  1969 D gralloc_ranchu: gralloc_alloc: Creating ashmem region of size 9592832
03-06 15:52:46.189  2026  2048 W InputReader: Device has associated, but no associated display id.
03-06 15:52:46.189  2026  2048 I chatty  : uid=1000(system) android.anim identical 8 lines
03-06 15:52:46.189  2026  2048 W InputReader: Device has associated, but no associated display id.
03-06 15:52:46.190  1792  3032 D gralloc_ranchu: gralloc_alloc: Creating ashmem region of size 6139904
03-06 15:52:46.211  2476  2476 W ServiceManagement: Waited one second for android.hardware.radio@1.0::IRadio/slot1
03-06 15:52:46.211  2476  2476 I ServiceManagement: getService: Trying again for android.hardware.radio@1.0::IRadio/slot1...
03-06 15:52:46.250  2890  2890 W ThreadPoolDumper: Queue length for executor EventBus is now 11. Perhaps some tasks are too long, or the pool is too small.
03-06 15:52:46.259  2890  3121 W SessionLifecycleManager: Handover failed. Creating new session controller.
03-06 15:52:46.273  2634  2650 W System  : A resource failed to call release. 
03-06 15:52:46.273  2634  2650 W System  : A resource failed to call release. 
03-06 15:52:46.315  2890  3206 W LocationOracle: No location history returned by ContextManager
03-06 15:52:46.328  2890  3121 I MicroDetectionWorker: #startMicroDetector [speakerMode: 0]
03-06 15:52:46.329  2890  3121 I AudioController: Created new AudioSource
03-06 15:52:46.330  2890  3121 I MicroDetectionWorker: onReady
03-06 15:52:46.333  2890  7559 I MicroRecognitionRunner: Starting detection.
03-06 15:52:46.333  2890  7559 I MultipleReaderAudioSrc: Using micInputStream
03-06 15:52:46.334  2890  3215 I MicrophoneInputStream: mic_starting  SR : 16000 CC : 16 SO : 1999
03-06 15:52:46.335  2164  3051 W GCoreFlp: No location to return for getLastLocation()
03-06 15:52:46.336  1922  1922 E netmgr  : Failed to open QEMU pipe 'qemud:network': Invalid argument
03-06 15:52:46.344  2026  2873 W AppOps  : Noting op not finished: uid 10099 pkg com.google.android.gms code 79 time=1709758352629 duration=-1709758167884
03-06 15:52:46.344  1803  8072 I AudioFlinger: AudioFlinger's thread 0xe2e87180 tid=8072 ready to run
03-06 15:52:46.347  2890  3215 I MicrophoneInputStream: mic_started  SR : 16000 CC : 16 SO : 1999
03-06 15:52:46.347  2026  2377 I AudioService.RecordingActivityMonitor: rec update riid:95 uid:10105 session:81 src:HOTWORD pack:com.google.android.googlequicksearchbox
03-06 15:52:46.349  2026  2377 W AppOps  : Noting op not finished: uid 10099 pkg com.google.android.gms code 79 time=1709758366344 duration=0
03-06 15:52:46.372  1927  1927 E wifi_forwarder: RemoteConnection failed to initialize: RemoteConnection failed to open pipe
03-06 15:52:46.380  2890  7559 W SpeechLevelGenerator: Really low audio levels detected. The audio input may have issues.
03-06 15:52:46.380  2890  3121 I MicroDetectionWorker: onReady
03-06 15:52:46.387  2164  3051 W GCoreFlp: No location to return for getLastLocation()
03-06 15:52:46.394  2164  3051 W GCoreFlp: No location to return for getLastLocation()
03-06 15:52:46.394  2026  2873 I WifiService: acquireWifiLock uid=10099 lockMode=2
03-06 15:52:46.395  2164  3051 W GCoreFlp: No location to return for getLastLocation()
03-06 15:52:46.411  2164  3051 W GCoreFlp: No location to return for getLastLocation()
03-06 15:52:46.413  2164  6098 W ctxmgr  : [AclManager] No 3 for (accnt=account#-517948760#, com.google.android.gms(10099):UserVelocityProducer, vrsn=17786022, 0, 3pPkg = null ,  3pMdlId = null ,  pid = 2164). Was: 3 for 1, account#-517948760# [CONTEXT service_id=47 ]
03-06 15:52:46.421  2164  7666 I Places  : ?: Couldn't find platform key file.
03-06 15:52:46.450  2164  2164 I GeofencerStateMachine: removeGeofences: removeRequest=RemoveGeofencingRequest[REMOVE_BY_PENDING_INTENT pendingIntent=PendingIntent[creatorPackage=com.google.android.gms], packageName=com.google.android.gms]
03-06 15:52:46.453  2026  2377 W AppOps  : Noting op not finished: uid 10099 pkg com.google.android.gms code 79 time=1709758366349 duration=0
03-06 15:52:46.452  2164  2164 I GeofencerStateMachine: removeGeofences: removeRequest=RemoveGeofencingRequest[REMOVE_BY_PENDING_INTENT pendingIntent=PendingIntent[creatorPackage=com.google.android.gms], packageName=com.google.android.gms]
03-06 15:52:46.456  2164  7945 I Places  : ?: Couldn't find platform key file.
03-06 15:52:46.457  2164  8074 I PlaceInferenceEngine: [anon] Changed inference mode: 0
03-06 15:52:46.457  2164  7945 I Places  : ?: Couldn't find platform key file.
03-06 15:52:46.458  2164  3051 W GCoreFlp: No location to return for getLastLocation()
03-06 15:52:46.463  2026  4785 W AppOps  : Noting op not finished: uid 10099 pkg com.google.android.gms code 79 time=1709758366453 duration=0
03-06 15:52:46.488  2164  7945 I Places  : ?: Couldn't find platform key file.
03-06 15:52:46.489  2164  7666 I Places  : ?: Couldn't find platform key file.
03-06 15:52:46.493  2164  7232 I Places  : ?: Couldn't find platform key file.
03-06 15:52:46.500  2164  7945 I Places  : ?: Couldn't find platform key file.
03-06 15:52:46.503  2164  8074 W Places  : ?: Failed to download inference model weights PlacesServer
03-06 15:52:46.503  2164  8074 W PlaceInferenceEngine: Failed to download model weights. Status code: 7
03-06 15:52:46.503  2164  7945 I Places  : ?: Couldn't find platform key file.
