--------- beginning of main
03-06 15:52:19.078  6392  6392 I Finsky  : [2] pxd.b(7): Jobs in database: 12-1 21-333333333 28--559038737 31-305419896 
03-06 15:52:19.078  6392  6392 I Finsky  : [2] puk.a(113): ConstraintMapping: 12-1, 21-333333333, 28--559038737, 31-305419896,  -> L: 0ms, D: 82695040ms, C: false, I: false, N: 1
03-06 15:52:19.079  6392  6637 I Finsky  : [539] qjn.b(1): SIM loaded, prefetching preloads
03-06 15:52:19.079  6392  6428 I Finsky  : [495] qjm.call(2): Prefetching preloads for account null
03-06 15:52:19.079  6392  6428 W Finsky  : [495] cwl.a(19): For unauth, use getDfeApiNonAuthenticated() instead!
03-06 15:52:19.079  6392  6392 I Finsky  : [2] com.google.android.finsky.scheduler.JobSchedulerEngine.a(42): Cancelling existing job with id: 9001
--------- beginning of system
03-06 15:52:19.079  2026  2299 W NativeCrashListener: Couldn't find ProcessRecord for pid 7869
03-06 15:52:19.080  7886  7886 E crash_dump32: AM data write failed: Broken pipe
03-06 15:52:19.080  6392  6392 I Finsky  : [2] com.google.android.finsky.scheduler.JobSchedulerEngine.a(4): Scheduling job Id: 9000, L: 0, D: 82695040, C: false, I: false, N: 1
03-06 15:52:19.080  1864  1864 E /system/bin/tombstoned: Tombstone written to: /data/tombstones/tombstone_08
03-06 15:52:19.080  6392  6428 I Finsky  : [495] qnu.a(19): No PAI stub found
03-06 15:52:19.081  6392  6428 E Finsky  : [495] qjm.call(31): Error prefetching preloads, using account=null, preloads=NULL, preloadRros=NULL, preloadGroups=NULL
03-06 15:52:19.081  6392  6428 E Finsky  : com.google.android.finsky.setup.fetchers.RawDocumentsFetchException[reason=pai_config, account=null]
03-06 15:52:19.081  6392  6428 E Finsky  : 	at qnu.a(SourceFile:19)
03-06 15:52:19.081  6392  6428 E Finsky  : 	at qjm.call(Unknown Source:2)
03-06 15:52:19.081  6392  6428 E Finsky  : 	at afxg.a(SourceFile:1)
03-06 15:52:19.081  6392  6428 E Finsky  : 	at afwi.run(SourceFile:3)
03-06 15:52:19.081  6392  6428 E Finsky  : 	at afxf.run(SourceFile:2)
03-06 15:52:19.081  6392  6428 E Finsky  : 	at java.util.concurrent.ThreadPoolExecutor.runWorker(ThreadPoolExecutor.java:1167)
03-06 15:52:19.081  6392  6428 E Finsky  : 	at java.util.concurrent.ThreadPoolExecutor$Worker.run(ThreadPoolExecutor.java:641)
03-06 15:52:19.081  6392  6428 E Finsky  : 	at unn.run(Unknown Source:7)
03-06 15:52:19.081  6392  6428 E Finsky  : 	at java.lang.Thread.run(Thread.java:919)
03-06 15:52:19.081  6392  6428 I Finsky  : [495] qjn.a(10): VpaSelectionActivity will be disabled
03-06 15:52:19.081  6392  6428 I Finsky  : [495] qoh.a(3): PAI late SIM : experiment enabled = false
03-06 15:52:19.081  2026  2060 I BootReceiver: Copying /data/tombstones/tombstone_08 to DropBox (SYSTEM_TOMBSTONE)
03-06 15:52:19.081  2026  2060 I DropBoxManagerService: add tag=SYSTEM_TOMBSTONE isTagEnabled=true flags=0x2
03-06 15:52:19.081  6392  6637 I Finsky  : [539] fpy.a(5): notifySubscriptionInfoChangedListener success.
03-06 15:52:19.082  4330  7816 W Bugle   : BuglePhoneNumberUtils: canonicalizeMccMnc: invalid mccmnc. mcc: null, mnc: null
03-06 15:52:19.088  2026  2053 W BroadcastQueue: Background execution not allowed: receiving Intent { act=android.intent.action.DROPBOX_ENTRY_ADDED flg=0x10 (has extras) } to com.google.android.gms/.stats.service.DropBoxEntryAddedReceiver
03-06 15:52:19.088  2026  2053 W BroadcastQueue: Background execution not allowed: receiving Intent { act=android.intent.action.DROPBOX_ENTRY_ADDED flg=0x10 (has extras) } to com.google.android.gms/.chimera.GmsIntentOperationService$PersistentTrustedReceiver
03-06 15:52:19.093  4330  7816 W Bugle   : Obsolete carrier config resource: maxMessageSize res: 1048576, sys: 307200
03-06 15:52:19.093  4330  7816 W Bugle   : Obsolete carrier config resource: maxImageHeight res: 1944, sys: 480
03-06 15:52:19.093  4330  7816 W Bugle   : Obsolete carrier config resource: maxImageWidth res: 2592, sys: 640
03-06 15:52:19.094  4330  7816 I Bugle   : Carrier configs loaded: Bundle[{carrier_volte_provisioned_bool=false, disable_charge_indication_bool=false, support_tdscdma_bool=false, httpSocketTimeout=60000, call_redirection_service_component_name_string=null, carrier_wfc_supports_wifi_only_bool=false, carrier_default_actions_on_default_network_available_string_array=[false: 7, true: 8], operator_selection_expand_bool=true, disable_cdma_activation_code_bool=false, simplified_network_settings_bool=false, support_tdscdma_roaming_networks_string_array=null, gps.lpp_profile=0, call_barring_visibility_bool=false, gps.es_extension_sec=0, enable_apps_string_array=null, carrier_default_wfc_ims_roaming_enabled_bool=false, cdma_nonroaming_networks_string_array=null, aliasMinChars=2, wfc_data_spn_format_idx_int=0, hide_sim_lock_settings_bool=false, drop_video_call_when_answering_audio_call_bool=false, ci_action_on_sys_update_bool=false, convert_cdma_caller_id_mmi_codes_while_roaming_on_3gpp_bool=false, support_enhanced_call_blocking_bool=true, vvm_port_number_int=0, carrier_default_wfc_ims_enabled_bool=false, dial_string_replace_string_array=null, opportunistic_network_entry_threshold_bandwidth_int=1024, gsm_nonroaming_networks_string_array=null, hide_ims_apn_bool=false, vvm_destination_number_string=, dtmf_type_enabled_bool=false, allow_video_calling_fallback_bool=true, config_ims_package_override_string=null, only_auto_select_in_home_network=false, smsToMmsTextThreshold=-1, disable_severe_when_extreme_disabled_bool=true, force_home_network_bool=false, spdi_override_string_array=null, show_wfc_location_privacy_policy_bool=false, gps.supl_es=1, enableSMSDeliveryReports=true, auto_retry_enabled_bool=false, opportunistic_network_entry_threshold_rssnr_int=45, play_call_recording_tone_bool=false, carrier_force_disable_etws_cmas_test_bool=false, call_waiting_service_class_int=1, allow_emergency_video_calls_bool=false, csp_enabled_bool=false, default_sim_call_manager_string=, wifi.passpoint_profiles_string_array=null, carrier_app_required_during_setup_bool=false, call_forwarding_blocks_while_roaming_string_array=null, emergency_notification_delay_int=-1, support_video_conference_call_bool=false, ims_dtmf_tone_delay_int=0, show_signal_strength_in_sim_status_bool=true, data_rapid_notification_bool=true, carrier_instant_lettering_escaped_chars_string=, carrier_default_wfc_ims_roaming_mode_int=2, editable_wfc_mode_bool=true, support_direct_fdn_dialing_bool=false, carrier_ut_provisioning_required_bool=false, carrier_wifi_string_array=null, treat_downgraded_video_calls_as_video_calls_bool=false, wifi_calls_can_be_hd_audio=true, support_downgrade_vt_to_audio_bool=true, cdma_enhanced_roaming_indicator_for_home_network_int_array=[1], notify_handover_video_from_lte_to_wifi_bool=false, use_otasp_for_provisioning_bool=false, always_play_remote_hold_tone_bool=false, opportunistic_network_data_switch_hysteresis_time_long=10000, maxMessageTextSize=-1, duration_blocking_disabled_after_emergency_int=7200, carrier_metered_roaming_apn_types_strings=[default, mms, dun, supl], additional_settings_call_waiting_visibility_bool=true, show_video_call_charges_alert_dialog_bool=false, carrier_network_service_wlan_package_override_string=, show_apn_setting_cdma_bool=false, use_usim_bool=false, carrier_instant_lettering_length_limit_int=64, operator_name_filter_pattern_string=, carrier_instant_lettering_invalid_chars_string=, carrier_setup_app_string=, editable_wfc_roaming_mode_bool=false, supportMmsContentDisposition=true, support_manage_ims_conference_call_bool=true, opportunistic_network_exit_threshold_rssnr_int=10, allow_non_emergency_calls_in_ecm_bool=true, allow_cdma_eri_bool=false, carrier_data_service_wlan_package_override_string=, show_carrier_data_icon_pattern_string=, use_rcs_presence_bool=false, config_telephony_use_own_number_for_voicemail_bool=false, cdma_dtmf_tone_delay_int=100, editable_voicemail_number_bool=false, carrier_data_call_apn_retry_after_disconnect_long=10000, filtered_cnap_names_string_array=null, enabledTransID=false, aliasEnabled=false, vvm_disabl
03-06 15:52:19.094  1676  1676 I hwservicemanager: getTransport: Cannot find entry android.hardware.radio@1.4::IRadio/slot1 in either framework or device manifest.
03-06 15:52:19.095  1676  1676 I hwservicemanager: getTransport: Cannot find entry android.hardware.radio@1.3::IRadio/slot1 in either framework or device manifest.
03-06 15:52:19.097  1676  1676 I hwservicemanager: getTransport: Cannot find entry android.hardware.radio@1.2::IRadio/slot1 in either framework or device manifest.
03-06 15:52:19.099  1676  1676 I hwservicemanager: getTransport: Cannot find entry android.hardware.radio@1.1::IRadio/slot1 in either framework or device manifest.
03-06 15:52:19.100  2476  2476 W ServiceManagement: getService: found dead hwbinder service for android.hardware.radio@1.0::IRadio/slot1.
03-06 15:52:19.100  2476  2476 W ServiceManagement: getService: found dead hwbinder service for android.hardware.radio@1.0::IRadio/slot1.
03-06 15:52:19.101  2476  2476 I ServiceManagement: getService: Trying again for android.hardware.radio@1.0::IRadio/slot1...
03-06 15:52:19.342  2026  2047 W WindowManager: Unable to start animation, surface is null or no children.
03-06 15:52:19.979  1791  2388 E GnssHAL_GnssInterface: gnssSvStatusCb: a: input svInfo.flags is 8
03-06 15:52:19.979  1791  2388 E GnssHAL_GnssInterface: gnssSvStatusCb: b: input svInfo.flags is 8
03-06 15:52:20.103  2476  2476 W ServiceManagement: Waited one second for android.hardware.radio@1.0::IRadio/slot1
03-06 15:52:20.104  2476  2476 I ServiceManagement: getService: Trying again for android.hardware.radio@1.0::IRadio/slot1...
03-06 15:52:20.635  2026  2053 W BroadcastQueue: Background execution not allowed: receiving Intent { act=android.intent.action.DROPBOX_ENTRY_ADDED flg=0x10 (has extras) } to com.google.android.gms/.stats.service.DropBoxEntryAddedReceiver
03-06 15:52:20.635  2026  2053 W BroadcastQueue: Background execution not allowed: receiving Intent { act=android.intent.action.DROPBOX_ENTRY_ADDED flg=0x10 (has extras) } to com.google.android.gms/.chimera.GmsIntentOperationService$PersistentTrustedReceiver
03-06 15:52:20.806  2026  2026 W WindowManager: removeWindowToken: Attempted to remove non-existing token: android.os.Binder@b67231b
03-06 15:52:20.980  1791  2388 E GnssHAL_GnssInterface: gnssSvStatusCb: a: input svInfo.flags is 8
03-06 15:52:20.980  1791  2388 E GnssHAL_GnssInterface: gnssSvStatusCb: b: input svInfo.flags is 8
03-06 15:52:21.105  2476  2476 W ServiceManagement: Waited one second for android.hardware.radio@1.0::IRadio/slot1
03-06 15:52:21.107  2476  2476 I ServiceManagement: getService: Trying again for android.hardware.radio@1.0::IRadio/slot1...
03-06 15:52:21.278  2026  3230 I ActivityTaskManager: START u0 {act=android.intent.action.MAIN cat=[android.intent.category.LAUNCHER] flg=0x10000000 cmp=ru.iteco.fmhandroid.test/androidx.test.core.app.InstrumentationActivityInvoker$EmptyActivity} from uid 10134
03-06 15:52:21.283  2026  2048 E system_server: Invalid ID 0x00000000.
03-06 15:52:21.285  7200  7200 D LifecycleMonitor: Lifecycle status change: ru.iteco.fmhandroid.ui.AppActivity@8d47fb2 in: PAUSED
03-06 15:52:21.285  7200  7200 V ActivityScenario: Activity lifecycle changed event received but ignored because the reported transition was not ON_CREATE while the last known transition was DESTROYED
03-06 15:52:21.286  7200  7200 V ActivityScenario: Update currentActivityStage to PAUSED, currentActivity=ru.iteco.fmhandroid.ui.AppActivity@8d47fb2
03-06 15:52:21.287  2026  3230 W InputReader: Device has associated, but no associated display id.
03-06 15:52:21.288  2026  3230 I chatty  : uid=1000(system) Binder:2026_12 identical 38 lines
03-06 15:52:21.288  2026  3230 W InputReader: Device has associated, but no associated display id.
03-06 15:52:21.288  7353  7353 W ActivityThread: handleWindowVisibility: no activity for token android.os.BinderProxy@29b028b
03-06 15:52:21.289  2026  3230 W InputReader: Device has associated, but no associated display id.
03-06 15:52:21.289  2026  3230 I chatty  : uid=1000(system) Binder:2026_12 identical 8 lines
03-06 15:52:21.289  2026  3230 W InputReader: Device has associated, but no associated display id.
03-06 15:52:21.302  1792  1969 D gralloc_ranchu: gralloc_alloc: Creating ashmem region of size 9592832
03-06 15:52:21.329  1792  1969 I chatty  : uid=1000(system) HwBinder:1792_2 identical 1 line
03-06 15:52:21.541  1792  1969 D gralloc_ranchu: gralloc_alloc: Creating ashmem region of size 9592832
03-06 15:52:21.555  2026  2048 W InputReader: Device has associated, but no associated display id.
03-06 15:52:21.555  2026  2048 I chatty  : uid=1000(system) android.anim identical 18 lines
03-06 15:52:21.555  2026  2048 W InputReader: Device has associated, but no associated display id.
03-06 15:52:21.556  1792  3032 D gralloc_ranchu: gralloc_alloc: Creating ashmem region of size 6139904
03-06 15:52:21.571  7353  7385 D EGL_emulation: eglMakeCurrent: 0xdb9591c0: ver 2 0 (tinfo 0xf2089d00)
03-06 15:52:21.571  7200  7276 D EGL_emulation: eglMakeCurrent: 0xdee1ae40: ver 2 0 (tinfo 0xc2e69120)
03-06 15:52:21.585  1792  3032 D gralloc_ranchu: gralloc_alloc: Creating ashmem region of size 9592832
03-06 15:52:21.618  1792  3032 D gralloc_ranchu: gralloc_alloc: Creating ashmem region of size 9592832
03-06 15:52:21.649  2026  4296 W InputReader: Device has associated, but no associated display id.
03-06 15:52:21.649  2026  4296 I chatty  : uid=1000(system) Binder:2026_19 identical 8 lines
03-06 15:52:21.649  2026  4296 W InputReader: Device has associated, but no associated display id.
03-06 15:52:21.656  2026  2052 I ActivityTaskManager: Displayed ru.iteco.fmhandroid.test/androidx.test.core.app.InstrumentationActivityInvoker$EmptyActivity: +374ms
03-06 15:52:21.671  2026  4296 W InputReader: Device has associated, but no associated display id.
03-06 15:52:21.671  2026  4296 I chatty  : uid=1000(system) Binder:2026_19 identical 8 lines
03-06 15:52:21.671  2026  4296 W InputReader: Device has associated, but no associated display id.
03-06 15:52:21.675  7200  7200 D LifecycleMonitor: Lifecycle status change: ru.iteco.fmhandroid.ui.AppActivity@8d47fb2 in: STOPPED
03-06 15:52:21.675  7200  7200 V ActivityScenario: Activity lifecycle changed event received but ignored because the reported transition was not ON_CREATE while the last known transition was DESTROYED
03-06 15:52:21.675  7200  7200 V ActivityScenario: Update currentActivityStage to STOPPED, currentActivity=ru.iteco.fmhandroid.ui.AppActivity@8d47fb2
03-06 15:52:21.678  2026  2026 W ActivityManager: Unable to start service Intent { act=android.service.appprediction.AppPredictionService cmp=com.google.android.as/com.google.android.apps.miphone.aiai.app.AiAiPredictionService } U=0: not found
03-06 15:52:21.678  2026  2026 W RemoteAppPredictionService: could not bind to Intent { act=android.service.appprediction.AppPredictionService cmp=com.google.android.as/com.google.android.apps.miphone.aiai.app.AiAiPredictionService } using flags 67108865
03-06 15:52:21.687  1792  3032 D gralloc_ranchu: gralloc_alloc: Creating ashmem region of size 9592832
03-06 15:52:21.689  1792  1969 D gralloc_ranchu: gralloc_alloc: Creating ashmem region of size 9592832
03-06 15:52:21.706  7200  7200 D LifecycleMonitor: Lifecycle status change: ru.iteco.fmhandroid.ui.AppActivity@8d47fb2 in: DESTROYED
03-06 15:52:21.706  7200  7200 V ActivityScenario: Activity lifecycle changed event received but ignored because the reported transition was not ON_CREATE while the last known transition was DESTROYED
03-06 15:52:21.706  7200  7200 V ActivityScenario: Update currentActivityStage to DESTROYED, currentActivity=null
03-06 15:52:21.714  1792  1792 D gralloc_ranchu: gralloc_alloc: Creating ashmem region of size 9592832
03-06 15:52:21.757  1792  1792 I chatty  : uid=1000(system) allocator@2.0-s identical 1 line
03-06 15:52:21.770  1792  1792 D gralloc_ranchu: gralloc_alloc: Creating ashmem region of size 9592832
03-06 15:52:21.771  1792  3032 D gralloc_ranchu: gralloc_alloc: Creating ashmem region of size 9592832
03-06 15:52:21.785  2890  3240 D EGL_emulation: eglMakeCurrent: 0xdee1c2e0: ver 2 0 (tinfo 0xc1d14460)
03-06 15:52:21.808  1792  1792 D gralloc_ranchu: gralloc_alloc: Creating ashmem region of size 9592832
03-06 15:52:21.813  2634  3076 D EGL_emulation: eglMakeCurrent: 0xdee1a120: ver 2 0 (tinfo 0xdee0f3f0)
03-06 15:52:21.850  2026  2048 W InputReader: Device has associated, but no associated display id.
03-06 15:52:21.852  2026  2048 I chatty  : uid=1000(system) android.anim identical 8 lines
03-06 15:52:21.852  2026  2048 W InputReader: Device has associated, but no associated display id.
03-06 15:52:21.854  1792  1792 D gralloc_ranchu: gralloc_alloc: Creating ashmem region of size 6139904
03-06 15:52:21.891  2890  3121 W SessionLifecycleManager: Handover failed. Creating new session controller.
03-06 15:52:21.895  2634  2650 W System  : A resource failed to call release. 
03-06 15:52:21.896  2634  2650 W System  : A resource failed to call release. 
03-06 15:52:21.944  2890  3207 W LocationOracle: No location history returned by ContextManager
03-06 15:52:21.958  2164  3051 W GCoreFlp: No location to return for getLastLocation()
03-06 15:52:21.963  2026  7117 W AppOps  : Noting op not finished: uid 10099 pkg com.google.android.gms code 79 time=1709758338923 duration=-1709758167990
03-06 15:52:21.965  2026  7117 W AppOps  : Noting op not finished: uid 10099 pkg com.google.android.gms code 79 time=1709758341963 duration=0
03-06 15:52:21.978  2890  3121 I MicroDetectionWorker: #startMicroDetector [speakerMode: 0]
03-06 15:52:21.980  2890  3121 I AudioController: Created new AudioSource
03-06 15:52:21.981  1791  2388 E GnssHAL_GnssInterface: gnssSvStatusCb: a: input svInfo.flags is 8
03-06 15:52:21.981  1791  2388 E GnssHAL_GnssInterface: gnssSvStatusCb: b: input svInfo.flags is 8
03-06 15:52:21.981  2890  3121 I MicroDetectionWorker: onReady
03-06 15:52:21.986  2890  7559 I MicroRecognitionRunner: Starting detection.
03-06 15:52:21.987  2890  7559 I MultipleReaderAudioSrc: Using micInputStream
03-06 15:52:21.987  2890  3570 I MicrophoneInputStream: mic_starting  SR : 16000 CC : 16 SO : 1999
03-06 15:52:21.996  1803  7902 I AudioFlinger: AudioFlinger's thread 0xe2e87280 tid=7902 ready to run
03-06 15:52:22.010  2026  3230 I WifiService: acquireWifiLock uid=10099 lockMode=2
03-06 15:52:22.013  2164  3051 W GCoreFlp: No location to return for getLastLocation()
03-06 15:52:22.017  2164  3051 I chatty  : uid=10099(com.google.android.gms) FlpThread identical 1 line
03-06 15:52:22.030  2164  3051 W GCoreFlp: No location to return for getLastLocation()
03-06 15:52:22.031  2890  3570 I MicrophoneInputStream: mic_started  SR : 16000 CC : 16 SO : 1999
03-06 15:52:22.031  2026  7117 I AudioService.RecordingActivityMonitor: rec update riid:87 uid:10105 session:73 src:HOTWORD pack:com.google.android.googlequicksearchbox
03-06 15:52:22.050  7200  7254 E TestRunner: failed: testAuthRight(ru.netology.tests.AuthTest)
03-06 15:52:22.050  7200  7254 E TestRunner: ----- begin exception -----
03-06 15:52:22.050  7200  7254 E TestRunner: androidx.test.espresso.PerformException: Error performing 'wait for a specific view with attribute <an instance of android.widget.TextView and view.getText() with or without transformation to match: is "News"> during 5000 millis.' on view 'Animations or transitions are enabled on the target device.
03-06 15:52:22.050  7200  7254 E TestRunner: For more info check: https://developer.android.com/training/testing/espresso/setup#set-up-environment
03-06 15:52:22.050  7200  7254 E TestRunner: 
03-06 15:52:22.050  7200  7254 E TestRunner: view.getRootView() to equal view'.
03-06 15:52:22.050  7200  7254 E TestRunner: 	at androidx.test.espresso.PerformException$Builder.build(PerformException.java:1)
03-06 15:52:22.050  7200  7254 E TestRunner: 	at androidx.test.espresso.base.DefaultFailureHandler.getUserFriendlyError(DefaultFailureHandler.java:9)
03-06 15:52:22.050  7200  7254 E TestRunner: 	at androidx.test.espresso.base.DefaultFailureHandler.handle(DefaultFailureHandler.java:7)
03-06 15:52:22.050  7200  7254 E TestRunner: 	at androidx.test.espresso.ViewInteraction.waitForAndHandleInteractionResults(ViewInteraction.java:8)
03-06 15:52:22.050  7200  7254 E TestRunner: 	at androidx.test.espresso.ViewInteraction.desugaredPerform(ViewInteraction.java:11)
03-06 15:52:22.050  7200  7254 E TestRunner: 	at androidx.test.espresso.ViewInteraction.perform(ViewInteraction.java:4)
03-06 15:52:22.050  7200  7254 E TestRunner: 	at ru.netology.data.DataHelper.elementWaiting(DataHelper.java:323)
03-06 15:52:22.050  7200  7254 E TestRunner: 	at ru.netology.pages.MainScreenPage.checkMainScreenLoaded(MainScreenPage.java:82)
03-06 15:52:22.050  7200  7254 E TestRunner: 	at ru.netology.tests.AuthTest.testAuthRight(AuthTest.java:45)
03-06 15:52:22.050  7200  7254 E TestRunner: 	at java.lang.reflect.Method.invoke(Native Method)
03-06 15:52:22.050  7200  7254 E TestRunner: 	at org.junit.runners.model.FrameworkMethod$1.runReflectiveCall(FrameworkMethod.java:59)
03-06 15:52:22.050  7200  7254 E TestRunner: 	at org.junit.internal.runners.model.ReflectiveCallable.run(ReflectiveCallable.java:12)
03-06 15:52:22.050  7200  7254 E TestRunner: 	at org.junit.runners.model.FrameworkMethod.invokeExplosively(FrameworkMethod.java:56)
03-06 15:52:22.050  7200  7254 E TestRunner: 	at org.junit.internal.runners.statements.InvokeMethod.evaluate(InvokeMethod.java:17)
03-06 15:52:22.050  7200  7254 E TestRunner: 	at androidx.test.internal.runner.junit4.statement.RunBefores.evaluate(RunBefores.java:80)
03-06 15:52:22.050  7200  7254 E TestRunner: 	at org.junit.rules.ExternalResource$1.evaluate(ExternalResource.java:54)
03-06 15:52:22.050  7200  7254 E TestRunner: 	at io.qameta.allure.android.rules.ScreenshotRule$apply$1.evaluate(ScreenshotRule.kt:22)
03-06 15:52:22.050  7200  7254 E TestRunner: 	at org.junit.rules.ExternalResource$1.evaluate(ExternalResource.java:54)
03-06 15:52:22.050  7200  7254 E TestRunner: 	at io.qameta.allure.android.rules.LogcatRule$apply$1.evaluate(LogcatRule.kt:23)
03-06 15:52:22.050  7200  7254 E TestRunner: 	at org.junit.rules.RunRules.evaluate(RunRules.java:20)
03-06 15:52:22.050  7200  7254 E TestRunner: 	at org.junit.runners.ParentRunner$3.evaluate(ParentRunner.java:306)
03-06 15:52:22.050  7200  7254 E TestRunner: 	at org.junit.runners.BlockJUnit4ClassRunner$1.evaluate(BlockJUnit4ClassRunner.java:100)
03-06 15:52:22.050  7200  7254 E TestRunner: 	at org.junit.runners.ParentRunner.runLeaf(ParentRunner.java:366)
03-06 15:52:22.050  7200  7254 E TestRunner: 	at org.junit.runners.BlockJUnit4ClassRunner.runChild(BlockJUnit4ClassRunner.java:103)
03-06 15:52:22.050  7200  7254 E TestRunner: 	at org.junit.runners.BlockJUnit4ClassRunner.runChild(BlockJUnit4ClassRunner.java:63)
03-06 15:52:22.050  7200  7254 E TestRunner: 	at org.junit.runners.ParentRunner$4.run(ParentRunner.java:331)
03-06 15:52:22.050  7200  7254 E TestRunner: 	at org.junit.runners.ParentRunner$1.schedule(ParentRunner.java:79)
03-06 15:52:22.050  7200  7254 E TestRunner: 	at org.junit.runners.ParentRunner.runChildren(ParentRunner.java:329)
03-06 15:52:22.050  7200  7254 E TestRunner: 	at org.junit.runners.ParentRunner.access$100(ParentRunner.java:66)
03-06 15:52:22.050  7200  7254 E TestRunner: 	at org.junit.runners.ParentRunner$2.evaluate(ParentRunner.java:293)
03-06 15:52:22.050  7200  7254 E TestRunner: 	at org.junit.runners.ParentRunner$3.evaluate(ParentRunner.java:306)
03-06 15:52:22.050  7200  7254 E TestRunner: 	at org.junit.runners.ParentRunner.run(ParentRunner.java:413)
03-06 15:52:22.050  7200  7254 E TestRunner: 	at androidx.test.ext.junit.runners.AndroidJUnit4.run(AndroidJUnit4.java:162)
03-06 15:52:22.050  7200  7254 E TestRunner: 	at io.qameta.allure.android.runners.AllureAndroidJUnit4.run(AllureAndroidJUnitRunners.kt:29)
03-06 15:52:22.050  7200  7254 E TestRunner: 	at org.junit.runners.Suite.runChild(Suite.java:128)
03-06 15:52:22.050  7200  7254 E TestRunner: 	at org.junit.runners.Suite.runChild(Suite.java:27)
03-06 15:52:22.050  7200  7254 E TestRunner: 	at org.junit.runners.ParentRunner$4.run(ParentRunner.java:331)
03-06 15:52:22.050  7200  7254 E TestRunner: 	at org.junit.runners.ParentRunner$1.schedule(ParentRunner.java:79)
03-06 15:52:22.050  7200  7254 E TestRunner: 	at org.junit.runners.ParentRunner.runChildren(ParentRunner.java:329)
03-06 15:52:22.050  7200  7254 E TestRunner: 	at org.junit.runners.ParentRunner.access$100(ParentRunner.java:66)
03-06 15:52:22.050  7200  7254 E TestRunner: 	at org.junit.runners.ParentRunner$2.evaluate(ParentRunner.java:293)
03-06 15:52:22.050  7200  7254 E TestRunner: 	at org.junit.runners.ParentRunner$3.evaluate(ParentRunner.java:306)
03-06 15:52:22.050  7200  7254 E TestRunner: 	at org.junit.runners.ParentRunner.run(ParentRunner.java:413)
03-06 15:52:22.050  7200  7254 E TestRunner: 	at org.junit.runner.JUnitCore.run(JUnitCore.java:137)
03-06 15:52:22.050  7200  7254 E TestRunner: 	at org.junit.runner.JUnitCore.run(JUnitCore.java:115)
03-06 15:52:22.050  7200  7254 E TestRunner: 	at androidx.test.internal.runner.TestExecutor.execute(TestExecutor.java:65)
03-06 15:52:22.050  7200  7254 E TestRunner: 	at androidx.test.internal.runner.TestExecutor.execute(TestExecutor.java:56)
03-06 15:52:22.050  7200  7254 E TestRunner: 	at androidx.test.runner.AndroidJUnitRunner.onStart(AndroidJUnitRunner.java:471)
03-06 15:52:22.050  7200  7254 E TestRunner: 	at android.app.Instrumentation$Instr
03-06 15:52:22.050  7200  7254 E TestRunner: ----- end exception -----
03-06 15:52:22.051  7200  7254 I TestRunner: finished: testAuthRight(ru.netology.tests.AuthTest)
03-06 15:52:22.061  7200  7254 I TestRunner: started: testToAllNews(ru.netology.tests.ClaimsPageTests)
03-06 15:52:22.077  2890  7559 W SpeechLevelGenerator: Really low audio levels detected. The audio input may have issues.
03-06 15:52:22.078  2890  3121 I MicroDetectionWorker: onReady
03-06 15:52:22.084  7200  7254 W Settings: Setting always_finish_activities has moved from android.provider.Settings.System to android.provider.Settings.Global, returning read-only value.
03-06 15:52:22.086  2026  2829 W ActivityTaskManager: Finishing task with all activities already finished
03-06 15:52:22.086  2026  2829 W ActivityTaskManager: Duplicate finish request for ActivityRecord{cfdfa3 u0 ru.iteco.fmhandroid.test/androidx.test.core.app.InstrumentationActivityInvoker$EmptyActivity t19 f}
03-06 15:52:22.086  2026  4059 I ActivityTaskManager: START u0 {act=android.intent.action.MAIN cat=[android.intent.category.LAUNCHER] flg=0x10008000 cmp=ru.iteco.fmhandroid/.ui.AppActivity} from uid 10134
03-06 15:52:22.086  2164  3051 W GCoreFlp: No location to return for getLastLocation()
03-06 15:52:22.090  2164  7232 W ctxmgr  : [AclManager] No 3 for (accnt=account#-517948760#, com.google.android.gms(10099):UserVelocityProducer, vrsn=17786022, 0, 3pPkg = null ,  3pMdlId = null ,  pid = 2164). Was: 3 for 1, account#-517948760# [CONTEXT service_id=47 ]
03-06 15:52:22.095  2026  4785 W InputReader: Device has associated, but no associated display id.
03-06 15:52:22.097  2026  4785 I chatty  : uid=1000(system) Binder:2026_1C identical 28 lines
03-06 15:52:22.097  2026  4785 W InputReader: Device has associated, but no associated display id.
03-06 15:52:22.097  7200  7200 W ActivityThread: handleWindowVisibility: no activity for token android.os.BinderProxy@38dd83d
03-06 15:52:22.098  2026  4785 W InputReader: Device has associated, but no associated display id.
03-06 15:52:22.098  2026  4785 I chatty  : uid=1000(system) Binder:2026_1C identical 8 lines
03-06 15:52:22.098  2026  4785 W InputReader: Device has associated, but no associated display id.
03-06 15:52:22.099  2026  2048 E system_server: Invalid ID 0x00000000.
03-06 15:52:22.105  7200  7200 D LifecycleMonitor: Lifecycle status change: ru.iteco.fmhandroid.ui.AppActivity@884bb39 in: PRE_ON_CREATE
03-06 15:52:22.105  7200  7200 V ActivityScenario: Activity lifecycle changed event received but ignored because the reported transition was not ON_CREATE while the last known transition was PRE_ON_CREATE
03-06 15:52:22.109  2476  2476 W ServiceManagement: Waited one second for android.hardware.radio@1.0::IRadio/slot1
03-06 15:52:22.111  1792  1792 D gralloc_ranchu: gralloc_alloc: Creating ashmem region of size 9592832
03-06 15:52:22.111  2164  7519 I Places  : ?: Couldn't find platform key file.
03-06 15:52:22.122  2476  2476 I ServiceManagement: getService: Trying again for android.hardware.radio@1.0::IRadio/slot1...
03-06 15:52:22.130  7200  7200 D LifecycleMonitor: Lifecycle status change: ru.iteco.fmhandroid.ui.AppActivity@884bb39 in: CREATED
03-06 15:52:22.131  7200  7200 V ActivityScenario: Update currentActivityStage to CREATED, currentActivity=ru.iteco.fmhandroid.ui.AppActivity@884bb39
03-06 15:52:22.139  7200  7200 D LifecycleMonitor: Lifecycle status change: ru.iteco.fmhandroid.ui.AppActivity@884bb39 in: STARTED
03-06 15:52:22.139  7200  7200 V ActivityScenario: Update currentActivityStage to STARTED, currentActivity=ru.iteco.fmhandroid.ui.AppActivity@884bb39
03-06 15:52:22.141  2164  2164 I GeofencerStateMachine: removeGeofences: removeRequest=RemoveGeofencingRequest[REMOVE_BY_PENDING_INTENT pendingIntent=PendingIntent[creatorPackage=com.google.android.gms], packageName=com.google.android.gms]
03-06 15:52:22.142  7200  7200 D LifecycleMonitor: Lifecycle status change: ru.iteco.fmhandroid.ui.AppActivity@884bb39 in: RESUMED
03-06 15:52:22.142  7200  7200 V ActivityScenario: Update currentActivityStage to RESUMED, currentActivity=ru.iteco.fmhandroid.ui.AppActivity@884bb39
03-06 15:52:22.145  2026  2048 W InputReader: Device has associated, but no associated display id.
03-06 15:52:22.145  2026  2048 I chatty  : uid=1000(system) android.anim identical 8 lines
03-06 15:52:22.145  2026  2048 W InputReader: Device has associated, but no associated display id.
03-06 15:52:22.151  2164  2164 I GeofencerStateMachine: removeGeofences: removeRequest=RemoveGeofencingRequest[REMOVE_BY_PENDING_INTENT pendingIntent=PendingIntent[creatorPackage=com.google.android.gms], packageName=com.google.android.gms]
03-06 15:52:22.157  2164  7666 I Places  : ?: Couldn't find platform key file.
03-06 15:52:22.158  2164  7910 I PlaceInferenceEngine: [anon] Changed inference mode: 0
03-06 15:52:22.158  2164  7666 I Places  : ?: Couldn't find platform key file.
03-06 15:52:22.158  2164  3051 W GCoreFlp: No location to return for getLastLocation()
03-06 15:52:22.159  1807  1807 E Layer   : [Surface(name=AppWindowToken{340b291 token=Token{1b234b8 ActivityRecord{7235b1b u0 com.google.android.apps.nexuslauncher/.NexusLauncherActivity t5}}})/@0xaa55df9 - animation-leash#0] No local sync point found
03-06 15:52:22.169  1792  1792 D gralloc_ranchu: gralloc_alloc: Creating ashmem region of size 9592832
03-06 15:52:22.176  2164  7231 I Places  : ?: Couldn't find platform key file.
03-06 15:52:22.178  2026  4785 W AppOps  : Noting op not finished: uid 10099 pkg com.google.android.gms code 79 time=1709758342102 duration=-1
03-06 15:52:22.184  1792  1792 D gralloc_ranchu: gralloc_alloc: Creating ashmem region of size 9592832
03-06 15:52:22.186  2164  7666 I Places  : ?: Couldn't find platform key file.
03-06 15:52:22.196  2164  6098 I Places  : ?: Couldn't find platform key file.
03-06 15:52:22.199  2164  7666 I Places  : ?: Couldn't find platform key file.
03-06 15:52:22.199  1792  3032 D gralloc_ranchu: gralloc_alloc: Creating ashmem region of size 9592832
03-06 15:52:22.199  7200  7276 D EGL_emulation: eglMakeCurrent: 0xdee1ae40: ver 2 0 (tinfo 0xc2e69120)
03-06 15:52:22.202  2890  3121 I MicroDetector: Keeping mic open: false
03-06 15:52:22.215  2026  4296 W AppOps  : Noting op not finished: uid 10099 pkg com.google.android.gms code 79 time=1709758342178 duration=0
03-06 15:52:22.216  2890  3568 I MicroRecognitionRunner: Stopping hotword detection.
03-06 15:52:22.216  2890  7559 I MicroRecognitionRunner: Detection finished
03-06 15:52:22.217  2890  3207 I DeviceStateChecker: DeviceStateChecker cancelled
03-06 15:52:22.217  2890  3215 I AudioController: internalShutdown
03-06 15:52:22.227  2026  2052 I ActivityTaskManager: Displayed ru.iteco.fmhandroid/.ui.AppActivity: +138ms
03-06 15:52:22.231  2890  3215 I MicrophoneInputStream: mic_close  SR : 16000 CC : 16 SO : 1999
03-06 15:52:22.231  2890  3215 E AudioSource: Stop listening is called on already closed AudioSource
03-06 15:52:22.241  2164  7910 W Places  : ?: Failed to download inference model weights PlacesServer
03-06 15:52:22.241  2164  7910 W PlaceInferenceEngine: Failed to download model weights. Status code: 7
03-06 15:52:22.241  2164  6098 I Places  : ?: Couldn't find platform key file.
03-06 15:52:22.241  2164  6098 I Places  : ?: Couldn't find platform key file.
03-06 15:52:22.274  2164  7232 I ctxmgr  : [ProducerStatusImpl] updateStateForNewContextData: inactive, contextName=7 [CONTEXT service_id=47 ]
03-06 15:52:22.285  2164  3051 W GCoreFlp: No location to return for getLastLocation()
03-06 15:52:22.286  2026  4059 W AppOps  : Noting op not finished: uid 10099 pkg com.google.android.gms code 79 time=1709758342215 duration=0
03-06 15:52:22.288  2164  7231 I Places  : ?: Couldn't find platform key file.
03-06 15:52:22.289  2026  4059 W AppOps  : Noting op not finished: uid 10099 pkg com.google.android.gms code 79 time=1709758342286 duration=0
03-06 15:52:22.304  2164  7910 I Places  : ?: PlacesBleScanner start() with priority 2
03-06 15:52:22.305  2164  7910 I PlaceInferenceEngine: [anon] Changed inference mode: 1
03-06 15:52:22.306  2164  3051 W GCoreFlp: No location to return for getLastLocation()
03-06 15:52:22.314  2026  4785 W AppOps  : Noting op not finished: uid 10099 pkg com.google.android.gms code 79 time=1709758342289 duration=0
03-06 15:52:22.315  2026  4785 W AppOps  : Noting op not finished: uid 10099 pkg com.google.android.gms code 79 time=1709758342314 duration=0
03-06 15:52:22.328  2164  3051 W GCoreFlp: No location to return for getLastLocation()
03-06 15:52:22.338  7353  7385 D EGL_emulation: eglMakeCurrent: 0xdb9591c0: ver 2 0 (tinfo 0xf2089d00)
03-06 15:52:22.428  7200  7254 W Settings: Setting always_finish_activities has moved from android.provider.Settings.System to android.provider.Settings.Global, returning read-only value.
03-06 15:52:22.431  2026  4059 I ActivityTaskManager: START u0 {act=android.intent.action.MAIN cat=[android.intent.category.LAUNCHER] flg=0x10008000 cmp=ru.iteco.fmhandroid/.ui.AppActivity} from uid 10134
03-06 15:52:22.432  2026  4059 W InputReader: Device has associated, but no associated display id.
03-06 15:52:22.432  2026  4059 I chatty  : uid=1000(system) Binder:2026_16 identical 8 lines
03-06 15:52:22.432  2026  4059 W InputReader: Device has associated, but no associated display id.
03-06 15:52:22.435  7200  7200 D LifecycleMonitor: Lifecycle status change: ru.iteco.fmhandroid.ui.AppActivity@884bb39 in: PAUSED
03-06 15:52:22.435  7200  7200 V ActivityScenario: Update currentActivityStage to PAUSED, currentActivity=ru.iteco.fmhandroid.ui.AppActivity@884bb39
03-06 15:52:22.435  7200  7200 V ActivityScenario: Activity lifecycle changed event received but ignored because the reported transition was not ON_CREATE while the last known transition was PRE_ON_CREATE
03-06 15:52:22.436  2026  4296 W InputReader: Device has associated, but no associated display id.
03-06 15:52:22.438  2026  4296 I chatty  : uid=1000(system) Binder:2026_19 identical 38 lines
03-06 15:52:22.438  2026  4296 W InputReader: Device has associated, but no associated display id.
03-06 15:52:22.439  7200  7200 W ActivityThread: handleWindowVisibility: no activity for token android.os.BinderProxy@125b38b
03-06 15:52:22.444  2634  3076 D EGL_emulation: eglMakeCurrent: 0xdee1a120: ver 2 0 (tinfo 0xdee0f3f0)
03-06 15:52:22.445  2890  3240 D EGL_emulation: eglMakeCurrent: 0xdee1c2e0: ver 2 0 (tinfo 0xc1d14460)
03-06 15:52:22.446  7200  7200 D LifecycleMonitor: Lifecycle status change: ru.iteco.fmhandroid.ui.AppActivity@d39fd67 in: PRE_ON_CREATE
03-06 15:52:22.447  7200  7200 V ActivityScenario: Activity lifecycle changed event received but ignored because the activity instance does not match. currentActivity=ru.iteco.fmhandroid.ui.AppActivity@884bb39, receivedActivity=ru.iteco.fmhandroid.ui.AppActivity@d39fd67
03-06 15:52:22.447  7200  7200 V ActivityScenario: Activity lifecycle changed event received but ignored because the reported transition was not ON_CREATE while the last known transition was PRE_ON_CREATE
03-06 15:52:22.449  1792  1792 D gralloc_ranchu: gralloc_alloc: Creating ashmem region of size 9592832
03-06 15:52:22.473  7200  7200 D LifecycleMonitor: Lifecycle status change: ru.iteco.fmhandroid.ui.AppActivity@d39fd67 in: CREATED
03-06 15:52:22.473  7200  7200 V ActivityScenario: Activity lifecycle changed event received but ignored because the activity instance does not match. currentActivity=ru.iteco.fmhandroid.ui.AppActivity@884bb39, receivedActivity=ru.iteco.fmhandroid.ui.AppActivity@d39fd67
03-06 15:52:22.473  7200  7200 V ActivityScenario: Update currentActivityStage to CREATED, currentActivity=ru.iteco.fmhandroid.ui.AppActivity@d39fd67
03-06 15:52:22.488  7200  7200 D LifecycleMonitor: Lifecycle status change: ru.iteco.fmhandroid.ui.AppActivity@d39fd67 in: STARTED
03-06 15:52:22.488  7200  7200 V ActivityScenario: Activity lifecycle changed event received but ignored because the activity instance does not match. currentActivity=ru.iteco.fmhandroid.ui.AppActivity@884bb39, receivedActivity=ru.iteco.fmhandroid.ui.AppActivity@d39fd67
03-06 15:52:22.488  7200  7200 V ActivityScenario: Update currentActivityStage to STARTED, currentActivity=ru.iteco.fmhandroid.ui.AppActivity@d39fd67
03-06 15:52:22.489  7200  7200 D LifecycleMonitor: Lifecycle status change: ru.iteco.fmhandroid.ui.AppActivity@d39fd67 in: RESUMED
03-06 15:52:22.489  7200  7200 V ActivityScenario: Activity lifecycle changed event received but ignored because the activity instance does not match. currentActivity=ru.iteco.fmhandroid.ui.AppActivity@884bb39, receivedActivity=ru.iteco.fmhandroid.ui.AppActivity@d39fd67
03-06 15:52:22.489  7200  7200 V ActivityScenario: Update currentActivityStage to RESUMED, currentActivity=ru.iteco.fmhandroid.ui.AppActivity@d39fd67
03-06 15:52:22.500  2890  3569 I PBSessionCacheImpl: Deleted sessionId[85817060155] from persistence.
03-06 15:52:22.502  2026  3230 W InputReader: Device has associated, but no associated display id.
03-06 15:52:22.503  2026  3230 I chatty  : uid=1000(system) Binder:2026_12 identical 18 lines
03-06 15:52:22.503  2026  3230 W InputReader: Device has associated, but no associated display id.
03-06 15:52:22.508  1792  1792 D gralloc_ranchu: gralloc_alloc: Creating ashmem region of size 9592832
03-06 15:52:22.510  1792  3032 D gralloc_ranchu: gralloc_alloc: Creating ashmem region of size 9592832
03-06 15:52:22.511  2890  3121 W SearchServiceCore: Abort, client detached.
03-06 15:52:22.548  1792  3032 D gralloc_ranchu: gralloc_alloc: Creating ashmem region of size 9592832
03-06 15:52:22.567  7200  7276 D EGL_emulation: eglMakeCurrent: 0xdee1ae40: ver 2 0 (tinfo 0xc2e69120)
03-06 15:52:22.576  1792  3032 D gralloc_ranchu: gralloc_alloc: Creating ashmem region of size 9592832
03-06 15:52:22.577  7200  7276 D EGL_emulation: eglMakeCurrent: 0xdee1ae40: ver 2 0 (tinfo 0xc2e69120)
03-06 15:52:22.870  7200  7276 I chatty  : uid=10134(ru.iteco.fmhandroid) RenderThread identical 29 lines
03-06 15:52:22.873  7200  7276 D EGL_emulation: eglMakeCurrent: 0xdee1ae40: ver 2 0 (tinfo 0xc2e69120)
03-06 15:52:22.883  2026  2829 D WificondControl: Scan result ready event
03-06 15:52:22.888  7200  7276 D EGL_emulation: eglMakeCurrent: 0xdee1ae40: ver 2 0 (tinfo 0xc2e69120)
03-06 15:52:22.976  7200  7276 I chatty  : uid=10134(ru.iteco.fmhandroid) RenderThread identical 10 lines
03-06 15:52:22.979  7200  7276 D EGL_emulation: eglMakeCurrent: 0xdee1ae40: ver 2 0 (tinfo 0xc2e69120)
03-06 15:52:22.982  1791  2388 E GnssHAL_GnssInterface: gnssSvStatusCb: a: input svInfo.flags is 8
03-06 15:52:22.982  1791  2388 E GnssHAL_GnssInterface: gnssSvStatusCb: b: input svInfo.flags is 8
03-06 15:52:22.992  7200  7276 D EGL_emulation: eglMakeCurrent: 0xdee1ae40: ver 2 0 (tinfo 0xc2e69120)
03-06 15:52:23.115  7200  7276 I chatty  : uid=10134(ru.iteco.fmhandroid) RenderThread identical 14 lines
03-06 15:52:23.119  7200  7276 D EGL_emulation: eglMakeCurrent: 0xdee1ae40: ver 2 0 (tinfo 0xc2e69120)
03-06 15:52:23.122  2476  2476 W ServiceManagement: Waited one second for android.hardware.radio@1.0::IRadio/slot1
03-06 15:52:23.122  2476  2476 I ServiceManagement: getService: Trying again for android.hardware.radio@1.0::IRadio/slot1...
03-06 15:52:23.131  7200  7276 D EGL_emulation: eglMakeCurrent: 0xdee1ae40: ver 2 0 (tinfo 0xc2e69120)
03-06 15:52:23.132  2026  4070 D HostConnection: HostConnection::get() New Host Connection established 0xb73c2c60, tid 4070
03-06 15:52:23.134  2026  4070 D HostConnection: HostComposition ext ANDROID_EMU_CHECKSUM_HELPER_v1 ANDROID_EMU_dma_v1 ANDROID_EMU_direct_mem ANDROID_EMU_host_composition_v1 ANDROID_EMU_host_composition_v2 ANDROID_EMU_vulkan ANDROID_EMU_deferred_vulkan_commands ANDROID_EMU_vulkan_null_optional_strings ANDROID_EMU_vulkan_create_resources_with_requirements ANDROID_EMU_YUV420_888_to_NV21 ANDROID_EMU_YUV_Cache ANDROID_EMU_vulkan_free_memory_sync ANDROID_EMU_vulkan_shader_float16_int8 ANDROID_EMU_vulkan_async_queue_submit ANDROID_EMU_sync_buffer_data GL_OES_vertex_array_object GL_KHR_texture_compression_astc_ldr ANDROID_EMU_host_side_tracing ANDROID_EMU_gles_max_version_2 
03-06 15:52:23.134  2026  4070 W OpenGLRenderer: Failed to choose config with EGL_SWAP_BEHAVIOR_PRESERVED, retrying without...
03-06 15:52:23.141  2026  4070 D eglCodecCommon: setVertexArrayObject: set vao to 0 (0) 0 0
03-06 15:52:23.141  2026  4070 D EGL_emulation: eglCreateContext: 0xc23d2720: maj 2 min 0 rcv 2
03-06 15:52:23.171  2026  4070 D EGL_emulation: eglMakeCurrent: 0xc23d2720: ver 2 0 (tinfo 0xbd5c54c0)
03-06 15:52:23.180  2026  4070 D eglCodecCommon: setVertexArrayObject: set vao to 0 (0) 1 0
03-06 15:52:23.460  7917  7917 I ServiceManagement: Registered android.hardware.radio@1.1::IRadio/slot1 (start delay of 18ms)
03-06 15:52:23.460  7917  7917 I ServiceManagement: Registered android.hardware.radio.deprecated@1.0::IOemHook/slot1 (start delay of 18ms)
03-06 15:52:23.460  2476  2476 I android_os_HwBinder: HwBinder: Starting thread pool for getting: android.hardware.radio@1.0::IRadio/slot1
03-06 15:52:23.463  1676  1676 I hwservicemanager: getTransport: Cannot find entry android.hardware.radio.deprecated@1.0::IOemHook/slot1 in either framework or device manifest.
03-06 15:52:23.465  2476  2476 D CallNotifier: updatePhoneStateListeners: update CF notifications.
03-06 15:52:23.465  2476  2476 I NotificationMgr: updateCfi: subId= 1, visible=N
03-06 15:52:23.466  2476  2476 I NotificationMgr: updateMwi(): subId 1 update to false
03-06 15:52:23.468  2476  2476 I TelecomFramework: : onSubscriptionsChanged - update accounts
03-06 15:52:23.468  2476  2476 I TelecomFramework: PstnIncomingCallNotifier: Unregistering: Handler (com.android.internal.telephony.GsmCdmaPhone) {b312827}
03-06 15:52:23.468  2476  2476 I TelecomFramework: TelecomAccountRegistry: setupAccounts: Found 1 phones.  Attempting to register.
03-06 15:52:23.468  2476  2476 I TelecomFramework: TelecomAccountRegistry: setupAccounts: Phone with subscription id 1
03-06 15:52:23.470  4030  4030 I Dialer  : LegacyVoicemailNotificationReceiver.onReceive - received legacy voicemail notification
03-06 15:52:23.470  4030  4030 I Dialer  : LegacyVoicemailNotificationReceiver.onReceive - isRefresh: true
03-06 15:52:23.470  4030  4030 I Dialer  : LegacyVoicemailNotificationReceiver.onReceive - clearing notification
03-06 15:52:23.470  4030  4030 I Dialer  : LegacyVoicemailNotifier.cancelNotification - enter
03-06 15:52:23.480  2026  2829 I Telecom : PhoneAccountRegistrar: New phone account registered: [[ ] PhoneAccount: ComponentInfo{com.android.phone/com.android.services.telephony.TelephonyConnectionService}, ***, UserHandle{0} Capabilities: CallProvider MultiUser PlaceEmerg SimSub  Audio Routes: BESW Schemes: tel voicemail  Extras: Bundle[{android.telecom.extra.SUPPORTS_VIDEO_CALLING_FALLBACK=true}] GroupId: ***]: TSI.rPA@AtA
03-06 15:52:23.480  2026  2829 I Telecom : CallsManager: Sending phone-account ComponentInfo{com.android.phone/com.android.services.telephony.TelephonyConnectionService}, ***, UserHandle{0} registered intent as user: TSI.rPA@AtA
03-06 15:52:23.481  2026  2829 I Telecom : CallsManager: Sending phone-account registered intent to default dialer: TSI.rPA@AtA
03-06 15:52:23.481  2476  2476 I TelecomFramework: AccountEntry: Registered phoneAccount: [[ ] PhoneAccount: ComponentInfo{com.android.phone/com.android.services.telephony.TelephonyConnectionService}, ***, UserHandle{0} Capabilities: CallProvider MultiUser PlaceEmerg SimSub  Audio Routes: BESW Schemes: tel voicemail  Extras: Bundle[{android.telecom.extra.SUPPORTS_VIDEO_CALLING_FALLBACK=true}] GroupId: ***] with handle: ComponentInfo{com.android.phone/com.android.services.telephony.TelephonyConnectionService}, ***, UserHandle{0}
03-06 15:52:23.481  2476  2476 I TelecomFramework: PstnIncomingCallNotifier: Registering: Handler (com.android.internal.telephony.GsmCdmaPhone) {b312827}
03-06 15:52:23.482  2476  2476 I TelecomFramework: TelecomAccountRegistry: Unregistering phone account ComponentInfo{com.android.phone/com.android.services.telephony.TelephonyConnectionService}, ***, UserHandle{0}.
03-06 15:52:23.484  2026  4059 I Telecom : CallsManager: Sending phone-account ComponentInfo{com.android.phone/com.android.services.telephony.TelephonyConnectionService}, ***, UserHandle{0} unregistered intent as user: TSI.uPA@AtI
03-06 15:52:23.484  2026  4059 I Telecom : CallsManager: Sending phone-account unregistered intent to default dialer: TSI.uPA@AtI
03-06 15:52:23.486  2476  2476 D MultiSimSettingController: onSubscriptionsChanged
03-06 15:52:23.486  2476  2476 D MultiSimSettingController: updateDefaults
03-06 15:52:23.486  2476  2476 D MultiSimSettingController: [updateDefaultValues] change: 0
03-06 15:52:23.487  2476  2476 I CallNotifier: onCallForwardingIndicatorChanged(): subId=1, visible=N
03-06 15:52:23.487  2476  2476 D CallNotifier: updatePhoneStateListeners: update CF notifications.
03-06 15:52:23.487  2476  2476 I NotificationMgr: updateCfi: subId= 1, visible=N
03-06 15:52:23.491  2476  2476 I NotificationMgr: updateMwi(): subId 1 update to false
03-06 15:52:23.494  4030  4030 I Dialer  : LegacyVoicemailNotificationReceiver.onReceive - received legacy voicemail notification
03-06 15:52:23.494  4030  4030 I Dialer  : LegacyVoicemailNotificationReceiver.onReceive - isRefresh: true
03-06 15:52:23.494  4030  4030 I Dialer  : LegacyVoicemailNotificationReceiver.onReceive - clearing notification
03-06 15:52:23.494  4030  4030 I Dialer  : LegacyVoicemailNotifier.cancelNotification - enter
03-06 15:52:23.499  2476  2476 D TelephonyProvider: subIdString = 1 subId = 1
03-06 15:52:23.508  2184  2184 V KeyguardUpdateMonitor: onSubscriptionInfoChanged()
03-06 15:52:23.510  2184  2184 V KeyguardUpdateMonitor: SubInfo:{id=1, iccId=890141032[****] simSlotIndex=0 carrierId=1 displayName=T-Mobile carrierName=No service nameSource=3 iconTint=-16746133 mNumber=[****] dataRoaming=0 iconBitmap=android.graphics.Bitmap@d968c9c mcc 310 mnc 260mCountryIso=us isEmbedded false accessRules null cardString=890141032[****] cardId=-1 isOpportunistic false mGroupUUID=null mIsGroupDisabled=false profileClass=-1 ehplmns = null hplmns = null subscriptionType=0 mGroupOwner=null}
03-06 15:52:23.513  2026  2123 W BestClock: java.time.DateTimeException: Missing NTP fix
03-06 15:52:23.513  2026  2829 D AlarmManagerService: Kernel timezone updated to 0 minutes west of GMT
03-06 15:52:23.514  4330  7816 W Bugle   : BuglePhoneNumberUtils: canonicalizeMccMnc: invalid mccmnc. mcc: null, mnc: null
03-06 15:52:23.515  2026  2026 D ConditionProviders.SCP: onReceive android.intent.action.TIMEZONE_CHANGED
03-06 15:52:23.516  2026  2026 D ConditionProviders.SCP: evaluateSubscriptionLocked cal=ScheduleCalendar[mDays={1, 2, 3, 4, 5, 6, 7}, mSchedule=ScheduleInfo{days=[1, 2, 3, 4, 5, 6, 7], startHour=22, startMinute=0, endHour=7, endMinute=0, exitAtAlarm=true, nextAlarm=Thu Jan 01 00:00:00 GMT 1970 (0)}], now=Wed Mar 06 20:52:23 GMT 2024 (1709758343515), nextUserAlarmTime=Thu Jan 01 00:00:00 GMT 1970 (0)
03-06 15:52:23.516  2026  2026 D ConditionProviders.SCP: notifyCondition condition://android/schedule?days=1.2.3.4.5.6.7&start=22.0&end=7.0&exitAtAlarm=true STATE_FALSE reason=!meetsSchedule
03-06 15:52:23.516  4330  7816 W Bugle   : Obsolete carrier config resource: maxMessageSize res: 1048576, sys: 307200
03-06 15:52:23.516  4330  7816 W Bugle   : Obsolete carrier config resource: maxImageHeight res: 1944, sys: 480
03-06 15:52:23.516  4330  7816 W Bugle   : Obsolete carrier config resource: maxImageWidth res: 2592, sys: 640
03-06 15:52:23.517  2026  2026 D ConditionProviders.SCP: Scheduling evaluate for Wed Mar 06 22:00:00 GMT 2024 (1709762400000), in +1h7m36s485ms, now=Wed Mar 06 20:52:23 GMT 2024 (1709758343515)
03-06 15:52:23.518  2026  2123 W BestClock: java.time.DateTimeException: Missing NTP fix
03-06 15:52:23.518  1773  1773 I netd    : bandwidthSetGlobalAlert(2097152) <0.07ms>
03-06 15:52:23.519  2026  4296 I LocationAccessPolicy: Allowing com.google.android.inputmethod.latin fine because it doesn't target API 29 yet. Please fix this app. Called from TelephonyRegistry push
03-06 15:52:23.521  2026  4296 I LocationAccessPolicy: Allowing com.google.android.apps.messaging fine because it doesn't target API 29 yet. Please fix this app. Called from TelephonyRegistry push
03-06 15:52:23.522  2476  2476 D ServiceStateProvider: subId=1
