03-06 15:52:38.549  2026  3230 I LocationAccessPolicy: Allowing com.google.android.apps.messaging fine because it doesn't target API 29 yet. Please fix this app. Called from TelephonyRegistry push
03-06 15:52:38.557  2476  2476 D ServiceStateProvider: subId=1
03-06 15:52:38.564  5804  5804 I AlarmClock: AlarmInitReceiver android.intent.action.TIMEZONE_CHANGED
03-06 15:52:38.565  5804  7964 I AlarmClock: Connected Dock: null
03-06 15:52:38.566  5804  7964 I AlarmClock: Removing AlarmClockInfo
03-06 15:52:38.569  5804  5804 I AlarmClock: DigitalAppWidgetProvider processing Intent { act=android.intent.action.TIMEZONE_CHANGED flg=0x21200010 cmp=com.google.android.deskclock/com.android.alarmclock.DigitalAppWidgetProvider (has extras) }
03-06 15:52:38.582  4113  4113 D CellBroadcastReceiver: onReceive Intent { act=android.intent.action.SERVICE_STATE flg=0x1000010 cmp=com.android.cellbroadcastreceiver/.CellBroadcastReceiver (has extras) }
03-06 15:52:38.586  4165  4165 I CarrierServices: [2] ServiceStateReceiver.onReceive: Received SERVICE_STATE intent.
03-06 15:52:38.592  2476  4039 D IccSmsInterfaceManager: [IccSmsInterfaceManager] Failed to add GSM cell broadcast channels range 4386 to 4391
03-06 15:52:38.598  2476  2476 D CallNotifier: updatePhoneStateListeners: update CF notifications.
03-06 15:52:38.598  2476  2476 I NotificationMgr: updateCfi: subId= 1, visible=N
03-06 15:52:38.599  2476  2476 I NotificationMgr: updateMwi(): subId 1 update to false
03-06 15:52:38.601  2476  4039 D IccSmsInterfaceManager: [IccSmsInterfaceManager] Calling setGsmBroadcastConfig with 1 configurations
03-06 15:52:38.602  4030  4030 I Dialer  : LegacyVoicemailNotificationReceiver.onReceive - received legacy voicemail notification
03-06 15:52:38.602  4030  4030 I Dialer  : LegacyVoicemailNotificationReceiver.onReceive - isRefresh: false
03-06 15:52:38.602  4030  4030 I Dialer  : LegacyVoicemailNotificationReceiver.onReceive - clearing notification
03-06 15:52:38.602  4030  4030 I Dialer  : LegacyVoicemailNotifier.cancelNotification - enter
03-06 15:52:38.602  4030  4030 I Dialer  : LegacyVoicemailNotifier.cancelNotification - 'null' id, canceling all legacy voicemail notifications
03-06 15:52:38.606  2476  2476 I TelecomFramework: PstnPhoneCapabilitiesNotifier: handleVideoCapabilitesChanged. Video capability - false
03-06 15:52:38.607  2476  2476 E PhoneInterfaceManager: [PhoneIntfMgr] getIccId: No UICC
03-06 15:52:38.611  2026  3472 I Telecom : PhoneAccountRegistrar: New phone account registered: [[ ] PhoneAccount: ComponentInfo{com.android.phone/com.android.services.telephony.TelephonyConnectionService}, ***, UserHandle{0} Capabilities: CallProvider MultiUser PlaceEmerg SimSub  Audio Routes: BESW Schemes: tel voicemail  Extras: Bundle[{android.telecom.extra.SUPPORTS_VIDEO_CALLING_FALLBACK=true}] GroupId: ***]: TSI.rPA@Ax4
03-06 15:52:38.612  2026  3472 I Telecom : CallsManager: Sending phone-account ComponentInfo{com.android.phone/com.android.services.telephony.TelephonyConnectionService}, ***, UserHandle{0} registered intent as user: TSI.rPA@Ax4
03-06 15:52:38.612  2026  3472 I Telecom : CallsManager: Sending phone-account registered intent to default dialer: TSI.rPA@Ax4
03-06 15:52:38.614  2476  2476 D CallNotifier: updatePhoneStateListeners: update CF notifications.
03-06 15:52:38.614  2476  2476 I NotificationMgr: updateCfi: subId= 1, visible=N
03-06 15:52:38.614  2476  2476 I NotificationMgr: updateMwi(): subId 1 update to false
03-06 15:52:38.616  2476  2476 I TelecomFramework: : onSubscriptionsChanged - update accounts
03-06 15:52:38.616  2476  2476 I TelecomFramework: PstnIncomingCallNotifier: Unregistering: Handler (com.android.internal.telephony.GsmCdmaPhone) {b312827}
03-06 15:52:38.616  2476  2476 I TelecomFramework: TelecomAccountRegistry: setupAccounts: Found 1 phones.  Attempting to register.
03-06 15:52:38.616  2476  2476 I TelecomFramework: TelecomAccountRegistry: setupAccounts: Phone with subscription id 1
03-06 15:52:38.616  2476  2476 I TelecomFramework: TelecomAccountRegistry: setupAccounts: adding default
03-06 15:52:38.616  2476  2476 E PhoneInterfaceManager: [PhoneIntfMgr] getIccId: No UICC
03-06 15:52:38.616  4030  4030 I Dialer  : LegacyVoicemailNotificationReceiver.onReceive - received legacy voicemail notification
03-06 15:52:38.616  4030  4030 I Dialer  : LegacyVoicemailNotificationReceiver.onReceive - isRefresh: true
03-06 15:52:38.616  4030  4030 I Dialer  : LegacyVoicemailNotificationReceiver.onReceive - clearing notification
03-06 15:52:38.616  4030  4030 I Dialer  : LegacyVoicemailNotifier.cancelNotification - enter
03-06 15:52:38.616  4030  4030 I Dialer  : LegacyVoicemailNotifier.cancelNotification - 'null' id, canceling all legacy voicemail notifications
03-06 15:52:38.621  2026  3472 I Telecom : PhoneAccountRegistrar: New phone account registered: [[ ] PhoneAccount: ComponentInfo{com.android.phone/com.android.services.telephony.TelephonyConnectionService}, ***, UserHandle{0} Capabilities: CallProvider MultiUser PlaceEmerg SimSub  Audio Routes: BESW Schemes: tel voicemail  Extras: Bundle[{android.telecom.extra.SUPPORTS_VIDEO_CALLING_FALLBACK=true}] GroupId: ***]: TSI.rPA@Ax8
03-06 15:52:38.622  2026  3472 I Telecom : CallsManager: Sending phone-account ComponentInfo{com.android.phone/com.android.services.telephony.TelephonyConnectionService}, ***, UserHandle{0} registered intent as user: TSI.rPA@Ax8
03-06 15:52:38.622  2026  3472 I Telecom : CallsManager: Sending phone-account registered intent to default dialer: TSI.rPA@Ax8
03-06 15:52:38.622  2476  2476 I TelecomFramework: AccountEntry: Registered phoneAccount: [[ ] PhoneAccount: ComponentInfo{com.android.phone/com.android.services.telephony.TelephonyConnectionService}, ***, UserHandle{0} Capabilities: CallProvider MultiUser PlaceEmerg SimSub  Audio Routes: BESW Schemes: tel voicemail  Extras: Bundle[{android.telecom.extra.SUPPORTS_VIDEO_CALLING_FALLBACK=true}] GroupId: ***] with handle: ComponentInfo{com.android.phone/com.android.services.telephony.TelephonyConnectionService}, ***, UserHandle{0}
03-06 15:52:38.622  2476  2476 I TelecomFramework: PstnIncomingCallNotifier: Registering: Handler (com.android.internal.telephony.GsmCdmaPhone) {b312827}
03-06 15:52:38.623  2476  2476 I TelecomFramework: TelecomAccountRegistry: Unregistering phone account ComponentInfo{com.android.phone/com.android.services.telephony.TelephonyConnectionService}, ***, UserHandle{0}.
03-06 15:52:38.624  2026  3472 I Telecom : CallsManager: Sending phone-account ComponentInfo{com.android.phone/com.android.services.telephony.TelephonyConnectionService}, ***, UserHandle{0} unregistered intent as user: TSI.uPA@AyE
03-06 15:52:38.624  2026  3472 I Telecom : CallsManager: Sending phone-account unregistered intent to default dialer: TSI.uPA@AyE
03-06 15:52:38.624  2476  2476 I TelecomFramework: TelecomAccountRegistry: Unregistering phone account ComponentInfo{com.android.phone/com.android.services.telephony.TelephonyConnectionService}, ***, UserHandle{0}.
03-06 15:52:38.625  2026  3472 I Telecom : CallsManager: Sending phone-account ComponentInfo{com.android.phone/com.android.services.telephony.TelephonyConnectionService}, ***, UserHandle{0} unregistered intent as user: TSI.uPA@AyI
03-06 15:52:38.625  2026  3472 I Telecom : CallsManager: Sending phone-account unregistered intent to default dialer: TSI.uPA@AyI
03-06 15:52:38.625  2476  2476 D MultiSimSettingController: onSubscriptionsChanged
03-06 15:52:38.625  2476  2476 D MultiSimSettingController: updateDefaults
03-06 15:52:38.625  2476  2476 D MultiSimSettingController: [updateDefaultValues] change: 0
03-06 15:52:38.627  1676  1676 I hwservicemanager: getTransport: Cannot find entry android.hardware.radio.config@1.1::IRadioConfig/default in either framework or device manifest.
03-06 15:52:38.628  1676  1676 I hwservicemanager: getTransport: Cannot find entry android.hardware.radio.config@1.0::IRadioConfig/default in either framework or device manifest.
03-06 15:52:38.630  1676  1676 I hwservicemanager: getTransport: Cannot find entry android.hardware.radio.config@1.1::IRadioConfig/default in either framework or device manifest.
03-06 15:52:38.631  1676  1676 I hwservicemanager: getTransport: Cannot find entry android.hardware.radio.config@1.0::IRadioConfig/default in either framework or device manifest.
03-06 15:52:38.631  1676  1676 I hwservicemanager: getTransport: Cannot find entry android.hardware.radio.config@1.1::IRadioConfig/default in either framework or device manifest.
03-06 15:52:38.631  1676  1676 I hwservicemanager: getTransport: Cannot find entry android.hardware.radio.config@1.0::IRadioConfig/default in either framework or device manifest.
03-06 15:52:38.632  2026  3472 D AlarmManagerService: Kernel timezone updated to 0 minutes west of GMT
03-06 15:52:38.635  2476  2476 D IntentBroadcaster: Broadcasting and adding intent for rebroadcast: android.intent.action.SIM_STATE_CHANGED UNKNOWN for slotId 0
03-06 15:52:38.636  2803  2803 I rcs     : [PresencePublication] onReceive intent=Intent { act=android.intent.action.SIM_STATE_CHANGED flg=0x5000010 (has extras) }
03-06 15:52:38.636  2803  2803 I rcs     : [PresencePublication] ACTION_SIM_STATE_CHANGED INTENT_KEY_ICC_STATE=UNKNOWN
03-06 15:52:38.636  2803  2803 I rcs     : [RcsService] onReceive intent=Intent { act=android.intent.action.SIM_STATE_CHANGED flg=0x5000010 (has extras) }
03-06 15:52:38.636  2184  2184 V KeyguardUpdateMonitor: action android.intent.action.SIM_STATE_CHANGED state: UNKNOWN slotId: 0 subid: 1
03-06 15:52:38.636  2184  2184 D KeyguardUpdateMonitor: handleSimStateChange(subId=1, slotId=0, state=UNKNOWN)
03-06 15:52:38.636  2476  2476 D CarrierConfigLoader: update config for phoneId: 0 simState: UNKNOWN
03-06 15:52:38.636  2476  2476 D CarrierSvcBindHelper: update binding for phoneId: 0 simState: UNKNOWN
03-06 15:52:38.639  2476  2476 D TelephonyProvider: match current APN size:  0
03-06 15:52:38.639  2476  2476 E TelephonyProvider: iccRecords is null
03-06 15:52:38.641  2476  2476 I TelecomFramework: PstnPhoneCapabilitiesNotifier: handleVideoCapabilitesChanged. Video capability - false
03-06 15:52:38.642  2476  2476 E PhoneInterfaceManager: [PhoneIntfMgr] getIccId: No UICC
03-06 15:52:38.646  2026  2871 I Telecom : PhoneAccountRegistrar: Modify account: [ComponentInfo{com.android.phone/com.android.services.telephony.TelephonyConnectionService}, ***, UserHandle{0}]: TSI.rPA@AyY
03-06 15:52:38.646  2026  2871 I Telecom : CallsManager: handlePhoneAccountChanged: phoneAccount=[[X] PhoneAccount: ComponentInfo{com.android.phone/com.android.services.telephony.TelephonyConnectionService}, ***, UserHandle{0} Capabilities: CallProvider MultiUser PlaceEmerg SimSub  Audio Routes: BESW Schemes: tel voicemail  Extras: Bundle[{android.telecom.extra.SUPPORTS_VIDEO_CALLING_FALLBACK=true}] GroupId: ***]: TSI.rPA@AyY
03-06 15:52:38.648  2476  2476 D CarrierConfigLoader: mHandler: 0 phoneId: 0
03-06 15:52:38.648  2476  2476 D CarrierConfigLoader: Broadcast CARRIER_CONFIG_CHANGED for phone 0
03-06 15:52:38.648  2476  2476 I VvmSimStateTracker: android.intent.action.SIM_STATE_CHANGED
03-06 15:52:38.649  4330  4330 I Bugle   : Carrier config changed. Reloading MMS config.
03-06 15:52:38.650  2476  3627 E CarrierInfoManager: Invalid networkOperator: 
03-06 15:52:38.650  4113  4113 D CellBroadcastReceiver: onReceive Intent { act=android.telephony.action.CARRIER_CONFIG_CHANGED flg=0x15000010 cmp=com.android.cellbroadcastreceiver/.CellBroadcastReceiver (has extras) }
03-06 15:52:38.650  4113  4113 D CellBroadcastReceiver: initializeSharedPreference
03-06 15:52:38.652  6392  6392 I Finsky  : [2] com.google.android.finsky.simhandler.SimStateReceiver.a(6): android.intent.action.SIM_STATE_CHANGED : simState = UNKNOWN
03-06 15:52:38.652  4113  4113 D CellBroadcastReceiver: Default interval 0 did not change.
03-06 15:52:38.652  4113  4113 D CellBroadcastReceiver: Start Cell Broadcast configuration.
03-06 15:52:38.657  2387  7815 I constellation: [sim_state_checker] sim state checker is disabled.
03-06 15:52:38.658  2026  2026 I Telecom : PhoneAccountRegistrar: getSimCallManager: SimCallManager for subId 1 queried, returning: null: CM.CCCR->CM.UECNT->CM.CCCR->CM.UECNT->CM.CCCR->CM.UECNT->CM.CCCR->CM.UECNT->CM.CCCR->CM.UECNT->CM.CCCR->CM.UECNT->CM.CCCR->CM.UECNT->CM.CCCR->CM.UECNT->CM.CCCR->CM.UECNT->CM.CCCR->CM.UECNT->CM.CCCR->CM.UECNT->CM.CCCR->CM.UECNT->CM.CCCR->CM.UECNT->CM.CCCR->CM.UECNT->CM.CCCR->CM.UECNT->CM.CCCR->CM.UECNT->CM.CCCR->CM.UECNT->CM.CCCR->CM.UECNT->CM.CCCR->CM.UECNT->CM.CCCR->CM.UECNT->CM.CCCR->CM.UECNT->CM.CCCR->CM.UECNT->CM.CCCR->CM.UECNT->CM.CCCR->CM.UECNT->CM.CCCR->CM.UECNT->CM.CCCR->CM.UECNT->CM.CCCR->CM.UECNT->CM.CCCR->CM.UECNT->CM.CCCR->CM.UECNT->CM.CCCR->CM.UECNT->CM.CCCR->CM.UECNT->CM.CCCR->CM.UECNT->CM.CCCR->CM.UECNT->CM.CCCR->CM.UECNT@AD4
03-06 15:52:38.659  2476  2476 I TelecomFramework: : Carrier-config changed, checking for phone account updates.
03-06 15:52:38.666  2476  2476 D TelephonyProvider: subIdString = 1 subId = 1
03-06 15:52:38.672  2476  2476 E PhoneInterfaceManager: [PhoneIntfMgr] getIccId: No UICC
03-06 15:52:38.674  2184  2184 V KeyguardUpdateMonitor: onSubscriptionInfoChanged()
03-06 15:52:38.675  2184  2184 V KeyguardUpdateMonitor: SubInfo:{id=1, iccId=890141032[****] simSlotIndex=0 carrierId=1 displayName=T-Mobile carrierName=No service nameSource=3 iconTint=-16746133 mNumber=[****] dataRoaming=0 iconBitmap=android.graphics.Bitmap@2d74d7 mcc 310 mnc 260mCountryIso=us isEmbedded false accessRules null cardString=890141032[****] cardId=-1 isOpportunistic false mGroupUUID=null mIsGroupDisabled=false profileClass=-1 ehplmns = null hplmns = null subscriptionType=0 mGroupOwner=null}
03-06 15:52:38.675  2026  2123 E NetworkPolicy: Missing subscriberId for subId 1
03-06 15:52:38.675  6392  6423 I Finsky  : [492] fpw.a(10): onSubscriptionsChanged
03-06 15:52:38.675  6392  6423 I Finsky  : [492] fpt.c(15): notifySubscriptionInfoChangedListener: DataSubscriptionInfo=null
03-06 15:52:38.676  2026  2123 W BestClock: java.time.DateTimeException: Missing NTP fix
03-06 15:52:38.676  2026  2053 I DropBoxManagerService: add tag=system_server_wtf isTagEnabled=true flags=0x2
03-06 15:52:38.676  2026  2123 W BestClock: java.time.DateTimeException: Missing NTP fix
03-06 15:52:38.677  1773  1773 I netd    : bandwidthSetGlobalAlert(2097152) <0.17ms>
03-06 15:52:38.676  2026  4785 I LocationAccessPolicy: Allowing com.google.android.inputmethod.latin fine because it doesn't target API 29 yet. Please fix this app. Called from TelephonyRegistry push
03-06 15:52:38.678  2026  4785 I LocationAccessPolicy: Allowing com.google.android.apps.messaging fine because it doesn't target API 29 yet. Please fix this app. Called from TelephonyRegistry push
03-06 15:52:38.681  2476  2476 D ServiceStateProvider: subId=1
03-06 15:52:38.683  4113  4113 D CellBroadcastReceiver: onReceive Intent { act=android.intent.action.SERVICE_STATE flg=0x1000010 cmp=com.android.cellbroadcastreceiver/.CellBroadcastReceiver (has extras) }
03-06 15:52:38.684  2476  2476 D OtaspSimStateReceiver: Received intent: android.telephony.action.CARRIER_CONFIG_CHANGED
03-06 15:52:38.686  6392  6392 I Finsky  : [2] pxd.b(7): Jobs in database: 12-1 21-333333333 28--559038737 31-305419896 
03-06 15:52:38.686  4165  4165 I CarrierServices: [2] ServiceStateReceiver.onReceive: Received SERVICE_STATE intent.
03-06 15:52:38.686  6392  6392 I Finsky  : [2] puk.a(113): ConstraintMapping: 12-1, 21-333333333, 28--559038737, 31-305419896,  -> L: 0ms, D: 82675432ms, C: false, I: false, N: 1
03-06 15:52:38.687  6392  6392 I Finsky  : [2] com.google.android.finsky.scheduler.JobSchedulerEngine.a(42): Cancelling existing job with id: 9001
03-06 15:52:38.688  6392  6392 I Finsky  : [2] com.google.android.finsky.scheduler.JobSchedulerEngine.a(4): Scheduling job Id: 9000, L: 0, D: 82675432, C: false, I: false, N: 1
03-06 15:52:38.688  2476  2476 D TelephonyProvider: match current APN size:  0
03-06 15:52:38.688  2476  2476 E TelephonyProvider: iccRecords is null
03-06 15:52:38.688  6392  6637 I Finsky  : [539] qjn.b(1): SIM removed, prefetching preloads
03-06 15:52:38.689  6392  6428 I Finsky  : [495] qjm.call(2): Prefetching preloads for account null
03-06 15:52:38.689  6392  6428 W Finsky  : [495] cwl.a(19): For unauth, use getDfeApiNonAuthenticated() instead!
03-06 15:52:38.689  2476  2476 D CallNotifier: updatePhoneStateListeners: update CF notifications.
03-06 15:52:38.689  2476  2476 I NotificationMgr: updateCfi: subId= 1, visible=N
03-06 15:52:38.689  6392  6428 I Finsky  : [495] qnu.a(19): No PAI stub found
03-06 15:52:38.689  6392  6428 E Finsky  : [495] qjm.call(31): Error prefetching preloads, using account=null, preloads=NULL, preloadRros=NULL, preloadGroups=NULL
03-06 15:52:38.689  6392  6428 E Finsky  : com.google.android.finsky.setup.fetchers.RawDocumentsFetchException[reason=pai_config, account=null]
03-06 15:52:38.689  6392  6428 E Finsky  : 	at qnu.a(SourceFile:19)
03-06 15:52:38.689  6392  6428 E Finsky  : 	at qjm.call(Unknown Source:2)
03-06 15:52:38.689  6392  6428 E Finsky  : 	at afxg.a(SourceFile:1)
03-06 15:52:38.689  6392  6428 E Finsky  : 	at afwi.run(SourceFile:3)
03-06 15:52:38.689  6392  6428 E Finsky  : 	at afxf.run(SourceFile:2)
03-06 15:52:38.689  6392  6428 E Finsky  : 	at java.util.concurrent.ThreadPoolExecutor.runWorker(ThreadPoolExecutor.java:1167)
03-06 15:52:38.689  6392  6428 E Finsky  : 	at java.util.concurrent.ThreadPoolExecutor$Worker.run(ThreadPoolExecutor.java:641)
03-06 15:52:38.689  6392  6428 E Finsky  : 	at unn.run(Unknown Source:7)
03-06 15:52:38.689  6392  6428 E Finsky  : 	at java.lang.Thread.run(Thread.java:919)
03-06 15:52:38.689  2476  2476 I NotificationMgr: updateMwi(): subId 1 update to false
03-06 15:52:38.690  6392  6428 I Finsky  : [495] qjn.a(10): VpaSelectionActivity will be disabled
03-06 15:52:38.690  2476  2476 I TelecomFramework: : onSubscriptionsChanged - update accounts
03-06 15:52:38.690  2476  2476 I TelecomFramework: PstnIncomingCallNotifier: Unregistering: Handler (com.android.internal.telephony.GsmCdmaPhone) {b312827}
03-06 15:52:38.690  6392  6637 I Finsky  : [539] fpy.a(5): notifySubscriptionInfoChangedListener success.
03-06 15:52:38.690  2476  2476 I TelecomFramework: TelecomAccountRegistry: setupAccounts: Found 1 phones.  Attempting to register.
03-06 15:52:38.690  2476  2476 I TelecomFramework: TelecomAccountRegistry: setupAccounts: Phone with subscription id 1
03-06 15:52:38.690  2476  2476 I TelecomFramework: TelecomAccountRegistry: setupAccounts: adding default
03-06 15:52:38.690  2476  2476 E PhoneInterfaceManager: [PhoneIntfMgr] getIccId: No UICC
03-06 15:52:38.693  2026  2871 I Telecom : PhoneAccountRegistrar: Modify account: [ComponentInfo{com.android.phone/com.android.services.telephony.TelephonyConnectionService}, ***, UserHandle{0}]: TSI.rPA@Ayc
03-06 15:52:38.694  2026  2871 I Telecom : CallsManager: handlePhoneAccountChanged: phoneAccount=[[X] PhoneAccount: ComponentInfo{com.android.phone/com.android.services.telephony.TelephonyConnectionService}, ***, UserHandle{0} Capabilities: CallProvider MultiUser PlaceEmerg SimSub  Audio Routes: BESW Schemes: tel voicemail  Extras: Bundle[{android.telecom.extra.SUPPORTS_VIDEO_CALLING_FALLBACK=true}] GroupId: ***]: TSI.rPA@Ayc
03-06 15:52:38.694  2476  2476 I TelecomFramework: AccountEntry: Registered phoneAccount: [[ ] PhoneAccount: ComponentInfo{com.android.phone/com.android.services.telephony.TelephonyConnectionService}, ***, UserHandle{0} Capabilities: CallProvider MultiUser PlaceEmerg SimSub  Audio Routes: BESW Schemes: tel voicemail  Extras: Bundle[{android.telecom.extra.SUPPORTS_VIDEO_CALLING_FALLBACK=true}] GroupId: ***] with handle: ComponentInfo{com.android.phone/com.android.services.telephony.TelephonyConnectionService}, ***, UserHandle{0}
03-06 15:52:38.694  2476  2476 I TelecomFramework: PstnIncomingCallNotifier: Registering: Handler (com.android.internal.telephony.GsmCdmaPhone) {b312827}
03-06 15:52:38.695  2476  2476 D MultiSimSettingController: onSubscriptionsChanged
03-06 15:52:38.695  2476  2476 D MultiSimSettingController: updateDefaults
03-06 15:52:38.695  2476  2476 D MultiSimSettingController: [updateDefaultValues] change: 0
03-06 15:52:38.695  2026  2871 D AlarmManagerService: Kernel timezone updated to 0 minutes west of GMT
03-06 15:52:38.697  2476  2476 I VvmSimStateTracker: android.telephony.action.CARRIER_CONFIG_CHANGED
03-06 15:52:38.697  2476  2476 I VvmSimStateTracker: Received SIM change for invalid subscription id.
03-06 15:52:38.698  2476  2476 I TelecomFramework: PstnPhoneCapabilitiesNotifier: handleVideoCapabilitesChanged. Video capability - false
03-06 15:52:38.698  2476  2476 E PhoneInterfaceManager: [PhoneIntfMgr] getIccId: No UICC
03-06 15:52:38.703  4165  4218 I CarrierServices: [259] CarrierServicesReleaseApp.a: Initialized already, return.
03-06 15:52:38.703  2026  2871 I Telecom : PhoneAccountRegistrar: Modify account: [ComponentInfo{com.android.phone/com.android.services.telephony.TelephonyConnectionService}, ***, UserHandle{0}]: TSI.rPA@Ayo
03-06 15:52:38.704  2026  2871 I Telecom : CallsManager: handlePhoneAccountChanged: phoneAccount=[[X] PhoneAccount: ComponentInfo{com.android.phone/com.android.services.telephony.TelephonyConnectionService}, ***, UserHandle{0} Capabilities: CallProvider MultiUser PlaceEmerg SimSub  Audio Routes: BESW Schemes: tel voicemail  Extras: Bundle[{android.telecom.extra.SUPPORTS_VIDEO_CALLING_FALLBACK=true}] GroupId: ***]: TSI.rPA@Ayo
03-06 15:52:38.711  4030  4030 I Dialer  : LegacyVoicemailNotificationReceiver.onReceive - received legacy voicemail notification
03-06 15:52:38.711  4030  4030 I Dialer  : LegacyVoicemailNotificationReceiver.onReceive - isRefresh: true
03-06 15:52:38.711  4030  4030 I Dialer  : LegacyVoicemailNotificationReceiver.onReceive - clearing notification
03-06 15:52:38.711  4030  4030 I Dialer  : LegacyVoicemailNotifier.cancelNotification - enter
03-06 15:52:38.711  4030  4030 I Dialer  : LegacyVoicemailNotifier.cancelNotification - 'null' id, canceling all legacy voicemail notifications
03-06 15:52:38.807  2026  2871 D AlarmManagerService: Kernel timezone updated to 0 minutes west of GMT
03-06 15:52:38.814  2476  4039 D IccSmsInterfaceManager: [IccSmsInterfaceManager] Failed to add GSM cell broadcast channels range 4379 to 4379
03-06 15:52:38.815  2476  4039 D IccSmsInterfaceManager: [IccSmsInterfaceManager] Calling setCdmaBroadcastConfig with 1 configurations
03-06 15:52:38.840  2476  2490 W System  : A resource failed to call close. 
03-06 15:52:38.840  2476  2490 W System  : A resource failed to call close. 
03-06 15:52:38.842  2476  2476 D TelephonyProvider: subIdString = 1 subId = 1
03-06 15:52:38.847  2476  2476 E PhoneInterfaceManager: [PhoneIntfMgr] getIccId: ICC ID is null or empty.
03-06 15:52:38.854  2184  2184 V KeyguardUpdateMonitor: onSubscriptionInfoChanged()
03-06 15:52:38.855  2184  2184 V KeyguardUpdateMonitor: SubInfo:{id=1, iccId=890141032[****] simSlotIndex=0 carrierId=1 displayName=T-Mobile carrierName=Android nameSource=3 iconTint=-16746133 mNumber=[****] dataRoaming=0 iconBitmap=android.graphics.Bitmap@23e71c4 mcc 310 mnc 260mCountryIso=us isEmbedded false accessRules null cardString=890141032[****] cardId=-1 isOpportunistic false mGroupUUID=null mIsGroupDisabled=false profileClass=-1 ehplmns = null hplmns = null subscriptionType=0 mGroupOwner=null}
03-06 15:52:38.856  2026  2123 E NetworkPolicy: Missing subscriberId for subId 1
03-06 15:52:38.856  2026  2123 W BestClock: java.time.DateTimeException: Missing NTP fix
03-06 15:52:38.856  2184  2184 D KeyguardViewMediator: onSimStateChanged(subId=1, slotId=0,state=READY)
03-06 15:52:38.857  2184  2184 D KeyguardViewMediator: READY, reset state? false
03-06 15:52:38.857  2026  2053 I DropBoxManagerService: add tag=system_server_wtf isTagEnabled=true flags=0x2
03-06 15:52:38.858  2026  2123 W BestClock: java.time.DateTimeException: Missing NTP fix
03-06 15:52:38.858  1773  1773 I netd    : bandwidthSetGlobalAlert(2097152) <0.04ms>
03-06 15:52:38.860  2026  4785 I LocationAccessPolicy: Allowing com.google.android.inputmethod.latin fine because it doesn't target API 29 yet. Please fix this app. Called from TelephonyRegistry push
03-06 15:52:38.860  4330  7816 W Bugle   : BuglePhoneNumberUtils: canonicalizeMccMnc: invalid mccmnc. mcc: null, mnc: null
03-06 15:52:38.862  6392  6424 I Finsky  : [493] fpw.a(10): onSubscriptionsChanged
03-06 15:52:38.862  6392  6424 I Finsky  : [493] fpt.c(15): notifySubscriptionInfoChangedListener: DataSubscriptionInfo=DataSubscriptionInfo{imsiAnonymized=Optional.absent(), imsiRaw=Optional.absent(), groupIdLevel1=Optional.absent(), mccMnc=Optional.absent(), serviceProviderName=Optional.absent()}
03-06 15:52:38.863  4330  7816 W Bugle   : Obsolete carrier config resource: maxMessageSize res: 1048576, sys: 307200
03-06 15:52:38.863  4330  7816 W Bugle   : Obsolete carrier config resource: maxImageHeight res: 1944, sys: 480
03-06 15:52:38.863  4330  7816 W Bugle   : Obsolete carrier config resource: maxImageWidth res: 2592, sys: 640
03-06 15:52:38.864  2026  4785 I LocationAccessPolicy: Allowing com.google.android.apps.messaging fine because it doesn't target API 29 yet. Please fix this app. Called from TelephonyRegistry push
03-06 15:52:38.864  4330  7816 I Bugle   : Carrier configs loaded: Bundle[{carrier_volte_provisioned_bool=false, disable_charge_indication_bool=false, support_tdscdma_bool=false, httpSocketTimeout=60000, call_redirection_service_component_name_string=null, carrier_wfc_supports_wifi_only_bool=false, carrier_default_actions_on_default_network_available_string_array=[false: 7, true: 8], operator_selection_expand_bool=true, disable_cdma_activation_code_bool=false, simplified_network_settings_bool=false, support_tdscdma_roaming_networks_string_array=null, gps.lpp_profile=0, call_barring_visibility_bool=false, gps.es_extension_sec=0, enable_apps_string_array=null, carrier_default_wfc_ims_roaming_enabled_bool=false, cdma_nonroaming_networks_string_array=null, aliasMinChars=2, wfc_data_spn_format_idx_int=0, hide_sim_lock_settings_bool=false, drop_video_call_when_answering_audio_call_bool=false, ci_action_on_sys_update_bool=false, convert_cdma_caller_id_mmi_codes_while_roaming_on_3gpp_bool=false, support_enhanced_call_blocking_bool=true, vvm_port_number_int=0, carrier_default_wfc_ims_enabled_bool=false, dial_string_replace_string_array=null, opportunistic_network_entry_threshold_bandwidth_int=1024, gsm_nonroaming_networks_string_array=null, hide_ims_apn_bool=false, vvm_destination_number_string=, dtmf_type_enabled_bool=false, allow_video_calling_fallback_bool=true, config_ims_package_override_string=null, only_auto_select_in_home_network=false, smsToMmsTextThreshold=-1, disable_severe_when_extreme_disabled_bool=true, force_home_network_bool=false, spdi_override_string_array=null, show_wfc_location_privacy_policy_bool=false, gps.supl_es=1, enableSMSDeliveryReports=true, auto_retry_enabled_bool=false, opportunistic_network_entry_threshold_rssnr_int=45, play_call_recording_tone_bool=false, carrier_force_disable_etws_cmas_test_bool=false, call_waiting_service_class_int=1, allow_emergency_video_calls_bool=false, csp_enabled_bool=false, default_sim_call_manager_string=, wifi.passpoint_profiles_string_array=null, carrier_app_required_during_setup_bool=false, call_forwarding_blocks_while_roaming_string_array=null, emergency_notification_delay_int=-1, support_video_conference_call_bool=false, ims_dtmf_tone_delay_int=0, show_signal_strength_in_sim_status_bool=true, data_rapid_notification_bool=true, carrier_instant_lettering_escaped_chars_string=, carrier_default_wfc_ims_roaming_mode_int=2, editable_wfc_mode_bool=true, support_direct_fdn_dialing_bool=false, carrier_ut_provisioning_required_bool=false, carrier_wifi_string_array=null, treat_downgraded_video_calls_as_video_calls_bool=false, wifi_calls_can_be_hd_audio=true, support_downgrade_vt_to_audio_bool=true, cdma_enhanced_roaming_indicator_for_home_network_int_array=[1], notify_handover_video_from_lte_to_wifi_bool=false, use_otasp_for_provisioning_bool=false, always_play_remote_hold_tone_bool=false, opportunistic_network_data_switch_hysteresis_time_long=10000, maxMessageTextSize=-1, duration_blocking_disabled_after_emergency_int=7200, carrier_metered_roaming_apn_types_strings=[default, mms, dun, supl], additional_settings_call_waiting_visibility_bool=true, show_video_call_charges_alert_dialog_bool=false, carrier_network_service_wlan_package_override_string=, show_apn_setting_cdma_bool=false, use_usim_bool=false, carrier_instant_lettering_length_limit_int=64, operator_name_filter_pattern_string=, carrier_instant_lettering_invalid_chars_string=, carrier_setup_app_string=, editable_wfc_roaming_mode_bool=false, supportMmsContentDisposition=true, support_manage_ims_conference_call_bool=true, opportunistic_network_exit_threshold_rssnr_int=10, allow_non_emergency_calls_in_ecm_bool=true, allow_cdma_eri_bool=false, carrier_data_service_wlan_package_override_string=, show_carrier_data_icon_pattern_string=, use_rcs_presence_bool=false, config_telephony_use_own_number_for_voicemail_bool=false, cdma_dtmf_tone_delay_int=100, editable_voicemail_number_bool=false, carrier_data_call_apn_retry_after_disconnect_long=10000, filtered_cnap_names_string_array=null, enabledTransID=false, aliasEnabled=false, vvm_disabl
03-06 15:52:38.872  2476  2476 D ServiceStateProvider: subId=1
03-06 15:52:38.873  6392  6392 I Finsky  : [2] pxd.b(7): Jobs in database: 12-1 21-333333333 28--559038737 31-305419896 
03-06 15:52:38.873  6392  6392 I Finsky  : [2] puk.a(113): ConstraintMapping: 12-1, 21-333333333, 28--559038737, 31-305419896,  -> L: 0ms, D: 82675245ms, C: false, I: false, N: 1
03-06 15:52:38.874  6392  6637 I Finsky  : [539] qjn.b(1): SIM loaded, prefetching preloads
03-06 15:52:38.874  6392  6428 I Finsky  : [495] qjm.call(2): Prefetching preloads for account null
03-06 15:52:38.874  6392  6428 W Finsky  : [495] cwl.a(19): For unauth, use getDfeApiNonAuthenticated() instead!
03-06 15:52:38.874  4113  4113 D CellBroadcastReceiver: onReceive Intent { act=android.intent.action.SERVICE_STATE flg=0x1000010 cmp=com.android.cellbroadcastreceiver/.CellBroadcastReceiver (has extras) }
03-06 15:52:38.875  6392  6392 I Finsky  : [2] com.google.android.finsky.scheduler.JobSchedulerEngine.a(42): Cancelling existing job with id: 9000
03-06 15:52:38.877  6392  6428 I Finsky  : [495] qnu.a(19): No PAI stub found
03-06 15:52:38.877  4165  4165 I CarrierServices: [2] ServiceStateReceiver.onReceive: Received SERVICE_STATE intent.
03-06 15:52:38.877  6392  6428 E Finsky  : [495] qjm.call(31): Error prefetching preloads, using account=null, preloads=NULL, preloadRros=NULL, preloadGroups=NULL
03-06 15:52:38.877  6392  6428 E Finsky  : com.google.android.finsky.setup.fetchers.RawDocumentsFetchException[reason=pai_config, account=null]
03-06 15:52:38.877  6392  6428 E Finsky  : 	at qnu.a(SourceFile:19)
03-06 15:52:38.877  6392  6428 E Finsky  : 	at qjm.call(Unknown Source:2)
03-06 15:52:38.877  6392  6428 E Finsky  : 	at afxg.a(SourceFile:1)
03-06 15:52:38.877  6392  6428 E Finsky  : 	at afwi.run(SourceFile:3)
03-06 15:52:38.877  6392  6428 E Finsky  : 	at afxf.run(SourceFile:2)
03-06 15:52:38.877  6392  6428 E Finsky  : 	at java.util.concurrent.ThreadPoolExecutor.runWorker(ThreadPoolExecutor.java:1167)
03-06 15:52:38.877  6392  6428 E Finsky  : 	at java.util.concurrent.ThreadPoolExecutor$Worker.run(ThreadPoolExecutor.java:641)
03-06 15:52:38.877  6392  6428 E Finsky  : 	at unn.run(Unknown Source:7)
03-06 15:52:38.877  6392  6428 E Finsky  : 	at java.lang.Thread.run(Thread.java:919)
03-06 15:52:38.877  6392  6428 I Finsky  : [495] qjn.a(10): VpaSelectionActivity will be disabled
03-06 15:52:38.877  6392  6428 I Finsky  : [495] qoh.a(3): PAI late SIM : experiment enabled = false
03-06 15:52:38.879  6392  6392 I Finsky  : [2] com.google.android.finsky.scheduler.JobSchedulerEngine.a(4): Scheduling job Id: 9001, L: 0, D: 82675245, C: false, I: false, N: 1
03-06 15:52:38.881  2026  2047 W WindowManager: Unable to start animation, surface is null or no children.
03-06 15:52:38.888  6392  6637 I Finsky  : [539] fpy.a(5): notifySubscriptionInfoChangedListener success.
03-06 15:52:38.900  2476  4039 D IccSmsInterfaceManager: [IccSmsInterfaceManager] Failed to add cdma broadcast channels range 4099 to 4099
03-06 15:52:38.902  2476  4039 D IccSmsInterfaceManager: [IccSmsInterfaceManager] Calling setGsmBroadcastConfig with 1 configurations
03-06 15:52:38.917  2476  2476 D IntentBroadcaster: Broadcasting and adding intent for rebroadcast: android.intent.action.SIM_STATE_CHANGED READY for slotId 0
03-06 15:52:38.918  2184  2184 V KeyguardUpdateMonitor: action android.intent.action.SIM_STATE_CHANGED state: READY slotId: 0 subid: 1
03-06 15:52:38.918  2184  2184 D KeyguardUpdateMonitor: handleSimStateChange(subId=1, slotId=0, state=READY)
03-06 15:52:38.918  2803  2803 I rcs     : [PresencePublication] onReceive intent=Intent { act=android.intent.action.SIM_STATE_CHANGED flg=0x5000010 (has extras) }
03-06 15:52:38.918  2803  2803 I rcs     : [PresencePublication] ACTION_SIM_STATE_CHANGED INTENT_KEY_ICC_STATE=READY
03-06 15:52:38.918  2803  2803 I rcs     : [RcsService] onReceive intent=Intent { act=android.intent.action.SIM_STATE_CHANGED flg=0x5000010 (has extras) }
03-06 15:52:38.926  2476  2476 D CallNotifier: updatePhoneStateListeners: update CF notifications.
03-06 15:52:38.926  2476  2476 I NotificationMgr: updateCfi: subId= 1, visible=N
03-06 15:52:38.927  2476  2476 I NotificationMgr: updateMwi(): subId 1 update to false
03-06 15:52:38.929  2476  2476 I TelecomFramework: : onSubscriptionsChanged - update accounts
03-06 15:52:38.929  2476  2476 I TelecomFramework: PstnIncomingCallNotifier: Unregistering: Handler (com.android.internal.telephony.GsmCdmaPhone) {b312827}
03-06 15:52:38.929  2476  2476 I TelecomFramework: TelecomAccountRegistry: setupAccounts: Found 1 phones.  Attempting to register.
03-06 15:52:38.929  2476  2476 I TelecomFramework: TelecomAccountRegistry: setupAccounts: Phone with subscription id 1
03-06 15:52:38.929  2476  2476 I TelecomFramework: TelecomAccountRegistry: setupAccounts: adding default
03-06 15:52:38.930  2476  2476 E PhoneInterfaceManager: [PhoneIntfMgr] getIccId: ICC ID is null or empty.
03-06 15:52:38.931  4030  4030 I Dialer  : LegacyVoicemailNotificationReceiver.onReceive - received legacy voicemail notification
03-06 15:52:38.931  4030  4030 I Dialer  : LegacyVoicemailNotificationReceiver.onReceive - isRefresh: true
03-06 15:52:38.931  4030  4030 I Dialer  : LegacyVoicemailNotificationReceiver.onReceive - clearing notification
03-06 15:52:38.931  4030  4030 I Dialer  : LegacyVoicemailNotifier.cancelNotification - enter
03-06 15:52:38.931  4030  4030 I Dialer  : LegacyVoicemailNotifier.cancelNotification - 'null' id, canceling all legacy voicemail notifications
03-06 15:52:38.937  2026  4785 I Telecom : PhoneAccountRegistrar: Modify account: [ComponentInfo{com.android.phone/com.android.services.telephony.TelephonyConnectionService}, ***, UserHandle{0}]: TSI.rPA@Ays
03-06 15:52:38.938  2026  4785 I Telecom : CallsManager: handlePhoneAccountChanged: phoneAccount=[[X] PhoneAccount: ComponentInfo{com.android.phone/com.android.services.telephony.TelephonyConnectionService}, ***, UserHandle{0} Capabilities: CallProvider MultiUser PlaceEmerg SimSub  Audio Routes: BESW Schemes: tel voicemail  Extras: Bundle[{android.telecom.extra.SUPPORTS_VIDEO_CALLING_FALLBACK=true}] GroupId: ***]: TSI.rPA@Ays
03-06 15:52:38.938  2476  2476 I TelecomFramework: AccountEntry: Registered phoneAccount: [[ ] PhoneAccount: ComponentInfo{com.android.phone/com.android.services.telephony.TelephonyConnectionService}, ***, UserHandle{0} Capabilities: CallProvider MultiUser PlaceEmerg SimSub  Audio Routes: BESW Schemes: tel voicemail  Extras: Bundle[{android.telecom.extra.SUPPORTS_VIDEO_CALLING_FALLBACK=true}] GroupId: ***] with handle: ComponentInfo{com.android.phone/com.android.services.telephony.TelephonyConnectionService}, ***, UserHandle{0}
03-06 15:52:38.938  2476  2476 I TelecomFramework: PstnIncomingCallNotifier: Registering: Handler (com.android.internal.telephony.GsmCdmaPhone) {b312827}
03-06 15:52:38.939  2476  2476 D MultiSimSettingController: onSubscriptionsChanged
03-06 15:52:38.939  2476  2476 D MultiSimSettingController: updateDefaults
03-06 15:52:38.940  2476  2476 D MultiSimSettingController: [updateDefaultValues] change: 0
03-06 15:52:38.940  2476  2476 I TelecomFramework: PstnIncomingCallNotifier: Unregistering: Handler (com.android.internal.telephony.GsmCdmaPhone) {b312827}
03-06 15:52:38.941  2476  2476 I TelecomFramework: TelecomAccountRegistry: setupAccounts: Found 1 phones.  Attempting to register.
03-06 15:52:38.941  2476  2476 I TelecomFramework: TelecomAccountRegistry: setupAccounts: Phone with subscription id 1
03-06 15:52:38.941  2476  2476 I TelecomFramework: TelecomAccountRegistry: setupAccounts: adding default
03-06 15:52:38.941  2476  2476 E PhoneInterfaceManager: [PhoneIntfMgr] getIccId: ICC ID is null or empty.
03-06 15:52:38.946  2026  4785 I Telecom : PhoneAccountRegistrar: Modify account: [ComponentInfo{com.android.phone/com.android.services.telephony.TelephonyConnectionService}, ***, UserHandle{0}]: TSI.rPA@Ay4
03-06 15:52:38.947  2026  4785 I Telecom : CallsManager: handlePhoneAccountChanged: phoneAccount=[[X] PhoneAccount: ComponentInfo{com.android.phone/com.android.services.telephony.TelephonyConnectionService}, ***, UserHandle{0} Capabilities: CallProvider MultiUser PlaceEmerg SimSub  Audio Routes: BESW Schemes: tel voicemail  Extras: Bundle[{android.telecom.extra.SUPPORTS_VIDEO_CALLING_FALLBACK=true}] GroupId: ***]: TSI.rPA@Ay4
03-06 15:52:38.947  2476  2476 I TelecomFramework: AccountEntry: Registered phoneAccount: [[ ] PhoneAccount: ComponentInfo{com.android.phone/com.android.services.telephony.TelephonyConnectionService}, ***, UserHandle{0} Capabilities: CallProvider MultiUser PlaceEmerg SimSub  Audio Routes: BESW Schemes: tel voicemail  Extras: Bundle[{android.telecom.extra.SUPPORTS_VIDEO_CALLING_FALLBACK=true}] GroupId: ***] with handle: ComponentInfo{com.android.phone/com.android.services.telephony.TelephonyConnectionService}, ***, UserHandle{0}
03-06 15:52:38.947  2476  2476 I TelecomFramework: PstnIncomingCallNotifier: Registering: Handler (com.android.internal.telephony.GsmCdmaPhone) {b312827}
03-06 15:52:38.981  2476  4039 D IccSmsInterfaceManager: [IccSmsInterfaceManager] Failed to add GSM cell broadcast channels range 4392 to 4392
03-06 15:52:38.987  2476  2476 I VvmSimStateTracker: android.intent.action.SIM_STATE_CHANGED
03-06 15:52:38.989  6392  6392 I Finsky  : [2] com.google.android.finsky.simhandler.SimStateReceiver.a(6): android.intent.action.SIM_STATE_CHANGED : simState = READY
03-06 15:52:38.990  1791  2388 E GnssHAL_GnssInterface: gnssSvStatusCb: a: input svInfo.flags is 8
03-06 15:52:38.990  1791  2388 E GnssHAL_GnssInterface: gnssSvStatusCb: b: input svInfo.flags is 8
03-06 15:52:38.992  2476  4039 D IccSmsInterfaceManager: [IccSmsInterfaceManager] Failed to remove GSM cell broadcast channels range 4380 to 4380
03-06 15:52:38.993  2476  4039 D IccSmsInterfaceManager: [IccSmsInterfaceManager] Failed to remove cdma broadcast channels range 4100 to 4100
03-06 15:52:38.997  2476  2476 E PhoneInterfaceManager: [PhoneIntfMgr] getIccId: ICC ID is null or empty.
03-06 15:52:38.997  2476  4039 D IccSmsInterfaceManager: [IccSmsInterfaceManager] Failed to remove GSM cell broadcast channels range 4393 to 4393
03-06 15:52:38.998  2387  7465 I constellation: [sim_state_checker] sim state checker is disabled.
03-06 15:52:39.001  2476  2476 I TelecomFramework: PstnPhoneCapabilitiesNotifier: handleVideoCapabilitesChanged. Video capability - false
03-06 15:52:39.001  2476  2476 E PhoneInterfaceManager: [PhoneIntfMgr] getIccId: ICC ID is null or empty.
03-06 15:52:39.005  2476  4039 D IccSmsInterfaceManager: [IccSmsInterfaceManager] Failed to remove GSM cell broadcast channels range 4381 to 4381
03-06 15:52:39.006  2476  4039 D IccSmsInterfaceManager: [IccSmsInterfaceManager] Failed to remove GSM cell broadcast channels range 4394 to 4394
03-06 15:52:39.001  2476  2476 I TelecomFramework: PstnPhoneCapabilitiesNotifier: handleVideoCapabilitesChanged. Video capability - false
03-06 15:52:39.010  2026  3472 I Telecom : PhoneAccountRegistrar: Modify account: [ComponentInfo{com.android.phone/com.android.services.telephony.TelephonyConnectionService}, ***, UserHandle{0}]: TSI.rPA@AzE
03-06 15:52:39.010  2026  3472 I Telecom : CallsManager: handlePhoneAccountChanged: phoneAccount=[[X] PhoneAccount: ComponentInfo{com.android.phone/com.android.services.telephony.TelephonyConnectionService}, ***, UserHandle{0} Capabilities: CallProvider MultiUser PlaceEmerg SimSub  Audio Routes: BESW Schemes: tel voicemail  Extras: Bundle[{android.telecom.extra.SUPPORTS_VIDEO_CALLING_FALLBACK=true}] GroupId: ***]: TSI.rPA@AzE
03-06 15:52:39.012  2476  4039 D IccSmsInterfaceManager: [IccSmsInterfaceManager] Failed to remove GSM cell broadcast channels range 4382 to 4382
03-06 15:52:39.014  2476  4039 D IccSmsInterfaceManager: [IccSmsInterfaceManager] Failed to remove GSM cell broadcast channels range 4395 to 4395
03-06 15:52:39.018  2476  4039 D IccSmsInterfaceManager: [IccSmsInterfaceManager] Calling setGsmBroadcastConfig with 1 configurations
03-06 15:52:39.020  2476  2476 I CallNotifier: onCallForwardingIndicatorChanged(): subId=1, visible=N
03-06 15:52:39.021  2476  2476 D CallNotifier: updatePhoneStateListeners: update CF notifications.
03-06 15:52:39.021  2476  2476 I NotificationMgr: updateCfi: subId= 1, visible=N
03-06 15:52:39.021  2476  2476 I NotificationMgr: updateMwi(): subId 1 update to false
03-06 15:52:39.024  4030  4030 I Dialer  : LegacyVoicemailNotificationReceiver.onReceive - received legacy voicemail notification
03-06 15:52:39.024  4030  4030 I Dialer  : LegacyVoicemailNotificationReceiver.onReceive - isRefresh: true
03-06 15:52:39.024  4030  4030 I Dialer  : LegacyVoicemailNotificationReceiver.onReceive - clearing notification
03-06 15:52:39.024  4030  4030 I Dialer  : LegacyVoicemailNotifier.cancelNotification - enter
03-06 15:52:39.024  4030  4030 I Dialer  : LegacyVoicemailNotifier.cancelNotification - 'null' id, canceling all legacy voicemail notifications
03-06 15:52:39.028  2476  2476 D MccTable: updateMccMncConfiguration mccmnc='310260
03-06 15:52:39.029  2476  2476 D MccTable: updateMccMncConfiguration: mcc=310, mnc=260
03-06 15:52:39.032  2026  4785 D AlarmManagerService: Kernel timezone updated to 300 minutes west of GMT
03-06 15:52:39.035  2026  2026 D ConditionProviders.SCP: onReceive android.intent.action.TIMEZONE_CHANGED
03-06 15:52:39.035  2026  2026 D ConditionProviders.SCP: evaluateSubscriptionLocked cal=ScheduleCalendar[mDays={1, 2, 3, 4, 5, 6, 7}, mSchedule=ScheduleInfo{days=[1, 2, 3, 4, 5, 6, 7], startHour=22, startMinute=0, endHour=7, endMinute=0, exitAtAlarm=true, nextAlarm=Wed Dec 31 19:00:00 EST 1969 (0)}], now=Wed Mar 06 15:52:39 EST 2024 (1709758359035), nextUserAlarmTime=Wed Dec 31 19:00:00 EST 1969 (0)
03-06 15:52:39.035  2026  2026 D ConditionProviders.SCP: notifyCondition condition://android/schedule?days=1.2.3.4.5.6.7&start=22.0&end=7.0&exitAtAlarm=true STATE_FALSE reason=!meetsSchedule
03-06 15:52:39.036  2026  2026 D ConditionProviders.SCP: Scheduling evaluate for Wed Mar 06 22:00:00 EST 2024 (1709780400000), in +6h7m20s965ms, now=Wed Mar 06 15:52:39 EST 2024 (1709758359035)
03-06 15:52:39.039  2476  2476 D MccTable: timezone set to America/New_York
03-06 15:52:39.039  2476  2476 D MccTable: updateMccMncConfiguration updateConfig config={0.0 310mcc260mnc ?localeList ?layoutDir ?swdp ?wdp ?hdp ?density ?lsize ?long ?ldr ?wideColorGamut ?orien ?uimode ?night ?touch ?keyb/?/? ?nav/? winConfig={ mBounds=Rect(0, 0 - 0, 0) mAppBounds=null mWindowingMode=undefined mDisplayWindowingMode=undefined mActivityType=undefined mAlwaysOnTop=undefined mRotation=undefined}}
03-06 15:52:39.049  2476  4039 D IccSmsInterfaceManager: [IccSmsInterfaceManager] Failed to add GSM cell broadcast channels range 4352 to 4354
03-06 15:52:39.057  2476  4039 D IccSmsInterfaceManager: [IccSmsInterfaceManager] Calling setGsmBroadcastConfig with 1 configurations
03-06 15:52:39.061  2476  4039 D IccSmsInterfaceManager: [IccSmsInterfaceManager] Failed to add GSM cell broadcast channels range 4356 to 4356
03-06 15:52:39.062  5804  5804 I AlarmClock: AlarmInitReceiver android.intent.action.TIMEZONE_CHANGED
03-06 15:52:39.063  5804  7964 I AlarmClock: Connected Dock: null
03-06 15:52:39.066  5804  7964 I AlarmClock: Removing AlarmClockInfo
03-06 15:52:39.068  2476  4039 D IccSmsInterfaceManager: [IccSmsInterfaceManager] Failed to remove GSM cell broadcast channels range 4355 to 4355
03-06 15:52:39.069  5804  5804 I AlarmClock: DigitalAppWidgetProvider processing Intent { act=android.intent.action.TIMEZONE_CHANGED flg=0x21200010 cmp=com.google.android.deskclock/com.android.alarmclock.DigitalAppWidgetProvider (has extras) }
03-06 15:52:39.076  2476  4039 D IccSmsInterfaceManager: [IccSmsInterfaceManager] Calling setGsmBroadcastConfig with 1 configurations
03-06 15:52:39.086  2476  2476 D TelephonyProvider: match current APN size:  12
03-06 15:52:39.087  2476  2476 D TelephonyProvider: match MNO APN: 5
03-06 15:52:39.088  2476  2476 D TelephonyProvider: subIdString = 1 subId = 1
03-06 15:52:39.088  2476  2476 D TelephonyProvider: getPreferredApnIdFromApn: for subId 1
03-06 15:52:39.091  2476  2476 D TelephonyProvider: subIdString = 1 subId = 1
03-06 15:52:39.091  2476  2476 D TelephonyProvider: getPreferredApnIdFromApn: for subId 1
03-06 15:52:39.092  2476  2476 D TelephonyProvider: subIdString = 1 subId = 1
03-06 15:52:39.092  2476  2476 D TelephonyProvider: getPreferredApnIdFromApn: for subId 1
03-06 15:52:39.097  2476  2476 D TelephonyProvider: subIdString = 1 subId = 1
03-06 15:52:39.097  2476  2476 D TelephonyProvider: getPreferredApnIdFromApn: for subId 1
03-06 15:52:39.098  2476  2476 D TelephonyProvider: subIdString = 1 subId = 1
03-06 15:52:39.098  2476  2476 D TelephonyProvider: getPreferredApnIdFromApn: for subId 1
03-06 15:52:39.100  2476  2476 D TelephonyProvider: subIdString = 1 subId = 1
03-06 15:52:39.100  2476  2476 D TelephonyProvider: getPreferredApnIdFromApn: for subId 1
03-06 15:52:39.103  2476  2476 D TelephonyProvider: subIdString = 1 subId = 1
03-06 15:52:39.103  2476  2476 D TelephonyProvider: getPreferredApnIdFromApn: for subId 1
03-06 15:52:39.108  2476  2476 D TelephonyProvider: subIdString = 1 subId = 1
03-06 15:52:39.108  2476  2476 D TelephonyProvider: getPreferredApnIdFromApn: for subId 1
03-06 15:52:39.113  2476  3373 D TelephonyProvider: subIdString = 1 subId = 1
03-06 15:52:39.114  2476  3373 D TelephonyProvider: getPreferredApnIdFromApn: for subId 1
03-06 15:52:39.120  8007  8007 F libc    : Fatal signal 11 (SIGSEGV), code 1 (SEGV_MAPERR), fault addr 0xa in tid 8007 (rild), pid 8007 (rild)
03-06 15:52:39.121  2476  2476 D TelephonyProvider: subIdString = 1 subId = 1
03-06 15:52:39.127  8025  8025 I crash_dump32: obtaining output fd from tombstoned, type: kDebuggerdTombstone
03-06 15:52:39.127  1864  1864 I /system/bin/tombstoned: received crash request for pid 8007
03-06 15:52:39.127  8025  8025 I crash_dump32: performing dump of process 8007 (target tid = 8007)
03-06 15:52:39.128  8025  8025 F DEBUG   : *** *** *** *** *** *** *** *** *** *** *** *** *** *** *** ***
03-06 15:52:39.128  8025  8025 F DEBUG   : Build fingerprint: 'google/sdk_gphone_x86/generic_x86:10/QSR1.190920.001/5891938:user/release-keys'
03-06 15:52:39.128  8025  8025 F DEBUG   : Revision: '0'
03-06 15:52:39.128  8025  8025 F DEBUG   : ABI: 'x86'
03-06 15:52:39.128  8025  8025 F DEBUG   : Timestamp: 2024-03-06 15:52:39-0500
03-06 15:52:39.128  8025  8025 F DEBUG   : pid: 8007, tid: 8007, name: rild  >>> /vendor/bin/hw/rild <<<
03-06 15:52:39.128  8025  8025 F DEBUG   : uid: 1001
03-06 15:52:39.128  8025  8025 F DEBUG   : signal 11 (SIGSEGV), code 1 (SEGV_MAPERR), fault addr 0xa
03-06 15:52:39.128  8025  8025 F DEBUG   : Cause: null pointer dereference
03-06 15:52:39.128  8025  8025 F DEBUG   :     eax eb1ac403  ebx eb77d0e4  ecx 0000000a  edx 0000000a
03-06 15:52:39.128  8025  8025 F DEBUG   :     edi 0000000a  esi fff25408
03-06 15:52:39.128  8025  8025 F DEBUG   :     ebp fff25438  esp fff253ec  eip eb518a62
03-06 15:52:39.129  2184  2184 V KeyguardUpdateMonitor: onSubscriptionInfoChanged()
03-06 15:52:39.131  2184  2184 V KeyguardUpdateMonitor: SubInfo:{id=1, iccId=890141032[****] simSlotIndex=0 carrierId=1 displayName=T-Mobile carrierName=Android nameSource=3 iconTint=-16746133 mNumber=[****] dataRoaming=0 iconBitmap=android.graphics.Bitmap@25c27cf mcc 310 mnc 260mCountryIso=us isEmbedded false accessRules null cardString=890141032[****] cardId=-1 isOpportunistic false mGroupUUID=null mIsGroupDisabled=false profileClass=-1 ehplmns = null hplmns = null subscriptionType=0 mGroupOwner=null}
03-06 15:52:39.133  2476  4039 D IccSmsInterfaceManager: [IccSmsInterfaceManager] Failed to add GSM cell broadcast channels range 4396 to 4396
03-06 15:52:39.133  2476  2476 D CallNotifier: updatePhoneStateListeners: update CF notifications.
03-06 15:52:39.133  2476  2476 I NotificationMgr: updateCfi: subId= 1, visible=N
03-06 15:52:39.134  2476  2476 I NotificationMgr: updateMwi(): subId 1 update to false
03-06 15:52:39.134  2026  2123 W BestClock: java.time.DateTimeException: Missing NTP fix
03-06 15:52:39.135  2476  3413 D IccSmsInterfaceManager: [IccSmsInterfaceManager] Calling setGsmBroadcastConfig with 1 configurations
03-06 15:52:39.137  4030  4030 I Dialer  : LegacyVoicemailNotificationReceiver.onReceive - received legacy voicemail notification
03-06 15:52:39.137  4030  4030 I Dialer  : LegacyVoicemailNotificationReceiver.onReceive - isRefresh: false
