03-06 15:55:28.783  2803  2803 I rcs     : [PresencePublication] onReceive intent=Intent { act=android.intent.action.SIM_STATE_CHANGED flg=0x5000010 (has extras) }
03-06 15:55:28.783  2803  2803 I rcs     : [PresencePublication] ACTION_SIM_STATE_CHANGED INTENT_KEY_ICC_STATE=UNKNOWN
03-06 15:55:28.783  2803  2803 I rcs     : [RcsService] onReceive intent=Intent { act=android.intent.action.SIM_STATE_CHANGED flg=0x5000010 (has extras) }
03-06 15:55:28.783  2476  2476 D CarrierConfigLoader: update config for phoneId: 0 simState: UNKNOWN
03-06 15:55:28.783  2476  2476 D CarrierSvcBindHelper: update binding for phoneId: 0 simState: UNKNOWN
03-06 15:55:28.787  2476  2476 D TelephonyProvider: match current APN size:  0
03-06 15:55:28.787  2476  2476 E TelephonyProvider: iccRecords is null
03-06 15:55:28.790  2476  2476 I TelecomFramework: PstnPhoneCapabilitiesNotifier: handleVideoCapabilitesChanged. Video capability - false
03-06 15:55:28.791  2476  2476 E PhoneInterfaceManager: [PhoneIntfMgr] getIccId: No UICC
03-06 15:55:28.793  7200  7276 D EGL_emulation: eglMakeCurrent: 0xdee1ae40: ver 2 0 (tinfo 0xc2e69120)
03-06 15:55:28.798  2026  2042 I Telecom : PhoneAccountRegistrar: Modify account: [ComponentInfo{com.android.phone/com.android.services.telephony.TelephonyConnectionService}, ***, UserHandle{0}]: TSI.rPA@Bk0
03-06 15:55:28.799  2026  2042 I Telecom : CallsManager: handlePhoneAccountChanged: phoneAccount=[[X] PhoneAccount: ComponentInfo{com.android.phone/com.android.services.telephony.TelephonyConnectionService}, ***, UserHandle{0} Capabilities: CallProvider MultiUser PlaceEmerg SimSub  Audio Routes: BESW Schemes: tel voicemail  Extras: Bundle[{android.telecom.extra.SUPPORTS_VIDEO_CALLING_FALLBACK=true}] GroupId: ***]: TSI.rPA@Bk0
03-06 15:55:28.796  7200  7276 D EGL_emulation: eglMakeCurrent: 0xdee1ae40: ver 2 0 (tinfo 0xc2e69120)
03-06 15:55:28.801  2476  2476 D CarrierConfigLoader: mHandler: 0 phoneId: 0
03-06 15:55:28.802  2476  2476 D CarrierConfigLoader: Broadcast CARRIER_CONFIG_CHANGED for phone 0
03-06 15:55:28.803  4330  4330 I Bugle   : Carrier config changed. Reloading MMS config.
03-06 15:55:28.805  4113  4113 D CellBroadcastReceiver: onReceive Intent { act=android.telephony.action.CARRIER_CONFIG_CHANGED flg=0x15000010 cmp=com.android.cellbroadcastreceiver/.CellBroadcastReceiver (has extras) }
03-06 15:55:28.805  4113  4113 D CellBroadcastReceiver: initializeSharedPreference
03-06 15:55:28.805  2476  2476 I VvmSimStateTracker: android.intent.action.SIM_STATE_CHANGED
03-06 15:55:28.805  2476  3413 E CarrierInfoManager: Invalid networkOperator: 
03-06 15:55:28.807  6392  6392 I Finsky  : [2] com.google.android.finsky.simhandler.SimStateReceiver.a(6): android.intent.action.SIM_STATE_CHANGED : simState = UNKNOWN
03-06 15:55:28.811  4113  4113 D CellBroadcastReceiver: Default interval 0 did not change.
03-06 15:55:28.811  4113  4113 D CellBroadcastReceiver: Start Cell Broadcast configuration.
03-06 15:55:28.812  7200  7276 D EGL_emulation: eglMakeCurrent: 0xdee1ae40: ver 2 0 (tinfo 0xc2e69120)
03-06 15:55:28.815  2387  7815 I constellation: [sim_state_checker] sim state checker is disabled.
03-06 15:55:28.816  7200  7276 D EGL_emulation: eglMakeCurrent: 0xdee1ae40: ver 2 0 (tinfo 0xc2e69120)
03-06 15:55:28.818  2476  2476 I TelecomFramework: : Carrier-config changed, checking for phone account updates.
03-06 15:55:28.820  2026  2026 I Telecom : PhoneAccountRegistrar: getSimCallManager: SimCallManager for subId 1 queried, returning: null: CM.CCCR->CM.UECNT->CM.CCCR->CM.UECNT->CM.CCCR->CM.UECNT->CM.CCCR->CM.UECNT->CM.CCCR->CM.UECNT->CM.CCCR->CM.UECNT->CM.CCCR->CM.UECNT->CM.CCCR->CM.UECNT->CM.CCCR->CM.UECNT->CM.CCCR->CM.UECNT->CM.CCCR->CM.UECNT->CM.CCCR->CM.UECNT->CM.CCCR->CM.UECNT->CM.CCCR->CM.UECNT->CM.CCCR->CM.UECNT->CM.CCCR->CM.UECNT->CM.CCCR->CM.UECNT->CM.CCCR->CM.UECNT->CM.CCCR->CM.UECNT->CM.CCCR->CM.UECNT->CM.CCCR->CM.UECNT->CM.CCCR->CM.UECNT->CM.CCCR->CM.UECNT->CM.CCCR->CM.UECNT->CM.CCCR->CM.UECNT->CM.CCCR->CM.UECNT->CM.CCCR->CM.UECNT->CM.CCCR->CM.UECNT->CM.CCCR->CM.UECNT->CM.CCCR->CM.UECNT->CM.CCCR->CM.UECNT->CM.CCCR->CM.UECNT->CM.CCCR->CM.UECNT->CM.CCCR->CM.UECNT->CM.CCCR->CM.UECNT->CM.CCCR->CM.UECNT->CM.CCCR->CM.UECNT->CM.CCCR->CM.UECNT->CM.CCCR->CM.UECNT->CM.CCCR->CM.UECNT->CM.CCCR->CM.UECNT->CM.CCCR->CM.UECNT->CM.CCCR->CM.UECNT->CM.CCCR->CM.UECNT->CM.CCCR->CM.UECNT->CM.CCCR->CM.UECNT->CM.CCCR->CM.UECNT->CM.CCCR->CM.UECNT->CM.CCCR->CM.UECNT->CM.CCCR->CM.UECNT->CM.CCCR->CM.UECNT->CM.CCCR->CM.UECNT->CM.CCCR->CM.UECNT->CM.CCCR->CM.UECNT->CM.CCCR->CM.UECNT->CM.CCCR->CM.UECNT->CM.CCCR->CM.UECNT->CM.CCCR->CM.UECNT->CM.CCCR->CM.UECNT->CM.CCCR->CM.UECNT->CM.CCCR->CM.UECNT->CM.CCCR->CM.UECNT->CM.CCCR->CM.UECNT->CM.CCCR->CM.UECNT->CM.CCCR->CM.UECNT->CM.CCCR->CM.UECNT->CM.CCCR->CM.UECNT->CM.CCCR->CM.UECNT->CM.CCCR->CM.UECNT->CM.CCCR->CM.UECNT@AD4
03-06 15:55:28.827  2476  2476 D TelephonyProvider: subIdString = 1 subId = 1
03-06 15:55:28.829  7200  7276 D EGL_emulation: eglMakeCurrent: 0xdee1ae40: ver 2 0 (tinfo 0xc2e69120)
03-06 15:55:28.830  4330  4542 I BugleDataModel: ParticipantRefresh: Number of participants refreshed: 0
03-06 15:55:28.833  7200  7276 D EGL_emulation: eglMakeCurrent: 0xdee1ae40: ver 2 0 (tinfo 0xc2e69120)
03-06 15:55:28.835  2476  2476 E PhoneInterfaceManager: [PhoneIntfMgr] getIccId: No UICC
03-06 15:55:28.837  2184  2184 V KeyguardUpdateMonitor: onSubscriptionInfoChanged()
03-06 15:55:28.838  6392  6422 I Finsky  : [491] fpw.a(10): onSubscriptionsChanged
03-06 15:55:28.838  6392  6422 I Finsky  : [491] fpt.c(15): notifySubscriptionInfoChangedListener: DataSubscriptionInfo=null
03-06 15:55:28.839  2026  4611 I LocationAccessPolicy: Allowing com.google.android.inputmethod.latin fine because it doesn't target API 29 yet. Please fix this app. Called from TelephonyRegistry push
03-06 15:55:28.839  2026  4611 I LocationAccessPolicy: Allowing com.google.android.apps.messaging fine because it doesn't target API 29 yet. Please fix this app. Called from TelephonyRegistry push
03-06 15:55:28.840  2184  2184 V KeyguardUpdateMonitor: SubInfo:{id=1, iccId=890141032[****] simSlotIndex=0 carrierId=1 displayName=T-Mobile carrierName=No service nameSource=3 iconTint=-16746133 mNumber=[****] dataRoaming=0 iconBitmap=android.graphics.Bitmap@eb045b0 mcc 310 mnc 260mCountryIso=us isEmbedded false accessRules null cardString=890141032[****] cardId=-1 isOpportunistic false mGroupUUID=null mIsGroupDisabled=false profileClass=-1 ehplmns = null hplmns = null subscriptionType=0 mGroupOwner=null}
03-06 15:55:28.846  4113  4113 D CellBroadcastReceiver: onReceive Intent { act=android.intent.action.SERVICE_STATE flg=0x1000010 cmp=com.android.cellbroadcastreceiver/.CellBroadcastReceiver (has extras) }
03-06 15:55:28.846  7200  7276 D EGL_emulation: eglMakeCurrent: 0xdee1ae40: ver 2 0 (tinfo 0xc2e69120)
03-06 15:55:28.848  6392  6392 I Finsky  : [2] pxd.b(7): Jobs in database: 12-1 21-333333333 28--559038737 31-305419896 
03-06 15:55:28.848  6392  6392 I Finsky  : [2] puk.a(113): ConstraintMapping: 12-1, 21-333333333, 28--559038737, 31-305419896,  -> L: 0ms, D: 82505270ms, C: false, I: false, N: 1
03-06 15:55:28.849  7200  7276 D EGL_emulation: eglMakeCurrent: 0xdee1ae40: ver 2 0 (tinfo 0xc2e69120)
03-06 15:55:28.849  6392  6637 I Finsky  : [539] qjn.b(1): SIM removed, prefetching preloads
03-06 15:55:28.849  6392  6428 I Finsky  : [495] qjm.call(2): Prefetching preloads for account null
03-06 15:55:28.849  6392  6428 W Finsky  : [495] cwl.a(19): For unauth, use getDfeApiNonAuthenticated() instead!
03-06 15:55:28.850  6392  6392 I Finsky  : [2] com.google.android.finsky.scheduler.JobSchedulerEngine.a(42): Cancelling existing job with id: 9000
03-06 15:55:28.850  6392  6428 I Finsky  : [495] qnu.a(19): No PAI stub found
03-06 15:55:28.851  6392  6428 E Finsky  : [495] qjm.call(31): Error prefetching preloads, using account=null, preloads=NULL, preloadRros=NULL, preloadGroups=NULL
03-06 15:55:28.851  6392  6428 E Finsky  : com.google.android.finsky.setup.fetchers.RawDocumentsFetchException[reason=pai_config, account=null]
03-06 15:55:28.851  6392  6428 E Finsky  : 	at qnu.a(SourceFile:19)
03-06 15:55:28.851  6392  6428 E Finsky  : 	at qjm.call(Unknown Source:2)
03-06 15:55:28.851  6392  6428 E Finsky  : 	at afxg.a(SourceFile:1)
03-06 15:55:28.851  6392  6428 E Finsky  : 	at afwi.run(SourceFile:3)
03-06 15:55:28.851  6392  6428 E Finsky  : 	at afxf.run(SourceFile:2)
03-06 15:55:28.851  6392  6428 E Finsky  : 	at java.util.concurrent.ThreadPoolExecutor.runWorker(ThreadPoolExecutor.java:1167)
03-06 15:55:28.851  6392  6428 E Finsky  : 	at java.util.concurrent.ThreadPoolExecutor$Worker.run(ThreadPoolExecutor.java:641)
03-06 15:55:28.851  6392  6428 E Finsky  : 	at unn.run(Unknown Source:7)
03-06 15:55:28.851  6392  6428 E Finsky  : 	at java.lang.Thread.run(Thread.java:919)
03-06 15:55:28.851  6392  6428 I Finsky  : [495] qjn.a(10): VpaSelectionActivity will be disabled
03-06 15:55:28.851  6392  6392 I Finsky  : [2] com.google.android.finsky.scheduler.JobSchedulerEngine.a(4): Scheduling job Id: 9001, L: 0, D: 82505270, C: false, I: false, N: 1
03-06 15:55:28.851  6392  6637 I Finsky  : [539] fpy.a(5): notifySubscriptionInfoChangedListener success.
03-06 15:55:28.852  2476  2476 D ServiceStateProvider: subId=1
03-06 15:55:28.853  2026  2123 E NetworkPolicy: Missing subscriberId for subId 1
03-06 15:55:28.853  2026  2123 W BestClock: java.time.DateTimeException: Missing NTP fix
03-06 15:55:28.854  4165  4165 I CarrierServices: [2] ServiceStateReceiver.onReceive: Received SERVICE_STATE intent.
03-06 15:55:28.854  2026  2053 I DropBoxManagerService: add tag=system_server_wtf isTagEnabled=true flags=0x2
03-06 15:55:28.854  2026  2123 W BestClock: java.time.DateTimeException: Missing NTP fix
03-06 15:55:28.854  1773  1773 I netd    : bandwidthSetGlobalAlert(2097152) <0.09ms>
03-06 15:55:28.857  2476  2476 D OtaspSimStateReceiver: Received intent: android.telephony.action.CARRIER_CONFIG_CHANGED
03-06 15:55:28.858  2476  2490 W System  : A resource failed to call close. 
03-06 15:55:28.862  2476  2476 D TelephonyProvider: match current APN size:  0
03-06 15:55:28.862  2476  2476 E TelephonyProvider: iccRecords is null
03-06 15:55:28.863  2476  2476 D CallNotifier: updatePhoneStateListeners: update CF notifications.
03-06 15:55:28.863  2476  2476 I NotificationMgr: updateCfi: subId= 1, visible=N
03-06 15:55:28.864  2476  2476 I NotificationMgr: updateMwi(): subId 1 update to false
03-06 15:55:28.864  7200  7276 D EGL_emulation: eglMakeCurrent: 0xdee1ae40: ver 2 0 (tinfo 0xc2e69120)
03-06 15:55:28.865  2476  2476 I TelecomFramework: : onSubscriptionsChanged - update accounts
03-06 15:55:28.865  2476  2476 I TelecomFramework: PstnIncomingCallNotifier: Unregistering: Handler (com.android.internal.telephony.GsmCdmaPhone) {b312827}
03-06 15:55:28.865  2476  2476 I TelecomFramework: TelecomAccountRegistry: setupAccounts: Found 1 phones.  Attempting to register.
03-06 15:55:28.865  2476  2476 I TelecomFramework: TelecomAccountRegistry: setupAccounts: Phone with subscription id 1
03-06 15:55:28.865  2476  2476 I TelecomFramework: TelecomAccountRegistry: setupAccounts: adding default
03-06 15:55:28.865  2476  2476 E PhoneInterfaceManager: [PhoneIntfMgr] getIccId: No UICC
03-06 15:55:28.868  7200  7276 D EGL_emulation: eglMakeCurrent: 0xdee1ae40: ver 2 0 (tinfo 0xc2e69120)
03-06 15:55:28.869  2026  3472 I Telecom : PhoneAccountRegistrar: Modify account: [ComponentInfo{com.android.phone/com.android.services.telephony.TelephonyConnectionService}, ***, UserHandle{0}]: TSI.rPA@Bk4
03-06 15:55:28.869  2026  3472 I Telecom : CallsManager: handlePhoneAccountChanged: phoneAccount=[[X] PhoneAccount: ComponentInfo{com.android.phone/com.android.services.telephony.TelephonyConnectionService}, ***, UserHandle{0} Capabilities: CallProvider MultiUser PlaceEmerg SimSub  Audio Routes: BESW Schemes: tel voicemail  Extras: Bundle[{android.telecom.extra.SUPPORTS_VIDEO_CALLING_FALLBACK=true}] GroupId: ***]: TSI.rPA@Bk4
03-06 15:55:28.869  2476  2476 I TelecomFramework: AccountEntry: Registered phoneAccount: [[ ] PhoneAccount: ComponentInfo{com.android.phone/com.android.services.telephony.TelephonyConnectionService}, ***, UserHandle{0} Capabilities: CallProvider MultiUser PlaceEmerg SimSub  Audio Routes: BESW Schemes: tel voicemail  Extras: Bundle[{android.telecom.extra.SUPPORTS_VIDEO_CALLING_FALLBACK=true}] GroupId: ***] with handle: ComponentInfo{com.android.phone/com.android.services.telephony.TelephonyConnectionService}, ***, UserHandle{0}
03-06 15:55:28.869  2476  2476 I TelecomFramework: PstnIncomingCallNotifier: Registering: Handler (com.android.internal.telephony.GsmCdmaPhone) {b312827}
03-06 15:55:28.870  2476  2476 D MultiSimSettingController: onSubscriptionsChanged
03-06 15:55:28.870  2476  2476 D MultiSimSettingController: updateDefaults
03-06 15:55:28.871  2476  2476 D MultiSimSettingController: [updateDefaultValues] change: 0
03-06 15:55:28.872  2026  3472 D AlarmManagerService: Kernel timezone updated to 0 minutes west of GMT
03-06 15:55:28.873  2476  2476 I VvmSimStateTracker: android.telephony.action.CARRIER_CONFIG_CHANGED
03-06 15:55:28.874  2476  2476 I VvmSimStateTracker: Received SIM change for invalid subscription id.
03-06 15:55:28.875  2476  2476 I TelecomFramework: PstnPhoneCapabilitiesNotifier: handleVideoCapabilitesChanged. Video capability - false
03-06 15:55:28.876  2476  2476 E PhoneInterfaceManager: [PhoneIntfMgr] getIccId: No UICC
03-06 15:55:28.879  2026  2873 I Telecom : PhoneAccountRegistrar: Modify account: [ComponentInfo{com.android.phone/com.android.services.telephony.TelephonyConnectionService}, ***, UserHandle{0}]: TSI.rPA@BlE
03-06 15:55:28.879  7200  7276 D EGL_emulation: eglMakeCurrent: 0xdee1ae40: ver 2 0 (tinfo 0xc2e69120)
03-06 15:55:28.880  2026  2873 I Telecom : CallsManager: handlePhoneAccountChanged: phoneAccount=[[X] PhoneAccount: ComponentInfo{com.android.phone/com.android.services.telephony.TelephonyConnectionService}, ***, UserHandle{0} Capabilities: CallProvider MultiUser PlaceEmerg SimSub  Audio Routes: BESW Schemes: tel voicemail  Extras: Bundle[{android.telecom.extra.SUPPORTS_VIDEO_CALLING_FALLBACK=true}] GroupId: ***]: TSI.rPA@BlE
03-06 15:55:28.883  7200  7276 D EGL_emulation: eglMakeCurrent: 0xdee1ae40: ver 2 0 (tinfo 0xc2e69120)
03-06 15:55:28.883  4165  4218 I CarrierServices: [259] CarrierServicesReleaseApp.a: Initialized already, return.
03-06 15:55:28.890  4030  4030 I Dialer  : LegacyVoicemailNotificationReceiver.onReceive - received legacy voicemail notification
03-06 15:55:28.890  4030  4030 I Dialer  : LegacyVoicemailNotificationReceiver.onReceive - isRefresh: true
03-06 15:55:28.890  4030  4030 I Dialer  : LegacyVoicemailNotificationReceiver.onReceive - clearing notification
03-06 15:55:28.890  4030  4030 I Dialer  : LegacyVoicemailNotifier.cancelNotification - enter
03-06 15:55:28.890  4030  4030 I Dialer  : LegacyVoicemailNotifier.cancelNotification - 'null' id, canceling all legacy voicemail notifications
03-06 15:55:28.896  7200  7276 D EGL_emulation: eglMakeCurrent: 0xdee1ae40: ver 2 0 (tinfo 0xc2e69120)
03-06 15:55:28.914  7200  7276 I chatty  : uid=10134(ru.iteco.fmhandroid) RenderThread identical 2 lines
03-06 15:55:28.918  7200  7276 D EGL_emulation: eglMakeCurrent: 0xdee1ae40: ver 2 0 (tinfo 0xc2e69120)
03-06 15:55:28.929  2476  3412 D IccSmsInterfaceManager: [IccSmsInterfaceManager] Failed to add GSM cell broadcast channels range 4396 to 4396
03-06 15:55:28.930  2476  3412 D IccSmsInterfaceManager: [IccSmsInterfaceManager] Calling setGsmBroadcastConfig with 1 configurations
03-06 15:55:28.930  7200  7276 D EGL_emulation: eglMakeCurrent: 0xdee1ae40: ver 2 0 (tinfo 0xc2e69120)
03-06 15:55:28.932  2026  4611 I WifiService: releaseWifiLock uid=10099
03-06 15:55:28.933  7200  7276 D EGL_emulation: eglMakeCurrent: 0xdee1ae40: ver 2 0 (tinfo 0xc2e69120)
03-06 15:55:28.941  2026  3472 D AlarmManagerService: Kernel timezone updated to 0 minutes west of GMT
03-06 15:55:28.944  2026  4611 I WifiService: acquireWifiLock uid=10099 lockMode=2
03-06 15:55:28.948  7200  7276 D EGL_emulation: eglMakeCurrent: 0xdee1ae40: ver 2 0 (tinfo 0xc2e69120)
03-06 15:55:28.951  7200  7276 D EGL_emulation: eglMakeCurrent: 0xdee1ae40: ver 2 0 (tinfo 0xc2e69120)
03-06 15:55:28.964  2476  3412 D IccSmsInterfaceManager: [IccSmsInterfaceManager] Failed to add GSM cell broadcast channels range 4397 to 4397
03-06 15:55:28.966  7200  7276 D EGL_emulation: eglMakeCurrent: 0xdee1ae40: ver 2 0 (tinfo 0xc2e69120)
03-06 15:55:28.969  7200  7276 D EGL_emulation: eglMakeCurrent: 0xdee1ae40: ver 2 0 (tinfo 0xc2e69120)
03-06 15:55:28.974  2476  3412 D IccSmsInterfaceManager: [IccSmsInterfaceManager] Failed to remove GSM cell broadcast channels range 4398 to 4398
03-06 15:55:28.976  2476  3412 D IccSmsInterfaceManager: [IccSmsInterfaceManager] Failed to remove GSM cell broadcast channels range 4399 to 4399
03-06 15:55:28.976  2476  2476 D TelephonyProvider: subIdString = 1 subId = 1
03-06 15:55:28.981  4113  4140 D CellBroadcastConfigService: Enable CellBroadcast on sub 1
03-06 15:55:28.983  2476  2476 E PhoneInterfaceManager: [PhoneIntfMgr] getIccId: ICC ID is null or empty.
03-06 15:55:28.984  7200  7276 D EGL_emulation: eglMakeCurrent: 0xdee1ae40: ver 2 0 (tinfo 0xc2e69120)
03-06 15:55:28.986  2184  2184 V KeyguardUpdateMonitor: onSubscriptionInfoChanged()
03-06 15:55:28.987  7200  7276 D EGL_emulation: eglMakeCurrent: 0xdee1ae40: ver 2 0 (tinfo 0xc2e69120)
03-06 15:55:28.988  2026  2123 E NetworkPolicy: Missing subscriberId for subId 1
03-06 15:55:28.988  2026  2053 I DropBoxManagerService: add tag=system_server_wtf isTagEnabled=true flags=0x2
03-06 15:55:28.989  2026  2123 W BestClock: java.time.DateTimeException: Missing NTP fix
03-06 15:55:28.990  2026  2123 W BestClock: java.time.DateTimeException: Missing NTP fix
03-06 15:55:28.990  1773  1773 I netd    : bandwidthSetGlobalAlert(2097152) <0.06ms>
03-06 15:55:28.993  2184  2184 V KeyguardUpdateMonitor: SubInfo:{id=1, iccId=890141032[****] simSlotIndex=0 carrierId=1 displayName=T-Mobile carrierName=Android nameSource=3 iconTint=-16746133 mNumber=[****] dataRoaming=0 iconBitmap=android.graphics.Bitmap@c697c29 mcc 310 mnc 260mCountryIso=us isEmbedded false accessRules null cardString=890141032[****] cardId=-1 isOpportunistic false mGroupUUID=null mIsGroupDisabled=false profileClass=-1 ehplmns = null hplmns = null subscriptionType=0 mGroupOwner=null}
03-06 15:55:28.993  6392  6423 I Finsky  : [492] fpw.a(10): onSubscriptionsChanged
03-06 15:55:28.993  6392  6423 I Finsky  : [492] fpt.c(15): notifySubscriptionInfoChangedListener: DataSubscriptionInfo=DataSubscriptionInfo{imsiAnonymized=Optional.absent(), imsiRaw=Optional.absent(), groupIdLevel1=Optional.absent(), mccMnc=Optional.absent(), serviceProviderName=Optional.absent()}
03-06 15:55:28.993  2184  2184 D KeyguardViewMediator: onSimStateChanged(subId=1, slotId=0,state=READY)
03-06 15:55:28.993  2026  4611 I LocationAccessPolicy: Allowing com.google.android.inputmethod.latin fine because it doesn't target API 29 yet. Please fix this app. Called from TelephonyRegistry push
03-06 15:55:28.993  2184  2184 D KeyguardViewMediator: READY, reset state? false
03-06 15:55:28.994  2026  4611 I LocationAccessPolicy: Allowing com.google.android.apps.messaging fine because it doesn't target API 29 yet. Please fix this app. Called from TelephonyRegistry push
03-06 15:55:28.997  2476  2476 D ServiceStateProvider: subId=1
03-06 15:55:29.000  4113  4113 D CellBroadcastReceiver: onReceive Intent { act=android.intent.action.SERVICE_STATE flg=0x1000010 cmp=com.android.cellbroadcastreceiver/.CellBroadcastReceiver (has extras) }
03-06 15:55:29.001  7200  7276 D EGL_emulation: eglMakeCurrent: 0xdee1ae40: ver 2 0 (tinfo 0xc2e69120)
03-06 15:55:29.004  6392  6392 I Finsky  : [2] pxd.b(7): Jobs in database: 12-1 21-333333333 28--559038737 31-305419896 
03-06 15:55:29.005  4330  8274 W Bugle   : BuglePhoneNumberUtils: canonicalizeMccMnc: invalid mccmnc. mcc: null, mnc: null
03-06 15:55:29.005  6392  6392 I Finsky  : [2] puk.a(113): ConstraintMapping: 12-1, 21-333333333, 28--559038737, 31-305419896,  -> L: 0ms, D: 82505113ms, C: false, I: false, N: 1
03-06 15:55:29.006  6392  6392 I Finsky  : [2] com.google.android.finsky.scheduler.JobSchedulerEngine.a(42): Cancelling existing job with id: 9001
03-06 15:55:29.006  7200  7276 D EGL_emulation: eglMakeCurrent: 0xdee1ae40: ver 2 0 (tinfo 0xc2e69120)
03-06 15:55:29.006  2476  4001 D IccSmsInterfaceManager: [IccSmsInterfaceManager] Calling setGsmBroadcastConfig with 1 configurations
03-06 15:55:29.007  6392  6637 I Finsky  : [539] qjn.b(1): SIM loaded, prefetching preloads
03-06 15:55:29.007  6392  6392 I Finsky  : [2] com.google.android.finsky.scheduler.JobSchedulerEngine.a(4): Scheduling job Id: 9000, L: 0, D: 82505113, C: false, I: false, N: 1
03-06 15:55:29.008  6392  6428 I Finsky  : [495] qjm.call(2): Prefetching preloads for account null
03-06 15:55:29.008  6392  6428 W Finsky  : [495] cwl.a(19): For unauth, use getDfeApiNonAuthenticated() instead!
03-06 15:55:29.009  6392  6428 I Finsky  : [495] qnu.a(19): No PAI stub found
03-06 15:55:29.009  6392  6428 E Finsky  : [495] qjm.call(31): Error prefetching preloads, using account=null, preloads=NULL, preloadRros=NULL, preloadGroups=NULL
03-06 15:55:29.009  6392  6428 E Finsky  : com.google.android.finsky.setup.fetchers.RawDocumentsFetchException[reason=pai_config, account=null]
03-06 15:55:29.009  6392  6428 E Finsky  : 	at qnu.a(SourceFile:19)
03-06 15:55:29.009  6392  6428 E Finsky  : 	at qjm.call(Unknown Source:2)
03-06 15:55:29.009  6392  6428 E Finsky  : 	at afxg.a(SourceFile:1)
03-06 15:55:29.009  6392  6428 E Finsky  : 	at afwi.run(SourceFile:3)
03-06 15:55:29.009  6392  6428 E Finsky  : 	at afxf.run(SourceFile:2)
03-06 15:55:29.009  6392  6428 E Finsky  : 	at java.util.concurrent.ThreadPoolExecutor.runWorker(ThreadPoolExecutor.java:1167)
03-06 15:55:29.009  6392  6428 E Finsky  : 	at java.util.concurrent.ThreadPoolExecutor$Worker.run(ThreadPoolExecutor.java:641)
03-06 15:55:29.009  6392  6428 E Finsky  : 	at unn.run(Unknown Source:7)
03-06 15:55:29.009  6392  6428 E Finsky  : 	at java.lang.Thread.run(Thread.java:919)
03-06 15:55:29.009  6392  6428 I Finsky  : [495] qjn.a(10): VpaSelectionActivity will be disabled
03-06 15:55:29.009  6392  6428 I Finsky  : [495] qoh.a(3): PAI late SIM : experiment enabled = false
03-06 15:55:29.010  4165  4165 I CarrierServices: [2] ServiceStateReceiver.onReceive: Received SERVICE_STATE intent.
03-06 15:55:29.011  6392  6637 I Finsky  : [539] fpy.a(5): notifySubscriptionInfoChangedListener success.
03-06 15:55:29.012  4330  8274 W Bugle   : Obsolete carrier config resource: maxMessageSize res: 1048576, sys: 307200
03-06 15:55:29.012  4330  8274 W Bugle   : Obsolete carrier config resource: maxImageHeight res: 1944, sys: 480
03-06 15:55:29.012  4330  8274 W Bugle   : Obsolete carrier config resource: maxImageWidth res: 2592, sys: 640
03-06 15:55:29.012  4330  8274 I Bugle   : Carrier configs loaded: Bundle[{carrier_volte_provisioned_bool=false, disable_charge_indication_bool=false, support_tdscdma_bool=false, httpSocketTimeout=60000, call_redirection_service_component_name_string=null, carrier_wfc_supports_wifi_only_bool=false, carrier_default_actions_on_default_network_available_string_array=[false: 7, true: 8], operator_selection_expand_bool=true, disable_cdma_activation_code_bool=false, simplified_network_settings_bool=false, support_tdscdma_roaming_networks_string_array=null, gps.lpp_profile=0, call_barring_visibility_bool=false, gps.es_extension_sec=0, enable_apps_string_array=null, carrier_default_wfc_ims_roaming_enabled_bool=false, cdma_nonroaming_networks_string_array=null, aliasMinChars=2, wfc_data_spn_format_idx_int=0, hide_sim_lock_settings_bool=false, drop_video_call_when_answering_audio_call_bool=false, ci_action_on_sys_update_bool=false, convert_cdma_caller_id_mmi_codes_while_roaming_on_3gpp_bool=false, support_enhanced_call_blocking_bool=true, vvm_port_number_int=0, carrier_default_wfc_ims_enabled_bool=false, dial_string_replace_string_array=null, opportunistic_network_entry_threshold_bandwidth_int=1024, gsm_nonroaming_networks_string_array=null, hide_ims_apn_bool=false, vvm_destination_number_string=, dtmf_type_enabled_bool=false, allow_video_calling_fallback_bool=true, config_ims_package_override_string=null, only_auto_select_in_home_network=false, smsToMmsTextThreshold=-1, disable_severe_when_extreme_disabled_bool=true, force_home_network_bool=false, spdi_override_string_array=null, show_wfc_location_privacy_policy_bool=false, gps.supl_es=1, enableSMSDeliveryReports=true, auto_retry_enabled_bool=false, opportunistic_network_entry_threshold_rssnr_int=45, play_call_recording_tone_bool=false, carrier_force_disable_etws_cmas_test_bool=false, call_waiting_service_class_int=1, allow_emergency_video_calls_bool=false, csp_enabled_bool=false, default_sim_call_manager_string=, wifi.passpoint_profiles_string_array=null, carrier_app_required_during_setup_bool=false, call_forwarding_blocks_while_roaming_string_array=null, emergency_notification_delay_int=-1, support_video_conference_call_bool=false, ims_dtmf_tone_delay_int=0, show_signal_strength_in_sim_status_bool=true, data_rapid_notification_bool=true, carrier_instant_lettering_escaped_chars_string=, carrier_default_wfc_ims_roaming_mode_int=2, editable_wfc_mode_bool=true, support_direct_fdn_dialing_bool=false, carrier_ut_provisioning_required_bool=false, carrier_wifi_string_array=null, treat_downgraded_video_calls_as_video_calls_bool=false, wifi_calls_can_be_hd_audio=true, support_downgrade_vt_to_audio_bool=true, cdma_enhanced_roaming_indicator_for_home_network_int_array=[1], notify_handover_video_from_lte_to_wifi_bool=false, use_otasp_for_provisioning_bool=false, always_play_remote_hold_tone_bool=false, opportunistic_network_data_switch_hysteresis_time_long=10000, maxMessageTextSize=-1, duration_blocking_disabled_after_emergency_int=7200, carrier_metered_roaming_apn_types_strings=[default, mms, dun, supl], additional_settings_call_waiting_visibility_bool=true, show_video_call_charges_alert_dialog_bool=false, carrier_network_service_wlan_package_override_string=, show_apn_setting_cdma_bool=false, use_usim_bool=false, carrier_instant_lettering_length_limit_int=64, operator_name_filter_pattern_string=, carrier_instant_lettering_invalid_chars_string=, carrier_setup_app_string=, editable_wfc_roaming_mode_bool=false, supportMmsContentDisposition=true, support_manage_ims_conference_call_bool=true, opportunistic_network_exit_threshold_rssnr_int=10, allow_non_emergency_calls_in_ecm_bool=true, allow_cdma_eri_bool=false, carrier_data_service_wlan_package_override_string=, show_carrier_data_icon_pattern_string=, use_rcs_presence_bool=false, config_telephony_use_own_number_for_voicemail_bool=false, cdma_dtmf_tone_delay_int=100, editable_voicemail_number_bool=false, carrier_data_call_apn_retry_after_disconnect_long=10000, filtered_cnap_names_string_array=null, enabledTransID=false, aliasEnabled=false, vvm_disabl
03-06 15:55:29.019  7200  7276 D EGL_emulation: eglMakeCurrent: 0xdee1ae40: ver 2 0 (tinfo 0xc2e69120)
03-06 15:55:29.022  7200  7276 D EGL_emulation: eglMakeCurrent: 0xdee1ae40: ver 2 0 (tinfo 0xc2e69120)
03-06 15:55:29.027  2476  2476 D IntentBroadcaster: Broadcasting and adding intent for rebroadcast: android.intent.action.SIM_STATE_CHANGED READY for slotId 0
03-06 15:55:29.029  2803  2803 I rcs     : [PresencePublication] onReceive intent=Intent { act=android.intent.action.SIM_STATE_CHANGED flg=0x5000010 (has extras) }
03-06 15:55:29.029  2803  2803 I rcs     : [PresencePublication] ACTION_SIM_STATE_CHANGED INTENT_KEY_ICC_STATE=READY
03-06 15:55:29.029  2803  2803 I rcs     : [RcsService] onReceive intent=Intent { act=android.intent.action.SIM_STATE_CHANGED flg=0x5000010 (has extras) }
03-06 15:55:29.032  2476  2476 I TelecomFramework: : onSubscriptionsChanged - update accounts
03-06 15:55:29.032  2476  2476 I TelecomFramework: PstnIncomingCallNotifier: Unregistering: Handler (com.android.internal.telephony.GsmCdmaPhone) {b312827}
03-06 15:55:29.032  2476  2476 I TelecomFramework: TelecomAccountRegistry: setupAccounts: Found 1 phones.  Attempting to register.
03-06 15:55:29.032  2476  2476 I TelecomFramework: TelecomAccountRegistry: setupAccounts: Phone with subscription id 1
03-06 15:55:29.032  2476  2476 I TelecomFramework: TelecomAccountRegistry: setupAccounts: adding default
03-06 15:55:29.033  2476  2476 E PhoneInterfaceManager: [PhoneIntfMgr] getIccId: ICC ID is null or empty.
03-06 15:55:29.033  2184  2184 V KeyguardUpdateMonitor: action android.intent.action.SIM_STATE_CHANGED state: READY slotId: 0 subid: 1
03-06 15:55:29.034  2184  2184 D KeyguardUpdateMonitor: handleSimStateChange(subId=1, slotId=0, state=READY)
03-06 15:55:29.037  7200  7276 D EGL_emulation: eglMakeCurrent: 0xdee1ae40: ver 2 0 (tinfo 0xc2e69120)
03-06 15:55:29.040  2026  3472 I Telecom : PhoneAccountRegistrar: Modify account: [ComponentInfo{com.android.phone/com.android.services.telephony.TelephonyConnectionService}, ***, UserHandle{0}]: TSI.rPA@BlI
03-06 15:55:29.041  2026  3472 I Telecom : CallsManager: handlePhoneAccountChanged: phoneAccount=[[X] PhoneAccount: ComponentInfo{com.android.phone/com.android.services.telephony.TelephonyConnectionService}, ***, UserHandle{0} Capabilities: CallProvider MultiUser PlaceEmerg SimSub  Audio Routes: BESW Schemes: tel voicemail  Extras: Bundle[{android.telecom.extra.SUPPORTS_VIDEO_CALLING_FALLBACK=true}] GroupId: ***]: TSI.rPA@BlI
03-06 15:55:29.042  2476  2476 I TelecomFramework: AccountEntry: Registered phoneAccount: [[ ] PhoneAccount: ComponentInfo{com.android.phone/com.android.services.telephony.TelephonyConnectionService}, ***, UserHandle{0} Capabilities: CallProvider MultiUser PlaceEmerg SimSub  Audio Routes: BESW Schemes: tel voicemail  Extras: Bundle[{android.telecom.extra.SUPPORTS_VIDEO_CALLING_FALLBACK=true}] GroupId: ***] with handle: ComponentInfo{com.android.phone/com.android.services.telephony.TelephonyConnectionService}, ***, UserHandle{0}
03-06 15:55:29.042  2476  2476 I TelecomFramework: PstnIncomingCallNotifier: Registering: Handler (com.android.internal.telephony.GsmCdmaPhone) {b312827}
03-06 15:55:29.044  2476  2476 D CallNotifier: updatePhoneStateListeners: update CF notifications.
03-06 15:55:29.044  2476  2476 I NotificationMgr: updateCfi: subId= 1, visible=N
03-06 15:55:29.044  2476  2476 I NotificationMgr: updateMwi(): subId 1 update to false
03-06 15:55:29.045  2476  2476 D MultiSimSettingController: onSubscriptionsChanged
03-06 15:55:29.045  2476  2476 D MultiSimSettingController: updateDefaults
03-06 15:55:29.045  2476  2476 D MultiSimSettingController: [updateDefaultValues] change: 0
03-06 15:55:29.045  2476  2476 I TelecomFramework: PstnIncomingCallNotifier: Unregistering: Handler (com.android.internal.telephony.GsmCdmaPhone) {b312827}
03-06 15:55:29.046  2476  2476 I TelecomFramework: TelecomAccountRegistry: setupAccounts: Found 1 phones.  Attempting to register.
03-06 15:55:29.046  2476  2476 I TelecomFramework: TelecomAccountRegistry: setupAccounts: Phone with subscription id 1
03-06 15:55:29.046  2476  2476 I TelecomFramework: TelecomAccountRegistry: setupAccounts: adding default
03-06 15:55:29.046  2476  2476 E PhoneInterfaceManager: [PhoneIntfMgr] getIccId: ICC ID is null or empty.
03-06 15:55:29.047  4030  4030 I Dialer  : LegacyVoicemailNotificationReceiver.onReceive - received legacy voicemail notification
03-06 15:55:29.047  4030  4030 I Dialer  : LegacyVoicemailNotificationReceiver.onReceive - isRefresh: true
03-06 15:55:29.047  4030  4030 I Dialer  : LegacyVoicemailNotificationReceiver.onReceive - clearing notification
03-06 15:55:29.047  4030  4030 I Dialer  : LegacyVoicemailNotifier.cancelNotification - enter
03-06 15:55:29.047  4030  4030 I Dialer  : LegacyVoicemailNotifier.cancelNotification - 'null' id, canceling all legacy voicemail notifications
03-06 15:55:29.051  2026  3472 I Telecom : PhoneAccountRegistrar: Modify account: [ComponentInfo{com.android.phone/com.android.services.telephony.TelephonyConnectionService}, ***, UserHandle{0}]: TSI.rPA@BlU
03-06 15:55:29.051  2026  3472 I Telecom : CallsManager: handlePhoneAccountChanged: phoneAccount=[[X] PhoneAccount: ComponentInfo{com.android.phone/com.android.services.telephony.TelephonyConnectionService}, ***, UserHandle{0} Capabilities: CallProvider MultiUser PlaceEmerg SimSub  Audio Routes: BESW Schemes: tel voicemail  Extras: Bundle[{android.telecom.extra.SUPPORTS_VIDEO_CALLING_FALLBACK=true}] GroupId: ***]: TSI.rPA@BlU
03-06 15:55:29.052  2476  2476 I TelecomFramework: AccountEntry: Registered phoneAccount: [[ ] PhoneAccount: ComponentInfo{com.android.phone/com.android.services.telephony.TelephonyConnectionService}, ***, UserHandle{0} Capabilities: CallProvider MultiUser PlaceEmerg SimSub  Audio Routes: BESW Schemes: tel voicemail  Extras: Bundle[{android.telecom.extra.SUPPORTS_VIDEO_CALLING_FALLBACK=true}] GroupId: ***] with handle: ComponentInfo{com.android.phone/com.android.services.telephony.TelephonyConnectionService}, ***, UserHandle{0}
03-06 15:55:29.052  2476  2476 I TelecomFramework: PstnIncomingCallNotifier: Registering: Handler (com.android.internal.telephony.GsmCdmaPhone) {b312827}
03-06 15:55:29.054  7200  7276 D EGL_emulation: eglMakeCurrent: 0xdee1ae40: ver 2 0 (tinfo 0xc2e69120)
03-06 15:55:29.069  2476  4001 D IccSmsInterfaceManager: [IccSmsInterfaceManager] Failed to add GSM cell broadcast channels range 4370 to 4370
03-06 15:55:29.069  2476  4001 D IccSmsInterfaceManager: [IccSmsInterfaceManager] Calling setCdmaBroadcastConfig with 1 configurations
03-06 15:55:29.072  7200  7276 D EGL_emulation: eglMakeCurrent: 0xdee1ae40: ver 2 0 (tinfo 0xc2e69120)
03-06 15:55:29.076  7200  7276 D EGL_emulation: eglMakeCurrent: 0xdee1ae40: ver 2 0 (tinfo 0xc2e69120)
03-06 15:55:29.080  2476  2476 I VvmSimStateTracker: android.intent.action.SIM_STATE_CHANGED
03-06 15:55:29.081  6392  6392 I Finsky  : [2] com.google.android.finsky.simhandler.SimStateReceiver.a(6): android.intent.action.SIM_STATE_CHANGED : simState = READY
03-06 15:55:29.089  2476  2476 E PhoneInterfaceManager: [PhoneIntfMgr] getIccId: ICC ID is null or empty.
03-06 15:55:29.089  2387  8508 I constellation: [sim_state_checker] sim state checker is disabled.
03-06 15:55:29.089  7200  7276 D EGL_emulation: eglMakeCurrent: 0xdee1ae40: ver 2 0 (tinfo 0xc2e69120)
03-06 15:55:29.094  2476  2476 I TelecomFramework: PstnPhoneCapabilitiesNotifier: handleVideoCapabilitesChanged. Video capability - false
03-06 15:55:29.093  7200  7276 D EGL_emulation: eglMakeCurrent: 0xdee1ae40: ver 2 0 (tinfo 0xc2e69120)
03-06 15:55:29.094  2476  2476 E PhoneInterfaceManager: [PhoneIntfMgr] getIccId: ICC ID is null or empty.
03-06 15:55:29.094  2476  2476 I TelecomFramework: PstnPhoneCapabilitiesNotifier: handleVideoCapabilitesChanged. Video capability - false
03-06 15:55:29.097  2026  2873 I Telecom : PhoneAccountRegistrar: Modify account: [ComponentInfo{com.android.phone/com.android.services.telephony.TelephonyConnectionService}, ***, UserHandle{0}]: TSI.rPA@Blg
03-06 15:55:29.097  1791  2388 E GnssHAL_GnssInterface: gnssSvStatusCb: a: input svInfo.flags is 8
03-06 15:55:29.097  1791  2388 E GnssHAL_GnssInterface: gnssSvStatusCb: b: input svInfo.flags is 8
03-06 15:55:29.097  2026  2873 I Telecom : CallsManager: handlePhoneAccountChanged: phoneAccount=[[X] PhoneAccount: ComponentInfo{com.android.phone/com.android.services.telephony.TelephonyConnectionService}, ***, UserHandle{0} Capabilities: CallProvider MultiUser PlaceEmerg SimSub  Audio Routes: BESW Schemes: tel voicemail  Extras: Bundle[{android.telecom.extra.SUPPORTS_VIDEO_CALLING_FALLBACK=true}] GroupId: ***]: TSI.rPA@Blg
03-06 15:55:29.098  2476  4001 D IccSmsInterfaceManager: [IccSmsInterfaceManager] Failed to add cdma broadcast channels range 4096 to 4096
03-06 15:55:29.099  2476  4001 D IccSmsInterfaceManager: [IccSmsInterfaceManager] Calling setGsmBroadcastConfig with 1 configurations
03-06 15:55:29.101  2476  2476 I CallNotifier: onCallForwardingIndicatorChanged(): subId=1, visible=N
03-06 15:55:29.101  2476  2476 D CallNotifier: updatePhoneStateListeners: update CF notifications.
03-06 15:55:29.101  2476  2476 I NotificationMgr: updateCfi: subId= 1, visible=N
03-06 15:55:29.102  2476  2476 I NotificationMgr: updateMwi(): subId 1 update to false
03-06 15:55:29.107  7200  7276 D EGL_emulation: eglMakeCurrent: 0xdee1ae40: ver 2 0 (tinfo 0xc2e69120)
03-06 15:55:29.109  2476  2476 D MccTable: updateMccMncConfiguration mccmnc='310260
03-06 15:55:29.109  2476  2476 D MccTable: updateMccMncConfiguration: mcc=310, mnc=260
03-06 15:55:29.109  4030  4030 I Dialer  : LegacyVoicemailNotificationReceiver.onReceive - received legacy voicemail notification
03-06 15:55:29.109  4030  4030 I Dialer  : LegacyVoicemailNotificationReceiver.onReceive - isRefresh: true
03-06 15:55:29.109  4030  4030 I Dialer  : LegacyVoicemailNotificationReceiver.onReceive - clearing notification
03-06 15:55:29.109  4030  4030 I Dialer  : LegacyVoicemailNotifier.cancelNotification - enter
03-06 15:55:29.109  4030  4030 I Dialer  : LegacyVoicemailNotifier.cancelNotification - 'null' id, canceling all legacy voicemail notifications
03-06 15:55:29.111  7200  7276 D EGL_emulation: eglMakeCurrent: 0xdee1ae40: ver 2 0 (tinfo 0xc2e69120)
03-06 15:55:29.111  2026  4611 D AlarmManagerService: Kernel timezone updated to 300 minutes west of GMT
03-06 15:55:29.114  2026  2026 D ConditionProviders.SCP: onReceive android.intent.action.TIMEZONE_CHANGED
03-06 15:55:29.114  2026  2026 D ConditionProviders.SCP: evaluateSubscriptionLocked cal=ScheduleCalendar[mDays={1, 2, 3, 4, 5, 6, 7}, mSchedule=ScheduleInfo{days=[1, 2, 3, 4, 5, 6, 7], startHour=22, startMinute=0, endHour=7, endMinute=0, exitAtAlarm=true, nextAlarm=Wed Dec 31 19:00:00 EST 1969 (0)}], now=Wed Mar 06 15:55:29 EST 2024 (1709758529114), nextUserAlarmTime=Wed Dec 31 19:00:00 EST 1969 (0)
03-06 15:55:29.114  2026  2026 D ConditionProviders.SCP: notifyCondition condition://android/schedule?days=1.2.3.4.5.6.7&start=22.0&end=7.0&exitAtAlarm=true STATE_FALSE reason=!meetsSchedule
03-06 15:55:29.115  2026  2026 D ConditionProviders.SCP: Scheduling evaluate for Wed Mar 06 22:00:00 EST 2024 (1709780400000), in +6h4m30s886ms, now=Wed Mar 06 15:55:29 EST 2024 (1709758529114)
03-06 15:55:29.118  2476  2476 D MccTable: timezone set to America/New_York
03-06 15:55:29.118  2476  2476 D MccTable: updateMccMncConfiguration updateConfig config={0.0 310mcc260mnc ?localeList ?layoutDir ?swdp ?wdp ?hdp ?density ?lsize ?long ?ldr ?wideColorGamut ?orien ?uimode ?night ?touch ?keyb/?/? ?nav/? winConfig={ mBounds=Rect(0, 0 - 0, 0) mAppBounds=null mWindowingMode=undefined mDisplayWindowingMode=undefined mActivityType=undefined mAlwaysOnTop=undefined mRotation=undefined}}
03-06 15:55:29.126  7200  7276 D EGL_emulation: eglMakeCurrent: 0xdee1ae40: ver 2 0 (tinfo 0xc2e69120)
03-06 15:55:29.128  2476  4001 D IccSmsInterfaceManager: [IccSmsInterfaceManager] Failed to add GSM cell broadcast channels range 4383 to 4383
03-06 15:55:29.128  2026  4070 D HostConnection: HostConnection::get() New Host Connection established 0xb73c2c60, tid 4070
03-06 15:55:29.130  2026  4070 D HostConnection: HostComposition ext ANDROID_EMU_CHECKSUM_HELPER_v1 ANDROID_EMU_dma_v1 ANDROID_EMU_direct_mem ANDROID_EMU_host_composition_v1 ANDROID_EMU_host_composition_v2 ANDROID_EMU_vulkan ANDROID_EMU_deferred_vulkan_commands ANDROID_EMU_vulkan_null_optional_strings ANDROID_EMU_vulkan_create_resources_with_requirements ANDROID_EMU_YUV420_888_to_NV21 ANDROID_EMU_YUV_Cache ANDROID_EMU_vulkan_free_memory_sync ANDROID_EMU_vulkan_shader_float16_int8 ANDROID_EMU_vulkan_async_queue_submit ANDROID_EMU_sync_buffer_data GL_OES_vertex_array_object GL_KHR_texture_compression_astc_ldr ANDROID_EMU_host_side_tracing ANDROID_EMU_gles_max_version_2 
03-06 15:55:29.130  2026  4070 W OpenGLRenderer: Failed to choose config with EGL_SWAP_BEHAVIOR_PRESERVED, retrying without...
03-06 15:55:29.134  2476  4001 D IccSmsInterfaceManager: [IccSmsInterfaceManager] Calling setGsmBroadcastConfig with 1 configurations
03-06 15:55:29.137  2026  4070 D eglCodecCommon: setVertexArrayObject: set vao to 0 (0) 0 0
03-06 15:55:29.137  2026  4070 D EGL_emulation: eglCreateContext: 0xc23d2720: maj 2 min 0 rcv 2
03-06 15:55:29.143  2476  4001 D IccSmsInterfaceManager: [IccSmsInterfaceManager] Failed to add GSM cell broadcast channels range 4371 to 4372
03-06 15:55:29.145  2476  4001 D IccSmsInterfaceManager: [IccSmsInterfaceManager] Calling setCdmaBroadcastConfig with 1 configurations
03-06 15:55:29.173  2026  4070 D EGL_emulation: eglMakeCurrent: 0xc23d2720: ver 2 0 (tinfo 0xbd5c54c0)
03-06 15:55:29.176  7200  7200 D LifecycleMonitor: Lifecycle status change: ru.iteco.fmhandroid.ui.AppActivity@48fc836 in: STOPPED
03-06 15:55:29.176  7200  7200 V ActivityScenario: Update currentActivityStage to STOPPED, currentActivity=ru.iteco.fmhandroid.ui.AppActivity@48fc836
03-06 15:55:29.176  7200  7200 V ActivityScenario: Activity lifecycle changed event received but ignored because the activity instance does not match. currentActivity=ru.iteco.fmhandroid.ui.AppActivity@cbc2cea, receivedActivity=ru.iteco.fmhandroid.ui.AppActivity@48fc836
03-06 15:55:29.177  2476  4001 D IccSmsInterfaceManager: [IccSmsInterfaceManager] Failed to add cdma broadcast channels range 4097 to 4097
03-06 15:55:29.177  5804  5804 I AlarmClock: AlarmInitReceiver android.intent.action.TIMEZONE_CHANGED
03-06 15:55:29.178  5804  8851 I AlarmClock: Connected Dock: null
03-06 15:55:29.179  7200  7200 D LifecycleMonitor: Lifecycle status change: ru.iteco.fmhandroid.ui.AppActivity@48fc836 in: DESTROYED
03-06 15:55:29.179  7200  7200 V ActivityScenario: Update currentActivityStage to DESTROYED, currentActivity=null
03-06 15:55:29.179  7200  7200 V ActivityScenario: Activity lifecycle changed event received but ignored because the activity instance does not match. currentActivity=ru.iteco.fmhandroid.ui.AppActivity@cbc2cea, receivedActivity=ru.iteco.fmhandroid.ui.AppActivity@48fc836
03-06 15:55:29.179  5804  8851 I AlarmClock: Removing AlarmClockInfo
03-06 15:55:29.180  5804  5804 I AlarmClock: DigitalAppWidgetProvider processing Intent { act=android.intent.action.TIMEZONE_CHANGED flg=0x21200010 cmp=com.google.android.deskclock/com.android.alarmclock.DigitalAppWidgetProvider (has extras) }
03-06 15:55:29.181  2476  4001 D IccSmsInterfaceManager: [IccSmsInterfaceManager] Calling setGsmBroadcastConfig with 1 configurations
03-06 15:55:29.187  2026  4070 D eglCodecCommon: setVertexArrayObject: set vao to 0 (0) 1 0
03-06 15:55:29.209  2476  2476 D TelephonyProvider: match current APN size:  12
03-06 15:55:29.212  2476  2476 D TelephonyProvider: match MNO APN: 5
03-06 15:55:29.213  2476  2476 D TelephonyProvider: subIdString = 1 subId = 1
03-06 15:55:29.213  2476  2476 D TelephonyProvider: getPreferredApnIdFromApn: for subId 1
03-06 15:55:29.218  2476  2476 D TelephonyProvider: subIdString = 1 subId = 1
03-06 15:55:29.218  2476  2476 D TelephonyProvider: getPreferredApnIdFromApn: for subId 1
03-06 15:55:29.221  2476  2476 D TelephonyProvider: subIdString = 1 subId = 1
03-06 15:55:29.221  2476  2476 D TelephonyProvider: getPreferredApnIdFromApn: for subId 1
03-06 15:55:29.226  2476  2476 D TelephonyProvider: subIdString = 1 subId = 1
03-06 15:55:29.226  2476  2476 D TelephonyProvider: getPreferredApnIdFromApn: for subId 1
03-06 15:55:29.232  2476  2476 D TelephonyProvider: subIdString = 1 subId = 1
03-06 15:55:29.232  2476  2476 D TelephonyProvider: getPreferredApnIdFromApn: for subId 1
03-06 15:55:29.234  2476  2476 D TelephonyProvider: subIdString = 1 subId = 1
03-06 15:55:29.234  2476  2476 D TelephonyProvider: getPreferredApnIdFromApn: for subId 1
03-06 15:55:29.236  2476  2476 D TelephonyProvider: subIdString = 1 subId = 1
03-06 15:55:29.236  2476  2476 D TelephonyProvider: getPreferredApnIdFromApn: for subId 1
03-06 15:55:29.243  2476  2476 D TelephonyProvider: subIdString = 1 subId = 1
03-06 15:55:29.245  2476  2476 D TelephonyProvider: getPreferredApnIdFromApn: for subId 1
03-06 15:55:29.249  2476  3373 D TelephonyProvider: subIdString = 1 subId = 1
03-06 15:55:29.249  2476  3373 D TelephonyProvider: getPreferredApnIdFromApn: for subId 1
--------- beginning of crash
03-06 15:55:29.254  9198  9198 F libc    : Fatal signal 11 (SIGSEGV), code 1 (SEGV_MAPERR), fault addr 0xa in tid 9198 (rild), pid 9198 (rild)
03-06 15:55:29.257  2476  2476 D TelephonyProvider: subIdString = 1 subId = 1
03-06 15:55:29.262  9215  9215 I crash_dump32: obtaining output fd from tombstoned, type: kDebuggerdTombstone
03-06 15:55:29.262  1864  1864 I /system/bin/tombstoned: received crash request for pid 9198
03-06 15:55:29.262  9215  9215 I crash_dump32: performing dump of process 9198 (target tid = 9198)
03-06 15:55:29.266  9215  9215 F DEBUG   : *** *** *** *** *** *** *** *** *** *** *** *** *** *** *** ***
03-06 15:55:29.266  9215  9215 F DEBUG   : Build fingerprint: 'google/sdk_gphone_x86/generic_x86:10/QSR1.190920.001/5891938:user/release-keys'
03-06 15:55:29.266  9215  9215 F DEBUG   : Revision: '0'
03-06 15:55:29.266  9215  9215 F DEBUG   : ABI: 'x86'
03-06 15:55:29.267  9215  9215 F DEBUG   : Timestamp: 2024-03-06 15:55:29-0500
03-06 15:55:29.267  9215  9215 F DEBUG   : pid: 9198, tid: 9198, name: rild  >>> /vendor/bin/hw/rild <<<
03-06 15:55:29.267  9215  9215 F DEBUG   : uid: 1001
03-06 15:55:29.267  9215  9215 F DEBUG   : signal 11 (SIGSEGV), code 1 (SEGV_MAPERR), fault addr 0xa
03-06 15:55:29.267  9215  9215 F DEBUG   : Cause: null pointer dereference
03-06 15:55:29.267  9215  9215 F DEBUG   :     eax ee9ee403  ebx eede40e4  ecx 0000000a  edx 0000000a
03-06 15:55:29.267  9215  9215 F DEBUG   :     edi 0000000a  esi ffad8b38
03-06 15:55:29.267  9215  9215 F DEBUG   :     ebp ffad8b68  esp ffad8b1c  eip ee5d8a62
03-06 15:55:29.268  2184  2184 V KeyguardUpdateMonitor: onSubscriptionInfoChanged()
03-06 15:55:29.269  2476  4001 D IccSmsInterfaceManager: [IccSmsInterfaceManager] Failed to add GSM cell broadcast channels range 4384 to 4385
03-06 15:55:29.269  2476  2476 D CallNotifier: updatePhoneStateListeners: update CF notifications.
03-06 15:55:29.269  2476  2476 I NotificationMgr: updateCfi: subId= 1, visible=N
03-06 15:55:29.270  2476  2476 I NotificationMgr: updateMwi(): subId 1 update to false
03-06 15:55:29.271  2184  2184 V KeyguardUpdateMonitor: SubInfo:{id=1, iccId=890141032[****] simSlotIndex=0 carrierId=1 displayName=T-Mobile carrierName=Android nameSource=3 iconTint=-16746133 mNumber=[****] dataRoaming=0 iconBitmap=android.graphics.Bitmap@77b1ac8 mcc 310 mnc 260mCountryIso=us isEmbedded false accessRules null cardString=890141032[****] cardId=-1 isOpportunistic false mGroupUUID=null mIsGroupDisabled=false profileClass=-1 ehplmns = null hplmns = null subscriptionType=0 mGroupOwner=null}
03-06 15:55:29.272  2026  2123 W BestClock: java.time.DateTimeException: Missing NTP fix
03-06 15:55:29.274  2476  2476 I TelecomFramework: : onSubscriptionsChanged - update accounts
03-06 15:55:29.274  2476  2476 I TelecomFramework: PstnIncomingCallNotifier: Unregistering: Handler (com.android.internal.telephony.GsmCdmaPhone) {b312827}
03-06 15:55:29.274  2476  2476 I TelecomFramework: TelecomAccountRegistry: setupAccounts: Found 1 phones.  Attempting to register.
03-06 15:55:29.274  2476  2476 I TelecomFramework: TelecomAccountRegistry: setupAccounts: Phone with subscription id 1
03-06 15:55:29.274  4030  4030 I Dialer  : LegacyVoicemailNotificationReceiver.onReceive - received legacy voicemail notification
03-06 15:55:29.274  4030  4030 I Dialer  : LegacyVoicemailNotificationReceiver.onReceive - isRefresh: false
03-06 15:55:29.274  4030  4030 I Dialer  : LegacyVoicemailNotificationReceiver.onReceive - clearing notification
03-06 15:55:29.274  4030  4030 I Dialer  : LegacyVoicemailNotifier.cancelNotification - enter
03-06 15:55:29.276  9215  9215 F DEBUG   : 
03-06 15:55:29.276  9215  9215 F DEBUG   : backtrace:
03-06 15:55:29.276  9215  9215 F DEBUG   :       #00 pc 00090a62  /apex/com.android.runtime/lib/bionic/libc.so (strlen_generic+18) (BuildId: 76290498408016ad14f4b98c3ab6c65c)
03-06 15:55:29.276  9215  9215 F DEBUG   :       #01 pc 00030dda  /vendor/lib/libril.so (convertRilDataCallToHal(RIL_Data_Call_Response_v11*, android::hardware::radio::V1_0::SetupDataCallResult&)+298) (BuildId: 4aeb9b9e6267ba7c4d9f952da87091a5)
03-06 15:55:29.276  9215  9215 F DEBUG   :       #02 pc 00030a9e  /vendor/lib/libril.so (radio::setupDataCallResponse(int, int, int, RIL_Errno, void*, unsigned int)+270) (BuildId: 4aeb9b9e6267ba7c4d9f952da87091a5)
03-06 15:55:29.276  9215  9215 F DEBUG   :       #03 pc 000223e7  /vendor/lib/libril.so (RIL_onRequestComplete+295) (BuildId: 4aeb9b9e6267ba7c4d9f952da87091a5)
03-06 15:55:29.276  9215  9215 F DEBUG   :       #04 pc 00010595  /vendor/lib/libgoldfish-ril.so (requestOrSendDataCallList+181) (BuildId: 11f26e2e312eda4514be88afc42925aa)
03-06 15:55:29.276  9215  9215 F DEBUG   :       #05 pc 0001358f  /vendor/lib/libgoldfish-ril.so (onRequest+9343) (BuildId: 11f26e2e312eda4514be88afc42925aa)
03-06 15:55:29.276  9215  9215 F DEBUG   :       #06 pc 00024513  /vendor/lib/libril.so (dispatchStrings(int, int, int, bool, int, ...)+259) (BuildId: 4aeb9b9e6267ba7c4d9f952da87091a5)
03-06 15:55:29.276  9215  9215 F DEBUG   :       #07 pc 00026339  /vendor/lib/libril.so (RadioImpl::setupDataCall(int, android::hardware::radio::V1_0::RadioTechnology, android::hardware::radio::V1_0::DataProfileInfo const&, bool, bool, bool)+521) (BuildId: 4aeb9b9e6267ba7c4d9f952da87091a5)
