03-06 15:55:49.872  1792  1792 D gralloc_ranchu: gralloc_alloc: Creating ashmem region of size 9592832
03-06 15:55:49.883  1792  1887 D gralloc_ranchu: gralloc_alloc: Creating ashmem region of size 9592832
03-06 15:55:49.911  2890  2890 W ThreadPoolDumper: Queue length for executor EventBus is now 11. Perhaps some tasks are too long, or the pool is too small.
03-06 15:55:49.925  2890  3121 W SessionLifecycleManager: Handover failed. Creating new session controller.
03-06 15:55:49.939  1792  1887 D gralloc_ranchu: gralloc_alloc: Creating ashmem region of size 9592832
03-06 15:55:49.951  1792  1792 D gralloc_ranchu: gralloc_alloc: Creating ashmem region of size 9592832
03-06 15:55:49.951  2634  3076 D EGL_emulation: eglMakeCurrent: 0xdee1a120: ver 2 0 (tinfo 0xdee0f3f0)
03-06 15:55:49.988  2026  2048 W InputReader: Device has associated, but no associated display id.
03-06 15:55:49.988  2026  2048 I chatty  : uid=1000(system) android.anim identical 8 lines
03-06 15:55:49.988  2026  2048 W InputReader: Device has associated, but no associated display id.
03-06 15:55:49.992  1792  1792 D gralloc_ranchu: gralloc_alloc: Creating ashmem region of size 6139904
03-06 15:55:50.005  2890  3207 W LocationOracle: No location history returned by ContextManager
03-06 15:55:50.014  2890  3121 I MicroDetectionWorker: #startMicroDetector [speakerMode: 0]
03-06 15:55:50.015  2890  3121 I AudioController: Created new AudioSource
03-06 15:55:50.018  2890  3121 I MicroDetectionWorker: onReady
03-06 15:55:50.022  2890  7559 I MicroRecognitionRunner: Starting detection.
03-06 15:55:50.022  2890  7559 I MultipleReaderAudioSrc: Using micInputStream
03-06 15:55:50.022  2026  2026 W ActivityManager: Unable to start service Intent { act=android.service.appprediction.AppPredictionService cmp=com.google.android.as/com.google.android.apps.miphone.aiai.app.AiAiPredictionService } U=0: not found
03-06 15:55:50.023  2026  2026 W RemoteAppPredictionService: could not bind to Intent { act=android.service.appprediction.AppPredictionService cmp=com.google.android.as/com.google.android.apps.miphone.aiai.app.AiAiPredictionService } using flags 67108865
03-06 15:55:50.024  7353  7385 D EGL_emulation: eglMakeCurrent: 0xdb9591c0: ver 2 0 (tinfo 0xf2089d00)
03-06 15:55:50.026  2890  3567 I MicrophoneInputStream: mic_starting  SR : 16000 CC : 16 SO : 1999
03-06 15:55:50.031  2634  2650 W System  : A resource failed to call release. 
03-06 15:55:50.031  2634  2650 W System  : A resource failed to call release. 
03-06 15:55:50.033  2164  3051 W GCoreFlp: No location to return for getLastLocation()
03-06 15:55:50.039  1803  9340 I AudioFlinger: AudioFlinger's thread 0xe2977c80 tid=9340 ready to run
03-06 15:55:50.043  2026  3472 I AudioService.RecordingActivityMonitor: rec update riid:159 uid:10105 session:145 src:HOTWORD pack:com.google.android.googlequicksearchbox
03-06 15:55:50.043  2890  3567 I MicrophoneInputStream: mic_started  SR : 16000 CC : 16 SO : 1999
03-06 15:55:50.051  2026  4611 W AppOps  : Noting op not finished: uid 10099 pkg com.google.android.gms code 79 time=1709758538632 duration=-1
03-06 15:55:50.059  2026  2042 W AppOps  : Noting op not finished: uid 10099 pkg com.google.android.gms code 79 time=1709758550051 duration=0
03-06 15:55:50.075  2890  7559 W SpeechLevelGenerator: Really low audio levels detected. The audio input may have issues.
03-06 15:55:50.075  2890  3121 I MicroDetectionWorker: onReady
03-06 15:55:50.084  2026  2043 I WifiService: acquireWifiLock uid=10099 lockMode=2
03-06 15:55:50.085  2164  8881 W ctxmgr  : [AclManager] No 3 for (accnt=account#-517948760#, com.google.android.gms(10099):UserVelocityProducer, vrsn=17786022, 0, 3pPkg = null ,  3pMdlId = null ,  pid = 2164). Was: 3 for 1, account#-517948760# [CONTEXT service_id=47 ]
03-06 15:55:50.087  2164  3051 W GCoreFlp: No location to return for getLastLocation()
03-06 15:55:50.097  2164  3051 I chatty  : uid=10099(com.google.android.gms) FlpThread identical 2 lines
03-06 15:55:50.104  2164  3051 W GCoreFlp: No location to return for getLastLocation()
03-06 15:55:50.109  2164  9190 I Places  : ?: Couldn't find platform key file.
03-06 15:55:50.109  1791  2388 E GnssHAL_GnssInterface: gnssSvStatusCb: a: input svInfo.flags is 8
03-06 15:55:50.109  1791  2388 E GnssHAL_GnssInterface: gnssSvStatusCb: b: input svInfo.flags is 8
03-06 15:55:50.134  2164  2164 I GeofencerStateMachine: removeGeofences: removeRequest=RemoveGeofencingRequest[REMOVE_BY_PENDING_INTENT pendingIntent=PendingIntent[creatorPackage=com.google.android.gms], packageName=com.google.android.gms]
03-06 15:55:50.135  2164  2164 I GeofencerStateMachine: removeGeofences: removeRequest=RemoveGeofencingRequest[REMOVE_BY_PENDING_INTENT pendingIntent=PendingIntent[creatorPackage=com.google.android.gms], packageName=com.google.android.gms]
03-06 15:55:50.136  2164  9039 I Places  : ?: Couldn't find platform key file.
03-06 15:55:50.136  2164  9342 I PlaceInferenceEngine: [anon] Changed inference mode: 0
03-06 15:55:50.137  2164  9039 I Places  : ?: Couldn't find platform key file.
03-06 15:55:50.144  2164  3051 W GCoreFlp: No location to return for getLastLocation()
03-06 15:55:50.148  2026  3472 W AppOps  : Noting op not finished: uid 10099 pkg com.google.android.gms code 79 time=1709758550059 duration=0
03-06 15:55:50.149  2026  2043 W AppOps  : Noting op not finished: uid 10099 pkg com.google.android.gms code 79 time=1709758550148 duration=0
03-06 15:55:50.149  2164  9039 I Places  : ?: Couldn't find platform key file.
03-06 15:55:50.150  2164  9343 I Places  : ?: Couldn't find platform key file.
03-06 15:55:50.151  2164  9039 I Places  : ?: Couldn't find platform key file.
03-06 15:55:50.152  2164  9343 I Places  : ?: Couldn't find platform key file.
03-06 15:55:50.160  2164  9342 W Places  : ?: Failed to download inference model weights PlacesServer
03-06 15:55:50.160  2164  9342 W PlaceInferenceEngine: Failed to download model weights. Status code: 7
03-06 15:55:50.160  2164  9039 I Places  : ?: Couldn't find platform key file.
03-06 15:55:50.161  2164  9039 I Places  : ?: Couldn't find platform key file.
03-06 15:55:50.182  2164  8881 I ctxmgr  : [ProducerStatusImpl] updateStateForNewContextData: inactive, contextName=7 [CONTEXT service_id=47 ]
03-06 15:55:50.187  2164  3051 W GCoreFlp: No location to return for getLastLocation()
03-06 15:55:50.193  2026  3472 W AppOps  : Noting op not finished: uid 10099 pkg com.google.android.gms code 79 time=1709758550149 duration=0
03-06 15:55:50.194  2164  9344 I Places  : ?: Couldn't find platform key file.
03-06 15:55:50.195  2026  3472 W AppOps  : Noting op not finished: uid 10099 pkg com.google.android.gms code 79 time=1709758550193 duration=0
03-06 15:55:50.203  2164  9342 I Places  : ?: PlacesBleScanner start() with priority 2
03-06 15:55:50.203  2164  9342 I PlaceInferenceEngine: [anon] Changed inference mode: 1
03-06 15:55:50.205  2164  3051 W GCoreFlp: No location to return for getLastLocation()
03-06 15:55:50.209  2026  3472 W AppOps  : Noting op not finished: uid 10099 pkg com.google.android.gms code 79 time=1709758550195 duration=0
03-06 15:55:50.214  2026  4611 W AppOps  : Noting op not finished: uid 10099 pkg com.google.android.gms code 79 time=1709758550209 duration=0
03-06 15:55:50.222  2164  3051 W GCoreFlp: No location to return for getLastLocation()
03-06 15:55:50.385  2476  2476 W ServiceManagement: Waited one second for android.hardware.radio@1.0::IRadio/slot1
03-06 15:55:50.386  2476  2476 I ServiceManagement: getService: Trying again for android.hardware.radio@1.0::IRadio/slot1...
03-06 15:55:50.492  7200  7276 D EGL_emulation: eglMakeCurrent: 0xdee1ae40: ver 2 0 (tinfo 0xc2e69120)
03-06 15:55:50.496  2026  4070 D HostConnection: HostConnection::get() New Host Connection established 0xb73c2c60, tid 4070
03-06 15:55:50.497  2026  4070 D HostConnection: HostComposition ext ANDROID_EMU_CHECKSUM_HELPER_v1 ANDROID_EMU_dma_v1 ANDROID_EMU_direct_mem ANDROID_EMU_host_composition_v1 ANDROID_EMU_host_composition_v2 ANDROID_EMU_vulkan ANDROID_EMU_deferred_vulkan_commands ANDROID_EMU_vulkan_null_optional_strings ANDROID_EMU_vulkan_create_resources_with_requirements ANDROID_EMU_YUV420_888_to_NV21 ANDROID_EMU_YUV_Cache ANDROID_EMU_vulkan_free_memory_sync ANDROID_EMU_vulkan_shader_float16_int8 ANDROID_EMU_vulkan_async_queue_submit ANDROID_EMU_sync_buffer_data GL_OES_vertex_array_object GL_KHR_texture_compression_astc_ldr ANDROID_EMU_host_side_tracing ANDROID_EMU_gles_max_version_2 
03-06 15:55:50.498  2026  4070 W OpenGLRenderer: Failed to choose config with EGL_SWAP_BEHAVIOR_PRESERVED, retrying without...
03-06 15:55:50.504  2026  4070 D eglCodecCommon: setVertexArrayObject: set vao to 0 (0) 0 0
03-06 15:55:50.504  2026  4070 D EGL_emulation: eglCreateContext: 0xc23d2660: maj 2 min 0 rcv 2
03-06 15:55:50.507  7200  7200 D LifecycleMonitor: Lifecycle status change: ru.iteco.fmhandroid.ui.AppActivity@cbc2cea in: STOPPED
03-06 15:55:50.507  7200  7200 V ActivityScenario: Activity lifecycle changed event received but ignored because the reported transition was not ON_CREATE while the last known transition was DESTROYED
03-06 15:55:50.507  7200  7200 V ActivityScenario: Update currentActivityStage to STOPPED, currentActivity=ru.iteco.fmhandroid.ui.AppActivity@cbc2cea
03-06 15:55:50.511  7200  7200 D LifecycleMonitor: Lifecycle status change: ru.iteco.fmhandroid.ui.AppActivity@cbc2cea in: DESTROYED
03-06 15:55:50.511  7200  7200 V ActivityScenario: Activity lifecycle changed event received but ignored because the reported transition was not ON_CREATE while the last known transition was DESTROYED
03-06 15:55:50.511  7200  7200 V ActivityScenario: Update currentActivityStage to DESTROYED, currentActivity=null
03-06 15:55:50.513  1792  1792 D gralloc_ranchu: gralloc_alloc: Creating ashmem region of size 9592832
03-06 15:55:50.542  2026  4070 D EGL_emulation: eglMakeCurrent: 0xc23d2660: ver 2 0 (tinfo 0xbd5c54c0)
03-06 15:55:50.550  2026  4070 D eglCodecCommon: setVertexArrayObject: set vao to 0 (0) 1 0
03-06 15:55:50.758  2026  2053 W BroadcastQueue: Background execution not allowed: receiving Intent { act=android.intent.action.DROPBOX_ENTRY_ADDED flg=0x10 (has extras) } to com.google.android.gms/.stats.service.DropBoxEntryAddedReceiver
03-06 15:55:50.758  2026  2053 W BroadcastQueue: Background execution not allowed: receiving Intent { act=android.intent.action.DROPBOX_ENTRY_ADDED flg=0x10 (has extras) } to com.google.android.gms/.chimera.GmsIntentOperationService$PersistentTrustedReceiver
03-06 15:55:50.933  2026  4611 D WificondControl: Scan result ready event
