03-06 15:56:15.130  1791  2388 E GnssHAL_GnssInterface: gnssSvStatusCb: a: input svInfo.flags is 8
03-06 15:56:15.130  1791  2388 E GnssHAL_GnssInterface: gnssSvStatusCb: b: input svInfo.flags is 8
03-06 15:56:15.179  2026  2026 W WindowManager: removeWindowToken: Attempted to remove non-existing token: android.os.Binder@8893f99
03-06 15:56:15.591  2476  2476 W ServiceManagement: Waited one second for android.hardware.radio@1.0::IRadio/slot1
03-06 15:56:15.592  2476  2476 I ServiceManagement: getService: Trying again for android.hardware.radio@1.0::IRadio/slot1...
03-06 15:56:16.129  1791  2388 E GnssHAL_GnssInterface: gnssSvStatusCb: a: input svInfo.flags is 8
03-06 15:56:16.129  1791  2388 E GnssHAL_GnssInterface: gnssSvStatusCb: b: input svInfo.flags is 8
03-06 15:56:16.593  2476  2476 W ServiceManagement: Waited one second for android.hardware.radio@1.0::IRadio/slot1
03-06 15:56:16.593  2476  2476 I ServiceManagement: getService: Trying again for android.hardware.radio@1.0::IRadio/slot1...
03-06 15:56:16.957  7200  7254 W Settings: Setting always_finish_activities has moved from android.provider.Settings.System to android.provider.Settings.Global, returning read-only value.
03-06 15:56:16.961  2026  2042 I ActivityTaskManager: START u0 {act=android.intent.action.MAIN cat=[android.intent.category.LAUNCHER] flg=0x10008000 cmp=ru.iteco.fmhandroid/.ui.AppActivity} from uid 10134
03-06 15:56:16.962  2026  2042 W InputReader: Device has associated, but no associated display id.
03-06 15:56:16.962  2026  2042 I chatty  : uid=1000(system) Binder:2026_1 identical 8 lines
03-06 15:56:16.962  2026  2042 W InputReader: Device has associated, but no associated display id.
03-06 15:56:16.967  2026  2048 E system_server: Invalid ID 0x00000000.
03-06 15:56:16.974  7200  7200 D LifecycleMonitor: Lifecycle status change: ru.iteco.fmhandroid.ui.AppActivity@bd8d85b in: PAUSED
03-06 15:56:16.975  7200  7200 V ActivityScenario: Update currentActivityStage to PAUSED, currentActivity=ru.iteco.fmhandroid.ui.AppActivity@bd8d85b
03-06 15:56:16.975  7200  7200 V ActivityScenario: Activity lifecycle changed event received but ignored because the reported transition was not ON_CREATE while the last known transition was PRE_ON_CREATE
03-06 15:56:16.975  2026  2043 W InputReader: Device has associated, but no associated display id.
03-06 15:56:16.977  2026  2043 I chatty  : uid=1000(system) Binder:2026_2 identical 38 lines
03-06 15:56:16.977  2026  2043 W InputReader: Device has associated, but no associated display id.
03-06 15:56:16.989  2890  3121 W SearchServiceCore: Abort, client detached.
03-06 15:56:16.992  1792  1887 D gralloc_ranchu: gralloc_alloc: Creating ashmem region of size 9592832
03-06 15:56:16.995  7200  7200 W ActivityThread: handleWindowVisibility: no activity for token android.os.BinderProxy@da5de79
03-06 15:56:16.999  2890  3568 I PBSessionCacheImpl: Deleted sessionId[85817062467] from persistence.
03-06 15:56:17.046  7200  7200 D LifecycleMonitor: Lifecycle status change: ru.iteco.fmhandroid.ui.AppActivity@20b9f3b in: PRE_ON_CREATE
03-06 15:56:17.046  7200  7200 V ActivityScenario: Activity lifecycle changed event received but ignored because the activity instance does not match. currentActivity=ru.iteco.fmhandroid.ui.AppActivity@bd8d85b, receivedActivity=ru.iteco.fmhandroid.ui.AppActivity@20b9f3b
03-06 15:56:17.046  7200  7200 V ActivityScenario: Activity lifecycle changed event received but ignored because the reported transition was not ON_CREATE while the last known transition was PRE_ON_CREATE
03-06 15:56:17.064  7200  7200 D LifecycleMonitor: Lifecycle status change: ru.iteco.fmhandroid.ui.AppActivity@20b9f3b in: CREATED
03-06 15:56:17.064  7200  7200 V ActivityScenario: Activity lifecycle changed event received but ignored because the activity instance does not match. currentActivity=ru.iteco.fmhandroid.ui.AppActivity@bd8d85b, receivedActivity=ru.iteco.fmhandroid.ui.AppActivity@20b9f3b
03-06 15:56:17.064  7200  7200 V ActivityScenario: Update currentActivityStage to CREATED, currentActivity=ru.iteco.fmhandroid.ui.AppActivity@20b9f3b
03-06 15:56:17.064  2026  2048 W InputReader: Device has associated, but no associated display id.
03-06 15:56:17.066  2026  2048 I chatty  : uid=1000(system) android.anim identical 18 lines
03-06 15:56:17.066  2026  2048 W InputReader: Device has associated, but no associated display id.
03-06 15:56:17.082  7200  7200 D LifecycleMonitor: Lifecycle status change: ru.iteco.fmhandroid.ui.AppActivity@20b9f3b in: STARTED
03-06 15:56:17.082  7200  7200 V ActivityScenario: Activity lifecycle changed event received but ignored because the activity instance does not match. currentActivity=ru.iteco.fmhandroid.ui.AppActivity@bd8d85b, receivedActivity=ru.iteco.fmhandroid.ui.AppActivity@20b9f3b
03-06 15:56:17.083  7200  7200 V ActivityScenario: Update currentActivityStage to STARTED, currentActivity=ru.iteco.fmhandroid.ui.AppActivity@20b9f3b
03-06 15:56:17.083  7200  7200 D LifecycleMonitor: Lifecycle status change: ru.iteco.fmhandroid.ui.AppActivity@20b9f3b in: RESUMED
03-06 15:56:17.083  7200  7200 V ActivityScenario: Activity lifecycle changed event received but ignored because the activity instance does not match. currentActivity=ru.iteco.fmhandroid.ui.AppActivity@bd8d85b, receivedActivity=ru.iteco.fmhandroid.ui.AppActivity@20b9f3b
03-06 15:56:17.083  7200  7200 V ActivityScenario: Update currentActivityStage to RESUMED, currentActivity=ru.iteco.fmhandroid.ui.AppActivity@20b9f3b
03-06 15:56:17.101  1792  1887 D gralloc_ranchu: gralloc_alloc: Creating ashmem region of size 9592832
03-06 15:56:17.120  1792  1887 D gralloc_ranchu: gralloc_alloc: Creating ashmem region of size 9592832
03-06 15:56:17.133  1791  2388 E GnssHAL_GnssInterface: gnssSvStatusCb: a: input svInfo.flags is 8
03-06 15:56:17.133  1791  2388 E GnssHAL_GnssInterface: gnssSvStatusCb: b: input svInfo.flags is 8
03-06 15:56:17.141  7200  7276 D EGL_emulation: eglMakeCurrent: 0xdee1ae40: ver 2 0 (tinfo 0xc2e69120)
03-06 15:56:17.148  1792  1887 D gralloc_ranchu: gralloc_alloc: Creating ashmem region of size 9592832
03-06 15:56:17.180  7200  7276 D EGL_emulation: eglMakeCurrent: 0xdee1ae40: ver 2 0 (tinfo 0xc2e69120)
03-06 15:56:17.216  7200  7276 I chatty  : uid=10134(ru.iteco.fmhandroid) RenderThread identical 2 lines
03-06 15:56:17.243  7200  7276 D EGL_emulation: eglMakeCurrent: 0xdee1ae40: ver 2 0 (tinfo 0xc2e69120)
03-06 15:56:17.595  2476  2476 W ServiceManagement: Waited one second for android.hardware.radio@1.0::IRadio/slot1
03-06 15:56:17.595  2476  2476 I ServiceManagement: getService: Trying again for android.hardware.radio@1.0::IRadio/slot1...
03-06 15:56:17.604  2026  2043 W AppOps  : Noting op not finished: uid 10099 pkg com.google.android.gms code 79 time=1709758574021 duration=0
03-06 15:56:17.607  2026  2871 W AppOps  : Noting op not finished: uid 10099 pkg com.google.android.gms code 79 time=1709758577604 duration=0
03-06 15:56:17.614  2026  2871 W AppOps  : Noting op not finished: uid 10099 pkg com.google.android.gms code 79 time=1709758577607 duration=0
03-06 15:56:17.618  2026  2449 W AppOps  : Noting op not finished: uid 10099 pkg com.google.android.gms code 79 time=1709758577614 duration=0
03-06 15:56:17.683  7200  7200 D LifecycleMonitor: Lifecycle status change: ru.iteco.fmhandroid.ui.AppActivity@bd8d85b in: STOPPED
03-06 15:56:17.683  7200  7200 V ActivityScenario: Update currentActivityStage to STOPPED, currentActivity=ru.iteco.fmhandroid.ui.AppActivity@bd8d85b
03-06 15:56:17.683  7200  7200 V ActivityScenario: Activity lifecycle changed event received but ignored because the activity instance does not match. currentActivity=ru.iteco.fmhandroid.ui.AppActivity@20b9f3b, receivedActivity=ru.iteco.fmhandroid.ui.AppActivity@bd8d85b
03-06 15:56:17.687  7200  7200 D LifecycleMonitor: Lifecycle status change: ru.iteco.fmhandroid.ui.AppActivity@bd8d85b in: DESTROYED
03-06 15:56:17.687  7200  7200 V ActivityScenario: Update currentActivityStage to DESTROYED, currentActivity=null
03-06 15:56:17.687  7200  7200 V ActivityScenario: Activity lifecycle changed event received but ignored because the activity instance does not match. currentActivity=ru.iteco.fmhandroid.ui.AppActivity@20b9f3b, receivedActivity=ru.iteco.fmhandroid.ui.AppActivity@bd8d85b
03-06 15:56:18.130  1791  2388 E GnssHAL_GnssInterface: gnssSvStatusCb: a: input svInfo.flags is 8
03-06 15:56:18.130  1791  2388 E GnssHAL_GnssInterface: gnssSvStatusCb: b: input svInfo.flags is 8
03-06 15:56:18.596  2476  2476 W ServiceManagement: Waited one second for android.hardware.radio@1.0::IRadio/slot1
03-06 15:56:18.596  2476  2476 I ServiceManagement: getService: Trying again for android.hardware.radio@1.0::IRadio/slot1...
03-06 15:56:18.667  9534  9534 I ServiceManagement: Registered android.hardware.radio@1.1::IRadio/slot1 (start delay of 15ms)
03-06 15:56:18.667  9534  9534 I ServiceManagement: Registered android.hardware.radio.deprecated@1.0::IOemHook/slot1 (start delay of 16ms)
03-06 15:56:18.668  2476  2476 I android_os_HwBinder: HwBinder: Starting thread pool for getting: android.hardware.radio@1.0::IRadio/slot1
03-06 15:56:18.671  1676  1676 I hwservicemanager: getTransport: Cannot find entry android.hardware.radio.deprecated@1.0::IOemHook/slot1 in either framework or device manifest.
03-06 15:56:18.671  2476  2476 D MultiSimSettingController: onDefaultDataSettingChanged
03-06 15:56:18.674  2476  2476 I TelecomFramework: : onSubscriptionsChanged - update accounts
03-06 15:56:18.675  2476  2476 I TelecomFramework: PstnIncomingCallNotifier: Unregistering: Handler (com.android.internal.telephony.GsmCdmaPhone) {b312827}
03-06 15:56:18.675  2476  2476 I TelecomFramework: TelecomAccountRegistry: setupAccounts: Found 1 phones.  Attempting to register.
03-06 15:56:18.675  2476  2476 I TelecomFramework: TelecomAccountRegistry: setupAccounts: Phone with subscription id 1
03-06 15:56:18.692  2026  2449 I Telecom : PhoneAccountRegistrar: Modify account: [ComponentInfo{com.android.phone/com.android.services.telephony.TelephonyConnectionService}, ***, UserHandle{0}]: TSI.rPA@Bxo
03-06 15:56:18.692  2026  2449 I Telecom : CallsManager: handlePhoneAccountChanged: phoneAccount=[[X] PhoneAccount: ComponentInfo{com.android.phone/com.android.services.telephony.TelephonyConnectionService}, ***, UserHandle{0} Capabilities: CallProvider MultiUser PlaceEmerg SimSub  Audio Routes: BESW Schemes: tel voicemail  Extras: Bundle[{android.telecom.extra.SUPPORTS_VIDEO_CALLING_FALLBACK=true}] GroupId: ***]: TSI.rPA@Bxo
03-06 15:56:18.693  2476  2476 I TelecomFramework: AccountEntry: Registered phoneAccount: [[ ] PhoneAccount: ComponentInfo{com.android.phone/com.android.services.telephony.TelephonyConnectionService}, ***, UserHandle{0} Capabilities: CallProvider MultiUser PlaceEmerg SimSub  Audio Routes: BESW Schemes: tel voicemail  Extras: Bundle[{android.telecom.extra.SUPPORTS_VIDEO_CALLING_FALLBACK=true}] GroupId: ***] with handle: ComponentInfo{com.android.phone/com.android.services.telephony.TelephonyConnectionService}, ***, UserHandle{0}
03-06 15:56:18.693  2476  2476 I TelecomFramework: PstnIncomingCallNotifier: Registering: Handler (com.android.internal.telephony.GsmCdmaPhone) {b312827}
03-06 15:56:18.697  2476  2476 D TelephonyProvider: match current APN size:  12
03-06 15:56:18.698  2476  2476 D TelephonyProvider: match MNO APN: 5
03-06 15:56:18.700  2476  2476 D TelephonyProvider: subIdString = 1 subId = 1
03-06 15:56:18.701  2476  2476 D TelephonyProvider: getPreferredApnIdFromApn: for subId 1
03-06 15:56:18.708  2476  2476 D TelephonyProvider: subIdString = 1 subId = 1
03-06 15:56:18.708  2476  2476 D TelephonyProvider: getPreferredApnIdFromApn: for subId 1
03-06 15:56:18.710  2476  2476 D TelephonyProvider: subIdString = 1 subId = 1
03-06 15:56:18.710  2476  2476 D TelephonyProvider: getPreferredApnIdFromApn: for subId 1
03-06 15:56:18.711  2476  2476 D TelephonyProvider: subIdString = 1 subId = 1
03-06 15:56:18.711  2476  2476 D TelephonyProvider: getPreferredApnIdFromApn: for subId 1
03-06 15:56:18.712  2476  2476 D TelephonyProvider: subIdString = 1 subId = 1
03-06 15:56:18.712  2476  2476 D TelephonyProvider: getPreferredApnIdFromApn: for subId 1
03-06 15:56:18.714  2476  2476 D TelephonyProvider: subIdString = 1 subId = 1
03-06 15:56:18.714  2476  2476 D TelephonyProvider: getPreferredApnIdFromApn: for subId 1
03-06 15:56:18.724  2476  2476 D TelephonyProvider: subIdString = 1 subId = 1
03-06 15:56:18.724  2476  2476 D TelephonyProvider: getPreferredApnIdFromApn: for subId 1
03-06 15:56:18.730  2476  2476 D CallNotifier: updatePhoneStateListeners: update CF notifications.
03-06 15:56:18.730  2476  2476 I NotificationMgr: updateCfi: subId= 1, visible=N
03-06 15:56:18.730  2476  2476 I NotificationMgr: updateMwi(): subId 1 update to false
03-06 15:56:18.731  2476  2476 D MultiSimSettingController: onSubscriptionsChanged
03-06 15:56:18.731  2476  2476 D MultiSimSettingController: updateDefaults
03-06 15:56:18.731  2476  2476 D MultiSimSettingController: [updateDefaultValues] change: 0
03-06 15:56:18.733  4030  4030 I Dialer  : LegacyVoicemailNotificationReceiver.onReceive - received legacy voicemail notification
03-06 15:56:18.733  4030  4030 I Dialer  : LegacyVoicemailNotificationReceiver.onReceive - isRefresh: true
03-06 15:56:18.733  4030  4030 I Dialer  : LegacyVoicemailNotificationReceiver.onReceive - clearing notification
03-06 15:56:18.733  4030  4030 I Dialer  : LegacyVoicemailNotifier.cancelNotification - enter
03-06 15:56:18.734  2476  2476 I TelecomFramework: : onSubscriptionsChanged - update accounts
03-06 15:56:18.734  2476  2476 I TelecomFramework: PstnIncomingCallNotifier: Unregistering: Handler (com.android.internal.telephony.GsmCdmaPhone) {b312827}
03-06 15:56:18.734  2476  2476 I TelecomFramework: TelecomAccountRegistry: setupAccounts: Found 1 phones.  Attempting to register.
03-06 15:56:18.734  2476  2476 I TelecomFramework: TelecomAccountRegistry: setupAccounts: Phone with subscription id 1
03-06 15:56:18.747  2026  2449 I Telecom : PhoneAccountRegistrar: Modify account: [ComponentInfo{com.android.phone/com.android.services.telephony.TelephonyConnectionService}, ***, UserHandle{0}]: TSI.rPA@Bx0
03-06 15:56:18.748  2026  2449 I Telecom : CallsManager: handlePhoneAccountChanged: phoneAccount=[[X] PhoneAccount: ComponentInfo{com.android.phone/com.android.services.telephony.TelephonyConnectionService}, ***, UserHandle{0} Capabilities: CallProvider MultiUser PlaceEmerg SimSub  Audio Routes: BESW Schemes: tel voicemail  Extras: Bundle[{android.telecom.extra.SUPPORTS_VIDEO_CALLING_FALLBACK=true}] GroupId: ***]: TSI.rPA@Bx0
03-06 15:56:18.748  2476  2476 I TelecomFramework: AccountEntry: Registered phoneAccount: [[ ] PhoneAccount: ComponentInfo{com.android.phone/com.android.services.telephony.TelephonyConnectionService}, ***, UserHandle{0} Capabilities: CallProvider MultiUser PlaceEmerg SimSub  Audio Routes: BESW Schemes: tel voicemail  Extras: Bundle[{android.telecom.extra.SUPPORTS_VIDEO_CALLING_FALLBACK=true}] GroupId: ***] with handle: ComponentInfo{com.android.phone/com.android.services.telephony.TelephonyConnectionService}, ***, UserHandle{0}
03-06 15:56:18.748  2476  2476 I TelecomFramework: PstnIncomingCallNotifier: Registering: Handler (com.android.internal.telephony.GsmCdmaPhone) {b312827}
03-06 15:56:18.754  2476  2476 D CallNotifier: updatePhoneStateListeners: update CF notifications.
03-06 15:56:18.754  2476  2476 I NotificationMgr: updateCfi: subId= 1, visible=N
03-06 15:56:18.755  2476  2476 I NotificationMgr: updateMwi(): subId 1 update to false
03-06 15:56:18.757  2476  2476 D MultiSimSettingController: onSubscriptionsChanged
03-06 15:56:18.757  2476  2476 D MultiSimSettingController: updateDefaults
03-06 15:56:18.757  2476  2476 D MultiSimSettingController: [updateDefaultValues] change: 0
03-06 15:56:18.757  2476  2476 D CallNotifier: updatePhoneStateListeners: update CF notifications.
03-06 15:56:18.757  2476  2476 I NotificationMgr: updateCfi: subId= 1, visible=N
03-06 15:56:18.758  2476  2476 I NotificationMgr: updateMwi(): subId 1 update to false
03-06 15:56:18.760  4030  4030 I Dialer  : LegacyVoicemailNotificationReceiver.onReceive - received legacy voicemail notification
03-06 15:56:18.760  4030  4030 I Dialer  : LegacyVoicemailNotificationReceiver.onReceive - isRefresh: true
03-06 15:56:18.760  4030  4030 I Dialer  : LegacyVoicemailNotificationReceiver.onReceive - clearing notification
03-06 15:56:18.760  4030  4030 I Dialer  : LegacyVoicemailNotifier.cancelNotification - enter
03-06 15:56:18.762  4030  4030 I Dialer  : LegacyVoicemailNotificationReceiver.onReceive - received legacy voicemail notification
03-06 15:56:18.762  4030  4030 I Dialer  : LegacyVoicemailNotificationReceiver.onReceive - isRefresh: true
03-06 15:56:18.762  4030  4030 I Dialer  : LegacyVoicemailNotificationReceiver.onReceive - clearing notification
03-06 15:56:18.762  4030  4030 I Dialer  : LegacyVoicemailNotifier.cancelNotification - enter
03-06 15:56:18.764  2476  2476 I TelecomFramework: : onSubscriptionsChanged - update accounts
03-06 15:56:18.764  2476  2476 I TelecomFramework: PstnIncomingCallNotifier: Unregistering: Handler (com.android.internal.telephony.GsmCdmaPhone) {b312827}
03-06 15:56:18.764  2476  2476 I TelecomFramework: TelecomAccountRegistry: setupAccounts: Found 1 phones.  Attempting to register.
03-06 15:56:18.764  2476  2476 I TelecomFramework: TelecomAccountRegistry: setupAccounts: Phone with subscription id 1
03-06 15:56:18.775  2026  2043 I Telecom : PhoneAccountRegistrar: Modify account: [ComponentInfo{com.android.phone/com.android.services.telephony.TelephonyConnectionService}, ***, UserHandle{0}]: TSI.rPA@ByA
03-06 15:56:18.776  2026  2043 I Telecom : CallsManager: handlePhoneAccountChanged: phoneAccount=[[X] PhoneAccount: ComponentInfo{com.android.phone/com.android.services.telephony.TelephonyConnectionService}, ***, UserHandle{0} Capabilities: CallProvider MultiUser PlaceEmerg SimSub  Audio Routes: BESW Schemes: tel voicemail  Extras: Bundle[{android.telecom.extra.SUPPORTS_VIDEO_CALLING_FALLBACK=true}] GroupId: ***]: TSI.rPA@ByA
03-06 15:56:18.776  2476  2476 I TelecomFramework: AccountEntry: Registered phoneAccount: [[ ] PhoneAccount: ComponentInfo{com.android.phone/com.android.services.telephony.TelephonyConnectionService}, ***, UserHandle{0} Capabilities: CallProvider MultiUser PlaceEmerg SimSub  Audio Routes: BESW Schemes: tel voicemail  Extras: Bundle[{android.telecom.extra.SUPPORTS_VIDEO_CALLING_FALLBACK=true}] GroupId: ***] with handle: ComponentInfo{com.android.phone/com.android.services.telephony.TelephonyConnectionService}, ***, UserHandle{0}
03-06 15:56:18.776  2476  2476 I TelecomFramework: PstnIncomingCallNotifier: Registering: Handler (com.android.internal.telephony.GsmCdmaPhone) {b312827}
03-06 15:56:18.778  2476  2476 D MultiSimSettingController: onSubscriptionsChanged
03-06 15:56:18.778  2476  2476 D MultiSimSettingController: updateDefaults
03-06 15:56:18.778  2476  2476 D MultiSimSettingController: [updateDefaultValues] change: 0
03-06 15:56:18.778  2476  2476 D CallNotifier: updatePhoneStateListeners: update CF notifications.
03-06 15:56:18.778  2476  2476 I NotificationMgr: updateCfi: subId= 1, visible=N
03-06 15:56:18.779  2476  2476 I NotificationMgr: updateMwi(): subId 1 update to false
03-06 15:56:18.782  4030  4030 I Dialer  : LegacyVoicemailNotificationReceiver.onReceive - received legacy voicemail notification
03-06 15:56:18.782  4030  4030 I Dialer  : LegacyVoicemailNotificationReceiver.onReceive - isRefresh: true
03-06 15:56:18.782  4030  4030 I Dialer  : LegacyVoicemailNotificationReceiver.onReceive - clearing notification
03-06 15:56:18.782  4030  4030 I Dialer  : LegacyVoicemailNotifier.cancelNotification - enter
03-06 15:56:18.784  2476  2476 I TelecomFramework: : onSubscriptionsChanged - update accounts
03-06 15:56:18.784  2476  2476 I TelecomFramework: PstnIncomingCallNotifier: Unregistering: Handler (com.android.internal.telephony.GsmCdmaPhone) {b312827}
03-06 15:56:18.784  2476  2476 I TelecomFramework: TelecomAccountRegistry: setupAccounts: Found 1 phones.  Attempting to register.
03-06 15:56:18.784  2476  2476 I TelecomFramework: TelecomAccountRegistry: setupAccounts: Phone with subscription id 1
03-06 15:56:18.795  2026  2043 I Telecom : PhoneAccountRegistrar: Modify account: [ComponentInfo{com.android.phone/com.android.services.telephony.TelephonyConnectionService}, ***, UserHandle{0}]: TSI.rPA@ByM
03-06 15:56:18.796  2026  2043 I Telecom : CallsManager: handlePhoneAccountChanged: phoneAccount=[[X] PhoneAccount: ComponentInfo{com.android.phone/com.android.services.telephony.TelephonyConnectionService}, ***, UserHandle{0} Capabilities: CallProvider MultiUser PlaceEmerg SimSub  Audio Routes: BESW Schemes: tel voicemail  Extras: Bundle[{android.telecom.extra.SUPPORTS_VIDEO_CALLING_FALLBACK=true}] GroupId: ***]: TSI.rPA@ByM
03-06 15:56:18.796  2476  2476 I TelecomFramework: AccountEntry: Registered phoneAccount: [[ ] PhoneAccount: ComponentInfo{com.android.phone/com.android.services.telephony.TelephonyConnectionService}, ***, UserHandle{0} Capabilities: CallProvider MultiUser PlaceEmerg SimSub  Audio Routes: BESW Schemes: tel voicemail  Extras: Bundle[{android.telecom.extra.SUPPORTS_VIDEO_CALLING_FALLBACK=true}] GroupId: ***] with handle: ComponentInfo{com.android.phone/com.android.services.telephony.TelephonyConnectionService}, ***, UserHandle{0}
03-06 15:56:18.796  2476  2476 I TelecomFramework: PstnIncomingCallNotifier: Registering: Handler (com.android.internal.telephony.GsmCdmaPhone) {b312827}
03-06 15:56:18.798  2476  2476 D MultiSimSettingController: onSubscriptionsChanged
03-06 15:56:18.798  2476  2476 D MultiSimSettingController: updateDefaults
03-06 15:56:18.798  2476  2476 D MultiSimSettingController: [updateDefaultValues] change: 0
03-06 15:56:18.799  2476  2476 D CallNotifier: updatePhoneStateListeners: update CF notifications.
03-06 15:56:18.799  2476  2476 I NotificationMgr: updateCfi: subId= 1, visible=N
03-06 15:56:18.800  2476  2476 I NotificationMgr: updateMwi(): subId 1 update to false
03-06 15:56:18.801  2476  2476 I TelecomFramework: : onSubscriptionsChanged - update accounts
03-06 15:56:18.801  2476  2476 I TelecomFramework: PstnIncomingCallNotifier: Unregistering: Handler (com.android.internal.telephony.GsmCdmaPhone) {b312827}
03-06 15:56:18.801  2476  2476 I TelecomFramework: TelecomAccountRegistry: setupAccounts: Found 1 phones.  Attempting to register.
03-06 15:56:18.801  2476  2476 I TelecomFramework: TelecomAccountRegistry: setupAccounts: Phone with subscription id 1
03-06 15:56:18.803  4030  4030 I Dialer  : LegacyVoicemailNotificationReceiver.onReceive - received legacy voicemail notification
03-06 15:56:18.803  4030  4030 I Dialer  : LegacyVoicemailNotificationReceiver.onReceive - isRefresh: true
03-06 15:56:18.803  4030  4030 I Dialer  : LegacyVoicemailNotificationReceiver.onReceive - clearing notification
03-06 15:56:18.803  4030  4030 I Dialer  : LegacyVoicemailNotifier.cancelNotification - enter
03-06 15:56:18.812  2026  2043 I Telecom : PhoneAccountRegistrar: Modify account: [ComponentInfo{com.android.phone/com.android.services.telephony.TelephonyConnectionService}, ***, UserHandle{0}]: TSI.rPA@ByY
03-06 15:56:18.813  2026  2043 I Telecom : CallsManager: handlePhoneAccountChanged: phoneAccount=[[X] PhoneAccount: ComponentInfo{com.android.phone/com.android.services.telephony.TelephonyConnectionService}, ***, UserHandle{0} Capabilities: CallProvider MultiUser PlaceEmerg SimSub  Audio Routes: BESW Schemes: tel voicemail  Extras: Bundle[{android.telecom.extra.SUPPORTS_VIDEO_CALLING_FALLBACK=true}] GroupId: ***]: TSI.rPA@ByY
03-06 15:56:18.813  2476  2476 I TelecomFramework: AccountEntry: Registered phoneAccount: [[ ] PhoneAccount: ComponentInfo{com.android.phone/com.android.services.telephony.TelephonyConnectionService}, ***, UserHandle{0} Capabilities: CallProvider MultiUser PlaceEmerg SimSub  Audio Routes: BESW Schemes: tel voicemail  Extras: Bundle[{android.telecom.extra.SUPPORTS_VIDEO_CALLING_FALLBACK=true}] GroupId: ***] with handle: ComponentInfo{com.android.phone/com.android.services.telephony.TelephonyConnectionService}, ***, UserHandle{0}
03-06 15:56:18.813  2476  2476 I TelecomFramework: PstnIncomingCallNotifier: Registering: Handler (com.android.internal.telephony.GsmCdmaPhone) {b312827}
03-06 15:56:18.815  2476  2476 D MultiSimSettingController: onSubscriptionsChanged
03-06 15:56:18.815  2476  2476 D MultiSimSettingController: updateDefaults
03-06 15:56:18.815  2476  2476 D MultiSimSettingController: [updateDefaultValues] change: 0
03-06 15:56:18.817  2476  2476 I VvmSimStateTracker: android.intent.action.SIM_STATE_CHANGED
03-06 15:56:18.821  2476  2476 D CallNotifier: updatePhoneStateListeners: update CF notifications.
03-06 15:56:18.821  2476  2476 I NotificationMgr: updateCfi: subId= 1, visible=N
03-06 15:56:18.822  6392  6392 I Finsky  : [2] com.google.android.finsky.simhandler.SimStateReceiver.a(6): android.intent.action.SIM_STATE_CHANGED : simState = LOADED
03-06 15:56:18.825  2476  2476 I NotificationMgr: updateMwi(): subId 1 update to false
03-06 15:56:18.827  2387  7815 I constellation: [sim_state_checker] sim state checker is disabled.
03-06 15:56:18.828  4030  4030 I Dialer  : LegacyVoicemailNotificationReceiver.onReceive - received legacy voicemail notification
03-06 15:56:18.828  4030  4030 I Dialer  : LegacyVoicemailNotificationReceiver.onReceive - isRefresh: true
03-06 15:56:18.828  4030  4030 I Dialer  : LegacyVoicemailNotificationReceiver.onReceive - clearing notification
03-06 15:56:18.828  4030  4030 I Dialer  : LegacyVoicemailNotifier.cancelNotification - enter
03-06 15:56:18.829  2476  2476 I TelecomFramework: : onSubscriptionsChanged - update accounts
03-06 15:56:18.829  2476  2476 I TelecomFramework: PstnIncomingCallNotifier: Unregistering: Handler (com.android.internal.telephony.GsmCdmaPhone) {b312827}
03-06 15:56:18.829  2476  2476 I TelecomFramework: TelecomAccountRegistry: setupAccounts: Found 1 phones.  Attempting to register.
03-06 15:56:18.829  2476  2476 I TelecomFramework: TelecomAccountRegistry: setupAccounts: Phone with subscription id 1
03-06 15:56:18.842  2164  9344 E ctxmgr  : [BaseServerTask] Failed network request due to no network connectivity: expired [CONTEXT service_id=47 ]
03-06 15:56:18.843  2164  9344 E ctxmgr  : [DailyCheckinOperation]Failed daily get config: network status=1 [CONTEXT service_id=47 ]
03-06 15:56:18.853  2026  4785 I Telecom : PhoneAccountRegistrar: Modify account: [ComponentInfo{com.android.phone/com.android.services.telephony.TelephonyConnectionService}, ***, UserHandle{0}]: TSI.rPA@Byk
03-06 15:56:18.854  2026  4785 I Telecom : CallsManager: handlePhoneAccountChanged: phoneAccount=[[X] PhoneAccount: ComponentInfo{com.android.phone/com.android.services.telephony.TelephonyConnectionService}, ***, UserHandle{0} Capabilities: CallProvider MultiUser PlaceEmerg SimSub  Audio Routes: BESW Schemes: tel voicemail  Extras: Bundle[{android.telecom.extra.SUPPORTS_VIDEO_CALLING_FALLBACK=true}] GroupId: ***]: TSI.rPA@Byk
03-06 15:56:18.855  2476  2476 I TelecomFramework: AccountEntry: Registered phoneAccount: [[ ] PhoneAccount: ComponentInfo{com.android.phone/com.android.services.telephony.TelephonyConnectionService}, ***, UserHandle{0} Capabilities: CallProvider MultiUser PlaceEmerg SimSub  Audio Routes: BESW Schemes: tel voicemail  Extras: Bundle[{android.telecom.extra.SUPPORTS_VIDEO_CALLING_FALLBACK=true}] GroupId: ***] with handle: ComponentInfo{com.android.phone/com.android.services.telephony.TelephonyConnectionService}, ***, UserHandle{0}
03-06 15:56:18.855  2476  2476 I TelecomFramework: PstnIncomingCallNotifier: Registering: Handler (com.android.internal.telephony.GsmCdmaPhone) {b312827}
03-06 15:56:18.860  2476  2476 D MultiSimSettingController: onSubscriptionsChanged
03-06 15:56:18.860  2476  2476 D MultiSimSettingController: updateDefaults
03-06 15:56:18.860  2476  2476 D MultiSimSettingController: [updateDefaultValues] change: 0
03-06 15:56:18.860  2476  2476 D CarrierConfigLoader: mHandler: 7 phoneId: 0
03-06 15:56:18.863  2476  2476 D CarrierConfigLoader: Loaded config from XML. package=com.android.carrierconfig phoneId=0
03-06 15:56:18.863  2476  2476 D CarrierSvcBindHelper: mHandler: 0
03-06 15:56:18.863  2476  2476 D CarrierSvcBindHelper: Rebinding if necessary for phoneId: 0
03-06 15:56:18.865  2476  2476 D CarrierSvcBindHelper: No carrier app for: 0
03-06 15:56:18.883  2476  2490 W System  : A resource failed to call close. 
03-06 15:56:18.885  2476  3366 D IccSmsInterfaceManager: [IccSmsInterfaceManager] Failed to add GSM cell broadcast channels range 4352 to 4354
03-06 15:56:18.886  2476  3366 D IccSmsInterfaceManager: [IccSmsInterfaceManager] Calling setGsmBroadcastConfig with 1 configurations
03-06 15:56:18.890  2476  2476 I TelecomFramework: PstnPhoneCapabilitiesNotifier: handleVideoCapabilitesChanged. Video capability - false
03-06 15:56:18.895  1676  1676 I hwservicemanager: getTransport: Cannot find entry android.hardware.radio.config@1.1::IRadioConfig/default in either framework or device manifest.
03-06 15:56:18.896  1676  1676 I hwservicemanager: getTransport: Cannot find entry android.hardware.radio.config@1.0::IRadioConfig/default in either framework or device manifest.
03-06 15:56:18.900  1676  1676 I hwservicemanager: getTransport: Cannot find entry android.hardware.radio.config@1.1::IRadioConfig/default in either framework or device manifest.
03-06 15:56:18.901  1676  1676 I hwservicemanager: getTransport: Cannot find entry android.hardware.radio.config@1.0::IRadioConfig/default in either framework or device manifest.
03-06 15:56:18.901  1676  1676 I hwservicemanager: getTransport: Cannot find entry android.hardware.radio.config@1.1::IRadioConfig/default in either framework or device manifest.
03-06 15:56:18.902  1676  1676 I hwservicemanager: getTransport: Cannot find entry android.hardware.radio.config@1.0::IRadioConfig/default in either framework or device manifest.
03-06 15:56:18.904  2476  2476 I CallNotifier: onCallForwardingIndicatorChanged(): subId=1, visible=N
03-06 15:56:18.904  2476  2476 D CallNotifier: updatePhoneStateListeners: update CF notifications.
03-06 15:56:18.905  2476  2476 I NotificationMgr: updateCfi: subId= 1, visible=N
03-06 15:56:18.907  2476  2476 I NotificationMgr: updateMwi(): subId 1 update to false
03-06 15:56:18.910  2476  2476 D CallNotifier: updatePhoneStateListeners: update CF notifications.
03-06 15:56:18.910  2476  2476 I NotificationMgr: updateCfi: subId= 1, visible=N
03-06 15:56:18.911  4030  4030 I Dialer  : LegacyVoicemailNotificationReceiver.onReceive - received legacy voicemail notification
03-06 15:56:18.911  4030  4030 I Dialer  : LegacyVoicemailNotificationReceiver.onReceive - isRefresh: true
03-06 15:56:18.911  4030  4030 I Dialer  : LegacyVoicemailNotificationReceiver.onReceive - clearing notification
03-06 15:56:18.911  4030  4030 I Dialer  : LegacyVoicemailNotifier.cancelNotification - enter
03-06 15:56:18.911  4030  4030 I Dialer  : LegacyVoicemailNotifier.cancelNotification - 'null' id, canceling all legacy voicemail notifications
03-06 15:56:18.915  2476  2476 I NotificationMgr: updateMwi(): subId 1 update to false
03-06 15:56:18.920  4030  4030 I Dialer  : LegacyVoicemailNotificationReceiver.onReceive - received legacy voicemail notification
03-06 15:56:18.920  4030  4030 I Dialer  : LegacyVoicemailNotificationReceiver.onReceive - isRefresh: false
03-06 15:56:18.920  4030  4030 I Dialer  : LegacyVoicemailNotificationReceiver.onReceive - clearing notification
03-06 15:56:18.920  4030  4030 I Dialer  : LegacyVoicemailNotifier.cancelNotification - enter
03-06 15:56:18.920  4030  4030 I Dialer  : LegacyVoicemailNotifier.cancelNotification - 'null' id, canceling all legacy voicemail notifications
03-06 15:56:18.924  7418  7418 D CarrierDefaultBroadcastReceiver: onReceive intent: com.android.internal.telephony.CARRIER_SIGNAL_RESET
03-06 15:56:18.925  7418  7418 D CarrierDefaultBroadcastReceiver: apply carrier action idx: 6
03-06 15:56:18.925  7418  7418 D CarrierActionUtils: onCancelAllNotifications
03-06 15:56:18.925  7418  7418 D CarrierDefaultBroadcastReceiver: apply carrier action idx: 8
03-06 15:56:18.926  7418  7418 D CarrierActionUtils: onDisableDefaultURLHandler
03-06 15:56:18.926  2476  2476 E PhoneInterfaceManager: [PhoneIntfMgr] getIccId: No UICC
03-06 15:56:18.921  2476  2476 I chatty  : uid=1001(radio) com.android.phone identical 4 lines
03-06 15:56:18.925  2476  2476 I TelecomFramework: PstnPhoneCapabilitiesNotifier: handleVideoCapabilitesChanged. Video capability - false
03-06 15:56:18.935  2026  4785 I Telecom : PhoneAccountRegistrar: New phone account registered: [[ ] PhoneAccount: ComponentInfo{com.android.phone/com.android.services.telephony.TelephonyConnectionService}, ***, UserHandle{0} Capabilities: CallProvider MultiUser PlaceEmerg SimSub  Audio Routes: BESW Schemes: tel voicemail  Extras: Bundle[{android.telecom.extra.SUPPORTS_VIDEO_CALLING_FALLBACK=true}] GroupId: ***]: TSI.rPA@Byw
03-06 15:56:18.936  2026  4785 I Telecom : CallsManager: Sending phone-account ComponentInfo{com.android.phone/com.android.services.telephony.TelephonyConnectionService}, ***, UserHandle{0} registered intent as user: TSI.rPA@Byw
03-06 15:56:18.936  2026  4785 I Telecom : CallsManager: Sending phone-account registered intent to default dialer: TSI.rPA@Byw
03-06 15:56:18.936  2476  2476 D CarrierConfigLoader: mHandler: 5 phoneId: 0
03-06 15:56:18.937  2476  2476 E PhoneInterfaceManager: [PhoneIntfMgr] getCarrierPackageNamesForIntent: No UICC
03-06 15:56:18.938  2476  2476 D IntentBroadcaster: Broadcasting and adding intent for rebroadcast: android.intent.action.SIM_STATE_CHANGED UNKNOWN for slotId 0
03-06 15:56:18.941  2803  2803 I rcs     : [PresencePublication] onReceive intent=Intent { act=android.intent.action.SIM_STATE_CHANGED flg=0x5000010 (has extras) }
03-06 15:56:18.941  2803  2803 I rcs     : [PresencePublication] ACTION_SIM_STATE_CHANGED INTENT_KEY_ICC_STATE=UNKNOWN
03-06 15:56:18.941  2803  2803 I rcs     : [RcsService] onReceive intent=Intent { act=android.intent.action.SIM_STATE_CHANGED flg=0x5000010 (has extras) }
03-06 15:56:18.945  2476  2476 D CarrierConfigLoader: update config for phoneId: 0 simState: UNKNOWN
03-06 15:56:18.945  2184  2184 V KeyguardUpdateMonitor: action android.intent.action.SIM_STATE_CHANGED state: UNKNOWN slotId: 0 subid: 1
03-06 15:56:18.945  2184  2184 D KeyguardUpdateMonitor: handleSimStateChange(subId=1, slotId=0, state=UNKNOWN)
03-06 15:56:18.945  2476  2476 D CarrierSvcBindHelper: update binding for phoneId: 0 simState: UNKNOWN
03-06 15:56:18.949  2476  2476 D TelephonyProvider: match current APN size:  0
03-06 15:56:18.949  2476  2476 E TelephonyProvider: iccRecords is null
03-06 15:56:18.952  2476  2476 E PhoneInterfaceManager: [PhoneIntfMgr] getIccId: No UICC
03-06 15:56:18.954  2476  2476 I VvmSimStateTracker: android.intent.action.SIM_STATE_CHANGED
03-06 15:56:18.956  6392  6392 I Finsky  : [2] com.google.android.finsky.simhandler.SimStateReceiver.a(6): android.intent.action.SIM_STATE_CHANGED : simState = UNKNOWN
03-06 15:56:18.958  2476  2476 D CarrierConfigLoader: mHandler: 0 phoneId: 0
03-06 15:56:18.960  2387  8508 I constellation: [sim_state_checker] sim state checker is disabled.
03-06 15:56:18.963  2476  2476 D CarrierConfigLoader: Broadcast CARRIER_CONFIG_CHANGED for phone 0
03-06 15:56:18.965  4330  4330 I Bugle   : Carrier config changed. Reloading MMS config.
03-06 15:56:18.966  4113  4113 D CellBroadcastReceiver: onReceive Intent { act=android.telephony.action.CARRIER_CONFIG_CHANGED flg=0x15000010 cmp=com.android.cellbroadcastreceiver/.CellBroadcastReceiver (has extras) }
03-06 15:56:18.966  4113  4113 D CellBroadcastReceiver: initializeSharedPreference
03-06 15:56:18.967  2476  2476 D CarrierSvcBindHelper: mHandler: 0
03-06 15:56:18.967  2476  2476 D CarrierSvcBindHelper: Rebinding if necessary for phoneId: 0
03-06 15:56:18.967  2476  2476 E PhoneInterfaceManager: [PhoneIntfMgr] getCarrierPackageNamesForIntent: No UICC
03-06 15:56:18.967  2476  2476 D CarrierSvcBindHelper: No carrier app for: 0
03-06 15:56:18.967  2476  2476 D CarrierConfigLoader: mHandler: 16 phoneId: 0
03-06 15:56:18.969  4113  4113 D CellBroadcastReceiver: Default interval 0 did not change.
03-06 15:56:18.969  4113  4113 D CellBroadcastReceiver: Start Cell Broadcast configuration.
03-06 15:56:18.970  2476  2476 D CarrierConfigLoader: Broadcast CARRIER_CONFIG_CHANGED for phone 0
03-06 15:56:18.972  4330  4330 I Bugle   : Carrier config changed. Reloading MMS config.
03-06 15:56:18.972  2476  3412 E CarrierInfoManager: Invalid networkOperator: 
03-06 15:56:18.975  2026  4785 D AlarmManagerService: Kernel timezone updated to 0 minutes west of GMT
03-06 15:56:18.978  2026  2026 I Telecom : PhoneAccountRegistrar: getSimCallManager: SimCallManager for subId 1 queried, returning: null: CM.CCCR->CM.UECNT->CM.CCCR->CM.UECNT->CM.CCCR->CM.UECNT->CM.CCCR->CM.UECNT->CM.CCCR->CM.UECNT->CM.CCCR->CM.UECNT->CM.CCCR->CM.UECNT->CM.CCCR->CM.UECNT->CM.CCCR->CM.UECNT->CM.CCCR->CM.UECNT->CM.CCCR->CM.UECNT->CM.CCCR->CM.UECNT->CM.CCCR->CM.UECNT->CM.CCCR->CM.UECNT->CM.CCCR->CM.UECNT->CM.CCCR->CM.UECNT->CM.CCCR->CM.UECNT->CM.CCCR->CM.UECNT->CM.CCCR->CM.UECNT->CM.CCCR->CM.UECNT->CM.CCCR->CM.UECNT->CM.CCCR->CM.UECNT->CM.CCCR->CM.UECNT->CM.CCCR->CM.UECNT->CM.CCCR->CM.UECNT->CM.CCCR->CM.UECNT->CM.CCCR->CM.UECNT->CM.CCCR->CM.UECNT->CM.CCCR->CM.UECNT->CM.CCCR->CM.UECNT->CM.CCCR->CM.UECNT->CM.CCCR->CM.UECNT->CM.CCCR->CM.UECNT->CM.CCCR->CM.UECNT->CM.CCCR->CM.UECNT->CM.CCCR->CM.UECNT->CM.CCCR->CM.UECNT->CM.CCCR->CM.UECNT->CM.CCCR->CM.UECNT->CM.CCCR->CM.UECNT->CM.CCCR->CM.UECNT->CM.CCCR->CM.UECNT->CM.CCCR->CM.UECNT->CM.CCCR->CM.UECNT->CM.CCCR->CM.UECNT->CM.CCCR->CM.UECNT->CM.CCCR->CM.UECNT->CM.CCCR->CM.UECNT->CM.CCCR->CM.UECNT->CM.CCCR->CM.UECNT->CM.CCCR->CM.UECNT->CM.CCCR->CM.UECNT->CM.CCCR->CM.UECNT->CM.CCCR->CM.UECNT->CM.CCCR->CM.UECNT->CM.CCCR->CM.UECNT->CM.CCCR->CM.UECNT->CM.CCCR->CM.UECNT->CM.CCCR->CM.UECNT->CM.CCCR->CM.UECNT->CM.CCCR->CM.UECNT->CM.CCCR->CM.UECNT->CM.CCCR->CM.UECNT->CM.CCCR->CM.UECNT->CM.CCCR->CM.UECNT->CM.CCCR->CM.UECNT->CM.CCCR->CM.UECNT->CM.CCCR->CM.UECNT->CM.CCCR->CM.UECNT->CM.CCCR->CM.UECNT->CM.CCCR->CM.UECNT->CM.CCCR->CM.UECNT->CM.CCCR->CM.UECNT->CM.CCCR->CM.UECNT->CM.CCCR->CM.UECNT->CM.CCCR->CM.UECNT->CM.CCCR->CM.UECNT->CM.CCCR->CM.UECNT->CM.CCCR->CM.UECNT->CM.CCCR->CM.UECNT@AD4
03-06 15:56:18.994  2476  3413 E CarrierInfoManager: Invalid networkOperator: 
03-06 15:56:18.998  2026  2026 I Telecom : PhoneAccountRegistrar: getSimCallManager: SimCallManager for subId 1 queried, returning: null: CM.CCCR->CM.UECNT->CM.CCCR->CM.UECNT->CM.CCCR->CM.UECNT->CM.CCCR->CM.UECNT->CM.CCCR->CM.UECNT->CM.CCCR->CM.UECNT->CM.CCCR->CM.UECNT->CM.CCCR->CM.UECNT->CM.CCCR->CM.UECNT->CM.CCCR->CM.UECNT->CM.CCCR->CM.UECNT->CM.CCCR->CM.UECNT->CM.CCCR->CM.UECNT->CM.CCCR->CM.UECNT->CM.CCCR->CM.UECNT->CM.CCCR->CM.UECNT->CM.CCCR->CM.UECNT->CM.CCCR->CM.UECNT->CM.CCCR->CM.UECNT->CM.CCCR->CM.UECNT->CM.CCCR->CM.UECNT->CM.CCCR->CM.UECNT->CM.CCCR->CM.UECNT->CM.CCCR->CM.UECNT->CM.CCCR->CM.UECNT->CM.CCCR->CM.UECNT->CM.CCCR->CM.UECNT->CM.CCCR->CM.UECNT->CM.CCCR->CM.UECNT->CM.CCCR->CM.UECNT->CM.CCCR->CM.UECNT->CM.CCCR->CM.UECNT->CM.CCCR->CM.UECNT->CM.CCCR->CM.UECNT->CM.CCCR->CM.UECNT->CM.CCCR->CM.UECNT->CM.CCCR->CM.UECNT->CM.CCCR->CM.UECNT->CM.CCCR->CM.UECNT->CM.CCCR->CM.UECNT->CM.CCCR->CM.UECNT->CM.CCCR->CM.UECNT->CM.CCCR->CM.UECNT->CM.CCCR->CM.UECNT->CM.CCCR->CM.UECNT->CM.CCCR->CM.UECNT->CM.CCCR->CM.UECNT->CM.CCCR->CM.UECNT->CM.CCCR->CM.UECNT->CM.CCCR->CM.UECNT->CM.CCCR->CM.UECNT->CM.CCCR->CM.UECNT->CM.CCCR->CM.UECNT->CM.CCCR->CM.UECNT->CM.CCCR->CM.UECNT->CM.CCCR->CM.UECNT->CM.CCCR->CM.UECNT->CM.CCCR->CM.UECNT->CM.CCCR->CM.UECNT->CM.CCCR->CM.UECNT->CM.CCCR->CM.UECNT->CM.CCCR->CM.UECNT->CM.CCCR->CM.UECNT->CM.CCCR->CM.UECNT->CM.CCCR->CM.UECNT->CM.CCCR->CM.UECNT->CM.CCCR->CM.UECNT->CM.CCCR->CM.UECNT->CM.CCCR->CM.UECNT->CM.CCCR->CM.UECNT->CM.CCCR->CM.UECNT->CM.CCCR->CM.UECNT->CM.CCCR->CM.UECNT->CM.CCCR->CM.UECNT->CM.CCCR->CM.UECNT->CM.CCCR->CM.UECNT->CM.CCCR->CM.UECNT->CM.CCCR->CM.UECNT->CM.CCCR->CM.UECNT->CM.CCCR->CM.UECNT->CM.CCCR->CM.UECNT@AD4
03-06 15:56:18.998  2476  2476 I TelecomFramework: : Carrier-config changed, checking for phone account updates.
03-06 15:56:19.000  2026  2026 D ConditionProviders.SCP: onReceive android.intent.action.TIMEZONE_CHANGED
03-06 15:56:19.000  2026  2026 D ConditionProviders.SCP: evaluateSubscriptionLocked cal=ScheduleCalendar[mDays={1, 2, 3, 4, 5, 6, 7}, mSchedule=ScheduleInfo{days=[1, 2, 3, 4, 5, 6, 7], startHour=22, startMinute=0, endHour=7, endMinute=0, exitAtAlarm=true, nextAlarm=Thu Jan 01 00:00:00 GMT 1970 (0)}], now=Wed Mar 06 20:56:19 GMT 2024 (1709758579000), nextUserAlarmTime=Thu Jan 01 00:00:00 GMT 1970 (0)
03-06 15:56:19.000  2026  2026 D ConditionProviders.SCP: notifyCondition condition://android/schedule?days=1.2.3.4.5.6.7&start=22.0&end=7.0&exitAtAlarm=true STATE_FALSE reason=!meetsSchedule
03-06 15:56:19.001  2026  2026 D ConditionProviders.SCP: Scheduling evaluate for Wed Mar 06 22:00:00 GMT 2024 (1709762400000), in +1h3m41s0ms, now=Wed Mar 06 20:56:19 GMT 2024 (1709758579000)
03-06 15:56:19.007  5804  5804 I AlarmClock: AlarmInitReceiver android.intent.action.TIMEZONE_CHANGED
03-06 15:56:19.008  5804  9375 I AlarmClock: Connected Dock: null
03-06 15:56:19.012  5804  9375 I AlarmClock: Removing AlarmClockInfo
03-06 15:56:19.013  5804  5804 I AlarmClock: DigitalAppWidgetProvider processing Intent { act=android.intent.action.TIMEZONE_CHANGED flg=0x21200010 cmp=com.google.android.deskclock/com.android.alarmclock.DigitalAppWidgetProvider (has extras) }
03-06 15:56:19.014  2476  2476 I TelecomFramework: : Carrier-config changed, checking for phone account updates.
03-06 15:56:19.014  2476  2476 D OtaspSimStateReceiver: Received intent: android.telephony.action.CARRIER_CONFIG_CHANGED
03-06 15:56:19.019  2476  3366 D IccSmsInterfaceManager: [IccSmsInterfaceManager] Failed to add GSM cell broadcast channels range 4356 to 4356
03-06 15:56:19.024  2476  3366 D IccSmsInterfaceManager: [IccSmsInterfaceManager] Failed to remove GSM cell broadcast channels range 4355 to 4355
03-06 15:56:19.031  2476  3366 D IccSmsInterfaceManager: [IccSmsInterfaceManager] Calling setGsmBroadcastConfig with 1 configurations
03-06 15:56:19.059  2026  2043 D AlarmManagerService: Kernel timezone updated to 0 minutes west of GMT
03-06 15:56:19.084  2476  2490 W System  : A resource failed to call close. 
03-06 15:56:19.091  2476  2476 I VvmSimStateTracker: android.telephony.action.CARRIER_CONFIG_CHANGED
03-06 15:56:19.091  2476  2476 I VvmSimStateTracker: Received SIM change for invalid subscription id.
03-06 15:56:19.095  2476  3366 D IccSmsInterfaceManager: [IccSmsInterfaceManager] Failed to add GSM cell broadcast channels range 4396 to 4396
03-06 15:56:19.099  4165  4218 I CarrierServices: [259] CarrierServicesReleaseApp.a: Initialized already, return.
03-06 15:56:19.100  2476  3366 D IccSmsInterfaceManager: [IccSmsInterfaceManager] Calling setGsmBroadcastConfig with 1 configurations
03-06 15:56:19.113  4113  4113 D CellBroadcastReceiver: onReceive Intent { act=android.telephony.action.CARRIER_CONFIG_CHANGED flg=0x15000010 cmp=com.android.cellbroadcastreceiver/.CellBroadcastReceiver (has extras) }
03-06 15:56:19.113  4113  4113 D CellBroadcastReceiver: initializeSharedPreference
03-06 15:56:19.114  4113  4113 D CellBroadcastReceiver: Default interval 0 did not change.
03-06 15:56:19.114  4113  4113 D CellBroadcastReceiver: Start Cell Broadcast configuration.
03-06 15:56:19.130  1791  2388 E GnssHAL_GnssInterface: gnssSvStatusCb: a: input svInfo.flags is 8
03-06 15:56:19.130  1791  2388 E GnssHAL_GnssInterface: gnssSvStatusCb: b: input svInfo.flags is 8
03-06 15:56:19.133  2476  2476 D IntentBroadcaster: Broadcasting and adding intent for rebroadcast: android.intent.action.SIM_STATE_CHANGED READY for slotId 0
03-06 15:56:19.135  2184  2184 V KeyguardUpdateMonitor: action android.intent.action.SIM_STATE_CHANGED state: READY slotId: 0 subid: 1
03-06 15:56:19.135  2184  2184 D KeyguardUpdateMonitor: handleSimStateChange(subId=1, slotId=0, state=READY)
03-06 15:56:19.135  2184  2184 D KeyguardViewMediator: onSimStateChanged(subId=1, slotId=0,state=READY)
03-06 15:56:19.135  2803  2803 I rcs     : [PresencePublication] onReceive intent=Intent { act=android.intent.action.SIM_STATE_CHANGED flg=0x5000010 (has extras) }
03-06 15:56:19.135  2803  2803 I rcs     : [PresencePublication] ACTION_SIM_STATE_CHANGED INTENT_KEY_ICC_STATE=READY
03-06 15:56:19.135  2803  2803 I rcs     : [RcsService] onReceive intent=Intent { act=android.intent.action.SIM_STATE_CHANGED flg=0x5000010 (has extras) }
03-06 15:56:19.135  2184  2184 D KeyguardViewMediator: READY, reset state? false
03-06 15:56:19.151  2476  3366 D IccSmsInterfaceManager: [IccSmsInterfaceManager] Failed to add GSM cell broadcast channels range 4397 to 4397
03-06 15:56:19.156  2476  2476 D OtaspSimStateReceiver: Received intent: android.telephony.action.CARRIER_CONFIG_CHANGED
03-06 15:56:19.163  2476  3366 D IccSmsInterfaceManager: [IccSmsInterfaceManager] Failed to remove GSM cell broadcast channels range 4398 to 4398
03-06 15:56:19.164  2476  3366 D IccSmsInterfaceManager: [IccSmsInterfaceManager] Failed to remove GSM cell broadcast channels range 4399 to 4399
03-06 15:56:19.166  2476  2476 E PhoneInterfaceManager: [PhoneIntfMgr] getIccId: ICC ID is null or empty.
03-06 15:56:19.173  2476  2476 I VvmSimStateTracker: android.intent.action.SIM_STATE_CHANGED
03-06 15:56:19.174  6392  6392 I Finsky  : [2] com.google.android.finsky.simhandler.SimStateReceiver.a(6): android.intent.action.SIM_STATE_CHANGED : simState = READY
03-06 15:56:19.177  2476  2476 I VvmSimStateTracker: android.telephony.action.CARRIER_CONFIG_CHANGED
03-06 15:56:19.177  2476  2476 I VvmSimStateTracker: Received SIM change for invalid subscription id.
03-06 15:56:19.178  2476  2476 I CallNotifier: onCallForwardingIndicatorChanged(): subId=1, visible=N
03-06 15:56:19.179  2476  2476 D CallNotifier: updatePhoneStateListeners: update CF notifications.
03-06 15:56:19.179  2476  2476 I NotificationMgr: updateCfi: subId= 1, visible=N
03-06 15:56:19.180  2476  2476 I NotificationMgr: updateMwi(): subId 1 update to false
03-06 15:56:19.181  2387  7815 I constellation: [sim_state_checker] sim state checker is disabled.
03-06 15:56:19.183  4113  4140 D CellBroadcastConfigService: Enable CellBroadcast on sub 1
03-06 15:56:19.193  4165  4218 I CarrierServices: [259] CarrierServicesReleaseApp.a: Initialized already, return.
03-06 15:56:19.193  2476  2476 D MccTable: updateMccMncConfiguration mccmnc='310260
03-06 15:56:19.193  2476  2476 D MccTable: updateMccMncConfiguration: mcc=310, mnc=260
03-06 15:56:19.196  2026  2871 D AlarmManagerService: Kernel timezone updated to 300 minutes west of GMT
03-06 15:56:19.204  2026  2026 D ConditionProviders.SCP: onReceive android.intent.action.TIMEZONE_CHANGED
03-06 15:56:19.209  2476  3366 D IccSmsInterfaceManager: [IccSmsInterfaceManager] Calling setGsmBroadcastConfig with 1 configurations
03-06 15:56:19.210  2026  2026 D ConditionProviders.SCP: evaluateSubscriptionLocked cal=ScheduleCalendar[mDays={1, 2, 3, 4, 5, 6, 7}, mSchedule=ScheduleInfo{days=[1, 2, 3, 4, 5, 6, 7], startHour=22, startMinute=0, endHour=7, endMinute=0, exitAtAlarm=true, nextAlarm=Wed Dec 31 19:00:00 EST 1969 (0)}], now=Wed Mar 06 15:56:19 EST 2024 (1709758579204), nextUserAlarmTime=Wed Dec 31 19:00:00 EST 1969 (0)
03-06 15:56:19.210  2026  2026 D ConditionProviders.SCP: notifyCondition condition://android/schedule?days=1.2.3.4.5.6.7&start=22.0&end=7.0&exitAtAlarm=true STATE_FALSE reason=!meetsSchedule
03-06 15:56:19.210  2476  2476 D MccTable: timezone set to America/New_York
03-06 15:56:19.210  2476  2476 D MccTable: updateMccMncConfiguration updateConfig config={0.0 310mcc260mnc ?localeList ?layoutDir ?swdp ?wdp ?hdp ?density ?lsize ?long ?ldr ?wideColorGamut ?orien ?uimode ?night ?touch ?keyb/?/? ?nav/? winConfig={ mBounds=Rect(0, 0 - 0, 0) mAppBounds=null mWindowingMode=undefined mDisplayWindowingMode=undefined mActivityType=undefined mAlwaysOnTop=undefined mRotation=undefined}}
03-06 15:56:19.211  2026  2026 D ConditionProviders.SCP: Scheduling evaluate for Wed Mar 06 22:00:00 EST 2024 (1709780400000), in +6h3m40s796ms, now=Wed Mar 06 15:56:19 EST 2024 (1709758579204)
03-06 15:56:19.226  4030  4030 I Dialer  : LegacyVoicemailNotificationReceiver.onReceive - received legacy voicemail notification
03-06 15:56:19.226  4030  4030 I Dialer  : LegacyVoicemailNotificationReceiver.onReceive - isRefresh: true
03-06 15:56:19.227  4030  4030 I Dialer  : LegacyVoicemailNotificationReceiver.onReceive - clearing notification
03-06 15:56:19.227  4030  4030 I Dialer  : LegacyVoicemailNotifier.cancelNotification - enter
03-06 15:56:19.227  4030  4030 I Dialer  : LegacyVoicemailNotifier.cancelNotification - 'null' id, canceling all legacy voicemail notifications
03-06 15:56:19.235  2476  3366 D IccSmsInterfaceManager: [IccSmsInterfaceManager] Failed to add GSM cell broadcast channels range 4370 to 4370
03-06 15:56:19.241  2476  3413 D IccSmsInterfaceManager: [IccSmsInterfaceManager] Calling setCdmaBroadcastConfig with 1 configurations
03-06 15:56:19.247  5804  5804 I AlarmClock: AlarmInitReceiver android.intent.action.TIMEZONE_CHANGED
03-06 15:56:19.248  5804  9375 I AlarmClock: Connected Dock: null
03-06 15:56:19.250  5804  9375 I AlarmClock: Removing AlarmClockInfo
03-06 15:56:19.252  5804  5804 I AlarmClock: DigitalAppWidgetProvider processing Intent { act=android.intent.action.TIMEZONE_CHANGED flg=0x21200010 cmp=com.google.android.deskclock/com.android.alarmclock.DigitalAppWidgetProvider (has extras) }
03-06 15:56:19.270  2476  2476 D TelephonyProvider: match current APN size:  12
