03-06 15:56:22.093  2164  8881 I Places  : ?: Couldn't find platform key file.
03-06 15:56:22.093  2164  9190 I Places  : ?: Couldn't find platform key file.
03-06 15:56:22.110  2026  2573 W AppOps  : Noting op not finished: uid 10099 pkg com.google.android.gms code 79 time=1709758582087 duration=0
03-06 15:56:22.111  2026  2573 W AppOps  : Noting op not finished: uid 10099 pkg com.google.android.gms code 79 time=1709758582110 duration=0
03-06 15:56:22.126  2164  3051 W GCoreFlp: No location to return for getLastLocation()
03-06 15:56:22.129  2026  2573 W AppOps  : Noting op not finished: uid 10099 pkg com.google.android.gms code 79 time=1709758582111 duration=0
03-06 15:56:22.130  2026  2573 W AppOps  : Noting op not finished: uid 10099 pkg com.google.android.gms code 79 time=1709758582129 duration=0
03-06 15:56:22.132  1791  2388 E GnssHAL_GnssInterface: gnssSvStatusCb: a: input svInfo.flags is 8
03-06 15:56:22.132  1791  2388 E GnssHAL_GnssInterface: gnssSvStatusCb: b: input svInfo.flags is 8
03-06 15:56:22.145  2164  3051 W GCoreFlp: No location to return for getLastLocation()
03-06 15:56:22.148  2164  3051 W GCoreFlp: No location to return for getLastLocation()
03-06 15:56:22.150  2164  2164 I GeofencerStateMachine: removeGeofences: removeRequest=RemoveGeofencingRequest[REMOVE_BY_PENDING_INTENT pendingIntent=PendingIntent[creatorPackage=com.google.android.gms], packageName=com.google.android.gms]
03-06 15:56:22.153  2164  3051 W GCoreFlp: No location to return for getLastLocation()
03-06 15:56:22.158  2164  3051 I chatty  : uid=10099(com.google.android.gms) FlpThread identical 1 line
03-06 15:56:22.161  2164  3051 W GCoreFlp: No location to return for getLastLocation()
03-06 15:56:22.546  2476  2476 W ServiceManagement: Waited one second for android.hardware.radio@1.0::IRadio/slot1
03-06 15:56:22.546  2476  2476 I ServiceManagement: getService: Trying again for android.hardware.radio@1.0::IRadio/slot1...
03-06 15:56:22.694  7200  7254 W teco.fmhandroi: Accessing hidden method Lsun/misc/Unsafe;->compareAndSwapObject(Ljava/lang/Object;JLjava/lang/Object;Ljava/lang/Object;)Z (greylist, linking, allowed)
03-06 15:56:22.695  7200  7200 I ViewInteraction: Performing 'wait for a specific view with attribute <an instance of android.widget.TextView and view.getText() with or without transformation to match: is "News"> during 5000 millis.' action on view view.getRootView() to equal view
03-06 15:56:23.132  1791  2388 E GnssHAL_GnssInterface: gnssSvStatusCb: a: input svInfo.flags is 8
03-06 15:56:23.132  1791  2388 E GnssHAL_GnssInterface: gnssSvStatusCb: b: input svInfo.flags is 8
03-06 15:56:23.547  2476  2476 W ServiceManagement: Waited one second for android.hardware.radio@1.0::IRadio/slot1
03-06 15:56:23.548  2476  2476 I ServiceManagement: getService: Trying again for android.hardware.radio@1.0::IRadio/slot1...
03-06 15:56:23.669  9568  9568 I ServiceManagement: Registered android.hardware.radio@1.1::IRadio/slot1 (start delay of 17ms)
03-06 15:56:23.670  9568  9568 I ServiceManagement: Registered android.hardware.radio.deprecated@1.0::IOemHook/slot1 (start delay of 18ms)
03-06 15:56:23.670  2476  2476 I android_os_HwBinder: HwBinder: Starting thread pool for getting: android.hardware.radio@1.0::IRadio/slot1
03-06 15:56:23.673  1676  1676 I hwservicemanager: getTransport: Cannot find entry android.hardware.radio.deprecated@1.0::IOemHook/slot1 in either framework or device manifest.
03-06 15:56:23.673  2476  2476 D MultiSimSettingController: onDefaultDataSettingChanged
03-06 15:56:23.676  2476  2476 D CallNotifier: updatePhoneStateListeners: update CF notifications.
03-06 15:56:23.676  2476  2476 I NotificationMgr: updateCfi: subId= 1, visible=N
03-06 15:56:23.677  2476  2476 I NotificationMgr: updateMwi(): subId 1 update to false
03-06 15:56:23.680  4030  4030 I Dialer  : LegacyVoicemailNotificationReceiver.onReceive - received legacy voicemail notification
03-06 15:56:23.680  2026  2052 E memtrack: Couldn't load memtrack module
03-06 15:56:23.680  2026  2052 W android.os.Debug: failed to get memory consumption info: -1
03-06 15:56:23.680  4030  4030 I Dialer  : LegacyVoicemailNotificationReceiver.onReceive - isRefresh: true
03-06 15:56:23.680  4030  4030 I Dialer  : LegacyVoicemailNotificationReceiver.onReceive - clearing notification
03-06 15:56:23.680  4030  4030 I Dialer  : LegacyVoicemailNotifier.cancelNotification - enter
03-06 15:56:23.686  2476  2476 D TelephonyProvider: match current APN size:  12
03-06 15:56:23.686  2476  2476 D TelephonyProvider: match MNO APN: 5
03-06 15:56:23.687  2476  2476 D TelephonyProvider: subIdString = 1 subId = 1
03-06 15:56:23.687  2476  2476 D TelephonyProvider: getPreferredApnIdFromApn: for subId 1
03-06 15:56:23.689  2476  2476 D TelephonyProvider: subIdString = 1 subId = 1
03-06 15:56:23.689  2476  2476 D TelephonyProvider: getPreferredApnIdFromApn: for subId 1
03-06 15:56:23.690  2476  2476 D TelephonyProvider: subIdString = 1 subId = 1
03-06 15:56:23.690  2476  2476 D TelephonyProvider: getPreferredApnIdFromApn: for subId 1
03-06 15:56:23.692  2476  2476 D TelephonyProvider: subIdString = 1 subId = 1
03-06 15:56:23.692  2476  2476 D TelephonyProvider: getPreferredApnIdFromApn: for subId 1
03-06 15:56:23.693  2476  2476 D TelephonyProvider: subIdString = 1 subId = 1
03-06 15:56:23.693  2476  2476 D TelephonyProvider: getPreferredApnIdFromApn: for subId 1
03-06 15:56:23.695  2476  2476 D TelephonyProvider: subIdString = 1 subId = 1
03-06 15:56:23.695  2476  2476 D TelephonyProvider: getPreferredApnIdFromApn: for subId 1
03-06 15:56:23.696  2476  2476 D TelephonyProvider: subIdString = 1 subId = 1
03-06 15:56:23.696  2476  2476 D TelephonyProvider: getPreferredApnIdFromApn: for subId 1
03-06 15:56:23.707  2476  2476 I TelecomFramework: : onSubscriptionsChanged - update accounts
03-06 15:56:23.707  2476  2476 I TelecomFramework: PstnIncomingCallNotifier: Unregistering: Handler (com.android.internal.telephony.GsmCdmaPhone) {b312827}
03-06 15:56:23.707  2476  2476 I TelecomFramework: TelecomAccountRegistry: setupAccounts: Found 1 phones.  Attempting to register.
03-06 15:56:23.707  2476  2476 I TelecomFramework: TelecomAccountRegistry: setupAccounts: Phone with subscription id 1
03-06 15:56:23.713  2026  2043 I Telecom : PhoneAccountRegistrar: Modify account: [ComponentInfo{com.android.phone/com.android.services.telephony.TelephonyConnectionService}, ***, UserHandle{0}]: TSI.rPA@By8
03-06 15:56:23.714  2026  2043 I Telecom : CallsManager: handlePhoneAccountChanged: phoneAccount=[[X] PhoneAccount: ComponentInfo{com.android.phone/com.android.services.telephony.TelephonyConnectionService}, ***, UserHandle{0} Capabilities: CallProvider MultiUser PlaceEmerg SimSub  Audio Routes: BESW Schemes: tel voicemail  Extras: Bundle[{android.telecom.extra.SUPPORTS_VIDEO_CALLING_FALLBACK=true}] GroupId: ***]: TSI.rPA@By8
03-06 15:56:23.714  2476  2476 I TelecomFramework: AccountEntry: Registered phoneAccount: [[ ] PhoneAccount: ComponentInfo{com.android.phone/com.android.services.telephony.TelephonyConnectionService}, ***, UserHandle{0} Capabilities: CallProvider MultiUser PlaceEmerg SimSub  Audio Routes: BESW Schemes: tel voicemail  Extras: Bundle[{android.telecom.extra.SUPPORTS_VIDEO_CALLING_FALLBACK=true}] GroupId: ***] with handle: ComponentInfo{com.android.phone/com.android.services.telephony.TelephonyConnectionService}, ***, UserHandle{0}
03-06 15:56:23.714  2476  2476 I TelecomFramework: PstnIncomingCallNotifier: Registering: Handler (com.android.internal.telephony.GsmCdmaPhone) {b312827}
03-06 15:56:23.715  2476  2476 I TelecomFramework: TelecomAccountRegistry: Unregistering phone account ComponentInfo{com.android.phone/com.android.services.telephony.TelephonyConnectionService}, ***, UserHandle{0}.
03-06 15:56:23.716  2026  2043 I Telecom : CallsManager: Sending phone-account ComponentInfo{com.android.phone/com.android.services.telephony.TelephonyConnectionService}, ***, UserHandle{0} unregistered intent as user: TSI.uPA@BzE
03-06 15:56:23.716  2026  2043 I Telecom : CallsManager: Sending phone-account unregistered intent to default dialer: TSI.uPA@BzE
03-06 15:56:23.717  2476  2476 D MultiSimSettingController: onSubscriptionsChanged
03-06 15:56:23.717  2476  2476 D MultiSimSettingController: updateDefaults
03-06 15:56:23.717  2476  2476 D MultiSimSettingController: [updateDefaultValues] change: 0
03-06 15:56:23.718  2476  2476 D CallNotifier: updatePhoneStateListeners: update CF notifications.
03-06 15:56:23.718  2476  2476 I NotificationMgr: updateCfi: subId= 1, visible=N
03-06 15:56:23.719  2476  2476 I NotificationMgr: updateMwi(): subId 1 update to false
03-06 15:56:23.722  4030  4030 I Dialer  : LegacyVoicemailNotificationReceiver.onReceive - received legacy voicemail notification
03-06 15:56:23.722  4030  4030 I Dialer  : LegacyVoicemailNotificationReceiver.onReceive - isRefresh: true
03-06 15:56:23.722  4030  4030 I Dialer  : LegacyVoicemailNotificationReceiver.onReceive - clearing notification
03-06 15:56:23.722  4030  4030 I Dialer  : LegacyVoicemailNotifier.cancelNotification - enter
03-06 15:56:23.724  2476  2476 I TelecomFramework: : onSubscriptionsChanged - update accounts
03-06 15:56:23.724  2476  2476 I TelecomFramework: PstnIncomingCallNotifier: Unregistering: Handler (com.android.internal.telephony.GsmCdmaPhone) {b312827}
03-06 15:56:23.724  2476  2476 I TelecomFramework: TelecomAccountRegistry: setupAccounts: Found 1 phones.  Attempting to register.
03-06 15:56:23.724  2476  2476 I TelecomFramework: TelecomAccountRegistry: setupAccounts: Phone with subscription id 1
03-06 15:56:23.729  2026  2043 I Telecom : PhoneAccountRegistrar: Modify account: [ComponentInfo{com.android.phone/com.android.services.telephony.TelephonyConnectionService}, ***, UserHandle{0}]: TSI.rPA@BzM
03-06 15:56:23.729  2026  2043 I Telecom : CallsManager: handlePhoneAccountChanged: phoneAccount=[[X] PhoneAccount: ComponentInfo{com.android.phone/com.android.services.telephony.TelephonyConnectionService}, ***, UserHandle{0} Capabilities: CallProvider MultiUser PlaceEmerg SimSub  Audio Routes: BESW Schemes: tel voicemail  Extras: Bundle[{android.telecom.extra.SUPPORTS_VIDEO_CALLING_FALLBACK=true}] GroupId: ***]: TSI.rPA@BzM
03-06 15:56:23.730  2476  2476 I TelecomFramework: AccountEntry: Registered phoneAccount: [[ ] PhoneAccount: ComponentInfo{com.android.phone/com.android.services.telephony.TelephonyConnectionService}, ***, UserHandle{0} Capabilities: CallProvider MultiUser PlaceEmerg SimSub  Audio Routes: BESW Schemes: tel voicemail  Extras: Bundle[{android.telecom.extra.SUPPORTS_VIDEO_CALLING_FALLBACK=true}] GroupId: ***] with handle: ComponentInfo{com.android.phone/com.android.services.telephony.TelephonyConnectionService}, ***, UserHandle{0}
03-06 15:56:23.730  2476  2476 I TelecomFramework: PstnIncomingCallNotifier: Registering: Handler (com.android.internal.telephony.GsmCdmaPhone) {b312827}
03-06 15:56:23.730  2476  2490 W System  : A resource failed to call close. 
03-06 15:56:23.731  2476  2476 D MultiSimSettingController: onSubscriptionsChanged
03-06 15:56:23.731  2476  2476 D MultiSimSettingController: updateDefaults
03-06 15:56:23.731  2476  2476 D MultiSimSettingController: [updateDefaultValues] change: 0
03-06 15:56:23.732  2476  2476 D CallNotifier: updatePhoneStateListeners: update CF notifications.
03-06 15:56:23.732  2476  2476 I NotificationMgr: updateCfi: subId= 1, visible=N
03-06 15:56:23.732  2476  2476 I NotificationMgr: updateMwi(): subId 1 update to false
03-06 15:56:23.734  2476  2476 I TelecomFramework: : onSubscriptionsChanged - update accounts
03-06 15:56:23.734  2476  2476 I TelecomFramework: PstnIncomingCallNotifier: Unregistering: Handler (com.android.internal.telephony.GsmCdmaPhone) {b312827}
03-06 15:56:23.734  2476  2476 I TelecomFramework: TelecomAccountRegistry: setupAccounts: Found 1 phones.  Attempting to register.
03-06 15:56:23.734  2476  2476 I TelecomFramework: TelecomAccountRegistry: setupAccounts: Phone with subscription id 1
03-06 15:56:23.735  4030  4030 I Dialer  : LegacyVoicemailNotificationReceiver.onReceive - received legacy voicemail notification
03-06 15:56:23.735  4030  4030 I Dialer  : LegacyVoicemailNotificationReceiver.onReceive - isRefresh: true
03-06 15:56:23.735  4030  4030 I Dialer  : LegacyVoicemailNotificationReceiver.onReceive - clearing notification
03-06 15:56:23.735  4030  4030 I Dialer  : LegacyVoicemailNotifier.cancelNotification - enter
03-06 15:56:23.738  2026  2873 I Telecom : PhoneAccountRegistrar: Modify account: [ComponentInfo{com.android.phone/com.android.services.telephony.TelephonyConnectionService}, ***, UserHandle{0}]: TSI.rPA@BzY
03-06 15:56:23.739  2026  2873 I Telecom : CallsManager: handlePhoneAccountChanged: phoneAccount=[[X] PhoneAccount: ComponentInfo{com.android.phone/com.android.services.telephony.TelephonyConnectionService}, ***, UserHandle{0} Capabilities: CallProvider MultiUser PlaceEmerg SimSub  Audio Routes: BESW Schemes: tel voicemail  Extras: Bundle[{android.telecom.extra.SUPPORTS_VIDEO_CALLING_FALLBACK=true}] GroupId: ***]: TSI.rPA@BzY
03-06 15:56:23.739  2476  2476 I TelecomFramework: AccountEntry: Registered phoneAccount: [[ ] PhoneAccount: ComponentInfo{com.android.phone/com.android.services.telephony.TelephonyConnectionService}, ***, UserHandle{0} Capabilities: CallProvider MultiUser PlaceEmerg SimSub  Audio Routes: BESW Schemes: tel voicemail  Extras: Bundle[{android.telecom.extra.SUPPORTS_VIDEO_CALLING_FALLBACK=true}] GroupId: ***] with handle: ComponentInfo{com.android.phone/com.android.services.telephony.TelephonyConnectionService}, ***, UserHandle{0}
03-06 15:56:23.739  2476  2476 I TelecomFramework: PstnIncomingCallNotifier: Registering: Handler (com.android.internal.telephony.GsmCdmaPhone) {b312827}
03-06 15:56:23.740  2476  2476 D MultiSimSettingController: onSubscriptionsChanged
03-06 15:56:23.740  2476  2476 D MultiSimSettingController: updateDefaults
03-06 15:56:23.740  2476  2476 D MultiSimSettingController: [updateDefaultValues] change: 0
03-06 15:56:23.740  2476  2476 D CallNotifier: updatePhoneStateListeners: update CF notifications.
03-06 15:56:23.740  2476  2476 I NotificationMgr: updateCfi: subId= 1, visible=N
03-06 15:56:23.741  2476  2476 I NotificationMgr: updateMwi(): subId 1 update to false
03-06 15:56:23.744  2476  2476 I TelecomFramework: : onSubscriptionsChanged - update accounts
03-06 15:56:23.744  2476  2476 I TelecomFramework: PstnIncomingCallNotifier: Unregistering: Handler (com.android.internal.telephony.GsmCdmaPhone) {b312827}
03-06 15:56:23.744  2476  2476 I TelecomFramework: TelecomAccountRegistry: setupAccounts: Found 1 phones.  Attempting to register.
03-06 15:56:23.744  2476  2476 I TelecomFramework: TelecomAccountRegistry: setupAccounts: Phone with subscription id 1
03-06 15:56:23.743  4030  4030 I Dialer  : LegacyVoicemailNotificationReceiver.onReceive - received legacy voicemail notification
03-06 15:56:23.744  4030  4030 I Dialer  : LegacyVoicemailNotificationReceiver.onReceive - isRefresh: true
03-06 15:56:23.744  4030  4030 I Dialer  : LegacyVoicemailNotificationReceiver.onReceive - clearing notification
03-06 15:56:23.744  4030  4030 I Dialer  : LegacyVoicemailNotifier.cancelNotification - enter
03-06 15:56:23.748  2026  2043 I Telecom : PhoneAccountRegistrar: Modify account: [ComponentInfo{com.android.phone/com.android.services.telephony.TelephonyConnectionService}, ***, UserHandle{0}]: TSI.rPA@Bzk
03-06 15:56:23.748  2026  2043 I Telecom : CallsManager: handlePhoneAccountChanged: phoneAccount=[[X] PhoneAccount: ComponentInfo{com.android.phone/com.android.services.telephony.TelephonyConnectionService}, ***, UserHandle{0} Capabilities: CallProvider MultiUser PlaceEmerg SimSub  Audio Routes: BESW Schemes: tel voicemail  Extras: Bundle[{android.telecom.extra.SUPPORTS_VIDEO_CALLING_FALLBACK=true}] GroupId: ***]: TSI.rPA@Bzk
03-06 15:56:23.749  2476  2476 I TelecomFramework: AccountEntry: Registered phoneAccount: [[ ] PhoneAccount: ComponentInfo{com.android.phone/com.android.services.telephony.TelephonyConnectionService}, ***, UserHandle{0} Capabilities: CallProvider MultiUser PlaceEmerg SimSub  Audio Routes: BESW Schemes: tel voicemail  Extras: Bundle[{android.telecom.extra.SUPPORTS_VIDEO_CALLING_FALLBACK=true}] GroupId: ***] with handle: ComponentInfo{com.android.phone/com.android.services.telephony.TelephonyConnectionService}, ***, UserHandle{0}
03-06 15:56:23.749  2476  2476 I TelecomFramework: PstnIncomingCallNotifier: Registering: Handler (com.android.internal.telephony.GsmCdmaPhone) {b312827}
03-06 15:56:23.750  2476  2476 D MultiSimSettingController: onSubscriptionsChanged
03-06 15:56:23.750  2476  2476 D MultiSimSettingController: updateDefaults
03-06 15:56:23.750  2476  2476 D MultiSimSettingController: [updateDefaultValues] change: 0
03-06 15:56:23.750  2476  2476 I TelecomFramework: : onSubscriptionsChanged - update accounts
03-06 15:56:23.750  2476  2476 I TelecomFramework: PstnIncomingCallNotifier: Unregistering: Handler (com.android.internal.telephony.GsmCdmaPhone) {b312827}
03-06 15:56:23.750  2476  2476 I TelecomFramework: TelecomAccountRegistry: setupAccounts: Found 1 phones.  Attempting to register.
03-06 15:56:23.750  2476  2476 I TelecomFramework: TelecomAccountRegistry: setupAccounts: Phone with subscription id 1
03-06 15:56:23.754  2026  2043 I Telecom : PhoneAccountRegistrar: Modify account: [ComponentInfo{com.android.phone/com.android.services.telephony.TelephonyConnectionService}, ***, UserHandle{0}]: TSI.rPA@Bzw
03-06 15:56:23.755  2026  2043 I Telecom : CallsManager: handlePhoneAccountChanged: phoneAccount=[[X] PhoneAccount: ComponentInfo{com.android.phone/com.android.services.telephony.TelephonyConnectionService}, ***, UserHandle{0} Capabilities: CallProvider MultiUser PlaceEmerg SimSub  Audio Routes: BESW Schemes: tel voicemail  Extras: Bundle[{android.telecom.extra.SUPPORTS_VIDEO_CALLING_FALLBACK=true}] GroupId: ***]: TSI.rPA@Bzw
03-06 15:56:23.755  2476  2476 I TelecomFramework: AccountEntry: Registered phoneAccount: [[ ] PhoneAccount: ComponentInfo{com.android.phone/com.android.services.telephony.TelephonyConnectionService}, ***, UserHandle{0} Capabilities: CallProvider MultiUser PlaceEmerg SimSub  Audio Routes: BESW Schemes: tel voicemail  Extras: Bundle[{android.telecom.extra.SUPPORTS_VIDEO_CALLING_FALLBACK=true}] GroupId: ***] with handle: ComponentInfo{com.android.phone/com.android.services.telephony.TelephonyConnectionService}, ***, UserHandle{0}
03-06 15:56:23.755  2476  2476 I TelecomFramework: PstnIncomingCallNotifier: Registering: Handler (com.android.internal.telephony.GsmCdmaPhone) {b312827}
03-06 15:56:23.757  2476  2476 D CallNotifier: updatePhoneStateListeners: update CF notifications.
03-06 15:56:23.757  2476  2476 I NotificationMgr: updateCfi: subId= 1, visible=N
03-06 15:56:23.758  2476  2476 I NotificationMgr: updateMwi(): subId 1 update to false
03-06 15:56:23.759  2476  2476 D MultiSimSettingController: onSubscriptionsChanged
03-06 15:56:23.759  2476  2476 D MultiSimSettingController: updateDefaults
03-06 15:56:23.759  2476  2476 D MultiSimSettingController: [updateDefaultValues] change: 0
03-06 15:56:23.760  2476  2476 I VvmSimStateTracker: android.intent.action.SIM_STATE_CHANGED
03-06 15:56:23.761  4030  4030 I Dialer  : LegacyVoicemailNotificationReceiver.onReceive - received legacy voicemail notification
03-06 15:56:23.761  4030  4030 I Dialer  : LegacyVoicemailNotificationReceiver.onReceive - isRefresh: true
03-06 15:56:23.761  4030  4030 I Dialer  : LegacyVoicemailNotificationReceiver.onReceive - clearing notification
03-06 15:56:23.761  4030  4030 I Dialer  : LegacyVoicemailNotifier.cancelNotification - enter
03-06 15:56:23.762  6392  6392 I Finsky  : [2] com.google.android.finsky.simhandler.SimStateReceiver.a(6): android.intent.action.SIM_STATE_CHANGED : simState = LOADED
03-06 15:56:23.766  2476  2476 I TelecomFramework: : onSubscriptionsChanged - update accounts
03-06 15:56:23.766  2476  2476 I TelecomFramework: PstnIncomingCallNotifier: Unregistering: Handler (com.android.internal.telephony.GsmCdmaPhone) {b312827}
03-06 15:56:23.766  2476  2476 I TelecomFramework: TelecomAccountRegistry: setupAccounts: Found 1 phones.  Attempting to register.
03-06 15:56:23.766  2476  2476 I TelecomFramework: TelecomAccountRegistry: setupAccounts: Phone with subscription id 1
03-06 15:56:23.768  2387  8508 I constellation: [sim_state_checker] sim state checker is disabled.
03-06 15:56:23.772  2026  3208 I Telecom : PhoneAccountRegistrar: Modify account: [ComponentInfo{com.android.phone/com.android.services.telephony.TelephonyConnectionService}, ***, UserHandle{0}]: TSI.rPA@Bz8
03-06 15:56:23.772  2026  3208 I Telecom : CallsManager: handlePhoneAccountChanged: phoneAccount=[[X] PhoneAccount: ComponentInfo{com.android.phone/com.android.services.telephony.TelephonyConnectionService}, ***, UserHandle{0} Capabilities: CallProvider MultiUser PlaceEmerg SimSub  Audio Routes: BESW Schemes: tel voicemail  Extras: Bundle[{android.telecom.extra.SUPPORTS_VIDEO_CALLING_FALLBACK=true}] GroupId: ***]: TSI.rPA@Bz8
03-06 15:56:23.773  2476  2476 I TelecomFramework: AccountEntry: Registered phoneAccount: [[ ] PhoneAccount: ComponentInfo{com.android.phone/com.android.services.telephony.TelephonyConnectionService}, ***, UserHandle{0} Capabilities: CallProvider MultiUser PlaceEmerg SimSub  Audio Routes: BESW Schemes: tel voicemail  Extras: Bundle[{android.telecom.extra.SUPPORTS_VIDEO_CALLING_FALLBACK=true}] GroupId: ***] with handle: ComponentInfo{com.android.phone/com.android.services.telephony.TelephonyConnectionService}, ***, UserHandle{0}
03-06 15:56:23.773  2476  2476 I TelecomFramework: PstnIncomingCallNotifier: Registering: Handler (com.android.internal.telephony.GsmCdmaPhone) {b312827}
03-06 15:56:23.774  2476  2476 D CallNotifier: updatePhoneStateListeners: update CF notifications.
03-06 15:56:23.774  2476  2476 I NotificationMgr: updateCfi: subId= 1, visible=N
03-06 15:56:23.775  2476  2476 I NotificationMgr: updateMwi(): subId 1 update to false
03-06 15:56:23.776  2476  2476 D MultiSimSettingController: onSubscriptionsChanged
03-06 15:56:23.776  2476  2476 D MultiSimSettingController: updateDefaults
03-06 15:56:23.776  2476  2476 D MultiSimSettingController: [updateDefaultValues] change: 0
03-06 15:56:23.776  2476  2476 D CarrierConfigLoader: mHandler: 7 phoneId: 0
03-06 15:56:23.776  2476  2476 D CarrierConfigLoader: Loaded config from XML. package=com.android.carrierconfig phoneId=0
03-06 15:56:23.777  2476  2476 D CarrierSvcBindHelper: mHandler: 0
03-06 15:56:23.777  2476  2476 D CarrierSvcBindHelper: Rebinding if necessary for phoneId: 0
03-06 15:56:23.777  2476  2476 D CarrierSvcBindHelper: No carrier app for: 0
03-06 15:56:23.778  4030  4030 I Dialer  : LegacyVoicemailNotificationReceiver.onReceive - received legacy voicemail notification
03-06 15:56:23.778  4030  4030 I Dialer  : LegacyVoicemailNotificationReceiver.onReceive - isRefresh: true
03-06 15:56:23.778  4030  4030 I Dialer  : LegacyVoicemailNotificationReceiver.onReceive - clearing notification
03-06 15:56:23.778  4030  4030 I Dialer  : LegacyVoicemailNotifier.cancelNotification - enter
03-06 15:56:23.795  2476  3413 D IccSmsInterfaceManager: [IccSmsInterfaceManager] Failed to add GSM cell broadcast channels range 4383 to 4383
03-06 15:56:23.801  2476  2476 I CallNotifier: onCallForwardingIndicatorChanged(): subId=1, visible=N
03-06 15:56:23.801  2476  2476 D CallNotifier: updatePhoneStateListeners: update CF notifications.
03-06 15:56:23.801  2476  2476 I NotificationMgr: updateCfi: subId= 1, visible=N
03-06 15:56:23.801  2476  2476 I NotificationMgr: updateMwi(): subId 1 update to false
03-06 15:56:23.802  2476  3413 D IccSmsInterfaceManager: [IccSmsInterfaceManager] Calling setGsmBroadcastConfig with 1 configurations
03-06 15:56:23.804  2476  2476 D CallNotifier: updatePhoneStateListeners: update CF notifications.
03-06 15:56:23.804  2476  2476 I NotificationMgr: updateCfi: subId= 1, visible=N
03-06 15:56:23.804  2476  2476 I NotificationMgr: updateMwi(): subId 1 update to false
03-06 15:56:23.806  2476  2476 I TelecomFramework: PstnPhoneCapabilitiesNotifier: handleVideoCapabilitesChanged. Video capability - false
03-06 15:56:23.806  4030  4030 I Dialer  : LegacyVoicemailNotificationReceiver.onReceive - received legacy voicemail notification
03-06 15:56:23.806  4030  4030 I Dialer  : LegacyVoicemailNotificationReceiver.onReceive - isRefresh: true
03-06 15:56:23.806  4030  4030 I Dialer  : LegacyVoicemailNotificationReceiver.onReceive - clearing notification
03-06 15:56:23.806  4030  4030 I Dialer  : LegacyVoicemailNotifier.cancelNotification - enter
03-06 15:56:23.806  4030  4030 I Dialer  : LegacyVoicemailNotifier.cancelNotification - 'null' id, canceling all legacy voicemail notifications
03-06 15:56:23.808  4030  4030 I Dialer  : LegacyVoicemailNotificationReceiver.onReceive - received legacy voicemail notification
03-06 15:56:23.808  4030  4030 I Dialer  : LegacyVoicemailNotificationReceiver.onReceive - isRefresh: false
03-06 15:56:23.808  4030  4030 I Dialer  : LegacyVoicemailNotificationReceiver.onReceive - clearing notification
03-06 15:56:23.808  4030  4030 I Dialer  : LegacyVoicemailNotifier.cancelNotification - enter
03-06 15:56:23.808  4030  4030 I Dialer  : LegacyVoicemailNotifier.cancelNotification - 'null' id, canceling all legacy voicemail notifications
03-06 15:56:23.810  1676  1676 I hwservicemanager: getTransport: Cannot find entry android.hardware.radio.config@1.1::IRadioConfig/default in either framework or device manifest.
03-06 15:56:23.810  1676  1676 I hwservicemanager: getTransport: Cannot find entry android.hardware.radio.config@1.0::IRadioConfig/default in either framework or device manifest.
03-06 15:56:23.813  1676  1676 I hwservicemanager: getTransport: Cannot find entry android.hardware.radio.config@1.1::IRadioConfig/default in either framework or device manifest.
03-06 15:56:23.813  1676  1676 I hwservicemanager: getTransport: Cannot find entry android.hardware.radio.config@1.0::IRadioConfig/default in either framework or device manifest.
03-06 15:56:23.814  1676  1676 I hwservicemanager: getTransport: Cannot find entry android.hardware.radio.config@1.1::IRadioConfig/default in either framework or device manifest.
03-06 15:56:23.814  1676  1676 I hwservicemanager: getTransport: Cannot find entry android.hardware.radio.config@1.0::IRadioConfig/default in either framework or device manifest.
03-06 15:56:23.817  7418  7418 D CarrierDefaultBroadcastReceiver: onReceive intent: com.android.internal.telephony.CARRIER_SIGNAL_RESET
03-06 15:56:23.818  2476  2476 E PhoneInterfaceManager: [PhoneIntfMgr] getIccId: No UICC
03-06 15:56:23.819  7418  7418 D CarrierDefaultBroadcastReceiver: apply carrier action idx: 6
03-06 15:56:23.819  7418  7418 D CarrierActionUtils: onCancelAllNotifications
03-06 15:56:23.819  7418  7418 D CarrierDefaultBroadcastReceiver: apply carrier action idx: 8
03-06 15:56:23.819  7418  7418 D CarrierActionUtils: onDisableDefaultURLHandler
03-06 15:56:23.815  2476  2476 I chatty  : uid=1001(radio) com.android.phone identical 4 lines
03-06 15:56:23.818  2476  2476 I TelecomFramework: PstnPhoneCapabilitiesNotifier: handleVideoCapabilitesChanged. Video capability - false
03-06 15:56:23.823  2026  3208 I Telecom : PhoneAccountRegistrar: New phone account registered: [[ ] PhoneAccount: ComponentInfo{com.android.phone/com.android.services.telephony.TelephonyConnectionService}, ***, UserHandle{0} Capabilities: CallProvider MultiUser PlaceEmerg SimSub  Audio Routes: BESW Schemes: tel voicemail  Extras: Bundle[{android.telecom.extra.SUPPORTS_VIDEO_CALLING_FALLBACK=true}] GroupId: ***]: TSI.rPA@B0I
03-06 15:56:23.824  2026  3208 I Telecom : CallsManager: Sending phone-account ComponentInfo{com.android.phone/com.android.services.telephony.TelephonyConnectionService}, ***, UserHandle{0} registered intent as user: TSI.rPA@B0I
03-06 15:56:23.824  2026  3208 I Telecom : CallsManager: Sending phone-account registered intent to default dialer: TSI.rPA@B0I
03-06 15:56:23.825  2476  2476 D CarrierConfigLoader: mHandler: 5 phoneId: 0
03-06 15:56:23.825  2476  2476 E PhoneInterfaceManager: [PhoneIntfMgr] getCarrierPackageNamesForIntent: No UICC
03-06 15:56:23.827  2476  2476 D IntentBroadcaster: Broadcasting and adding intent for rebroadcast: android.intent.action.SIM_STATE_CHANGED UNKNOWN for slotId 0
03-06 15:56:23.828  2184  2184 V KeyguardUpdateMonitor: action android.intent.action.SIM_STATE_CHANGED state: UNKNOWN slotId: 0 subid: 1
03-06 15:56:23.828  2184  2184 D KeyguardUpdateMonitor: handleSimStateChange(subId=1, slotId=0, state=UNKNOWN)
03-06 15:56:23.828  2803  2803 I rcs     : [PresencePublication] onReceive intent=Intent { act=android.intent.action.SIM_STATE_CHANGED flg=0x5000010 (has extras) }
03-06 15:56:23.828  2803  2803 I rcs     : [PresencePublication] ACTION_SIM_STATE_CHANGED INTENT_KEY_ICC_STATE=UNKNOWN
03-06 15:56:23.828  2803  2803 I rcs     : [RcsService] onReceive intent=Intent { act=android.intent.action.SIM_STATE_CHANGED flg=0x5000010 (has extras) }
03-06 15:56:23.830  2476  2476 D CarrierConfigLoader: update config for phoneId: 0 simState: UNKNOWN
03-06 15:56:23.831  2476  2476 D CarrierSvcBindHelper: update binding for phoneId: 0 simState: UNKNOWN
03-06 15:56:23.834  2476  2476 D TelephonyProvider: match current APN size:  0
03-06 15:56:23.834  2476  2476 E TelephonyProvider: iccRecords is null
03-06 15:56:23.836  2476  2476 E PhoneInterfaceManager: [PhoneIntfMgr] getIccId: No UICC
03-06 15:56:23.838  2476  2476 I VvmSimStateTracker: android.intent.action.SIM_STATE_CHANGED
03-06 15:56:23.839  2476  2476 D CarrierConfigLoader: mHandler: 0 phoneId: 0
03-06 15:56:23.839  6392  6392 I Finsky  : [2] com.google.android.finsky.simhandler.SimStateReceiver.a(6): android.intent.action.SIM_STATE_CHANGED : simState = UNKNOWN
03-06 15:56:23.841  2476  2476 D CarrierConfigLoader: Broadcast CARRIER_CONFIG_CHANGED for phone 0
03-06 15:56:23.841  2476  2476 D CarrierSvcBindHelper: mHandler: 0
03-06 15:56:23.841  2476  2476 D CarrierSvcBindHelper: Rebinding if necessary for phoneId: 0
03-06 15:56:23.841  2476  2476 E PhoneInterfaceManager: [PhoneIntfMgr] getCarrierPackageNamesForIntent: No UICC
03-06 15:56:23.841  2476  2476 D CarrierSvcBindHelper: No carrier app for: 0
03-06 15:56:23.841  2476  2476 D CarrierConfigLoader: mHandler: 16 phoneId: 0
03-06 15:56:23.842  2476  2476 D CarrierConfigLoader: Broadcast CARRIER_CONFIG_CHANGED for phone 0
03-06 15:56:23.842  4330  4330 I Bugle   : Carrier config changed. Reloading MMS config.
03-06 15:56:23.843  4113  4113 D CellBroadcastReceiver: onReceive Intent { act=android.telephony.action.CARRIER_CONFIG_CHANGED flg=0x15000010 cmp=com.android.cellbroadcastreceiver/.CellBroadcastReceiver (has extras) }
03-06 15:56:23.843  4113  4113 D CellBroadcastReceiver: initializeSharedPreference
03-06 15:56:23.843  2476  3366 E CarrierInfoManager: Invalid networkOperator: 
03-06 15:56:23.846  2387  7815 I constellation: [sim_state_checker] sim state checker is disabled.
03-06 15:56:23.846  4113  4113 D CellBroadcastReceiver: Default interval 0 did not change.
03-06 15:56:23.846  4113  4113 D CellBroadcastReceiver: Start Cell Broadcast configuration.
03-06 15:56:23.847  4330  4330 I Bugle   : Carrier config changed. Reloading MMS config.
03-06 15:56:23.850  2026  2043 D AlarmManagerService: Kernel timezone updated to 0 minutes west of GMT
03-06 15:56:23.853  2026  2026 I Telecom : PhoneAccountRegistrar: getSimCallManager: SimCallManager for subId 1 queried, returning: null: CM.CCCR->CM.UECNT->CM.CCCR->CM.UECNT->CM.CCCR->CM.UECNT->CM.CCCR->CM.UECNT->CM.CCCR->CM.UECNT->CM.CCCR->CM.UECNT->CM.CCCR->CM.UECNT->CM.CCCR->CM.UECNT->CM.CCCR->CM.UECNT->CM.CCCR->CM.UECNT->CM.CCCR->CM.UECNT->CM.CCCR->CM.UECNT->CM.CCCR->CM.UECNT->CM.CCCR->CM.UECNT->CM.CCCR->CM.UECNT->CM.CCCR->CM.UECNT->CM.CCCR->CM.UECNT->CM.CCCR->CM.UECNT->CM.CCCR->CM.UECNT->CM.CCCR->CM.UECNT->CM.CCCR->CM.UECNT->CM.CCCR->CM.UECNT->CM.CCCR->CM.UECNT->CM.CCCR->CM.UECNT->CM.CCCR->CM.UECNT->CM.CCCR->CM.UECNT->CM.CCCR->CM.UECNT->CM.CCCR->CM.UECNT->CM.CCCR->CM.UECNT->CM.CCCR->CM.UECNT->CM.CCCR->CM.UECNT->CM.CCCR->CM.UECNT->CM.CCCR->CM.UECNT->CM.CCCR->CM.UECNT->CM.CCCR->CM.UECNT->CM.CCCR->CM.UECNT->CM.CCCR->CM.UECNT->CM.CCCR->CM.UECNT->CM.CCCR->CM.UECNT->CM.CCCR->CM.UECNT->CM.CCCR->CM.UECNT->CM.CCCR->CM.UECNT->CM.CCCR->CM.UECNT->CM.CCCR->CM.UECNT->CM.CCCR->CM.UECNT->CM.CCCR->CM.UECNT->CM.CCCR->CM.UECNT->CM.CCCR->CM.UECNT->CM.CCCR->CM.UECNT->CM.CCCR->CM.UECNT->CM.CCCR->CM.UECNT->CM.CCCR->CM.UECNT->CM.CCCR->CM.UECNT->CM.CCCR->CM.UECNT->CM.CCCR->CM.UECNT->CM.CCCR->CM.UECNT->CM.CCCR->CM.UECNT->CM.CCCR->CM.UECNT->CM.CCCR->CM.UECNT->CM.CCCR->CM.UECNT->CM.CCCR->CM.UECNT->CM.CCCR->CM.UECNT->CM.CCCR->CM.UECNT->CM.CCCR->CM.UECNT->CM.CCCR->CM.UECNT->CM.CCCR->CM.UECNT->CM.CCCR->CM.UECNT->CM.CCCR->CM.UECNT->CM.CCCR->CM.UECNT->CM.CCCR->CM.UECNT->CM.CCCR->CM.UECNT->CM.CCCR->CM.UECNT->CM.CCCR->CM.UECNT->CM.CCCR->CM.UECNT->CM.CCCR->CM.UECNT->CM.CCCR->CM.UECNT->CM.CCCR->CM.UECNT->CM.CCCR->CM.UECNT->CM.CCCR->CM.UECNT->CM.CCCR->CM.UECNT->CM.CCCR->CM.UECNT->CM.CCCR->CM.UECNT@AD4
03-06 15:56:23.860  2476  2476 I TelecomFramework: : Carrier-config changed, checking for phone account updates.
03-06 15:56:23.863  2476  2476 D OtaspSimStateReceiver: Received intent: android.telephony.action.CARRIER_CONFIG_CHANGED
03-06 15:56:23.868  2476  3532 E CarrierInfoManager: Invalid networkOperator: 
03-06 15:56:23.863  2476  2476 I TelecomFramework: : Carrier-config changed, checking for phone account updates.
03-06 15:56:23.871  2026  2026 I Telecom : PhoneAccountRegistrar: getSimCallManager: SimCallManager for subId 1 queried, returning: null: CM.CCCR->CM.UECNT->CM.CCCR->CM.UECNT->CM.CCCR->CM.UECNT->CM.CCCR->CM.UECNT->CM.CCCR->CM.UECNT->CM.CCCR->CM.UECNT->CM.CCCR->CM.UECNT->CM.CCCR->CM.UECNT->CM.CCCR->CM.UECNT->CM.CCCR->CM.UECNT->CM.CCCR->CM.UECNT->CM.CCCR->CM.UECNT->CM.CCCR->CM.UECNT->CM.CCCR->CM.UECNT->CM.CCCR->CM.UECNT->CM.CCCR->CM.UECNT->CM.CCCR->CM.UECNT->CM.CCCR->CM.UECNT->CM.CCCR->CM.UECNT->CM.CCCR->CM.UECNT->CM.CCCR->CM.UECNT->CM.CCCR->CM.UECNT->CM.CCCR->CM.UECNT->CM.CCCR->CM.UECNT->CM.CCCR->CM.UECNT->CM.CCCR->CM.UECNT->CM.CCCR->CM.UECNT->CM.CCCR->CM.UECNT->CM.CCCR->CM.UECNT->CM.CCCR->CM.UECNT->CM.CCCR->CM.UECNT->CM.CCCR->CM.UECNT->CM.CCCR->CM.UECNT->CM.CCCR->CM.UECNT->CM.CCCR->CM.UECNT->CM.CCCR->CM.UECNT->CM.CCCR->CM.UECNT->CM.CCCR->CM.UECNT->CM.CCCR->CM.UECNT->CM.CCCR->CM.UECNT->CM.CCCR->CM.UECNT->CM.CCCR->CM.UECNT->CM.CCCR->CM.UECNT->CM.CCCR->CM.UECNT->CM.CCCR->CM.UECNT->CM.CCCR->CM.UECNT->CM.CCCR->CM.UECNT->CM.CCCR->CM.UECNT->CM.CCCR->CM.UECNT->CM.CCCR->CM.UECNT->CM.CCCR->CM.UECNT->CM.CCCR->CM.UECNT->CM.CCCR->CM.UECNT->CM.CCCR->CM.UECNT->CM.CCCR->CM.UECNT->CM.CCCR->CM.UECNT->CM.CCCR->CM.UECNT->CM.CCCR->CM.UECNT->CM.CCCR->CM.UECNT->CM.CCCR->CM.UECNT->CM.CCCR->CM.UECNT->CM.CCCR->CM.UECNT->CM.CCCR->CM.UECNT->CM.CCCR->CM.UECNT->CM.CCCR->CM.UECNT->CM.CCCR->CM.UECNT->CM.CCCR->CM.UECNT->CM.CCCR->CM.UECNT->CM.CCCR->CM.UECNT->CM.CCCR->CM.UECNT->CM.CCCR->CM.UECNT->CM.CCCR->CM.UECNT->CM.CCCR->CM.UECNT->CM.CCCR->CM.UECNT->CM.CCCR->CM.UECNT->CM.CCCR->CM.UECNT->CM.CCCR->CM.UECNT->CM.CCCR->CM.UECNT->CM.CCCR->CM.UECNT->CM.CCCR->CM.UECNT->CM.CCCR->CM.UECNT->CM.CCCR->CM.UECNT->CM.CCCR->CM.UECNT@AD4
03-06 15:56:23.874  2026  2026 D ConditionProviders.SCP: onReceive android.intent.action.TIMEZONE_CHANGED
03-06 15:56:23.874  2026  2026 D ConditionProviders.SCP: evaluateSubscriptionLocked cal=ScheduleCalendar[mDays={1, 2, 3, 4, 5, 6, 7}, mSchedule=ScheduleInfo{days=[1, 2, 3, 4, 5, 6, 7], startHour=22, startMinute=0, endHour=7, endMinute=0, exitAtAlarm=true, nextAlarm=Thu Jan 01 00:00:00 GMT 1970 (0)}], now=Wed Mar 06 20:56:23 GMT 2024 (1709758583874), nextUserAlarmTime=Thu Jan 01 00:00:00 GMT 1970 (0)
03-06 15:56:23.874  2026  2026 D ConditionProviders.SCP: notifyCondition condition://android/schedule?days=1.2.3.4.5.6.7&start=22.0&end=7.0&exitAtAlarm=true STATE_FALSE reason=!meetsSchedule
03-06 15:56:23.875  2026  2026 D ConditionProviders.SCP: Scheduling evaluate for Wed Mar 06 22:00:00 GMT 2024 (1709762400000), in +1h3m36s126ms, now=Wed Mar 06 20:56:23 GMT 2024 (1709758583874)
03-06 15:56:23.878  5804  5804 I AlarmClock: AlarmInitReceiver android.intent.action.TIMEZONE_CHANGED
03-06 15:56:23.879  5804  9375 I AlarmClock: Connected Dock: null
03-06 15:56:23.880  5804  9375 I AlarmClock: Removing AlarmClockInfo
03-06 15:56:23.881  2476  2476 D TelephonyProvider: subIdString = 1 subId = 1
03-06 15:56:23.883  5804  5804 I AlarmClock: DigitalAppWidgetProvider processing Intent { act=android.intent.action.TIMEZONE_CHANGED flg=0x21200010 cmp=com.google.android.deskclock/com.android.alarmclock.DigitalAppWidgetProvider (has extras) }
03-06 15:56:23.886  2476  2476 E PhoneInterfaceManager: [PhoneIntfMgr] getIccId: No UICC
03-06 15:56:23.897  2184  2184 V KeyguardUpdateMonitor: onSubscriptionInfoChanged()
03-06 15:56:23.899  2184  2184 V KeyguardUpdateMonitor: SubInfo:{id=1, iccId=890141032[****] simSlotIndex=0 carrierId=1 displayName=T-Mobile carrierName=No service nameSource=3 iconTint=-16746133 mNumber=[****] dataRoaming=0 iconBitmap=android.graphics.Bitmap@aa1480c mcc 310 mnc 260mCountryIso=us isEmbedded false accessRules null cardString=890141032[****] cardId=-1 isOpportunistic false mGroupUUID=null mIsGroupDisabled=false profileClass=-1 ehplmns = null hplmns = null subscriptionType=0 mGroupOwner=null}
03-06 15:56:23.899  2026  2873 D AlarmManagerService: Kernel timezone updated to 0 minutes west of GMT
03-06 15:56:23.900  6392  6424 I Finsky  : [493] fpw.a(10): onSubscriptionsChanged
03-06 15:56:23.900  6392  6424 I Finsky  : [493] fpt.c(15): notifySubscriptionInfoChangedListener: DataSubscriptionInfo=null
03-06 15:56:23.900  2026  2043 I LocationAccessPolicy: Allowing com.google.android.inputmethod.latin fine because it doesn't target API 29 yet. Please fix this app. Called from TelephonyRegistry push
03-06 15:56:23.901  2026  2123 E NetworkPolicy: Missing subscriberId for subId 1
03-06 15:56:23.901  2026  2123 W BestClock: java.time.DateTimeException: Missing NTP fix
03-06 15:56:23.902  2026  2123 W BestClock: java.time.DateTimeException: Missing NTP fix
03-06 15:56:23.902  1773  1773 I netd    : bandwidthSetGlobalAlert(2097152) <0.07ms>
03-06 15:56:23.903  2026  2043 I LocationAccessPolicy: Allowing com.google.android.apps.messaging fine because it doesn't target API 29 yet. Please fix this app. Called from TelephonyRegistry push
03-06 15:56:23.906  2026  2053 I DropBoxManagerService: add tag=system_server_wtf isTagEnabled=true flags=0x2
03-06 15:56:23.910  4113  4113 D CellBroadcastReceiver: onReceive Intent { act=android.intent.action.SERVICE_STATE flg=0x1000010 cmp=com.android.cellbroadcastreceiver/.CellBroadcastReceiver (has extras) }
03-06 15:56:23.910  2476  2476 D ServiceStateProvider: subId=1
03-06 15:56:23.925  6392  6392 I Finsky  : [2] pxd.b(7): Jobs in database: 12-1 21-333333333 28--559038737 31-305419896 
03-06 15:56:23.925  6392  6392 I Finsky  : [2] puk.a(113): ConstraintMapping: 12-1, 21-333333333, 28--559038737, 31-305419896,  -> L: 0ms, D: 82450193ms, C: false, I: false, N: 1
03-06 15:56:23.925  6392  6637 I Finsky  : [539] qjn.b(1): SIM removed, prefetching preloads
03-06 15:56:23.926  6392  6428 I Finsky  : [495] qjm.call(2): Prefetching preloads for account null
03-06 15:56:23.926  6392  6428 W Finsky  : [495] cwl.a(19): For unauth, use getDfeApiNonAuthenticated() instead!
03-06 15:56:23.926  2476  2476 I VvmSimStateTracker: android.telephony.action.CARRIER_CONFIG_CHANGED
03-06 15:56:23.926  2476  2476 I VvmSimStateTracker: Received SIM change for invalid subscription id.
03-06 15:56:23.926  6392  6428 I Finsky  : [495] qnu.a(19): No PAI stub found
03-06 15:56:23.926  6392  6428 E Finsky  : [495] qjm.call(31): Error prefetching preloads, using account=null, preloads=NULL, preloadRros=NULL, preloadGroups=NULL
03-06 15:56:23.926  6392  6428 E Finsky  : com.google.android.finsky.setup.fetchers.RawDocumentsFetchException[reason=pai_config, account=null]
03-06 15:56:23.926  6392  6428 E Finsky  : 	at qnu.a(SourceFile:19)
03-06 15:56:23.926  6392  6428 E Finsky  : 	at qjm.call(Unknown Source:2)
03-06 15:56:23.926  6392  6428 E Finsky  : 	at afxg.a(SourceFile:1)
03-06 15:56:23.926  6392  6428 E Finsky  : 	at afwi.run(SourceFile:3)
03-06 15:56:23.926  6392  6428 E Finsky  : 	at afxf.run(SourceFile:2)
03-06 15:56:23.926  6392  6428 E Finsky  : 	at java.util.concurrent.ThreadPoolExecutor.runWorker(ThreadPoolExecutor.java:1167)
03-06 15:56:23.926  6392  6428 E Finsky  : 	at java.util.concurrent.ThreadPoolExecutor$Worker.run(ThreadPoolExecutor.java:641)
03-06 15:56:23.926  6392  6428 E Finsky  : 	at unn.run(Unknown Source:7)
03-06 15:56:23.926  6392  6428 E Finsky  : 	at java.lang.Thread.run(Thread.java:919)
03-06 15:56:23.927  6392  6428 I Finsky  : [495] qjn.a(10): VpaSelectionActivity will be disabled
03-06 15:56:23.927  6392  6392 I Finsky  : [2] com.google.android.finsky.scheduler.JobSchedulerEngine.a(42): Cancelling existing job with id: 9001
03-06 15:56:23.929  4165  4165 I CarrierServices: [2] ServiceStateReceiver.onReceive: Received SERVICE_STATE intent.
03-06 15:56:23.931  2476  2476 D TelephonyProvider: match current APN size:  0
03-06 15:56:23.931  2476  2476 E TelephonyProvider: iccRecords is null
03-06 15:56:23.932  2476  2490 W System  : A resource failed to call close. 
03-06 15:56:23.934  6392  6392 I Finsky  : [2] com.google.android.finsky.scheduler.JobSchedulerEngine.a(4): Scheduling job Id: 9000, L: 0, D: 82450193, C: false, I: false, N: 1
03-06 15:56:23.934  4165  4218 I CarrierServices: [259] CarrierServicesReleaseApp.a: Initialized already, return.
03-06 15:56:23.935  6392  6637 I Finsky  : [539] fpy.a(5): notifySubscriptionInfoChangedListener success.
03-06 15:56:23.935  2476  2476 D CallNotifier: updatePhoneStateListeners: update CF notifications.
03-06 15:56:23.935  2476  2476 I NotificationMgr: updateCfi: subId= 1, visible=N
03-06 15:56:23.936  2476  2476 I NotificationMgr: updateMwi(): subId 1 update to false
03-06 15:56:23.937  2476  2476 I TelecomFramework: : onSubscriptionsChanged - update accounts
03-06 15:56:23.937  2476  2476 I TelecomFramework: PstnIncomingCallNotifier: Unregistering: Handler (com.android.internal.telephony.GsmCdmaPhone) {b312827}
03-06 15:56:23.937  2476  2476 I TelecomFramework: TelecomAccountRegistry: setupAccounts: Found 1 phones.  Attempting to register.
03-06 15:56:23.937  2476  2476 I TelecomFramework: TelecomAccountRegistry: setupAccounts: Phone with subscription id 1
03-06 15:56:23.937  2476  2476 I TelecomFramework: TelecomAccountRegistry: setupAccounts: adding default
03-06 15:56:23.938  2476  2476 E PhoneInterfaceManager: [PhoneIntfMgr] getIccId: No UICC
03-06 15:56:23.943  2026  2573 I Telecom : PhoneAccountRegistrar: New phone account registered: [[ ] PhoneAccount: ComponentInfo{com.android.phone/com.android.services.telephony.TelephonyConnectionService}, ***, UserHandle{0} Capabilities: CallProvider MultiUser PlaceEmerg SimSub  Audio Routes: BESW Schemes: tel voicemail  Extras: Bundle[{android.telecom.extra.SUPPORTS_VIDEO_CALLING_FALLBACK=true}] GroupId: ***]: TSI.rPA@B0Q
03-06 15:56:23.944  2026  2573 I Telecom : CallsManager: Sending phone-account ComponentInfo{com.android.phone/com.android.services.telephony.TelephonyConnectionService}, ***, UserHandle{0} registered intent as user: TSI.rPA@B0Q
03-06 15:56:23.946  2026  2573 I Telecom : CallsManager: Sending phone-account registered intent to default dialer: TSI.rPA@B0Q
03-06 15:56:23.946  2476  2476 I TelecomFramework: AccountEntry: Registered phoneAccount: [[ ] PhoneAccount: ComponentInfo{com.android.phone/com.android.services.telephony.TelephonyConnectionService}, ***, UserHandle{0} Capabilities: CallProvider MultiUser PlaceEmerg SimSub  Audio Routes: BESW Schemes: tel voicemail  Extras: Bundle[{android.telecom.extra.SUPPORTS_VIDEO_CALLING_FALLBACK=true}] GroupId: ***] with handle: ComponentInfo{com.android.phone/com.android.services.telephony.TelephonyConnectionService}, ***, UserHandle{0}
03-06 15:56:23.946  2476  2476 I TelecomFramework: PstnIncomingCallNotifier: Registering: Handler (com.android.internal.telephony.GsmCdmaPhone) {b312827}
03-06 15:56:23.947  2476  2476 I TelecomFramework: TelecomAccountRegistry: Unregistering phone account ComponentInfo{com.android.phone/com.android.services.telephony.TelephonyConnectionService}, ***, UserHandle{0}.
03-06 15:56:23.947  4113  4113 D CellBroadcastReceiver: onReceive Intent { act=android.telephony.action.CARRIER_CONFIG_CHANGED flg=0x15000010 cmp=com.android.cellbroadcastreceiver/.CellBroadcastReceiver (has extras) }
03-06 15:56:23.948  4113  4113 D CellBroadcastReceiver: initializeSharedPreference
03-06 15:56:23.948  2026  3208 I Telecom : CallsManager: Sending phone-account ComponentInfo{com.android.phone/com.android.services.telephony.TelephonyConnectionService}, ***, UserHandle{0} unregistered intent as user: TSI.uPA@B0Y
03-06 15:56:23.948  2026  3208 I Telecom : CallsManager: Sending phone-account unregistered intent to default dialer: TSI.uPA@B0Y
03-06 15:56:23.948  2476  2476 I TelecomFramework: TelecomAccountRegistry: Unregistering phone account ComponentInfo{com.android.phone/com.android.services.telephony.TelephonyConnectionService}, ***, UserHandle{0}.
03-06 15:56:23.950  2026  3208 I Telecom : CallsManager: Sending phone-account ComponentInfo{com.android.phone/com.android.services.telephony.TelephonyConnectionService}, ***, UserHandle{0} unregistered intent as user: TSI.uPA@B0c
03-06 15:56:23.950  2026  3208 I Telecom : CallsManager: Sending phone-account unregistered intent to default dialer: TSI.uPA@B0c
03-06 15:56:23.951  2476  2476 D MultiSimSettingController: onSubscriptionsChanged
03-06 15:56:23.951  2476  2476 D MultiSimSettingController: updateDefaults
03-06 15:56:23.951  2476  2476 D MultiSimSettingController: [updateDefaultValues] change: 0
03-06 15:56:23.952  4113  4113 D CellBroadcastReceiver: Default interval 0 did not change.
03-06 15:56:23.952  4113  4113 D CellBroadcastReceiver: Start Cell Broadcast configuration.
03-06 15:56:23.952  2026  2873 D AlarmManagerService: Kernel timezone updated to 0 minutes west of GMT
03-06 15:56:23.957  2476  2476 I TelecomFramework: PstnPhoneCapabilitiesNotifier: handleVideoCapabilitesChanged. Video capability - false
03-06 15:56:23.957  2476  2476 E PhoneInterfaceManager: [PhoneIntfMgr] getIccId: No UICC
03-06 15:56:23.960  2026  2573 I Telecom : PhoneAccountRegistrar: Modify account: [ComponentInfo{com.android.phone/com.android.services.telephony.TelephonyConnectionService}, ***, UserHandle{0}]: TSI.rPA@B0o
03-06 15:56:23.960  2026  2573 I Telecom : CallsManager: handlePhoneAccountChanged: phoneAccount=[[X] PhoneAccount: ComponentInfo{com.android.phone/com.android.services.telephony.TelephonyConnectionService}, ***, UserHandle{0} Capabilities: CallProvider MultiUser PlaceEmerg SimSub  Audio Routes: BESW Schemes: tel voicemail  Extras: Bundle[{android.telecom.extra.SUPPORTS_VIDEO_CALLING_FALLBACK=true}] GroupId: ***]: TSI.rPA@B0o
03-06 15:56:23.961  2476  2476 D OtaspSimStateReceiver: Received intent: android.telephony.action.CARRIER_CONFIG_CHANGED
03-06 15:56:23.962  2476  2476 I VvmSimStateTracker: android.telephony.action.CARRIER_CONFIG_CHANGED
03-06 15:56:23.962  2476  2476 I VvmSimStateTracker: Received SIM change for invalid subscription id.
03-06 15:56:23.965  4165  4218 I CarrierServices: [259] CarrierServicesReleaseApp.a: Initialized already, return.
03-06 15:56:23.972  4030  4030 I Dialer  : LegacyVoicemailNotificationReceiver.onReceive - received legacy voicemail notification
03-06 15:56:23.972  4030  4030 I Dialer  : LegacyVoicemailNotificationReceiver.onReceive - isRefresh: true
03-06 15:56:23.972  4030  4030 I Dialer  : LegacyVoicemailNotificationReceiver.onReceive - clearing notification
03-06 15:56:23.972  4030  4030 I Dialer  : LegacyVoicemailNotifier.cancelNotification - enter
03-06 15:56:23.972  4030  4030 I Dialer  : LegacyVoicemailNotifier.cancelNotification - 'null' id, canceling all legacy voicemail notifications
03-06 15:56:23.981  2476  3413 D IccSmsInterfaceManager: [IccSmsInterfaceManager] Failed to add GSM cell broadcast channels range 4371 to 4372
03-06 15:56:23.982  2476  3413 D IccSmsInterfaceManager: [IccSmsInterfaceManager] Calling setCdmaBroadcastConfig with 1 configurations
03-06 15:56:23.993  2026  2573 D AlarmManagerService: Kernel timezone updated to 0 minutes west of GMT
03-06 15:56:24.010  2476  2476 D TelephonyProvider: subIdString = 1 subId = 1
03-06 15:56:24.015  2476  2476 E PhoneInterfaceManager: [PhoneIntfMgr] getIccId: ICC ID is null or empty.
03-06 15:56:24.019  2184  2184 V KeyguardUpdateMonitor: onSubscriptionInfoChanged()
03-06 15:56:24.019  2184  2184 V KeyguardUpdateMonitor: SubInfo:{id=1, iccId=890141032[****] simSlotIndex=0 carrierId=1 displayName=T-Mobile carrierName=Android nameSource=3 iconTint=-16746133 mNumber=[****] dataRoaming=0 iconBitmap=android.graphics.Bitmap@fe78555 mcc 310 mnc 260mCountryIso=us isEmbedded false accessRules null cardString=890141032[****] cardId=-1 isOpportunistic false mGroupUUID=null mIsGroupDisabled=false profileClass=-1 ehplmns = null hplmns = null subscriptionType=0 mGroupOwner=null}
03-06 15:56:24.019  2026  2123 E NetworkPolicy: Missing subscriberId for subId 1
03-06 15:56:24.020  2026  2053 I DropBoxManagerService: add tag=system_server_wtf isTagEnabled=true flags=0x2
03-06 15:56:24.020  2026  2123 W BestClock: java.time.DateTimeException: Missing NTP fix
03-06 15:56:24.021  2026  2123 W BestClock: java.time.DateTimeException: Missing NTP fix
03-06 15:56:24.022  2184  2184 D KeyguardViewMediator: onSimStateChanged(subId=1, slotId=0,state=READY)
03-06 15:56:24.022  1773  1773 I netd    : bandwidthSetGlobalAlert(2097152) <0.07ms>
03-06 15:56:24.022  2184  2184 D KeyguardViewMediator: READY, reset state? false
