--------- beginning of main
03-06 15:56:10.246  2476  2476 W ServiceManagement: Waited one second for android.hardware.radio@1.0::IRadio/slot1
03-06 15:56:10.246  2476  2476 I ServiceManagement: getService: Trying again for android.hardware.radio@1.0::IRadio/slot1...
--------- beginning of system
03-06 15:56:10.843  2026  2053 W BroadcastQueue: Background execution not allowed: receiving Intent { act=android.intent.action.DROPBOX_ENTRY_ADDED flg=0x10 (has extras) } to com.google.android.gms/.stats.service.DropBoxEntryAddedReceiver
03-06 15:56:10.843  2026  2053 W BroadcastQueue: Background execution not allowed: receiving Intent { act=android.intent.action.DROPBOX_ENTRY_ADDED flg=0x10 (has extras) } to com.google.android.gms/.chimera.GmsIntentOperationService$PersistentTrustedReceiver
03-06 15:56:11.127  1791  2388 E GnssHAL_GnssInterface: gnssSvStatusCb: a: input svInfo.flags is 8
03-06 15:56:11.127  1791  2388 E GnssHAL_GnssInterface: gnssSvStatusCb: b: input svInfo.flags is 8
03-06 15:56:11.248  2476  2476 W ServiceManagement: Waited one second for android.hardware.radio@1.0::IRadio/slot1
03-06 15:56:11.248  2476  2476 I ServiceManagement: getService: Trying again for android.hardware.radio@1.0::IRadio/slot1...
03-06 15:56:12.128  1791  2388 E GnssHAL_GnssInterface: gnssSvStatusCb: a: input svInfo.flags is 8
03-06 15:56:12.128  1791  2388 E GnssHAL_GnssInterface: gnssSvStatusCb: b: input svInfo.flags is 8
03-06 15:56:12.250  2476  2476 W ServiceManagement: Waited one second for android.hardware.radio@1.0::IRadio/slot1
03-06 15:56:12.250  2476  2476 I ServiceManagement: getService: Trying again for android.hardware.radio@1.0::IRadio/slot1...
03-06 15:56:12.596  2026  2043 I ActivityTaskManager: START u0 {act=android.intent.action.MAIN cat=[android.intent.category.LAUNCHER] flg=0x10000000 cmp=ru.iteco.fmhandroid.test/androidx.test.core.app.InstrumentationActivityInvoker$EmptyActivity} from uid 10134
03-06 15:56:12.599  7200  7200 D LifecycleMonitor: Lifecycle status change: ru.iteco.fmhandroid.ui.AppActivity@ace62ea in: PAUSED
03-06 15:56:12.599  7200  7200 V ActivityScenario: Activity lifecycle changed event received but ignored because the reported transition was not ON_CREATE while the last known transition was DESTROYED
03-06 15:56:12.599  7200  7200 V ActivityScenario: Update currentActivityStage to PAUSED, currentActivity=ru.iteco.fmhandroid.ui.AppActivity@ace62ea
03-06 15:56:12.600  2026  2048 E system_server: Invalid ID 0x00000000.
03-06 15:56:12.601  2026  2043 W InputReader: Device has associated, but no associated display id.
03-06 15:56:12.602  2026  2043 I chatty  : uid=1000(system) Binder:2026_2 identical 38 lines
03-06 15:56:12.602  2026  2043 W InputReader: Device has associated, but no associated display id.
03-06 15:56:12.603  7353  7353 W ActivityThread: handleWindowVisibility: no activity for token android.os.BinderProxy@a7e8ad
03-06 15:56:12.604  2026  2043 W InputReader: Device has associated, but no associated display id.
03-06 15:56:12.604  2026  2043 I chatty  : uid=1000(system) Binder:2026_2 identical 8 lines
03-06 15:56:12.604  2026  2043 W InputReader: Device has associated, but no associated display id.
03-06 15:56:12.615  1792  1887 D gralloc_ranchu: gralloc_alloc: Creating ashmem region of size 9592832
03-06 15:56:12.661  1792  1887 I chatty  : uid=1000(system) HwBinder:1792_1 identical 1 line
03-06 15:56:12.706  1792  1887 D gralloc_ranchu: gralloc_alloc: Creating ashmem region of size 9592832
03-06 15:56:12.709  2026  2048 W InputReader: Device has associated, but no associated display id.
03-06 15:56:12.709  2026  2048 I chatty  : uid=1000(system) android.anim identical 18 lines
03-06 15:56:12.709  2026  2048 W InputReader: Device has associated, but no associated display id.
03-06 15:56:12.714  1792  1792 D gralloc_ranchu: gralloc_alloc: Creating ashmem region of size 6139904
03-06 15:56:12.750  7200  7276 D EGL_emulation: eglMakeCurrent: 0xdee1ae40: ver 2 0 (tinfo 0xc2e69120)
03-06 15:56:12.758  1792  1887 D gralloc_ranchu: gralloc_alloc: Creating ashmem region of size 9592832
03-06 15:56:12.774  7353  7385 D EGL_emulation: eglMakeCurrent: 0xdb9591c0: ver 2 0 (tinfo 0xf2089d00)
03-06 15:56:12.789  1792  1887 D gralloc_ranchu: gralloc_alloc: Creating ashmem region of size 9592832
03-06 15:56:12.797  2026  2449 W InputReader: Device has associated, but no associated display id.
03-06 15:56:12.797  2026  2449 I chatty  : uid=1000(system) Binder:2026_8 identical 8 lines
03-06 15:56:12.797  2026  2449 W InputReader: Device has associated, but no associated display id.
03-06 15:56:12.832  2026  2052 I ActivityTaskManager: Displayed ru.iteco.fmhandroid.test/androidx.test.core.app.InstrumentationActivityInvoker$EmptyActivity: +216ms
03-06 15:56:12.839  2026  2871 W InputReader: Device has associated, but no associated display id.
03-06 15:56:12.839  2026  2871 I chatty  : uid=1000(system) Binder:2026_D identical 8 lines
03-06 15:56:12.839  2026  2871 W InputReader: Device has associated, but no associated display id.
03-06 15:56:12.845  7200  7200 D LifecycleMonitor: Lifecycle status change: ru.iteco.fmhandroid.ui.AppActivity@ace62ea in: STOPPED
03-06 15:56:12.845  7200  7200 V ActivityScenario: Activity lifecycle changed event received but ignored because the reported transition was not ON_CREATE while the last known transition was DESTROYED
03-06 15:56:12.845  7200  7200 V ActivityScenario: Update currentActivityStage to STOPPED, currentActivity=ru.iteco.fmhandroid.ui.AppActivity@ace62ea
03-06 15:56:12.848  7200  7200 D LifecycleMonitor: Lifecycle status change: ru.iteco.fmhandroid.ui.AppActivity@ace62ea in: DESTROYED
03-06 15:56:12.848  7200  7200 V ActivityScenario: Activity lifecycle changed event received but ignored because the reported transition was not ON_CREATE while the last known transition was DESTROYED
03-06 15:56:12.848  7200  7200 V ActivityScenario: Update currentActivityStage to DESTROYED, currentActivity=null
03-06 15:56:12.854  1792  1887 D gralloc_ranchu: gralloc_alloc: Creating ashmem region of size 9592832
03-06 15:56:12.867  1792  1792 D gralloc_ranchu: gralloc_alloc: Creating ashmem region of size 9592832
03-06 15:56:12.902  2890  3240 D EGL_emulation: eglMakeCurrent: 0xdee1c2e0: ver 2 0 (tinfo 0xc1d14460)
03-06 15:56:12.911  1792  1792 D gralloc_ranchu: gralloc_alloc: Creating ashmem region of size 9592832
03-06 15:56:12.937  1792  1887 D gralloc_ranchu: gralloc_alloc: Creating ashmem region of size 9592832
03-06 15:56:12.983  1792  1792 D gralloc_ranchu: gralloc_alloc: Creating ashmem region of size 9592832
03-06 15:56:13.011  2890  2890 W ThreadPoolDumper: Queue length for executor EventBus is now 11. Perhaps some tasks are too long, or the pool is too small.
03-06 15:56:13.033  2890  3121 W SessionLifecycleManager: Handover failed. Creating new session controller.
03-06 15:56:13.095  2890  3210 W LocationOracle: No location history returned by ContextManager
03-06 15:56:13.108  2164  3051 W GCoreFlp: No location to return for getLastLocation()
03-06 15:56:13.123  2890  3121 I MicroDetectionWorker: #startMicroDetector [speakerMode: 0]
03-06 15:56:13.124  2890  3121 I AudioController: Created new AudioSource
03-06 15:56:13.127  2890  3121 I MicroDetectionWorker: onReady
03-06 15:56:13.128  1791  2388 E GnssHAL_GnssInterface: gnssSvStatusCb: a: input svInfo.flags is 8
03-06 15:56:13.128  1791  2388 E GnssHAL_GnssInterface: gnssSvStatusCb: b: input svInfo.flags is 8
03-06 15:56:13.128  2026  2449 W AppOps  : Noting op not finished: uid 10099 pkg com.google.android.gms code 79 time=1709758561476 duration=-1709758167937
03-06 15:56:13.131  2026  2573 W AppOps  : Noting op not finished: uid 10099 pkg com.google.android.gms code 79 time=1709758573128 duration=0
03-06 15:56:13.132  2890  3126 I MicroRecognitionRunner: Starting detection.
03-06 15:56:13.132  2890  3126 I MultipleReaderAudioSrc: Using micInputStream
03-06 15:56:13.133  2890  3568 I MicrophoneInputStream: mic_starting  SR : 16000 CC : 16 SO : 1999
03-06 15:56:13.159  2164  3051 W GCoreFlp: No location to return for getLastLocation()
03-06 15:56:13.163  1803  9485 I AudioFlinger: AudioFlinger's thread 0xe2977f00 tid=9485 ready to run
03-06 15:56:13.165  2026  2871 I AudioService.RecordingActivityMonitor: rec update riid:167 uid:10105 session:153 src:HOTWORD pack:com.google.android.googlequicksearchbox
03-06 15:56:13.166  2890  3568 I MicrophoneInputStream: mic_started  SR : 16000 CC : 16 SO : 1999
03-06 15:56:13.169  2164  3051 W GCoreFlp: No location to return for getLastLocation()
03-06 15:56:13.174  2164  3051 W GCoreFlp: No location to return for getLastLocation()
03-06 15:56:13.177  2026  2873 I WifiService: acquireWifiLock uid=10099 lockMode=2
03-06 15:56:13.207  7200  7254 E TestRunner: failed: testToExecute(ru.netology.tests.ClaimsPageTests)
03-06 15:56:13.207  7200  7254 E TestRunner: ----- begin exception -----
03-06 15:56:13.207  7200  7254 E TestRunner: androidx.test.espresso.PerformException: Error performing 'wait for a specific view with attribute <an instance of android.widget.TextView and view.getText() with or without transformation to match: is "Claims"> during 5000 millis.' on view 'Animations or transitions are enabled on the target device.
03-06 15:56:13.207  7200  7254 E TestRunner: For more info check: https://developer.android.com/training/testing/espresso/setup#set-up-environment
03-06 15:56:13.207  7200  7254 E TestRunner: 
03-06 15:56:13.207  7200  7254 E TestRunner: view.getRootView() to equal view'.
03-06 15:56:13.207  7200  7254 E TestRunner: 	at androidx.test.espresso.PerformException$Builder.build(PerformException.java:1)
03-06 15:56:13.207  7200  7254 E TestRunner: 	at androidx.test.espresso.base.DefaultFailureHandler.getUserFriendlyError(DefaultFailureHandler.java:9)
03-06 15:56:13.207  7200  7254 E TestRunner: 	at androidx.test.espresso.base.DefaultFailureHandler.handle(DefaultFailureHandler.java:7)
03-06 15:56:13.207  7200  7254 E TestRunner: 	at androidx.test.espresso.ViewInteraction.waitForAndHandleInteractionResults(ViewInteraction.java:8)
03-06 15:56:13.207  7200  7254 E TestRunner: 	at androidx.test.espresso.ViewInteraction.desugaredPerform(ViewInteraction.java:11)
03-06 15:56:13.207  7200  7254 E TestRunner: 	at androidx.test.espresso.ViewInteraction.perform(ViewInteraction.java:4)
03-06 15:56:13.207  7200  7254 E TestRunner: 	at ru.netology.data.DataHelper.elementWaiting(DataHelper.java:323)
03-06 15:56:13.207  7200  7254 E TestRunner: 	at ru.netology.pages.ClaimsPage.checkClaimsScreenLoaded(ClaimsPage.java:36)
03-06 15:56:13.207  7200  7254 E TestRunner: 	at ru.netology.data.ReadyScreen.readyClaimsScreen(ReadyScreen.java:42)
03-06 15:56:13.207  7200  7254 E TestRunner: 	at ru.netology.tests.ClaimsPageTests.readyScreen(ClaimsPageTests.java:43)
03-06 15:56:13.207  7200  7254 E TestRunner: 	at java.lang.reflect.Method.invoke(Native Method)
03-06 15:56:13.207  7200  7254 E TestRunner: 	at org.junit.runners.model.FrameworkMethod$1.runReflectiveCall(FrameworkMethod.java:59)
03-06 15:56:13.207  7200  7254 E TestRunner: 	at org.junit.internal.runners.model.ReflectiveCallable.run(ReflectiveCallable.java:12)
03-06 15:56:13.207  7200  7254 E TestRunner: 	at org.junit.runners.model.FrameworkMethod.invokeExplosively(FrameworkMethod.java:56)
03-06 15:56:13.207  7200  7254 E TestRunner: 	at androidx.test.internal.runner.junit4.statement.RunBefores.evaluate(RunBefores.java:76)
03-06 15:56:13.207  7200  7254 E TestRunner: 	at org.junit.rules.ExternalResource$1.evaluate(ExternalResource.java:54)
03-06 15:56:13.207  7200  7254 E TestRunner: 	at io.qameta.allure.android.rules.ScreenshotRule$apply$1.evaluate(ScreenshotRule.kt:22)
03-06 15:56:13.207  7200  7254 E TestRunner: 	at org.junit.rules.ExternalResource$1.evaluate(ExternalResource.java:54)
03-06 15:56:13.207  7200  7254 E TestRunner: 	at io.qameta.allure.android.rules.LogcatRule$apply$1.evaluate(LogcatRule.kt:23)
03-06 15:56:13.207  7200  7254 E TestRunner: 	at org.junit.rules.RunRules.evaluate(RunRules.java:20)
03-06 15:56:13.207  7200  7254 E TestRunner: 	at org.junit.runners.ParentRunner$3.evaluate(ParentRunner.java:306)
03-06 15:56:13.207  7200  7254 E TestRunner: 	at org.junit.runners.BlockJUnit4ClassRunner$1.evaluate(BlockJUnit4ClassRunner.java:100)
03-06 15:56:13.207  7200  7254 E TestRunner: 	at org.junit.runners.ParentRunner.runLeaf(ParentRunner.java:366)
03-06 15:56:13.207  7200  7254 E TestRunner: 	at org.junit.runners.BlockJUnit4ClassRunner.runChild(BlockJUnit4ClassRunner.java:103)
03-06 15:56:13.207  7200  7254 E TestRunner: 	at org.junit.runners.BlockJUnit4ClassRunner.runChild(BlockJUnit4ClassRunner.java:63)
03-06 15:56:13.207  7200  7254 E TestRunner: 	at org.junit.runners.ParentRunner$4.run(ParentRunner.java:331)
03-06 15:56:13.207  7200  7254 E TestRunner: 	at org.junit.runners.ParentRunner$1.schedule(ParentRunner.java:79)
03-06 15:56:13.207  7200  7254 E TestRunner: 	at org.junit.runners.ParentRunner.runChildren(ParentRunner.java:329)
03-06 15:56:13.207  7200  7254 E TestRunner: 	at org.junit.runners.ParentRunner.access$100(ParentRunner.java:66)
03-06 15:56:13.207  7200  7254 E TestRunner: 	at org.junit.runners.ParentRunner$2.evaluate(ParentRunner.java:293)
03-06 15:56:13.207  7200  7254 E TestRunner: 	at org.junit.runners.ParentRunner$3.evaluate(ParentRunner.java:306)
03-06 15:56:13.207  7200  7254 E TestRunner: 	at org.junit.runners.ParentRunner.run(ParentRunner.java:413)
03-06 15:56:13.207  7200  7254 E TestRunner: 	at androidx.test.ext.junit.runners.AndroidJUnit4.run(AndroidJUnit4.java:162)
03-06 15:56:13.207  7200  7254 E TestRunner: 	at org.junit.runners.Suite.runChild(Suite.java:128)
03-06 15:56:13.207  7200  7254 E TestRunner: 	at org.junit.runners.Suite.runChild(Suite.java:27)
03-06 15:56:13.207  7200  7254 E TestRunner: 	at org.junit.runners.ParentRunner$4.run(ParentRunner.java:331)
03-06 15:56:13.207  7200  7254 E TestRunner: 	at org.junit.runners.ParentRunner$1.schedule(ParentRunner.java:79)
03-06 15:56:13.207  7200  7254 E TestRunner: 	at org.junit.runners.ParentRunner.runChildren(ParentRunner.java:329)
03-06 15:56:13.207  7200  7254 E TestRunner: 	at org.junit.runners.ParentRunner.access$100(ParentRunner.java:66)
03-06 15:56:13.207  7200  7254 E TestRunner: 	at org.junit.runners.ParentRunner$2.evaluate(ParentRunner.java:293)
03-06 15:56:13.207  7200  7254 E TestRunner: 	at org.junit.runners.ParentRunner$3.evaluate(ParentRunner.java:306)
03-06 15:56:13.207  7200  7254 E TestRunner: 	at org.junit.runners.ParentRunner.run(ParentRunner.java:413)
03-06 15:56:13.207  7200  7254 E TestRunner: 	at org.junit.runner.JUnitCore.run(JUnitCore.java:137)
03-06 15:56:13.207  7200  7254 E TestRunner: 	at org.junit.runner.JUnitCore.run(JUnitCore.java:115)
03-06 15:56:13.207  7200  7254 E TestRunner: 	at androidx.test.internal.runner.TestExecutor.execute(TestExecutor.java:65)
03-06 15:56:13.207  7200  7254 E TestRunner: 	at androidx.test.internal.runner.TestExecutor.execute(TestExecutor.java:56)
03-06 15:56:13.207  7200  7254 E TestRunner: 	at androidx.test.runner.AndroidJUnitRunner.onStart(AndroidJUnitRunner.java:471)
03-06 15:56:13.207  7200  7254 E TestRunner: 	at android.app.Instrumentation$InstrumentationThread.run(Instrumentation.java:2189)
03-06 15:56:13.207  7200  7254 E TestRunner: Caused by: java.util.concurrent.TimeoutException
03-06 15:56:13.207  7200  7254 E TestRunner: 	at
03-06 15:56:13.207  7200  7254 E TestRunner: ----- end exception -----
03-06 15:56:13.208  7200  7254 I TestRunner: finished: testToExecute(ru.netology.tests.ClaimsPageTests)
03-06 15:56:13.210  2890  3126 W SpeechLevelGenerator: Really low audio levels detected. The audio input may have issues.
03-06 15:56:13.210  2890  3121 I MicroDetectionWorker: onReady
03-06 15:56:13.212  7200  7254 I TestRunner: started: testFilterOpen(ru.netology.tests.ClaimsPageTests)
03-06 15:56:13.217  2164  3051 W GCoreFlp: No location to return for getLastLocation()
03-06 15:56:13.233  2164  8881 W ctxmgr  : [AclManager] No 3 for (accnt=account#-517948760#, com.google.android.gms(10099):UserVelocityProducer, vrsn=17786022, 0, 3pPkg = null ,  3pMdlId = null ,  pid = 2164). Was: 3 for 1, account#-517948760# [CONTEXT service_id=47 ]
03-06 15:56:13.247  2164  9344 I Places  : ?: Couldn't find platform key file.
03-06 15:56:13.251  2476  2476 W ServiceManagement: Waited one second for android.hardware.radio@1.0::IRadio/slot1
03-06 15:56:13.251  2476  2476 I ServiceManagement: getService: Trying again for android.hardware.radio@1.0::IRadio/slot1...
03-06 15:56:13.256  7200  7254 W Settings: Setting always_finish_activities has moved from android.provider.Settings.System to android.provider.Settings.Global, returning read-only value.
03-06 15:56:13.258  2026  2873 I ActivityTaskManager: START u0 {act=android.intent.action.MAIN cat=[android.intent.category.LAUNCHER] flg=0x10008000 cmp=ru.iteco.fmhandroid/.ui.AppActivity} from uid 10134
03-06 15:56:13.264  2026  2048 E system_server: Invalid ID 0x00000000.
03-06 15:56:13.278  1792  1792 D gralloc_ranchu: gralloc_alloc: Creating ashmem region of size 9592832
03-06 15:56:13.317  2026  2873 W ActivityTaskManager: Finishing task with all activities already finished
03-06 15:56:13.317  2026  2873 W ActivityTaskManager: Duplicate finish request for ActivityRecord{73ce38a u0 ru.iteco.fmhandroid.test/androidx.test.core.app.InstrumentationActivityInvoker$EmptyActivity t39 f}
03-06 15:56:13.522  2164  9491 I PlaceInferenceEngine: [anon] Changed inference mode: 0
03-06 15:56:13.522  2164  9190 I Places  : ?: Couldn't find platform key file.
03-06 15:56:13.525  2164  2164 I GeofencerStateMachine: removeGeofences: removeRequest=RemoveGeofencingRequest[REMOVE_BY_PENDING_INTENT pendingIntent=PendingIntent[creatorPackage=com.google.android.gms], packageName=com.google.android.gms]
03-06 15:56:13.526  2164  2164 I GeofencerStateMachine: removeGeofences: removeRequest=RemoveGeofencingRequest[REMOVE_BY_PENDING_INTENT pendingIntent=PendingIntent[creatorPackage=com.google.android.gms], packageName=com.google.android.gms]
03-06 15:56:13.530  2164  9492 I Places  : ?: Couldn't find platform key file.
03-06 15:56:13.592  2164  3051 W GCoreFlp: No location to return for getLastLocation()
03-06 15:56:13.613  2164  9190 I Places  : ?: Couldn't find platform key file.
03-06 15:56:13.613  2164  9493 I Places  : ?: Couldn't find platform key file.
03-06 15:56:13.619  2026  2871 W AppOps  : Noting op not finished: uid 10099 pkg com.google.android.gms code 79 time=1709758573131 duration=0
03-06 15:56:13.620  2026  2871 W AppOps  : Noting op not finished: uid 10099 pkg com.google.android.gms code 79 time=1709758573619 duration=0
03-06 15:56:13.623  2164  9344 I Places  : ?: Couldn't find platform key file.
03-06 15:56:13.624  2164  9493 I Places  : ?: Couldn't find platform key file.
03-06 15:56:13.632  2164  9491 W Places  : ?: Failed to download inference model weights PlacesServer
03-06 15:56:13.632  2164  9491 W PlaceInferenceEngine: Failed to download model weights. Status code: 7
03-06 15:56:13.633  2164  9493 I Places  : ?: Couldn't find platform key file.
03-06 15:56:13.633  2164  9344 I Places  : ?: Couldn't find platform key file.
03-06 15:56:13.705  1780  9484 W audio_hw_generic: in_read_worker only could write 0 / 240 frames
03-06 15:56:13.707  1792  1887 D gralloc_ranchu: gralloc_alloc: Creating ashmem region of size 9592832
03-06 15:56:13.709  9496  9496 I ServiceManagement: Registered android.hardware.radio@1.1::IRadio/slot1 (start delay of 58ms)
03-06 15:56:13.710  9496  9496 I ServiceManagement: Registered android.hardware.radio.deprecated@1.0::IOemHook/slot1 (start delay of 58ms)
03-06 15:56:13.710  2890  3240 I OpenGLRenderer: Davey! duration=795ms; Flags=0, IntendedVsync=394502401855, Vsync=394585735185, OldestInputEvent=9223372036854775807, NewestInputEvent=0, HandleInputStart=394592480000, AnimationStart=394592511000, PerformTraversalsStart=394592540900, DrawStart=394592614000, SyncQueued=394592671200, SyncStart=394593803200, IssueDrawCommandsStart=394593909500, SwapBuffers=394595488600, FrameCompleted=395299073200, DequeueBufferDuration=206000, QueueBufferDuration=1126000, 
03-06 15:56:13.711  2890  2890 I Choreographer: Skipped 35 frames!  The application may be doing too much work on its main thread.
03-06 15:56:13.716  2476  2476 I android_os_HwBinder: HwBinder: Starting thread pool for getting: android.hardware.radio@1.0::IRadio/slot1
03-06 15:56:13.728  2634  3076 D EGL_emulation: eglMakeCurrent: 0xdee1a120: ver 2 0 (tinfo 0xdee0f3f0)
03-06 15:56:13.746  1792  1887 D gralloc_ranchu: gralloc_alloc: Creating ashmem region of size 9592832
03-06 15:56:13.751  1676  1676 I hwservicemanager: getTransport: Cannot find entry android.hardware.radio.deprecated@1.0::IOemHook/slot1 in either framework or device manifest.
03-06 15:56:13.757  2634  3076 I OpenGLRenderer: Davey! duration=873ms; Flags=1, IntendedVsync=394451484800, Vsync=394501484798, OldestInputEvent=9223372036854775807, NewestInputEvent=0, HandleInputStart=394504320800, AnimationStart=394504344400, PerformTraversalsStart=394504370700, DrawStart=395295700700, SyncQueued=395296229400, SyncStart=395316906900, IssueDrawCommandsStart=395317103900, SwapBuffers=395320048400, FrameCompleted=395345570400, DequeueBufferDuration=3889000, QueueBufferDuration=1925000, 
03-06 15:56:13.757  2476  2476 D MultiSimSettingController: onSubscriptionsChanged
03-06 15:56:13.757  2476  2476 D MultiSimSettingController: updateDefaults
03-06 15:56:13.761  2026  2026 W ActivityManager: Unable to start service Intent { act=android.service.appprediction.AppPredictionService cmp=com.google.android.as/com.google.android.apps.miphone.aiai.app.AiAiPredictionService } U=0: not found
03-06 15:56:13.761  2026  2026 W RemoteAppPredictionService: could not bind to Intent { act=android.service.appprediction.AppPredictionService cmp=com.google.android.as/com.google.android.apps.miphone.aiai.app.AiAiPredictionService } using flags 67108865
03-06 15:56:13.762  2026  2047 W ActivityTaskManager: Activity top resumed state loss timeout for ActivityRecord{7235b1b u0 com.google.android.apps.nexuslauncher/.NexusLauncherActivity t5}
03-06 15:56:13.762  2026  2047 W ActivityTaskManager: Activity pause timeout for ActivityRecord{7235b1b u0 com.google.android.apps.nexuslauncher/.NexusLauncherActivity t5}
03-06 15:56:13.762  2026  2047 W InputReader: Device has associated, but no associated display id.
03-06 15:56:13.763  2026  2047 I chatty  : uid=1000(system) android.display identical 28 lines
03-06 15:56:13.763  2026  2047 W InputReader: Device has associated, but no associated display id.
03-06 15:56:13.763  7200  7200 W ActivityThread: handleWindowVisibility: no activity for token android.os.BinderProxy@51073f
03-06 15:56:13.764  2476  2476 D MultiSimSettingController: [updateDefaultValues] change: 0
03-06 15:56:13.764  2026  2047 W InputReader: Device has associated, but no associated display id.
03-06 15:56:13.764  2026  2047 I chatty  : uid=1000(system) android.display identical 2 lines
03-06 15:56:13.764  2026  2047 W InputReader: Device has associated, but no associated display id.
03-06 15:56:13.766  2026  2049 I Choreographer: Skipped 44 frames!  The application may be doing too much work on its main thread.
03-06 15:56:13.764  2026  2047 W InputReader: Device has associated, but no associated display id.
03-06 15:56:13.767  2476  2476 I TelecomFramework: PstnPhoneCapabilitiesNotifier: handleVideoCapabilitesChanged. Video capability - false
03-06 15:56:13.774  2026  2573 W ActivityManager: Background start not allowed: service Intent { cmp=com.google.android.apps.messaging/.shared.datamodel.action.execution.ActionExecutorImpl$EmptyService } to com.google.android.apps.messaging/.shared.datamodel.action.execution.ActionExecutorImpl$EmptyService from pid=4330 uid=10121 pkg=com.google.android.apps.messaging startFg?=false
03-06 15:56:13.766  2026  2047 I chatty  : uid=1000(system) android.display identical 4 lines
03-06 15:56:13.766  2026  2047 W InputReader: Device has associated, but no associated display id.
03-06 15:56:13.774  4330  4330 W BugleDataModel: ActionExecutorImpl: Action started execution, but we can't guarantee it will complete, the app may be killed. Action: class com.google.android.apps.messaging.shared.datamodel.action.SelfParticipantsRefreshAction-SelfParticipantsRefreshAction:27590444
03-06 15:56:13.774  4330  4330 W BugleDataModel: java.lang.IllegalStateException: Not allowed to start service Intent { cmp=com.google.android.apps.messaging/.shared.datamodel.action.execution.ActionExecutorImpl$EmptyService }: app is in background uid UidRecord{ce230f7 u0a121 CEM  idle change:cached procs:1 seq(0,0,0)}
03-06 15:56:13.774  4330  4330 W BugleDataModel: 	at android.app.ContextImpl.startServiceCommon(ContextImpl.java:1616)
03-06 15:56:13.774  4330  4330 W BugleDataModel: 	at android.app.ContextImpl.startService(ContextImpl.java:1571)
03-06 15:56:13.774  4330  4330 W BugleDataModel: 	at android.content.ContextWrapper.startService(ContextWrapper.java:669)
03-06 15:56:13.774  4330  4330 W BugleDataModel: 	at com.google.android.apps.messaging.shared.datamodel.action.execution.ActionExecutorImpl.e(SourceFile:107)
03-06 15:56:13.774  4330  4330 W BugleDataModel: 	at com.google.android.apps.messaging.shared.datamodel.action.execution.ActionExecutorImpl.a(SourceFile:19)
03-06 15:56:13.774  4330  4330 W BugleDataModel: 	at com.google.android.apps.messaging.shared.datamodel.action.execution.ActionExecutorImpl.a(SourceFile:16)
03-06 15:56:13.774  4330  4330 W BugleDataModel: 	at dya.c(SourceFile:12)
03-06 15:56:13.774  4330  4330 W BugleDataModel: 	at dyb.run(Unknown Source:2)
03-06 15:56:13.774  4330  4330 W BugleDataModel: 	at android.os.Handler.handleCallback(Handler.java:883)
03-06 15:56:13.774  4330  4330 W BugleDataModel: 	at android.os.Handler.dispatchMessage(Handler.java:100)
03-06 15:56:13.774  4330  4330 W BugleDataModel: 	at android.os.Looper.loop(Looper.java:214)
03-06 15:56:13.774  4330  4330 W BugleDataModel: 	at android.app.ActivityThread.main(ActivityThread.java:7356)
03-06 15:56:13.774  4330  4330 W BugleDataModel: 	at java.lang.reflect.Method.invoke(Native Method)
03-06 15:56:13.774  4330  4330 W BugleDataModel: 	at com.android.internal.os.RuntimeInit$MethodAndArgsCaller.run(RuntimeInit.java:492)
03-06 15:56:13.774  4330  4330 W BugleDataModel: 	at com.android.internal.os.ZygoteInit.main(ZygoteInit.java:930)
03-06 15:56:13.775  4330  4542 I BugleDataModel: ParticipantRefresh: Start participant refresh. refreshMode: 1
03-06 15:56:13.775  2026  2871 I Telecom : PhoneAccountRegistrar: Modify account: [ComponentInfo{com.android.phone/com.android.services.telephony.TelephonyConnectionService}, ***, UserHandle{0}]: TSI.rPA@Bxg
03-06 15:56:13.777  2026  2871 I Telecom : CallsManager: handlePhoneAccountChanged: phoneAccount=[[X] PhoneAccount: ComponentInfo{com.android.phone/com.android.services.telephony.TelephonyConnectionService}, ***, UserHandle{0} Capabilities: CallProvider MultiUser PlaceEmerg SimSub  Audio Routes: BESW Schemes: tel voicemail  Extras: Bundle[{android.telecom.extra.SUPPORTS_VIDEO_CALLING_FALLBACK=true}] GroupId: ***]: TSI.rPA@Bxg
03-06 15:56:13.777  2476  2476 I CallNotifier: onCallForwardingIndicatorChanged(): subId=1, visible=N
03-06 15:56:13.777  2476  2476 D CallNotifier: updatePhoneStateListeners: update CF notifications.
03-06 15:56:13.777  2476  2476 I NotificationMgr: updateCfi: subId= 1, visible=N
03-06 15:56:13.778  2476  2476 I NotificationMgr: updateMwi(): subId 1 update to false
03-06 15:56:13.780  2164  8881 I ctxmgr  : [ProducerStatusImpl] updateStateForNewContextData: inactive, contextName=7 [CONTEXT service_id=47 ]
03-06 15:56:13.783  4030  4030 I Dialer  : LegacyVoicemailNotificationReceiver.onReceive - received legacy voicemail notification
03-06 15:56:13.783  4030  4030 I Dialer  : LegacyVoicemailNotificationReceiver.onReceive - isRefresh: true
03-06 15:56:13.783  4030  4030 I Dialer  : LegacyVoicemailNotificationReceiver.onReceive - clearing notification
03-06 15:56:13.783  4030  4030 I Dialer  : LegacyVoicemailNotifier.cancelNotification - enter
03-06 15:56:13.787  2026  2048 I Choreographer: Skipped 30 frames!  The application may be doing too much work on its main thread.
03-06 15:56:13.790  2026  2048 W InputReader: Device has associated, but no associated display id.
03-06 15:56:13.790  2026  2048 I chatty  : uid=1000(system) android.anim identical 18 lines
03-06 15:56:13.790  2026  2048 W InputReader: Device has associated, but no associated display id.
03-06 15:56:13.791  1792  1792 D gralloc_ranchu: gralloc_alloc: Creating ashmem region of size 6139904
03-06 15:56:13.796  2164  3051 W GCoreFlp: No location to return for getLastLocation()
03-06 15:56:13.807  7353  7385 D EGL_emulation: eglMakeCurrent: 0xdb9591c0: ver 2 0 (tinfo 0xf2089d00)
03-06 15:56:13.818  2026  2052 I ActivityTaskManager: Displayed ru.iteco.fmhandroid/.ui.AppActivity: +509ms
03-06 15:56:13.821  1792  1792 D gralloc_ranchu: gralloc_alloc: Creating ashmem region of size 9592832
03-06 15:56:13.822  2026  4070 D HostConnection: HostConnection::get() New Host Connection established 0xb73c2c60, tid 4070
03-06 15:56:13.825  2026  4070 D HostConnection: HostComposition ext ANDROID_EMU_CHECKSUM_HELPER_v1 ANDROID_EMU_dma_v1 ANDROID_EMU_direct_mem ANDROID_EMU_host_composition_v1 ANDROID_EMU_host_composition_v2 ANDROID_EMU_vulkan ANDROID_EMU_deferred_vulkan_commands ANDROID_EMU_vulkan_null_optional_strings ANDROID_EMU_vulkan_create_resources_with_requirements ANDROID_EMU_YUV420_888_to_NV21 ANDROID_EMU_YUV_Cache ANDROID_EMU_vulkan_free_memory_sync ANDROID_EMU_vulkan_shader_float16_int8 ANDROID_EMU_vulkan_async_queue_submit ANDROID_EMU_sync_buffer_data GL_OES_vertex_array_object GL_KHR_texture_compression_astc_ldr ANDROID_EMU_host_side_tracing ANDROID_EMU_gles_max_version_2 
03-06 15:56:13.834  7200  7200 D LifecycleMonitor: Lifecycle status change: ru.iteco.fmhandroid.ui.AppActivity@bd8d85b in: PRE_ON_CREATE
03-06 15:56:13.834  7200  7200 V ActivityScenario: Activity lifecycle changed event received but ignored because the reported transition was not ON_CREATE while the last known transition was PRE_ON_CREATE
03-06 15:56:13.845  2890  3240 D EGL_emulation: eglMakeCurrent: 0xdee1c2e0: ver 2 0 (tinfo 0xc1d14460)
03-06 15:56:13.849  2026  4070 W OpenGLRenderer: Failed to choose config with EGL_SWAP_BEHAVIOR_PRESERVED, retrying without...
03-06 15:56:13.852  7200  7200 D LifecycleMonitor: Lifecycle status change: ru.iteco.fmhandroid.ui.AppActivity@bd8d85b in: CREATED
03-06 15:56:13.852  7200  7200 V ActivityScenario: Update currentActivityStage to CREATED, currentActivity=ru.iteco.fmhandroid.ui.AppActivity@bd8d85b
03-06 15:56:13.860  2026  4070 D eglCodecCommon: setVertexArrayObject: set vao to 0 (0) 0 0
03-06 15:56:13.860  2026  4070 D EGL_emulation: eglCreateContext: 0xc23d2720: maj 2 min 0 rcv 2
03-06 15:56:13.861  2634  3076 D EGL_emulation: eglMakeCurrent: 0xdee1a120: ver 2 0 (tinfo 0xdee0f3f0)
03-06 15:56:13.874  7200  7200 D LifecycleMonitor: Lifecycle status change: ru.iteco.fmhandroid.ui.AppActivity@bd8d85b in: STARTED
03-06 15:56:13.874  7200  7200 V ActivityScenario: Update currentActivityStage to STARTED, currentActivity=ru.iteco.fmhandroid.ui.AppActivity@bd8d85b
03-06 15:56:13.874  7200  7200 D LifecycleMonitor: Lifecycle status change: ru.iteco.fmhandroid.ui.AppActivity@bd8d85b in: RESUMED
03-06 15:56:13.874  7200  7200 V ActivityScenario: Update currentActivityStage to RESUMED, currentActivity=ru.iteco.fmhandroid.ui.AppActivity@bd8d85b
03-06 15:56:13.894  2026  2043 W AppOps  : Noting op not finished: uid 10099 pkg com.google.android.gms code 79 time=1709758573770 duration=-1
03-06 15:56:13.894  2164  8881 I Places  : ?: Couldn't find platform key file.
03-06 15:56:13.897  2026  2042 W AppOps  : Noting op not finished: uid 10099 pkg com.google.android.gms code 79 time=1709758573894 duration=0
03-06 15:56:13.899  2890  3121 I MicroDetector: Keeping mic open: false
03-06 15:56:13.899  2890  3567 I MicroRecognitionRunner: Stopping hotword detection.
03-06 15:56:13.900  2026  4070 D EGL_emulation: eglMakeCurrent: 0xc23d2720: ver 2 0 (tinfo 0xbd5c54c0)
03-06 15:56:13.901  2890  3126 I MicroRecognitionRunner: Detection finished
03-06 15:56:13.901  2890  3207 I DeviceStateChecker: DeviceStateChecker cancelled
03-06 15:56:13.902  2890  3565 I AudioController: internalShutdown
03-06 15:56:13.907  1792  1792 D gralloc_ranchu: gralloc_alloc: Creating ashmem region of size 9592832
03-06 15:56:13.912  2890  3565 I MicrophoneInputStream: mic_close  SR : 16000 CC : 16 SO : 1999
03-06 15:56:13.912  2026  4070 D eglCodecCommon: setVertexArrayObject: set vao to 0 (0) 1 0
03-06 15:56:13.912  2890  3565 E AudioSource: Stop listening is called on already closed AudioSource
03-06 15:56:13.918  2476  3541 D IccSmsInterfaceManager: [IccSmsInterfaceManager] Failed to add cdma broadcast channels range 4097 to 4097
03-06 15:56:13.919  2476  3541 D IccSmsInterfaceManager: [IccSmsInterfaceManager] Calling setGsmBroadcastConfig with 1 configurations
03-06 15:56:13.932  1792  1792 D gralloc_ranchu: gralloc_alloc: Creating ashmem region of size 9592832
03-06 15:56:13.946  7200  7276 D EGL_emulation: eglMakeCurrent: 0xdee1ae40: ver 2 0 (tinfo 0xc2e69120)
03-06 15:56:13.949  1792  1887 D gralloc_ranchu: gralloc_alloc: Creating ashmem region of size 9592832
03-06 15:56:13.953  1676  1676 I hwservicemanager: getTransport: Cannot find entry android.hardware.radio.config@1.1::IRadioConfig/default in either framework or device manifest.
03-06 15:56:13.954  1676  1676 I hwservicemanager: getTransport: Cannot find entry android.hardware.radio.config@1.0::IRadioConfig/default in either framework or device manifest.
03-06 15:56:13.957  2164  9491 I Places  : ?: PlacesBleScanner start() with priority 2
03-06 15:56:13.957  2164  9491 I PlaceInferenceEngine: [anon] Changed inference mode: 1
03-06 15:56:13.958  2164  3051 W GCoreFlp: No location to return for getLastLocation()
03-06 15:56:13.965  1676  1676 I hwservicemanager: getTransport: Cannot find entry android.hardware.radio.config@1.1::IRadioConfig/default in either framework or device manifest.
03-06 15:56:13.965  1676  1676 I hwservicemanager: getTransport: Cannot find entry android.hardware.radio.config@1.0::IRadioConfig/default in either framework or device manifest.
03-06 15:56:13.966  1676  1676 I hwservicemanager: getTransport: Cannot find entry android.hardware.radio.config@1.1::IRadioConfig/default in either framework or device manifest.
03-06 15:56:13.967  1676  1676 I hwservicemanager: getTransport: Cannot find entry android.hardware.radio.config@1.0::IRadioConfig/default in either framework or device manifest.
03-06 15:56:13.968  2476  2476 D CallNotifier: updatePhoneStateListeners: update CF notifications.
03-06 15:56:13.968  2476  2476 I NotificationMgr: updateCfi: subId= 1, visible=N
03-06 15:56:13.969  2476  2476 I NotificationMgr: updateMwi(): subId 1 update to false
03-06 15:56:13.974  4030  4030 I Dialer  : LegacyVoicemailNotificationReceiver.onReceive - received legacy voicemail notification
03-06 15:56:13.974  4030  4030 I Dialer  : LegacyVoicemailNotificationReceiver.onReceive - isRefresh: false
03-06 15:56:13.974  4030  4030 I Dialer  : LegacyVoicemailNotificationReceiver.onReceive - clearing notification
03-06 15:56:13.974  4030  4030 I Dialer  : LegacyVoicemailNotifier.cancelNotification - enter
03-06 15:56:13.974  4030  4030 I Dialer  : LegacyVoicemailNotifier.cancelNotification - 'null' id, canceling all legacy voicemail notifications
03-06 15:56:13.975  2476  2476 D IntentBroadcaster: Broadcasting and adding intent for rebroadcast: android.intent.action.SIM_STATE_CHANGED UNKNOWN for slotId 0
03-06 15:56:13.984  2803  2803 I rcs     : [PresencePublication] onReceive intent=Intent { act=android.intent.action.SIM_STATE_CHANGED flg=0x5000010 (has extras) }
03-06 15:56:13.984  2803  2803 I rcs     : [PresencePublication] ACTION_SIM_STATE_CHANGED INTENT_KEY_ICC_STATE=UNKNOWN
03-06 15:56:13.984  2803  2803 I rcs     : [RcsService] onReceive intent=Intent { act=android.intent.action.SIM_STATE_CHANGED flg=0x5000010 (has extras) }
03-06 15:56:13.987  2184  2184 V KeyguardUpdateMonitor: action android.intent.action.SIM_STATE_CHANGED state: UNKNOWN slotId: 0 subid: 1
03-06 15:56:13.987  2184  2184 D KeyguardUpdateMonitor: handleSimStateChange(subId=1, slotId=0, state=UNKNOWN)
03-06 15:56:13.997  2476  2476 D CarrierConfigLoader: update config for phoneId: 0 simState: UNKNOWN
03-06 15:56:13.997  2476  2476 D CarrierSvcBindHelper: update binding for phoneId: 0 simState: UNKNOWN
03-06 15:56:14.009  2026  2038 I system_server: NativeAlloc concurrent copying GC freed 63632(3316KB) AllocSpace objects, 35(2304KB) LOS objects, 33% free, 11MB/17MB, paused 357us total 131.375ms
03-06 15:56:14.012  2026  2042 W AppOps  : Noting op not finished: uid 10099 pkg com.google.android.gms code 79 time=1709758573897 duration=0
03-06 15:56:14.018  2476  2476 D TelephonyProvider: match current APN size:  0
03-06 15:56:14.019  2476  2476 E TelephonyProvider: iccRecords is null
03-06 15:56:14.021  2026  2449 W AppOps  : Noting op not finished: uid 10099 pkg com.google.android.gms code 79 time=1709758574012 duration=0
03-06 15:56:14.022  2476  2476 I VvmSimStateTracker: android.intent.action.SIM_STATE_CHANGED
03-06 15:56:14.023  2476  2476 D CarrierConfigLoader: mHandler: 0 phoneId: 0
03-06 15:56:14.023  2476  2476 D CarrierConfigLoader: Broadcast CARRIER_CONFIG_CHANGED for phone 0
03-06 15:56:14.024  6392  6392 I Finsky  : [2] com.google.android.finsky.simhandler.SimStateReceiver.a(6): android.intent.action.SIM_STATE_CHANGED : simState = UNKNOWN
03-06 15:56:14.026  2164  3051 W GCoreFlp: No location to return for getLastLocation()
03-06 15:56:14.027  2476  4039 E CarrierInfoManager: Invalid networkOperator: 
03-06 15:56:14.028  4330  4330 I Bugle   : Carrier config changed. Reloading MMS config.
03-06 15:56:14.029  4113  4113 D CellBroadcastReceiver: onReceive Intent { act=android.telephony.action.CARRIER_CONFIG_CHANGED flg=0x15000010 cmp=com.android.cellbroadcastreceiver/.CellBroadcastReceiver (has extras) }
03-06 15:56:14.029  4113  4113 D CellBroadcastReceiver: initializeSharedPreference
03-06 15:56:14.031  4113  4113 D CellBroadcastReceiver: Default interval 0 did not change.
03-06 15:56:14.031  4113  4113 D CellBroadcastReceiver: Start Cell Broadcast configuration.
03-06 15:56:14.038  2387  8508 I constellation: [sim_state_checker] sim state checker is disabled.
03-06 15:56:14.040  2026  2026 I Telecom : PhoneAccountRegistrar: getSimCallManager: SimCallManager for subId 1 queried, returning: null: CM.CCCR->CM.UECNT->CM.CCCR->CM.UECNT->CM.CCCR->CM.UECNT->CM.CCCR->CM.UECNT->CM.CCCR->CM.UECNT->CM.CCCR->CM.UECNT->CM.CCCR->CM.UECNT->CM.CCCR->CM.UECNT->CM.CCCR->CM.UECNT->CM.CCCR->CM.UECNT->CM.CCCR->CM.UECNT->CM.CCCR->CM.UECNT->CM.CCCR->CM.UECNT->CM.CCCR->CM.UECNT->CM.CCCR->CM.UECNT->CM.CCCR->CM.UECNT->CM.CCCR->CM.UECNT->CM.CCCR->CM.UECNT->CM.CCCR->CM.UECNT->CM.CCCR->CM.UECNT->CM.CCCR->CM.UECNT->CM.CCCR->CM.UECNT->CM.CCCR->CM.UECNT->CM.CCCR->CM.UECNT->CM.CCCR->CM.UECNT->CM.CCCR->CM.UECNT->CM.CCCR->CM.UECNT->CM.CCCR->CM.UECNT->CM.CCCR->CM.UECNT->CM.CCCR->CM.UECNT->CM.CCCR->CM.UECNT->CM.CCCR->CM.UECNT->CM.CCCR->CM.UECNT->CM.CCCR->CM.UECNT->CM.CCCR->CM.UECNT->CM.CCCR->CM.UECNT->CM.CCCR->CM.UECNT->CM.CCCR->CM.UECNT->CM.CCCR->CM.UECNT->CM.CCCR->CM.UECNT->CM.CCCR->CM.UECNT->CM.CCCR->CM.UECNT->CM.CCCR->CM.UECNT->CM.CCCR->CM.UECNT->CM.CCCR->CM.UECNT->CM.CCCR->CM.UECNT->CM.CCCR->CM.UECNT->CM.CCCR->CM.UECNT->CM.CCCR->CM.UECNT->CM.CCCR->CM.UECNT->CM.CCCR->CM.UECNT->CM.CCCR->CM.UECNT->CM.CCCR->CM.UECNT->CM.CCCR->CM.UECNT->CM.CCCR->CM.UECNT->CM.CCCR->CM.UECNT->CM.CCCR->CM.UECNT->CM.CCCR->CM.UECNT->CM.CCCR->CM.UECNT->CM.CCCR->CM.UECNT->CM.CCCR->CM.UECNT->CM.CCCR->CM.UECNT->CM.CCCR->CM.UECNT->CM.CCCR->CM.UECNT->CM.CCCR->CM.UECNT->CM.CCCR->CM.UECNT->CM.CCCR->CM.UECNT->CM.CCCR->CM.UECNT->CM.CCCR->CM.UECNT->CM.CCCR->CM.UECNT->CM.CCCR->CM.UECNT->CM.CCCR->CM.UECNT->CM.CCCR->CM.UECNT->CM.CCCR->CM.UECNT->CM.CCCR->CM.UECNT->CM.CCCR->CM.UECNT->CM.CCCR->CM.UECNT->CM.CCCR->CM.UECNT->CM.CCCR->CM.UECNT@AD4
03-06 15:56:14.043  2026  2042 D AlarmManagerService: Kernel timezone updated to 0 minutes west of GMT
03-06 15:56:14.052  2026  2026 D ConditionProviders.SCP: onReceive android.intent.action.TIMEZONE_CHANGED
03-06 15:56:14.052  2026  2026 D ConditionProviders.SCP: evaluateSubscriptionLocked cal=ScheduleCalendar[mDays={1, 2, 3, 4, 5, 6, 7}, mSchedule=ScheduleInfo{days=[1, 2, 3, 4, 5, 6, 7], startHour=22, startMinute=0, endHour=7, endMinute=0, exitAtAlarm=true, nextAlarm=Thu Jan 01 00:00:00 GMT 1970 (0)}], now=Wed Mar 06 20:56:14 GMT 2024 (1709758574052), nextUserAlarmTime=Thu Jan 01 00:00:00 GMT 1970 (0)
03-06 15:56:14.052  2026  2026 D ConditionProviders.SCP: notifyCondition condition://android/schedule?days=1.2.3.4.5.6.7&start=22.0&end=7.0&exitAtAlarm=true STATE_FALSE reason=!meetsSchedule
03-06 15:56:14.058  2476  2476 I TelecomFramework: : Carrier-config changed, checking for phone account updates.
03-06 15:56:14.059  2026  2026 D ConditionProviders.SCP: Scheduling evaluate for Wed Mar 06 22:00:00 GMT 2024 (1709762400000), in +1h3m45s948ms, now=Wed Mar 06 20:56:14 GMT 2024 (1709758574052)
03-06 15:56:14.060  2026  4785 D AlarmManagerService: Kernel timezone updated to 0 minutes west of GMT
03-06 15:56:14.081  5804  5804 I AlarmClock: AlarmInitReceiver android.intent.action.TIMEZONE_CHANGED
03-06 15:56:14.083  5804  9375 I AlarmClock: Connected Dock: null
03-06 15:56:14.087  5804  9375 I AlarmClock: Removing AlarmClockInfo
03-06 15:56:14.089  5804  5804 I AlarmClock: DigitalAppWidgetProvider processing Intent { act=android.intent.action.TIMEZONE_CHANGED flg=0x21200010 cmp=com.google.android.deskclock/com.android.alarmclock.DigitalAppWidgetProvider (has extras) }
03-06 15:56:14.124  2476  2476 D OtaspSimStateReceiver: Received intent: android.telephony.action.CARRIER_CONFIG_CHANGED
03-06 15:56:14.125  2476  3541 D IccSmsInterfaceManager: [IccSmsInterfaceManager] Failed to add GSM cell broadcast channels range 4384 to 4385
03-06 15:56:14.129  1791  2388 E GnssHAL_GnssInterface: gnssSvStatusCb: a: input svInfo.flags is 8
03-06 15:56:14.129  1791  2388 E GnssHAL_GnssInterface: gnssSvStatusCb: b: input svInfo.flags is 8
03-06 15:56:14.132  2476  3413 D IccSmsInterfaceManager: [IccSmsInterfaceManager] Calling setGsmBroadcastConfig with 1 configurations
03-06 15:56:14.151  4330  4542 I BugleDataModel: ParticipantRefresh: Number of participants refreshed: 0
03-06 15:56:14.155  2476  2490 W System  : A resource failed to call close. 
03-06 15:56:14.161  2026  2573 I WifiService: releaseWifiLock uid=10099
03-06 15:56:14.168  2476  2476 I VvmSimStateTracker: android.telephony.action.CARRIER_CONFIG_CHANGED
03-06 15:56:14.168  2476  2476 I VvmSimStateTracker: Received SIM change for invalid subscription id.
03-06 15:56:14.173  2026  2871 I WifiService: acquireWifiLock uid=10099 lockMode=2
03-06 15:56:14.181  4165  4218 I CarrierServices: [259] CarrierServicesReleaseApp.a: Initialized already, return.
03-06 15:56:14.189  2476  3413 D IccSmsInterfaceManager: [IccSmsInterfaceManager] Failed to add GSM cell broadcast channels range 4373 to 4378
03-06 15:56:14.190  2476  2476 D IntentBroadcaster: Broadcasting and adding intent for rebroadcast: android.intent.action.SIM_STATE_CHANGED READY for slotId 0
03-06 15:56:14.190  2476  3413 D IccSmsInterfaceManager: [IccSmsInterfaceManager] Calling setCdmaBroadcastConfig with 1 configurations
03-06 15:56:14.192  2803  2803 I rcs     : [PresencePublication] onReceive intent=Intent { act=android.intent.action.SIM_STATE_CHANGED flg=0x5000010 (has extras) }
03-06 15:56:14.192  2803  2803 I rcs     : [PresencePublication] ACTION_SIM_STATE_CHANGED INTENT_KEY_ICC_STATE=READY
03-06 15:56:14.192  2803  2803 I rcs     : [RcsService] onReceive intent=Intent { act=android.intent.action.SIM_STATE_CHANGED flg=0x5000010 (has extras) }
03-06 15:56:14.192  2184  2184 V KeyguardUpdateMonitor: action android.intent.action.SIM_STATE_CHANGED state: READY slotId: 0 subid: 1
03-06 15:56:14.192  2184  2184 D KeyguardUpdateMonitor: handleSimStateChange(subId=1, slotId=0, state=READY)
03-06 15:56:14.192  2184  2184 D KeyguardViewMediator: onSimStateChanged(subId=1, slotId=0,state=READY)
03-06 15:56:14.192  2184  2184 D KeyguardViewMediator: READY, reset state? false
03-06 15:56:14.211  2476  3413 D IccSmsInterfaceManager: [IccSmsInterfaceManager] Failed to add cdma broadcast channels range 4098 to 4098
03-06 15:56:14.212  2476  3413 D IccSmsInterfaceManager: [IccSmsInterfaceManager] Calling setGsmBroadcastConfig with 1 configurations
03-06 15:56:14.213  2476  2476 I VvmSimStateTracker: android.intent.action.SIM_STATE_CHANGED
03-06 15:56:14.215  6392  6392 I Finsky  : [2] com.google.android.finsky.simhandler.SimStateReceiver.a(6): android.intent.action.SIM_STATE_CHANGED : simState = READY
03-06 15:56:14.219  2387  7815 I constellation: [sim_state_checker] sim state checker is disabled.
03-06 15:56:14.225  2476  2476 E PhoneInterfaceManager: [PhoneIntfMgr] getIccId: ICC ID is null or empty.
03-06 15:56:14.235  2476  3413 D IccSmsInterfaceManager: [IccSmsInterfaceManager] Failed to add GSM cell broadcast channels range 4386 to 4391
03-06 15:56:14.236  2476  2476 I CallNotifier: onCallForwardingIndicatorChanged(): subId=1, visible=N
03-06 15:56:14.237  2476  2476 D CallNotifier: updatePhoneStateListeners: update CF notifications.
03-06 15:56:14.237  2476  2476 I NotificationMgr: updateCfi: subId= 1, visible=N
03-06 15:56:14.237  2476  2476 I NotificationMgr: updateMwi(): subId 1 update to false
03-06 15:56:14.242  4030  4030 I Dialer  : LegacyVoicemailNotificationReceiver.onReceive - received legacy voicemail notification
03-06 15:56:14.242  4030  4030 I Dialer  : LegacyVoicemailNotificationReceiver.onReceive - isRefresh: true
03-06 15:56:14.242  4030  4030 I Dialer  : LegacyVoicemailNotificationReceiver.onReceive - clearing notification
03-06 15:56:14.242  4030  4030 I Dialer  : LegacyVoicemailNotifier.cancelNotification - enter
03-06 15:56:14.242  4030  4030 I Dialer  : LegacyVoicemailNotifier.cancelNotification - 'null' id, canceling all legacy voicemail notifications
03-06 15:56:14.245  2476  3413 D IccSmsInterfaceManager: [IccSmsInterfaceManager] Calling setGsmBroadcastConfig with 1 configurations
03-06 15:56:14.247  2476  2476 D MccTable: updateMccMncConfiguration mccmnc='310260
03-06 15:56:14.247  2476  2476 D MccTable: updateMccMncConfiguration: mcc=310, mnc=260
03-06 15:56:14.248  2026  2573 D AlarmManagerService: Kernel timezone updated to 300 minutes west of GMT
03-06 15:56:14.251  2026  2026 D ConditionProviders.SCP: onReceive android.intent.action.TIMEZONE_CHANGED
03-06 15:56:14.251  2026  2026 D ConditionProviders.SCP: evaluateSubscriptionLocked cal=ScheduleCalendar[mDays={1, 2, 3, 4, 5, 6, 7}, mSchedule=ScheduleInfo{days=[1, 2, 3, 4, 5, 6, 7], startHour=22, startMinute=0, endHour=7, endMinute=0, exitAtAlarm=true, nextAlarm=Wed Dec 31 19:00:00 EST 1969 (0)}], now=Wed Mar 06 15:56:14 EST 2024 (1709758574251), nextUserAlarmTime=Wed Dec 31 19:00:00 EST 1969 (0)
03-06 15:56:14.251  2026  2026 D ConditionProviders.SCP: notifyCondition condition://android/schedule?days=1.2.3.4.5.6.7&start=22.0&end=7.0&exitAtAlarm=true STATE_FALSE reason=!meetsSchedule
03-06 15:56:14.252  2026  2026 D ConditionProviders.SCP: Scheduling evaluate for Wed Mar 06 22:00:00 EST 2024 (1709780400000), in +6h3m45s749ms, now=Wed Mar 06 15:56:14 EST 2024 (1709758574251)
03-06 15:56:14.255  2476  2476 D MccTable: timezone set to America/New_York
03-06 15:56:14.255  2476  2476 D MccTable: updateMccMncConfiguration updateConfig config={0.0 310mcc260mnc ?localeList ?layoutDir ?swdp ?wdp ?hdp ?density ?lsize ?long ?ldr ?wideColorGamut ?orien ?uimode ?night ?touch ?keyb/?/? ?nav/? winConfig={ mBounds=Rect(0, 0 - 0, 0) mAppBounds=null mWindowingMode=undefined mDisplayWindowingMode=undefined mActivityType=undefined mAlwaysOnTop=undefined mRotation=undefined}}
03-06 15:56:14.263  2476  3413 D IccSmsInterfaceManager: [IccSmsInterfaceManager] Failed to add GSM cell broadcast channels range 4379 to 4379
03-06 15:56:14.264  2476  3413 D IccSmsInterfaceManager: [IccSmsInterfaceManager] Calling setCdmaBroadcastConfig with 1 configurations
03-06 15:56:14.269  2476  3413 D IccSmsInterfaceManager: [IccSmsInterfaceManager] Failed to add cdma broadcast channels range 4099 to 4099
03-06 15:56:14.269  2476  3413 D IccSmsInterfaceManager: [IccSmsInterfaceManager] Calling setGsmBroadcastConfig with 1 configurations
03-06 15:56:14.283  5804  5804 I AlarmClock: AlarmInitReceiver android.intent.action.TIMEZONE_CHANGED
03-06 15:56:14.284  5804  9375 I AlarmClock: Connected Dock: null
03-06 15:56:14.287  5804  9375 I AlarmClock: Removing AlarmClockInfo
03-06 15:56:14.287  2476  2476 D TelephonyProvider: match current APN size:  12
03-06 15:56:14.288  2476  2476 D TelephonyProvider: match MNO APN: 5
03-06 15:56:14.289  2476  2476 D TelephonyProvider: subIdString = 1 subId = 1
03-06 15:56:14.289  2476  2476 D TelephonyProvider: getPreferredApnIdFromApn: for subId 1
03-06 15:56:14.289  5804  5804 I AlarmClock: DigitalAppWidgetProvider processing Intent { act=android.intent.action.TIMEZONE_CHANGED flg=0x21200010 cmp=com.google.android.deskclock/com.android.alarmclock.DigitalAppWidgetProvider (has extras) }
03-06 15:56:14.295  2476  2476 D TelephonyProvider: subIdString = 1 subId = 1
03-06 15:56:14.295  2476  2476 D TelephonyProvider: getPreferredApnIdFromApn: for subId 1
03-06 15:56:14.300  2476  2476 D TelephonyProvider: subIdString = 1 subId = 1
03-06 15:56:14.300  2476  2476 D TelephonyProvider: getPreferredApnIdFromApn: for subId 1
03-06 15:56:14.303  2476  2476 D TelephonyProvider: subIdString = 1 subId = 1
03-06 15:56:14.303  2476  2476 D TelephonyProvider: getPreferredApnIdFromApn: for subId 1
