03-06 15:51:28.320  2476  2476 I ServiceManagement: getService: Trying again for android.hardware.radio@1.0::IRadio/slot1...
03-06 15:51:28.327  1792  1792 D gralloc_ranchu: gralloc_alloc: Creating ashmem region of size 9592832
03-06 15:51:28.341  1792  1792 D gralloc_ranchu: gralloc_alloc: Creating ashmem region of size 9592832
03-06 15:51:28.355  1792  3032 D gralloc_ranchu: gralloc_alloc: Creating ashmem region of size 9592832
03-06 15:51:28.371  7200  7276 D EGL_emulation: eglMakeCurrent: 0xdee1ae40: ver 2 0 (tinfo 0xc2e69120)
03-06 15:51:28.385  7200  7276 I chatty  : uid=10134(ru.iteco.fmhandroid) RenderThread identical 2 lines
03-06 15:51:28.411  7200  7276 D EGL_emulation: eglMakeCurrent: 0xdee1ae40: ver 2 0 (tinfo 0xc2e69120)
03-06 15:51:28.415  7412  7412 I ServiceManagement: Registered android.hardware.radio@1.1::IRadio/slot1 (start delay of 13ms)
03-06 15:51:28.415  7412  7412 I ServiceManagement: Registered android.hardware.radio.deprecated@1.0::IOemHook/slot1 (start delay of 14ms)
03-06 15:51:28.416  2476  2476 I android_os_HwBinder: HwBinder: Starting thread pool for getting: android.hardware.radio@1.0::IRadio/slot1
03-06 15:51:28.417  1676  1676 I hwservicemanager: getTransport: Cannot find entry android.hardware.radio.deprecated@1.0::IOemHook/slot1 in either framework or device manifest.
03-06 15:51:28.418  2476  2476 D MultiSimSettingController: onDefaultDataSettingChanged
03-06 15:51:28.419  2476  2476 D CallNotifier: updatePhoneStateListeners: update CF notifications.
03-06 15:51:28.419  2476  2476 I NotificationMgr: updateCfi: subId= 1, visible=N
03-06 15:51:28.419  2476  2476 I NotificationMgr: updateMwi(): subId 1 update to false
03-06 15:51:28.422  2476  2476 I TelecomFramework: : onSubscriptionsChanged - update accounts
03-06 15:51:28.422  2476  2476 I TelecomFramework: PstnIncomingCallNotifier: Unregistering: Handler (com.android.internal.telephony.GsmCdmaPhone) {b312827}
03-06 15:51:28.422  2476  2476 I TelecomFramework: TelecomAccountRegistry: setupAccounts: Found 1 phones.  Attempting to register.
03-06 15:51:28.422  2476  2476 I TelecomFramework: TelecomAccountRegistry: setupAccounts: Phone with subscription id 1
03-06 15:51:28.422  4030  4030 I Dialer  : LegacyVoicemailNotificationReceiver.onReceive - received legacy voicemail notification
03-06 15:51:28.422  4030  4030 I Dialer  : LegacyVoicemailNotificationReceiver.onReceive - isRefresh: true
03-06 15:51:28.422  4030  4030 I Dialer  : LegacyVoicemailNotificationReceiver.onReceive - clearing notification
03-06 15:51:28.422  4030  4030 I Dialer  : LegacyVoicemailNotifier.cancelNotification - enter
03-06 15:51:28.426  7200  7276 D EGL_emulation: eglMakeCurrent: 0xdee1ae40: ver 2 0 (tinfo 0xc2e69120)
03-06 15:51:28.429  2026  2043 I Telecom : PhoneAccountRegistrar: Modify account: [ComponentInfo{com.android.phone/com.android.services.telephony.TelephonyConnectionService}, ***, UserHandle{0}]: TSI.rPA@Acw
03-06 15:51:28.429  2026  2043 I Telecom : CallsManager: handlePhoneAccountChanged: phoneAccount=[[X] PhoneAccount: ComponentInfo{com.android.phone/com.android.services.telephony.TelephonyConnectionService}, ***, UserHandle{0} Capabilities: CallProvider MultiUser PlaceEmerg SimSub  Audio Routes: BESW Schemes: tel voicemail  Extras: Bundle[{android.telecom.extra.SUPPORTS_VIDEO_CALLING_FALLBACK=true}] GroupId: ***]: TSI.rPA@Acw
03-06 15:51:28.429  2476  2476 I TelecomFramework: AccountEntry: Registered phoneAccount: [[ ] PhoneAccount: ComponentInfo{com.android.phone/com.android.services.telephony.TelephonyConnectionService}, ***, UserHandle{0} Capabilities: CallProvider MultiUser PlaceEmerg SimSub  Audio Routes: BESW Schemes: tel voicemail  Extras: Bundle[{android.telecom.extra.SUPPORTS_VIDEO_CALLING_FALLBACK=true}] GroupId: ***] with handle: ComponentInfo{com.android.phone/com.android.services.telephony.TelephonyConnectionService}, ***, UserHandle{0}
03-06 15:51:28.429  2476  2476 I TelecomFramework: PstnIncomingCallNotifier: Registering: Handler (com.android.internal.telephony.GsmCdmaPhone) {b312827}
03-06 15:51:28.429  7200  7276 D EGL_emulation: eglMakeCurrent: 0xdee1ae40: ver 2 0 (tinfo 0xc2e69120)
03-06 15:51:28.431  2476  2476 D MultiSimSettingController: onSubscriptionsChanged
03-06 15:51:28.431  2476  2476 D MultiSimSettingController: updateDefaults
03-06 15:51:28.431  2476  2476 D MultiSimSettingController: [updateDefaultValues] change: 0
03-06 15:51:28.433  2476  2476 D CallNotifier: updatePhoneStateListeners: update CF notifications.
03-06 15:51:28.433  2476  2476 I NotificationMgr: updateCfi: subId= 1, visible=N
03-06 15:51:28.433  2476  2476 I NotificationMgr: updateMwi(): subId 1 update to false
03-06 15:51:28.434  2476  2476 I TelecomFramework: : onSubscriptionsChanged - update accounts
03-06 15:51:28.434  2476  2476 I TelecomFramework: PstnIncomingCallNotifier: Unregistering: Handler (com.android.internal.telephony.GsmCdmaPhone) {b312827}
03-06 15:51:28.434  2476  2476 I TelecomFramework: TelecomAccountRegistry: setupAccounts: Found 1 phones.  Attempting to register.
03-06 15:51:28.434  2476  2476 I TelecomFramework: TelecomAccountRegistry: setupAccounts: Phone with subscription id 1
03-06 15:51:28.435  4030  4030 I Dialer  : LegacyVoicemailNotificationReceiver.onReceive - received legacy voicemail notification
03-06 15:51:28.435  4030  4030 I Dialer  : LegacyVoicemailNotificationReceiver.onReceive - isRefresh: true
03-06 15:51:28.435  4030  4030 I Dialer  : LegacyVoicemailNotificationReceiver.onReceive - clearing notification
03-06 15:51:28.436  4030  4030 I Dialer  : LegacyVoicemailNotifier.cancelNotification - enter
03-06 15:51:28.439  2026  2043 I Telecom : PhoneAccountRegistrar: Modify account: [ComponentInfo{com.android.phone/com.android.services.telephony.TelephonyConnectionService}, ***, UserHandle{0}]: TSI.rPA@Ac8
03-06 15:51:28.440  2026  2043 I Telecom : CallsManager: handlePhoneAccountChanged: phoneAccount=[[X] PhoneAccount: ComponentInfo{com.android.phone/com.android.services.telephony.TelephonyConnectionService}, ***, UserHandle{0} Capabilities: CallProvider MultiUser PlaceEmerg SimSub  Audio Routes: BESW Schemes: tel voicemail  Extras: Bundle[{android.telecom.extra.SUPPORTS_VIDEO_CALLING_FALLBACK=true}] GroupId: ***]: TSI.rPA@Ac8
03-06 15:51:28.440  2476  2476 I TelecomFramework: AccountEntry: Registered phoneAccount: [[ ] PhoneAccount: ComponentInfo{com.android.phone/com.android.services.telephony.TelephonyConnectionService}, ***, UserHandle{0} Capabilities: CallProvider MultiUser PlaceEmerg SimSub  Audio Routes: BESW Schemes: tel voicemail  Extras: Bundle[{android.telecom.extra.SUPPORTS_VIDEO_CALLING_FALLBACK=true}] GroupId: ***] with handle: ComponentInfo{com.android.phone/com.android.services.telephony.TelephonyConnectionService}, ***, UserHandle{0}
03-06 15:51:28.440  2476  2476 I TelecomFramework: PstnIncomingCallNotifier: Registering: Handler (com.android.internal.telephony.GsmCdmaPhone) {b312827}
03-06 15:51:28.442  2476  2476 D MultiSimSettingController: onSubscriptionsChanged
03-06 15:51:28.442  2476  2476 D MultiSimSettingController: updateDefaults
03-06 15:51:28.443  2476  2476 D MultiSimSettingController: [updateDefaultValues] change: 0
03-06 15:51:28.443  2476  2476 D CallNotifier: updatePhoneStateListeners: update CF notifications.
03-06 15:51:28.443  2476  2476 I NotificationMgr: updateCfi: subId= 1, visible=N
03-06 15:51:28.443  2476  2476 I NotificationMgr: updateMwi(): subId 1 update to false
03-06 15:51:28.444  7200  7276 D EGL_emulation: eglMakeCurrent: 0xdee1ae40: ver 2 0 (tinfo 0xc2e69120)
03-06 15:51:28.446  4030  4030 I Dialer  : LegacyVoicemailNotificationReceiver.onReceive - received legacy voicemail notification
03-06 15:51:28.446  4030  4030 I Dialer  : LegacyVoicemailNotificationReceiver.onReceive - isRefresh: true
03-06 15:51:28.446  4030  4030 I Dialer  : LegacyVoicemailNotificationReceiver.onReceive - clearing notification
03-06 15:51:28.446  4030  4030 I Dialer  : LegacyVoicemailNotifier.cancelNotification - enter
03-06 15:51:28.446  7200  7276 D EGL_emulation: eglMakeCurrent: 0xdee1ae40: ver 2 0 (tinfo 0xc2e69120)
03-06 15:51:28.447  2476  2476 I TelecomFramework: : onSubscriptionsChanged - update accounts
03-06 15:51:28.447  2476  2476 I TelecomFramework: PstnIncomingCallNotifier: Unregistering: Handler (com.android.internal.telephony.GsmCdmaPhone) {b312827}
03-06 15:51:28.448  2476  2476 I TelecomFramework: TelecomAccountRegistry: setupAccounts: Found 1 phones.  Attempting to register.
03-06 15:51:28.448  2476  2476 I TelecomFramework: TelecomAccountRegistry: setupAccounts: Phone with subscription id 1
03-06 15:51:28.452  2026  4296 I Telecom : PhoneAccountRegistrar: Modify account: [ComponentInfo{com.android.phone/com.android.services.telephony.TelephonyConnectionService}, ***, UserHandle{0}]: TSI.rPA@AdI
03-06 15:51:28.452  2026  4296 I Telecom : CallsManager: handlePhoneAccountChanged: phoneAccount=[[X] PhoneAccount: ComponentInfo{com.android.phone/com.android.services.telephony.TelephonyConnectionService}, ***, UserHandle{0} Capabilities: CallProvider MultiUser PlaceEmerg SimSub  Audio Routes: BESW Schemes: tel voicemail  Extras: Bundle[{android.telecom.extra.SUPPORTS_VIDEO_CALLING_FALLBACK=true}] GroupId: ***]: TSI.rPA@AdI
03-06 15:51:28.452  2476  2476 I TelecomFramework: AccountEntry: Registered phoneAccount: [[ ] PhoneAccount: ComponentInfo{com.android.phone/com.android.services.telephony.TelephonyConnectionService}, ***, UserHandle{0} Capabilities: CallProvider MultiUser PlaceEmerg SimSub  Audio Routes: BESW Schemes: tel voicemail  Extras: Bundle[{android.telecom.extra.SUPPORTS_VIDEO_CALLING_FALLBACK=true}] GroupId: ***] with handle: ComponentInfo{com.android.phone/com.android.services.telephony.TelephonyConnectionService}, ***, UserHandle{0}
03-06 15:51:28.452  2476  2476 I TelecomFramework: PstnIncomingCallNotifier: Registering: Handler (com.android.internal.telephony.GsmCdmaPhone) {b312827}
03-06 15:51:28.454  2476  2476 D MultiSimSettingController: onSubscriptionsChanged
03-06 15:51:28.454  2476  2476 D MultiSimSettingController: updateDefaults
03-06 15:51:28.454  2476  2476 D MultiSimSettingController: [updateDefaultValues] change: 0
03-06 15:51:28.455  2476  2476 D CallNotifier: updatePhoneStateListeners: update CF notifications.
03-06 15:51:28.455  2476  2476 I NotificationMgr: updateCfi: subId= 1, visible=N
03-06 15:51:28.456  2476  2476 I NotificationMgr: updateMwi(): subId 1 update to false
03-06 15:51:28.457  2476  2476 I TelecomFramework: : onSubscriptionsChanged - update accounts
03-06 15:51:28.457  2476  2476 I TelecomFramework: PstnIncomingCallNotifier: Unregistering: Handler (com.android.internal.telephony.GsmCdmaPhone) {b312827}
03-06 15:51:28.457  2476  2476 I TelecomFramework: TelecomAccountRegistry: setupAccounts: Found 1 phones.  Attempting to register.
03-06 15:51:28.457  2476  2476 I TelecomFramework: TelecomAccountRegistry: setupAccounts: Phone with subscription id 1
03-06 15:51:28.458  4030  4030 I Dialer  : LegacyVoicemailNotificationReceiver.onReceive - received legacy voicemail notification
03-06 15:51:28.458  4030  4030 I Dialer  : LegacyVoicemailNotificationReceiver.onReceive - isRefresh: true
03-06 15:51:28.458  4030  4030 I Dialer  : LegacyVoicemailNotificationReceiver.onReceive - clearing notification
03-06 15:51:28.458  4030  4030 I Dialer  : LegacyVoicemailNotifier.cancelNotification - enter
03-06 15:51:28.461  7200  7276 D EGL_emulation: eglMakeCurrent: 0xdee1ae40: ver 2 0 (tinfo 0xc2e69120)
03-06 15:51:28.462  2026  4296 I Telecom : PhoneAccountRegistrar: Modify account: [ComponentInfo{com.android.phone/com.android.services.telephony.TelephonyConnectionService}, ***, UserHandle{0}]: TSI.rPA@AdU
03-06 15:51:28.463  2026  4296 I Telecom : CallsManager: handlePhoneAccountChanged: phoneAccount=[[X] PhoneAccount: ComponentInfo{com.android.phone/com.android.services.telephony.TelephonyConnectionService}, ***, UserHandle{0} Capabilities: CallProvider MultiUser PlaceEmerg SimSub  Audio Routes: BESW Schemes: tel voicemail  Extras: Bundle[{android.telecom.extra.SUPPORTS_VIDEO_CALLING_FALLBACK=true}] GroupId: ***]: TSI.rPA@AdU
03-06 15:51:28.463  2476  2476 I TelecomFramework: AccountEntry: Registered phoneAccount: [[ ] PhoneAccount: ComponentInfo{com.android.phone/com.android.services.telephony.TelephonyConnectionService}, ***, UserHandle{0} Capabilities: CallProvider MultiUser PlaceEmerg SimSub  Audio Routes: BESW Schemes: tel voicemail  Extras: Bundle[{android.telecom.extra.SUPPORTS_VIDEO_CALLING_FALLBACK=true}] GroupId: ***] with handle: ComponentInfo{com.android.phone/com.android.services.telephony.TelephonyConnectionService}, ***, UserHandle{0}
03-06 15:51:28.463  2476  2476 I TelecomFramework: PstnIncomingCallNotifier: Registering: Handler (com.android.internal.telephony.GsmCdmaPhone) {b312827}
03-06 15:51:28.464  2476  2476 D MultiSimSettingController: onSubscriptionsChanged
03-06 15:51:28.464  2476  2476 D MultiSimSettingController: updateDefaults
03-06 15:51:28.464  2476  2476 D MultiSimSettingController: [updateDefaultValues] change: 0
03-06 15:51:28.465  2476  2476 D CallNotifier: updatePhoneStateListeners: update CF notifications.
03-06 15:51:28.465  2476  2476 I NotificationMgr: updateCfi: subId= 1, visible=N
03-06 15:51:28.465  7200  7276 D EGL_emulation: eglMakeCurrent: 0xdee1ae40: ver 2 0 (tinfo 0xc2e69120)
03-06 15:51:28.465  2476  2476 I NotificationMgr: updateMwi(): subId 1 update to false
03-06 15:51:28.467  2476  2476 I TelecomFramework: : onSubscriptionsChanged - update accounts
03-06 15:51:28.467  4030  4030 I Dialer  : LegacyVoicemailNotificationReceiver.onReceive - received legacy voicemail notification
03-06 15:51:28.467  2476  2476 I TelecomFramework: PstnIncomingCallNotifier: Unregistering: Handler (com.android.internal.telephony.GsmCdmaPhone) {b312827}
03-06 15:51:28.467  2476  2476 I TelecomFramework: TelecomAccountRegistry: setupAccounts: Found 1 phones.  Attempting to register.
03-06 15:51:28.467  4030  4030 I Dialer  : LegacyVoicemailNotificationReceiver.onReceive - isRefresh: true
03-06 15:51:28.467  2476  2476 I TelecomFramework: TelecomAccountRegistry: setupAccounts: Phone with subscription id 1
03-06 15:51:28.467  4030  4030 I Dialer  : LegacyVoicemailNotificationReceiver.onReceive - clearing notification
03-06 15:51:28.467  4030  4030 I Dialer  : LegacyVoicemailNotifier.cancelNotification - enter
03-06 15:51:28.472  2026  4296 I Telecom : PhoneAccountRegistrar: Modify account: [ComponentInfo{com.android.phone/com.android.services.telephony.TelephonyConnectionService}, ***, UserHandle{0}]: TSI.rPA@Adg
03-06 15:51:28.472  2026  4296 I Telecom : CallsManager: handlePhoneAccountChanged: phoneAccount=[[X] PhoneAccount: ComponentInfo{com.android.phone/com.android.services.telephony.TelephonyConnectionService}, ***, UserHandle{0} Capabilities: CallProvider MultiUser PlaceEmerg SimSub  Audio Routes: BESW Schemes: tel voicemail  Extras: Bundle[{android.telecom.extra.SUPPORTS_VIDEO_CALLING_FALLBACK=true}] GroupId: ***]: TSI.rPA@Adg
03-06 15:51:28.473  2476  2476 I TelecomFramework: AccountEntry: Registered phoneAccount: [[ ] PhoneAccount: ComponentInfo{com.android.phone/com.android.services.telephony.TelephonyConnectionService}, ***, UserHandle{0} Capabilities: CallProvider MultiUser PlaceEmerg SimSub  Audio Routes: BESW Schemes: tel voicemail  Extras: Bundle[{android.telecom.extra.SUPPORTS_VIDEO_CALLING_FALLBACK=true}] GroupId: ***] with handle: ComponentInfo{com.android.phone/com.android.services.telephony.TelephonyConnectionService}, ***, UserHandle{0}
03-06 15:51:28.473  2476  2476 I TelecomFramework: PstnIncomingCallNotifier: Registering: Handler (com.android.internal.telephony.GsmCdmaPhone) {b312827}
03-06 15:51:28.474  2476  2476 D MultiSimSettingController: onSubscriptionsChanged
03-06 15:51:28.474  2476  2476 D MultiSimSettingController: updateDefaults
03-06 15:51:28.474  2476  2476 D MultiSimSettingController: [updateDefaultValues] change: 0
03-06 15:51:28.475  2476  2476 I VvmSimStateTracker: android.intent.action.SIM_STATE_CHANGED
03-06 15:51:28.476  2476  2476 D CallNotifier: updatePhoneStateListeners: update CF notifications.
03-06 15:51:28.476  2476  2476 I NotificationMgr: updateCfi: subId= 1, visible=N
03-06 15:51:28.476  2476  2476 I NotificationMgr: updateMwi(): subId 1 update to false
03-06 15:51:28.478  6392  6392 I Finsky  : [2] com.google.android.finsky.simhandler.SimStateReceiver.a(6): android.intent.action.SIM_STATE_CHANGED : simState = LOADED
03-06 15:51:28.479  7200  7276 D EGL_emulation: eglMakeCurrent: 0xdee1ae40: ver 2 0 (tinfo 0xc2e69120)
03-06 15:51:28.480  4030  4030 I Dialer  : LegacyVoicemailNotificationReceiver.onReceive - received legacy voicemail notification
03-06 15:51:28.480  4030  4030 I Dialer  : LegacyVoicemailNotificationReceiver.onReceive - isRefresh: true
03-06 15:51:28.480  4030  4030 I Dialer  : LegacyVoicemailNotificationReceiver.onReceive - clearing notification
03-06 15:51:28.480  4030  4030 I Dialer  : LegacyVoicemailNotifier.cancelNotification - enter
03-06 15:51:28.480  2476  2476 I TelecomFramework: : onSubscriptionsChanged - update accounts
03-06 15:51:28.480  2476  2476 I TelecomFramework: PstnIncomingCallNotifier: Unregistering: Handler (com.android.internal.telephony.GsmCdmaPhone) {b312827}
03-06 15:51:28.481  2476  2476 I TelecomFramework: TelecomAccountRegistry: setupAccounts: Found 1 phones.  Attempting to register.
03-06 15:51:28.481  2476  2476 I TelecomFramework: TelecomAccountRegistry: setupAccounts: Phone with subscription id 1
03-06 15:51:28.483  7200  7276 D EGL_emulation: eglMakeCurrent: 0xdee1ae40: ver 2 0 (tinfo 0xc2e69120)
03-06 15:51:28.485  2026  2043 I Telecom : PhoneAccountRegistrar: Modify account: [ComponentInfo{com.android.phone/com.android.services.telephony.TelephonyConnectionService}, ***, UserHandle{0}]: TSI.rPA@Ads
03-06 15:51:28.485  2026  2043 I Telecom : CallsManager: handlePhoneAccountChanged: phoneAccount=[[X] PhoneAccount: ComponentInfo{com.android.phone/com.android.services.telephony.TelephonyConnectionService}, ***, UserHandle{0} Capabilities: CallProvider MultiUser PlaceEmerg SimSub  Audio Routes: BESW Schemes: tel voicemail  Extras: Bundle[{android.telecom.extra.SUPPORTS_VIDEO_CALLING_FALLBACK=true}] GroupId: ***]: TSI.rPA@Ads
03-06 15:51:28.487  2387  7101 I constellation: [sim_state_checker] sim state checker is disabled.
03-06 15:51:28.488  2476  2476 I TelecomFramework: AccountEntry: Registered phoneAccount: [[ ] PhoneAccount: ComponentInfo{com.android.phone/com.android.services.telephony.TelephonyConnectionService}, ***, UserHandle{0} Capabilities: CallProvider MultiUser PlaceEmerg SimSub  Audio Routes: BESW Schemes: tel voicemail  Extras: Bundle[{android.telecom.extra.SUPPORTS_VIDEO_CALLING_FALLBACK=true}] GroupId: ***] with handle: ComponentInfo{com.android.phone/com.android.services.telephony.TelephonyConnectionService}, ***, UserHandle{0}
03-06 15:51:28.488  2476  2476 I TelecomFramework: PstnIncomingCallNotifier: Registering: Handler (com.android.internal.telephony.GsmCdmaPhone) {b312827}
03-06 15:51:28.491  2476  2476 D MultiSimSettingController: onSubscriptionsChanged
03-06 15:51:28.491  2476  2476 D MultiSimSettingController: updateDefaults
03-06 15:51:28.491  2476  2476 D MultiSimSettingController: [updateDefaultValues] change: 0
03-06 15:51:28.491  2476  2476 D CarrierConfigLoader: mHandler: 7 phoneId: 0
03-06 15:51:28.492  2476  2476 D CarrierConfigLoader: Loaded config from XML. package=com.android.carrierconfig phoneId=0
03-06 15:51:28.493  2476  2476 D CarrierSvcBindHelper: mHandler: 0
03-06 15:51:28.493  2476  2476 D CarrierSvcBindHelper: Rebinding if necessary for phoneId: 0
03-06 15:51:28.494  2476  2476 D CarrierSvcBindHelper: No carrier app for: 0
03-06 15:51:28.496  7200  7276 D EGL_emulation: eglMakeCurrent: 0xdee1ae40: ver 2 0 (tinfo 0xc2e69120)
03-06 15:51:28.499  7200  7276 D EGL_emulation: eglMakeCurrent: 0xdee1ae40: ver 2 0 (tinfo 0xc2e69120)
03-06 15:51:28.507  2164  2164 I GeofencerStateMachine: sendQueryLocationOptIn
03-06 15:51:28.514  7200  7276 D EGL_emulation: eglMakeCurrent: 0xdee1ae40: ver 2 0 (tinfo 0xc2e69120)
03-06 15:51:28.515  2476  4908 D IccSmsInterfaceManager: [IccSmsInterfaceManager] Failed to add GSM cell broadcast channels range 4356 to 4356
03-06 15:51:28.517  7200  7276 D EGL_emulation: eglMakeCurrent: 0xdee1ae40: ver 2 0 (tinfo 0xc2e69120)
03-06 15:51:28.519  2476  4908 D IccSmsInterfaceManager: [IccSmsInterfaceManager] Failed to remove GSM cell broadcast channels range 4355 to 4355
03-06 15:51:28.519  2476  2476 I TelecomFramework: PstnPhoneCapabilitiesNotifier: handleVideoCapabilitesChanged. Video capability - false
03-06 15:51:28.524  2164  2164 I GeofencerStateMachine: sendQueryLocationOptIn
03-06 15:51:28.527  2164  2164 I GeofencerStateMachine: sendQueryLocationOptIn
03-06 15:51:28.528  1676  1676 I hwservicemanager: getTransport: Cannot find entry android.hardware.radio.config@1.1::IRadioConfig/default in either framework or device manifest.
03-06 15:51:28.528  1676  1676 I hwservicemanager: getTransport: Cannot find entry android.hardware.radio.config@1.0::IRadioConfig/default in either framework or device manifest.
03-06 15:51:28.530  2476  4908 D IccSmsInterfaceManager: [IccSmsInterfaceManager] Calling setGsmBroadcastConfig with 1 configurations
03-06 15:51:28.532  7200  7276 D EGL_emulation: eglMakeCurrent: 0xdee1ae40: ver 2 0 (tinfo 0xc2e69120)
03-06 15:51:28.535  1676  1676 I hwservicemanager: getTransport: Cannot find entry android.hardware.radio.config@1.1::IRadioConfig/default in either framework or device manifest.
03-06 15:51:28.535  1676  1676 I hwservicemanager: getTransport: Cannot find entry android.hardware.radio.config@1.0::IRadioConfig/default in either framework or device manifest.
03-06 15:51:28.535  1676  1676 I hwservicemanager: getTransport: Cannot find entry android.hardware.radio.config@1.1::IRadioConfig/default in either framework or device manifest.
03-06 15:51:28.536  1676  1676 I hwservicemanager: getTransport: Cannot find entry android.hardware.radio.config@1.0::IRadioConfig/default in either framework or device manifest.
03-06 15:51:28.536  7200  7276 D EGL_emulation: eglMakeCurrent: 0xdee1ae40: ver 2 0 (tinfo 0xc2e69120)
03-06 15:51:28.539  2476  2476 E PhoneInterfaceManager: [PhoneIntfMgr] getIccId: No UICC
03-06 15:51:28.541  2164  2164 I GeofencerStateMachine: sendQueryLocationOptIn
03-06 15:51:28.546  7418  7418 W rrierdefaultap: Unexpected CPU variant for X86 using defaults: x86
03-06 15:51:28.547  7200  7276 D EGL_emulation: eglMakeCurrent: 0xdee1ae40: ver 2 0 (tinfo 0xc2e69120)
03-06 15:51:28.537  2476  2476 I chatty  : uid=1001(radio) com.android.phone identical 4 lines
03-06 15:51:28.539  2476  2476 I TelecomFramework: PstnPhoneCapabilitiesNotifier: handleVideoCapabilitesChanged. Video capability - false
03-06 15:51:28.547  2026  4171 I Telecom : PhoneAccountRegistrar: New phone account registered: [[ ] PhoneAccount: ComponentInfo{com.android.phone/com.android.services.telephony.TelephonyConnectionService}, ***, UserHandle{0} Capabilities: CallProvider MultiUser PlaceEmerg SimSub  Audio Routes: BESW Schemes: tel voicemail  Extras: Bundle[{android.telecom.extra.SUPPORTS_VIDEO_CALLING_FALLBACK=true}] GroupId: ***]: TSI.rPA@Ad4
03-06 15:51:28.547  1774  1774 D Zygote  : Forked child process 7418
03-06 15:51:28.547  2026  4171 I Telecom : CallsManager: Sending phone-account ComponentInfo{com.android.phone/com.android.services.telephony.TelephonyConnectionService}, ***, UserHandle{0} registered intent as user: TSI.rPA@Ad4
03-06 15:51:28.548  2026  4171 I Telecom : CallsManager: Sending phone-account registered intent to default dialer: TSI.rPA@Ad4
03-06 15:51:28.548  2476  2476 D CarrierConfigLoader: mHandler: 5 phoneId: 0
03-06 15:51:28.548  2476  2476 E PhoneInterfaceManager: [PhoneIntfMgr] getCarrierPackageNamesForIntent: No UICC
03-06 15:51:28.549  2476  2476 D IntentBroadcaster: Broadcasting and adding intent for rebroadcast: android.intent.action.SIM_STATE_CHANGED UNKNOWN for slotId 0
03-06 15:51:28.549  2026  2054 I ActivityManager: Start proc 7418:com.android.carrierdefaultapp/u0a72 for broadcast {com.android.carrierdefaultapp/com.android.carrierdefaultapp.CarrierDefaultBroadcastReceiver}
03-06 15:51:28.550  7200  7276 D EGL_emulation: eglMakeCurrent: 0xdee1ae40: ver 2 0 (tinfo 0xc2e69120)
03-06 15:51:28.550  2803  2803 I rcs     : [PresencePublication] onReceive intent=Intent { act=android.intent.action.SIM_STATE_CHANGED flg=0x5000010 (has extras) }
03-06 15:51:28.550  2803  2803 I rcs     : [PresencePublication] ACTION_SIM_STATE_CHANGED INTENT_KEY_ICC_STATE=UNKNOWN
03-06 15:51:28.550  2803  2803 I rcs     : [RcsService] onReceive intent=Intent { act=android.intent.action.SIM_STATE_CHANGED flg=0x5000010 (has extras) }
03-06 15:51:28.552  2184  2184 V KeyguardUpdateMonitor: action android.intent.action.SIM_STATE_CHANGED state: UNKNOWN slotId: 0 subid: 1
03-06 15:51:28.552  2184  2184 D KeyguardUpdateMonitor: handleSimStateChange(subId=1, slotId=0, state=UNKNOWN)
03-06 15:51:28.553  7418  7418 E rrierdefaultap: Not starting debugger since process cannot load the jdwp agent.
03-06 15:51:28.555  2476  2476 D CarrierConfigLoader: update config for phoneId: 0 simState: UNKNOWN
03-06 15:51:28.555  2476  2476 D CarrierSvcBindHelper: update binding for phoneId: 0 simState: UNKNOWN
03-06 15:51:28.558  2164  2164 I GeofencerStateMachine: sendQueryLocationOptIn
03-06 15:51:28.564  7200  7276 D EGL_emulation: eglMakeCurrent: 0xdee1ae40: ver 2 0 (tinfo 0xc2e69120)
03-06 15:51:28.567  7200  7276 D EGL_emulation: eglMakeCurrent: 0xdee1ae40: ver 2 0 (tinfo 0xc2e69120)
03-06 15:51:28.567  2476  2476 D TelephonyProvider: match current APN size:  0
03-06 15:51:28.568  2476  2476 E TelephonyProvider: iccRecords is null
03-06 15:51:28.572  2164  2164 I GeofencerStateMachine: sendQueryLocationOptIn
03-06 15:51:28.573  7418  7418 I rrierdefaultap: The ClassLoaderContext is a special shared library.
03-06 15:51:28.575  2476  2476 E PhoneInterfaceManager: [PhoneIntfMgr] getIccId: No UICC
03-06 15:51:28.580  2026  4785 W BroadcastQueue: Background execution not allowed: receiving Intent { act=android.intent.action.DROPBOX_ENTRY_ADDED flg=0x10 (has extras) } to com.google.android.gms/.stats.service.DropBoxEntryAddedReceiver
03-06 15:51:28.581  2476  2476 D CarrierConfigLoader: mHandler: 0 phoneId: 0
03-06 15:51:28.582  2476  2476 D CarrierConfigLoader: Broadcast CARRIER_CONFIG_CHANGED for phone 0
03-06 15:51:28.583  7200  7276 D EGL_emulation: eglMakeCurrent: 0xdee1ae40: ver 2 0 (tinfo 0xc2e69120)
03-06 15:51:28.583  2026  2053 W BroadcastQueue: Background execution not allowed: receiving Intent { act=android.intent.action.DROPBOX_ENTRY_ADDED flg=0x10 (has extras) } to com.google.android.gms/.chimera.GmsIntentOperationService$PersistentTrustedReceiver
03-06 15:51:28.585  7418  7418 D CarrierDefaultBroadcastReceiver: onReceive intent: com.android.internal.telephony.CARRIER_SIGNAL_RESET
03-06 15:51:28.586  7200  7276 D EGL_emulation: eglMakeCurrent: 0xdee1ae40: ver 2 0 (tinfo 0xc2e69120)
03-06 15:51:28.587  2476  2476 D CarrierSvcBindHelper: mHandler: 0
03-06 15:51:28.587  2476  2476 D CarrierSvcBindHelper: Rebinding if necessary for phoneId: 0
03-06 15:51:28.588  2476  2476 E PhoneInterfaceManager: [PhoneIntfMgr] getCarrierPackageNamesForIntent: No UICC
03-06 15:51:28.588  2476  2476 D CarrierSvcBindHelper: No carrier app for: 0
03-06 15:51:28.589  4330  4330 I Bugle   : Carrier config changed. Reloading MMS config.
03-06 15:51:28.588  2476  2476 D CarrierConfigLoader: mHandler: 16 phoneId: 0
03-06 15:51:28.590  2476  3771 E CarrierInfoManager: Invalid networkOperator: 
03-06 15:51:28.591  2476  2476 D CarrierConfigLoader: Broadcast CARRIER_CONFIG_CHANGED for phone 0
03-06 15:51:28.592  7418  7418 D CarrierDefaultBroadcastReceiver: apply carrier action idx: 6
03-06 15:51:28.592  7418  7418 D CarrierActionUtils: onCancelAllNotifications
03-06 15:51:28.592  7418  7418 D CarrierDefaultBroadcastReceiver: apply carrier action idx: 8
03-06 15:51:28.592  7418  7418 D CarrierActionUtils: onDisableDefaultURLHandler
03-06 15:51:28.596  4330  4330 I Bugle   : Carrier config changed. Reloading MMS config.
03-06 15:51:28.597  2026  2026 I Telecom : PhoneAccountRegistrar: getSimCallManager: SimCallManager for subId 1 queried, returning: null: CM.CCCR->CM.UECNT->CM.CCCR->CM.UECNT->CM.CCCR->CM.UECNT->CM.CCCR->CM.UECNT->CM.CCCR->CM.UECNT->CM.CCCR->CM.UECNT->CM.CCCR->CM.UECNT->CM.CCCR->CM.UECNT->CM.CCCR->CM.UECNT->CM.CCCR->CM.UECNT->CM.CCCR->CM.UECNT->CM.CCCR->CM.UECNT->CM.CCCR->CM.UECNT->CM.CCCR->CM.UECNT->CM.CCCR->CM.UECNT->CM.CCCR->CM.UECNT->CM.CCCR->CM.UECNT->CM.CCCR->CM.UECNT->CM.CCCR->CM.UECNT@AD4
03-06 15:51:28.597  4113  4113 D CellBroadcastReceiver: onReceive Intent { act=android.telephony.action.CARRIER_CONFIG_CHANGED flg=0x15000010 cmp=com.android.cellbroadcastreceiver/.CellBroadcastReceiver (has extras) }
03-06 15:51:28.597  4113  4113 D CellBroadcastReceiver: initializeSharedPreference
03-06 15:51:28.598  2026  4296 D AlarmManagerService: Kernel timezone updated to 0 minutes west of GMT
03-06 15:51:28.598  7200  7276 D EGL_emulation: eglMakeCurrent: 0xdee1ae40: ver 2 0 (tinfo 0xc2e69120)
03-06 15:51:28.603  7200  7276 D EGL_emulation: eglMakeCurrent: 0xdee1ae40: ver 2 0 (tinfo 0xc2e69120)
03-06 15:51:28.608  6208  6208 I SetupWizard: [bea] Network time not available. java.lang.reflect.InvocationTargetException
03-06 15:51:28.609  6208  6208 I SetupWizard: [bea] Network time not available. java.lang.reflect.InvocationTargetException
03-06 15:51:28.611  4113  4113 D CellBroadcastReceiver: Default interval 0 did not change.
03-06 15:51:28.611  4113  4113 D CellBroadcastReceiver: Start Cell Broadcast configuration.
03-06 15:51:28.616  7200  7276 D EGL_emulation: eglMakeCurrent: 0xdee1ae40: ver 2 0 (tinfo 0xc2e69120)
03-06 15:51:28.620  7200  7276 D EGL_emulation: eglMakeCurrent: 0xdee1ae40: ver 2 0 (tinfo 0xc2e69120)
03-06 15:51:28.621  2476  3978 E CarrierInfoManager: Invalid networkOperator: 
03-06 15:51:28.624  2476  2476 I TelecomFramework: : Carrier-config changed, checking for phone account updates.
03-06 15:51:28.625  2476  2490 W System  : A resource failed to call close. 
03-06 15:51:28.626  2026  2026 I Telecom : PhoneAccountRegistrar: getSimCallManager: SimCallManager for subId 1 queried, returning: null: CM.CCCR->CM.UECNT->CM.CCCR->CM.UECNT->CM.CCCR->CM.UECNT->CM.CCCR->CM.UECNT->CM.CCCR->CM.UECNT->CM.CCCR->CM.UECNT->CM.CCCR->CM.UECNT->CM.CCCR->CM.UECNT->CM.CCCR->CM.UECNT->CM.CCCR->CM.UECNT->CM.CCCR->CM.UECNT->CM.CCCR->CM.UECNT->CM.CCCR->CM.UECNT->CM.CCCR->CM.UECNT->CM.CCCR->CM.UECNT->CM.CCCR->CM.UECNT->CM.CCCR->CM.UECNT->CM.CCCR->CM.UECNT->CM.CCCR->CM.UECNT->CM.CCCR->CM.UECNT@AD4
03-06 15:51:28.626  2476  2476 I TelecomFramework: : Carrier-config changed, checking for phone account updates.
03-06 15:51:28.625  2476  2490 W System  : A resource failed to call close. 
03-06 15:51:28.627  2476  2476 D OtaspSimStateReceiver: Received intent: android.telephony.action.CARRIER_CONFIG_CHANGED
03-06 15:51:28.629  2026  2026 D ConditionProviders.SCP: onReceive android.intent.action.TIMEZONE_CHANGED
03-06 15:51:28.629  2026  2026 D ConditionProviders.SCP: evaluateSubscriptionLocked cal=ScheduleCalendar[mDays={1, 2, 3, 4, 5, 6, 7}, mSchedule=ScheduleInfo{days=[1, 2, 3, 4, 5, 6, 7], startHour=22, startMinute=0, endHour=7, endMinute=0, exitAtAlarm=true, nextAlarm=Thu Jan 01 00:00:00 GMT 1970 (0)}], now=Wed Mar 06 20:51:28 GMT 2024 (1709758288629), nextUserAlarmTime=Thu Jan 01 00:00:00 GMT 1970 (0)
03-06 15:51:28.629  2026  2026 D ConditionProviders.SCP: notifyCondition condition://android/schedule?days=1.2.3.4.5.6.7&start=22.0&end=7.0&exitAtAlarm=true STATE_FALSE reason=!meetsSchedule
03-06 15:51:28.634  7200  7276 D EGL_emulation: eglMakeCurrent: 0xdee1ae40: ver 2 0 (tinfo 0xc2e69120)
03-06 15:51:28.640  2026  2026 D ConditionProviders.SCP: Scheduling evaluate for Wed Mar 06 22:00:00 GMT 2024 (1709762400000), in +1h8m31s371ms, now=Wed Mar 06 20:51:28 GMT 2024 (1709758288629)
03-06 15:51:28.637  7200  7276 D EGL_emulation: eglMakeCurrent: 0xdee1ae40: ver 2 0 (tinfo 0xc2e69120)
03-06 15:51:28.640  2476  2476 D TelephonyProvider: subIdString = 1 subId = 1
03-06 15:51:28.646  2476  2476 E PhoneInterfaceManager: [PhoneIntfMgr] getIccId: No UICC
03-06 15:51:28.651  7200  7276 D EGL_emulation: eglMakeCurrent: 0xdee1ae40: ver 2 0 (tinfo 0xc2e69120)
03-06 15:51:28.654  7200  7276 D EGL_emulation: eglMakeCurrent: 0xdee1ae40: ver 2 0 (tinfo 0xc2e69120)
03-06 15:51:28.658  6392  6422 I Finsky  : [491] fpw.a(10): onSubscriptionsChanged
03-06 15:51:28.658  6392  6422 I Finsky  : [491] fpt.c(15): notifySubscriptionInfoChangedListener: DataSubscriptionInfo=null
03-06 15:51:28.660  2184  2184 V KeyguardUpdateMonitor: onSubscriptionInfoChanged()
03-06 15:51:28.660  2026  2123 E NetworkPolicy: Missing subscriberId for subId 1
03-06 15:51:28.661  2026  2123 W BestClock: java.time.DateTimeException: Missing NTP fix
03-06 15:51:28.661  2026  2053 I DropBoxManagerService: add tag=system_server_wtf isTagEnabled=true flags=0x2
03-06 15:51:28.662  2184  2184 V KeyguardUpdateMonitor: SubInfo:{id=1, iccId=890141032[****] simSlotIndex=0 carrierId=1 displayName=T-Mobile carrierName=No service nameSource=3 iconTint=-16746133 mNumber=[****] dataRoaming=0 iconBitmap=android.graphics.Bitmap@f289463 mcc 310 mnc 260mCountryIso=us isEmbedded false accessRules null cardString=890141032[****] cardId=-1 isOpportunistic false mGroupUUID=null mIsGroupDisabled=false profileClass=-1 ehplmns = null hplmns = null subscriptionType=0 mGroupOwner=null}
03-06 15:51:28.662  2026  2123 W BestClock: java.time.DateTimeException: Missing NTP fix
03-06 15:51:28.663  1773  1773 I netd    : bandwidthSetGlobalAlert(2097152) <0.19ms>
03-06 15:51:28.664  2026  4785 D AlarmManagerService: Kernel timezone updated to 0 minutes west of GMT
03-06 15:51:28.665  2026  4785 I LocationAccessPolicy: Allowing com.google.android.inputmethod.latin fine because it doesn't target API 29 yet. Please fix this app. Called from TelephonyRegistry push
03-06 15:51:28.665  2026  4785 I LocationAccessPolicy: Allowing com.google.android.apps.messaging fine because it doesn't target API 29 yet. Please fix this app. Called from TelephonyRegistry push
03-06 15:51:28.665  2026  4785 I LocationAccessPolicy: com.google.android.setupwizard is aware of coarse but the app-ops permission is specifically denied.
03-06 15:51:28.670  7200  7276 D EGL_emulation: eglMakeCurrent: 0xdee1ae40: ver 2 0 (tinfo 0xc2e69120)
03-06 15:51:28.672  2476  2476 D ServiceStateProvider: subId=1
03-06 15:51:28.673  6392  6392 I Finsky  : [2] pxd.b(7): Jobs in database: 12-1 21-333333333 28--559038737 31-305419896 
03-06 15:51:28.673  6392  6392 I Finsky  : [2] puk.a(113): ConstraintMapping: 12-1, 21-333333333, 28--559038737, 31-305419896,  -> L: 0ms, D: 82745445ms, C: false, I: false, N: 1
03-06 15:51:28.674  7200  7276 D EGL_emulation: eglMakeCurrent: 0xdee1ae40: ver 2 0 (tinfo 0xc2e69120)
03-06 15:51:28.674  6392  6637 I Finsky  : [539] qjn.b(1): SIM removed, prefetching preloads
03-06 15:51:28.675  6392  6428 I Finsky  : [495] qjm.call(2): Prefetching preloads for account null
03-06 15:51:28.675  6392  6428 W Finsky  : [495] cwl.a(19): For unauth, use getDfeApiNonAuthenticated() instead!
03-06 15:51:28.675  6392  6428 I Finsky  : [495] qnu.a(19): No PAI stub found
03-06 15:51:28.675  6392  6428 E Finsky  : [495] qjm.call(31): Error prefetching preloads, using account=null, preloads=NULL, preloadRros=NULL, preloadGroups=NULL
03-06 15:51:28.675  6392  6428 E Finsky  : com.google.android.finsky.setup.fetchers.RawDocumentsFetchException[reason=pai_config, account=null]
03-06 15:51:28.675  6392  6428 E Finsky  : 	at qnu.a(SourceFile:19)
03-06 15:51:28.675  6392  6428 E Finsky  : 	at qjm.call(Unknown Source:2)
03-06 15:51:28.675  6392  6428 E Finsky  : 	at afxg.a(SourceFile:1)
03-06 15:51:28.675  6392  6428 E Finsky  : 	at afwi.run(SourceFile:3)
03-06 15:51:28.675  6392  6428 E Finsky  : 	at afxf.run(SourceFile:2)
03-06 15:51:28.675  6392  6428 E Finsky  : 	at java.util.concurrent.ThreadPoolExecutor.runWorker(ThreadPoolExecutor.java:1167)
03-06 15:51:28.675  6392  6428 E Finsky  : 	at java.util.concurrent.ThreadPoolExecutor$Worker.run(ThreadPoolExecutor.java:641)
03-06 15:51:28.675  6392  6428 E Finsky  : 	at unn.run(Unknown Source:7)
03-06 15:51:28.675  6392  6428 E Finsky  : 	at java.lang.Thread.run(Thread.java:919)
03-06 15:51:28.675  6392  6428 I Finsky  : [495] qjn.a(10): VpaSelectionActivity will be disabled
03-06 15:51:28.676  6392  6392 I Finsky  : [2] com.google.android.finsky.scheduler.JobSchedulerEngine.a(42): Cancelling existing job with id: 9000
03-06 15:51:28.677  6392  6392 I Finsky  : [2] com.google.android.finsky.scheduler.JobSchedulerEngine.a(4): Scheduling job Id: 9001, L: 0, D: 82745445, C: false, I: false, N: 1
03-06 15:51:28.679  6392  6637 I Finsky  : [539] fpy.a(5): notifySubscriptionInfoChangedListener success.
03-06 15:51:28.684  2476  2476 I VvmSimStateTracker: android.intent.action.SIM_STATE_CHANGED
03-06 15:51:28.686  7200  7276 D EGL_emulation: eglMakeCurrent: 0xdee1ae40: ver 2 0 (tinfo 0xc2e69120)
03-06 15:51:28.686  2476  2476 I VvmSimStateTracker: android.telephony.action.CARRIER_CONFIG_CHANGED
03-06 15:51:28.686  2476  2476 I VvmSimStateTracker: Received SIM change for invalid subscription id.
03-06 15:51:28.686  6392  6392 I Finsky  : [2] com.google.android.finsky.simhandler.SimStateReceiver.a(6): android.intent.action.SIM_STATE_CHANGED : simState = UNKNOWN
03-06 15:51:28.689  7200  7276 D EGL_emulation: eglMakeCurrent: 0xdee1ae40: ver 2 0 (tinfo 0xc2e69120)
03-06 15:51:28.695  2387  7323 I constellation: [sim_state_checker] sim state checker is disabled.
03-06 15:51:28.696  4165  4218 I CarrierServices: [259] CarrierServicesReleaseApp.a: Initialized already, return.
03-06 15:51:28.703  7200  7276 D EGL_emulation: eglMakeCurrent: 0xdee1ae40: ver 2 0 (tinfo 0xc2e69120)
03-06 15:51:28.707  7200  7276 D EGL_emulation: eglMakeCurrent: 0xdee1ae40: ver 2 0 (tinfo 0xc2e69120)
03-06 15:51:28.710  2476  2476 D TelephonyProvider: match current APN size:  0
03-06 15:51:28.711  2476  2476 E TelephonyProvider: iccRecords is null
03-06 15:51:28.717  4113  4113 D CellBroadcastReceiver: onReceive Intent { act=android.telephony.action.CARRIER_CONFIG_CHANGED flg=0x15000010 cmp=com.android.cellbroadcastreceiver/.CellBroadcastReceiver (has extras) }
03-06 15:51:28.717  4113  4113 D CellBroadcastReceiver: initializeSharedPreference
03-06 15:51:28.722  4113  4113 D CellBroadcastReceiver: Default interval 0 did not change.
03-06 15:51:28.722  4113  4113 D CellBroadcastReceiver: Start Cell Broadcast configuration.
03-06 15:51:28.723  7200  7276 D EGL_emulation: eglMakeCurrent: 0xdee1ae40: ver 2 0 (tinfo 0xc2e69120)
03-06 15:51:28.725  5804  5804 I AlarmClock: AlarmInitReceiver android.intent.action.TIMEZONE_CHANGED
03-06 15:51:28.725  5804  5831 I AlarmClock: Connected Dock: null
03-06 15:51:28.726  2476  2476 D CallNotifier: updatePhoneStateListeners: update CF notifications.
03-06 15:51:28.726  2476  2476 I NotificationMgr: updateCfi: subId= 1, visible=N
03-06 15:51:28.727  2476  2476 I NotificationMgr: updateMwi(): subId 1 update to false
03-06 15:51:28.727  2026  2052 E memtrack: Couldn't load memtrack module
03-06 15:51:28.727  2026  2052 W android.os.Debug: failed to get memory consumption info: -1
03-06 15:51:28.728  5804  5831 I AlarmClock: Removing AlarmClockInfo
03-06 15:51:28.728  2026  4171 W NotificationService: Toast already killed. pkg=ru.iteco.fmhandroid callback=android.app.ITransientNotification$Stub$Proxy@642d413
03-06 15:51:28.730  2476  2476 I TelecomFramework: : onSubscriptionsChanged - update accounts
03-06 15:51:28.730  2476  2476 I TelecomFramework: PstnIncomingCallNotifier: Unregistering: Handler (com.android.internal.telephony.GsmCdmaPhone) {b312827}
03-06 15:51:28.730  2476  2476 I TelecomFramework: TelecomAccountRegistry: setupAccounts: Found 1 phones.  Attempting to register.
03-06 15:51:28.730  2476  2476 I TelecomFramework: TelecomAccountRegistry: setupAccounts: Phone with subscription id 1
03-06 15:51:28.730  2476  2476 I TelecomFramework: TelecomAccountRegistry: setupAccounts: adding default
03-06 15:51:28.731  2476  2476 E PhoneInterfaceManager: [PhoneIntfMgr] getIccId: No UICC
03-06 15:51:28.731  7200  7276 D EGL_emulation: eglMakeCurrent: 0xdee1ae40: ver 2 0 (tinfo 0xc2e69120)
03-06 15:51:28.731  5804  5804 I AlarmClock: DigitalAppWidgetProvider processing Intent { act=android.intent.action.TIMEZONE_CHANGED flg=0x21200010 cmp=com.google.android.deskclock/com.android.alarmclock.DigitalAppWidgetProvider (has extras) }
03-06 15:51:28.739  7200  7276 D EGL_emulation: eglMakeCurrent: 0xdee1ae40: ver 2 0 (tinfo 0xc2e69120)
03-06 15:51:28.741  2026  2829 I Telecom : PhoneAccountRegistrar: New phone account registered: [[ ] PhoneAccount: ComponentInfo{com.android.phone/com.android.services.telephony.TelephonyConnectionService}, ***, UserHandle{0} Capabilities: CallProvider MultiUser PlaceEmerg SimSub  Audio Routes: BESW Schemes: tel voicemail  Extras: Bundle[{android.telecom.extra.SUPPORTS_VIDEO_CALLING_FALLBACK=true}] GroupId: ***]: TSI.rPA@AeA
03-06 15:51:28.744  2026  2829 I Telecom : CallsManager: Sending phone-account ComponentInfo{com.android.phone/com.android.services.telephony.TelephonyConnectionService}, ***, UserHandle{0} registered intent as user: TSI.rPA@AeA
03-06 15:51:28.745  2026  2829 I Telecom : CallsManager: Sending phone-account registered intent to default dialer: TSI.rPA@AeA
03-06 15:51:28.745  2476  2476 I TelecomFramework: AccountEntry: Registered phoneAccount: [[ ] PhoneAccount: ComponentInfo{com.android.phone/com.android.services.telephony.TelephonyConnectionService}, ***, UserHandle{0} Capabilities: CallProvider MultiUser PlaceEmerg SimSub  Audio Routes: BESW Schemes: tel voicemail  Extras: Bundle[{android.telecom.extra.SUPPORTS_VIDEO_CALLING_FALLBACK=true}] GroupId: ***] with handle: ComponentInfo{com.android.phone/com.android.services.telephony.TelephonyConnectionService}, ***, UserHandle{0}
03-06 15:51:28.745  2476  2476 I TelecomFramework: PstnIncomingCallNotifier: Registering: Handler (com.android.internal.telephony.GsmCdmaPhone) {b312827}
03-06 15:51:28.741  7200  7276 D EGL_emulation: eglMakeCurrent: 0xdee1ae40: ver 2 0 (tinfo 0xc2e69120)
03-06 15:51:28.746  4113  4113 D CellBroadcastReceiver: onReceive Intent { act=android.intent.action.SERVICE_STATE flg=0x1000010 cmp=com.android.cellbroadcastreceiver/.CellBroadcastReceiver (has extras) }
03-06 15:51:28.747  2476  2476 I TelecomFramework: TelecomAccountRegistry: Unregistering phone account ComponentInfo{com.android.phone/com.android.services.telephony.TelephonyConnectionService}, ***, UserHandle{0}.
03-06 15:51:28.748  2026  2043 I Telecom : CallsManager: Sending phone-account ComponentInfo{com.android.phone/com.android.services.telephony.TelephonyConnectionService}, ***, UserHandle{0} unregistered intent as user: TSI.uPA@AeI
03-06 15:51:28.750  4165  4165 I CarrierServices: [2] ServiceStateReceiver.onReceive: Received SERVICE_STATE intent.
03-06 15:51:28.751  2026  2043 I Telecom : CallsManager: Sending phone-account unregistered intent to default dialer: TSI.uPA@AeI
03-06 15:51:28.752  2476  2476 I TelecomFramework: TelecomAccountRegistry: Unregistering phone account ComponentInfo{com.android.phone/com.android.services.telephony.TelephonyConnectionService}, ***, UserHandle{0}.
03-06 15:51:28.755  2026  4785 I Telecom : CallsManager: Sending phone-account ComponentInfo{com.android.phone/com.android.services.telephony.TelephonyConnectionService}, ***, UserHandle{0} unregistered intent as user: TSI.uPA@AeM
03-06 15:51:28.756  2026  4785 I Telecom : CallsManager: Sending phone-account unregistered intent to default dialer: TSI.uPA@AeM
03-06 15:51:28.756  7200  7276 D EGL_emulation: eglMakeCurrent: 0xdee1ae40: ver 2 0 (tinfo 0xc2e69120)
03-06 15:51:28.758  2476  2476 D MultiSimSettingController: onSubscriptionsChanged
03-06 15:51:28.758  2476  2476 D MultiSimSettingController: updateDefaults
03-06 15:51:28.759  2476  2476 D MultiSimSettingController: [updateDefaultValues] change: 0
03-06 15:51:28.759  7200  7276 D EGL_emulation: eglMakeCurrent: 0xdee1ae40: ver 2 0 (tinfo 0xc2e69120)
03-06 15:51:28.760  2026  4785 D AlarmManagerService: Kernel timezone updated to 0 minutes west of GMT
03-06 15:51:28.768  2026  4785 D AlarmManagerService: Kernel timezone updated to 0 minutes west of GMT
03-06 15:51:28.770  2476  2476 D OtaspSimStateReceiver: Received intent: android.telephony.action.CARRIER_CONFIG_CHANGED
03-06 15:51:28.775  7200  7276 D EGL_emulation: eglMakeCurrent: 0xdee1ae40: ver 2 0 (tinfo 0xc2e69120)
03-06 15:51:28.778  7200  7276 I chatty  : uid=10134(ru.iteco.fmhandroid) RenderThread identical 1 line
03-06 15:51:28.791  7200  7276 D EGL_emulation: eglMakeCurrent: 0xdee1ae40: ver 2 0 (tinfo 0xc2e69120)
03-06 15:51:28.793  2476  4908 D IccSmsInterfaceManager: [IccSmsInterfaceManager] Failed to add GSM cell broadcast channels range 4396 to 4396
03-06 15:51:28.793  2476  4908 D IccSmsInterfaceManager: [IccSmsInterfaceManager] Calling setGsmBroadcastConfig with 1 configurations
03-06 15:51:28.794  2476  2476 I TelecomFramework: PstnPhoneCapabilitiesNotifier: handleVideoCapabilitesChanged. Video capability - false
03-06 15:51:28.794  7200  7276 D EGL_emulation: eglMakeCurrent: 0xdee1ae40: ver 2 0 (tinfo 0xc2e69120)
03-06 15:51:28.795  2476  2476 E PhoneInterfaceManager: [PhoneIntfMgr] getIccId: ICC ID is null or empty.
03-06 15:51:28.800  2476  2490 W System  : A resource failed to call close. 
03-06 15:51:28.803  2026  4785 I Telecom : PhoneAccountRegistrar: Modify account: [ComponentInfo{com.android.phone/com.android.services.telephony.TelephonyConnectionService}, ***, UserHandle{0}]: TSI.rPA@AeY
03-06 15:51:28.803  2026  4785 I Telecom : CallsManager: handlePhoneAccountChanged: phoneAccount=[[X] PhoneAccount: ComponentInfo{com.android.phone/com.android.services.telephony.TelephonyConnectionService}, ***, UserHandle{0} Capabilities: CallProvider MultiUser PlaceEmerg SimSub  Audio Routes: BESW Schemes: tel voicemail  Extras: Bundle[{android.telecom.extra.SUPPORTS_VIDEO_CALLING_FALLBACK=true}] GroupId: ***]: TSI.rPA@AeY
03-06 15:51:28.808  7200  7276 D EGL_emulation: eglMakeCurrent: 0xdee1ae40: ver 2 0 (tinfo 0xc2e69120)
03-06 15:51:28.822  2476  2476 D TelephonyProvider: subIdString = 1 subId = 1
03-06 15:51:28.824  7200  7276 D EGL_emulation: eglMakeCurrent: 0xdee1ae40: ver 2 0 (tinfo 0xc2e69120)
03-06 15:51:28.829  2476  2476 E PhoneInterfaceManager: [PhoneIntfMgr] getIccId: ICC ID is null or empty.
03-06 15:51:28.832  2184  2184 V KeyguardUpdateMonitor: onSubscriptionInfoChanged()
03-06 15:51:28.833  2184  2184 V KeyguardUpdateMonitor: SubInfo:{id=1, iccId=890141032[****] simSlotIndex=0 carrierId=1 displayName=T-Mobile carrierName=Android nameSource=3 iconTint=-16746133 mNumber=[****] dataRoaming=0 iconBitmap=android.graphics.Bitmap@90f8860 mcc 310 mnc 260mCountryIso=us isEmbedded false accessRules null cardString=890141032[****] cardId=-1 isOpportunistic false mGroupUUID=null mIsGroupDisabled=false profileClass=-1 ehplmns = null hplmns = null subscriptionType=0 mGroupOwner=null}
03-06 15:51:28.835  2184  2184 D KeyguardViewMediator: onSimStateChanged(subId=1, slotId=0,state=READY)
03-06 15:51:28.835  2026  2123 E NetworkPolicy: Missing subscriberId for subId 1
03-06 15:51:28.835  2184  2184 D KeyguardViewMediator: READY, reset state? false
03-06 15:51:28.836  2026  2123 W BestClock: java.time.DateTimeException: Missing NTP fix
03-06 15:51:28.836  2026  2053 I DropBoxManagerService: add tag=system_server_wtf isTagEnabled=true flags=0x2
03-06 15:51:28.836  2026  2043 I LocationAccessPolicy: Allowing com.google.android.inputmethod.latin fine because it doesn't target API 29 yet. Please fix this app. Called from TelephonyRegistry push
03-06 15:51:28.836  2026  2123 W BestClock: java.time.DateTimeException: Missing NTP fix
03-06 15:51:28.836  1773  1773 I netd    : bandwidthSetGlobalAlert(2097152) <0.06ms>
03-06 15:51:28.837  2026  2043 I LocationAccessPolicy: Allowing com.google.android.apps.messaging fine because it doesn't target API 29 yet. Please fix this app. Called from TelephonyRegistry push
03-06 15:51:28.837  6392  6423 I Finsky  : [492] fpw.a(10): onSubscriptionsChanged
03-06 15:51:28.837  6392  6423 I Finsky  : [492] fpt.c(15): notifySubscriptionInfoChangedListener: DataSubscriptionInfo=DataSubscriptionInfo{imsiAnonymized=Optional.absent(), imsiRaw=Optional.absent(), groupIdLevel1=Optional.absent(), mccMnc=Optional.absent(), serviceProviderName=Optional.absent()}
03-06 15:51:28.838  2026  2043 I LocationAccessPolicy: com.google.android.setupwizard is aware of coarse but the app-ops permission is specifically denied.
03-06 15:51:28.842  7200  7276 D EGL_emulation: eglMakeCurrent: 0xdee1ae40: ver 2 0 (tinfo 0xc2e69120)
03-06 15:51:28.844  2476  2476 D ServiceStateProvider: subId=1
03-06 15:51:28.846  7200  7276 D EGL_emulation: eglMakeCurrent: 0xdee1ae40: ver 2 0 (tinfo 0xc2e69120)
03-06 15:51:28.846  4113  4113 D CellBroadcastReceiver: onReceive Intent { act=android.intent.action.SERVICE_STATE flg=0x1000010 cmp=com.android.cellbroadcastreceiver/.CellBroadcastReceiver (has extras) }
03-06 15:51:28.847  6392  6392 I Finsky  : [2] pxd.b(7): Jobs in database: 12-1 21-333333333 28--559038737 31-305419896 
03-06 15:51:28.847  4330  7437 W Bugle   : BuglePhoneNumberUtils: canonicalizeMccMnc: invalid mccmnc. mcc: null, mnc: null
03-06 15:51:28.848  6392  6392 I Finsky  : [2] puk.a(113): ConstraintMapping: 12-1, 21-333333333, 28--559038737, 31-305419896,  -> L: 0ms, D: 82745271ms, C: false, I: false, N: 1
03-06 15:51:28.849  6392  6392 I Finsky  : [2] com.google.android.finsky.scheduler.JobSchedulerEngine.a(42): Cancelling existing job with id: 9001
03-06 15:51:28.849  6392  6637 I Finsky  : [539] qjn.b(1): SIM loaded, prefetching preloads
