--------- beginning of main
03-06 15:51:24.945  1791  2388 E GnssHAL_GnssInterface: gnssSvStatusCb: a: input svInfo.flags is 8
03-06 15:51:24.945  1791  2388 E GnssHAL_GnssInterface: gnssSvStatusCb: b: input svInfo.flags is 8
03-06 15:51:25.116  7200  7200 W teco.fmhandroi: Accessing hidden method Landroid/os/MessageQueue;->next()Landroid/os/Message; (greylist, reflection, allowed)
03-06 15:51:25.116  7200  7200 W teco.fmhandroi: Accessing hidden field Landroid/os/MessageQueue;->mMessages:Landroid/os/Message; (greylist, reflection, allowed)
03-06 15:51:25.116  7200  7200 W teco.fmhandroi: Accessing hidden method Landroid/os/Message;->recycleUnchecked()V (greylist, reflection, allowed)
03-06 15:51:25.119  7200  7200 W teco.fmhandroi: Accessing hidden method Landroid/view/WindowManagerGlobal;->getInstance()Landroid/view/WindowManagerGlobal; (greylist, reflection, allowed)
03-06 15:51:25.119  7200  7200 W teco.fmhandroi: Accessing hidden field Landroid/view/WindowManagerGlobal;->mViews:Ljava/util/ArrayList; (greylist, reflection, allowed)
03-06 15:51:25.119  7200  7200 W teco.fmhandroi: Accessing hidden field Landroid/view/WindowManagerGlobal;->mParams:Ljava/util/ArrayList; (greylist, reflection, allowed)
03-06 15:51:25.129  7200  7200 I ViewInteraction: Performing 'wait for a specific view with attribute <view.getId() is <2131231039>> during 10000 millis.' action on view view.getRootView() to equal view
03-06 15:51:25.131  7200  7254 W teco.fmhandroi: Accessing hidden method Lsun/misc/Unsafe;->getUnsafe()Lsun/misc/Unsafe; (greylist,core-platform-api, linking, allowed)
03-06 15:51:25.131  7200  7254 W teco.fmhandroi: Accessing hidden method Lsun/misc/Unsafe;->objectFieldOffset(Ljava/lang/reflect/Field;)J (greylist,core-platform-api, linking, allowed)
03-06 15:51:25.131  7200  7254 W teco.fmhandroi: Accessing hidden method Lsun/misc/Unsafe;->compareAndSwapObject(Ljava/lang/Object;JLjava/lang/Object;Ljava/lang/Object;)Z (greylist, linking, allowed)
03-06 15:51:25.131  7200  7254 W teco.fmhandroi: Accessing hidden method Lsun/misc/Unsafe;->putObject(Ljava/lang/Object;JLjava/lang/Object;)V (greylist, linking, allowed)
03-06 15:51:25.309  2476  2476 W ServiceManagement: Waited one second for android.hardware.radio@1.0::IRadio/slot1
03-06 15:51:25.309  2476  2476 I ServiceManagement: getService: Trying again for android.hardware.radio@1.0::IRadio/slot1...
03-06 15:51:25.947  1791  2388 E GnssHAL_GnssInterface: gnssSvStatusCb: a: input svInfo.flags is 8
03-06 15:51:25.947  1791  2388 E GnssHAL_GnssInterface: gnssSvStatusCb: b: input svInfo.flags is 8
03-06 15:51:26.310  2476  2476 W ServiceManagement: Waited one second for android.hardware.radio@1.0::IRadio/slot1
03-06 15:51:26.313  2476  2476 I ServiceManagement: getService: Trying again for android.hardware.radio@1.0::IRadio/slot1...
03-06 15:51:26.513  7200  7254 W teco.fmhandroi: Accessing hidden method Lsun/misc/Unsafe;->compareAndSwapObject(Ljava/lang/Object;JLjava/lang/Object;Ljava/lang/Object;)Z (greylist, linking, allowed)
03-06 15:51:26.515  7200  7200 I ViewInteraction: Checking 'MatchesViewAssertion{viewMatcher=(view has effective visibility <VISIBLE> and view.getGlobalVisibleRect() to return non-empty rectangle)}' assertion on view (an instance of android.widget.TextView and view.getText() with or without transformation to match: is "Authorization" and view.getParent() view.getParent() view.getId() is <2131231186/ru.iteco.fmhandroid:id/nav_host_fragment>)
03-06 15:51:26.519  7200  7200 I ViewInteraction: Checking 'MatchesViewAssertion{viewMatcher=(view has effective visibility <VISIBLE> and view.getGlobalVisibleRect() to return non-empty rectangle)}' assertion on view (an instance of android.widget.TextView and view.getHint() matching: is "Login" and view.getParent() view.getParent() view.getId() is <2131231121/ru.iteco.fmhandroid:id/login_text_input_layout>)
03-06 15:51:26.519  7200  7254 W teco.fmhandroi: Accessing hidden method Lsun/misc/Unsafe;->compareAndSwapObject(Ljava/lang/Object;JLjava/lang/Object;Ljava/lang/Object;)Z (greylist, linking, allowed)
03-06 15:51:26.523  7200  7200 I ViewInteraction: Checking 'MatchesViewAssertion{viewMatcher=(view has effective visibility <VISIBLE> and view.getGlobalVisibleRect() to return non-empty rectangle)}' assertion on view (an instance of android.widget.TextView and view.getHint() matching: is "Password" and view.getParent() view.getParent() view.getId() is <2131231264/ru.iteco.fmhandroid:id/password_text_input_layout>)
03-06 15:51:26.523  7200  7254 W teco.fmhandroi: Accessing hidden method Lsun/misc/Unsafe;->compareAndSwapObject(Ljava/lang/Object;JLjava/lang/Object;Ljava/lang/Object;)Z (greylist, linking, allowed)
03-06 15:51:26.526  7200  7200 I ViewInteraction: Checking 'MatchesViewAssertion{viewMatcher=(view has effective visibility <VISIBLE> and view.getGlobalVisibleRect() to return non-empty rectangle)}' assertion on view (an instance of android.widget.TextView and view.getText() with or without transformation to match: is "Sign in" and view.getId() is <2131231039/ru.iteco.fmhandroid:id/enter_button>)
03-06 15:51:26.528  7200  7254 W teco.fmhandroi: Accessing hidden method Lsun/misc/Unsafe;->compareAndSwapObject(Ljava/lang/Object;JLjava/lang/Object;Ljava/lang/Object;)Z (greylist, linking, allowed)
03-06 15:51:26.530  7200  7200 I ViewInteraction: Performing 'replace text(!@)' action on view (an instance of android.widget.TextView and view.getHint() matching: is "Login" and view.getParent() view.getParent() view.getId() is <2131231121/ru.iteco.fmhandroid:id/login_text_input_layout>)
03-06 15:51:26.544  7200  7254 W teco.fmhandroi: Accessing hidden method Lsun/misc/Unsafe;->compareAndSwapObject(Ljava/lang/Object;JLjava/lang/Object;Ljava/lang/Object;)Z (greylist, linking, allowed)
03-06 15:51:26.552  7200  7200 I ViewInteraction: Performing 'close keyboard' action on view (an instance of android.widget.TextView and view.getHint() matching: is "Login" and view.getParent() view.getParent() view.getId() is <2131231121/ru.iteco.fmhandroid:id/login_text_input_layout>)
03-06 15:51:26.557  7200  7200 W CloseKeyboardAction: Attempting to close soft keyboard, while it is not shown.
03-06 15:51:26.557  7200  7254 W teco.fmhandroi: Accessing hidden method Lsun/misc/Unsafe;->compareAndSwapObject(Ljava/lang/Object;JLjava/lang/Object;Ljava/lang/Object;)Z (greylist, linking, allowed)
03-06 15:51:26.562  7200  7200 I ViewInteraction: Performing 'replace text(password2)' action on view (an instance of android.widget.TextView and view.getHint() matching: is "Password" and view.getParent() view.getParent() view.getId() is <2131231264/ru.iteco.fmhandroid:id/password_text_input_layout>)
03-06 15:51:26.566  7200  7254 W teco.fmhandroi: Accessing hidden method Lsun/misc/Unsafe;->compareAndSwapObject(Ljava/lang/Object;JLjava/lang/Object;Ljava/lang/Object;)Z (greylist, linking, allowed)
03-06 15:51:26.580  7200  7200 I ViewInteraction: Performing 'close keyboard' action on view (an instance of android.widget.TextView and view.getHint() matching: is "Password" and view.getParent() view.getParent() view.getId() is <2131231264/ru.iteco.fmhandroid:id/password_text_input_layout>)
03-06 15:51:26.581  7200  7200 W CloseKeyboardAction: Attempting to close soft keyboard, while it is not shown.
03-06 15:51:26.583  7200  7254 W teco.fmhandroi: Accessing hidden method Landroid/view/ViewConfiguration;->getDoubleTapMinTime()I (greylist, reflection, allowed)
03-06 15:51:26.585  7200  7254 W teco.fmhandroi: Accessing hidden method Lsun/misc/Unsafe;->compareAndSwapObject(Ljava/lang/Object;JLjava/lang/Object;Ljava/lang/Object;)Z (greylist, linking, allowed)
03-06 15:51:26.587  7200  7200 I ViewInteraction: Performing 'single click' action on view (an instance of android.widget.TextView and view.getText() with or without transformation to match: is "Sign in" and view.getId() is <2131231039/ru.iteco.fmhandroid:id/enter_button>)
03-06 15:51:26.650  7200  7200 W teco.fmhandroi: Accessing hidden field Lsun/misc/Unsafe;->theUnsafe:Lsun/misc/Unsafe; (greylist, reflection, allowed)
03-06 15:51:26.650  7200  7200 W teco.fmhandroi: Accessing hidden method Lsun/misc/Unsafe;->allocateInstance(Ljava/lang/Class;)Ljava/lang/Object; (greylist, reflection, allowed)
03-06 15:51:26.654  1780  3960 W audio_hw_generic: Not supplying enough data to HAL, expected position 165922 , only wrote 165911
03-06 15:51:26.679  7200  7351 I okhttp.OkHttpClient: --> POST http://www.981757-ca08998.tmweb.ru:8080/fmh/authentication/login
03-06 15:51:26.679  7200  7351 I okhttp.OkHttpClient: Content-Type: application/json; charset=UTF-8
03-06 15:51:26.679  7200  7351 I okhttp.OkHttpClient: Content-Length: 37
03-06 15:51:26.679  7200  7351 I okhttp.OkHttpClient: {"login":"!@","password":"password2"}
03-06 15:51:26.679  7200  7351 I okhttp.OkHttpClient: --> END POST (37-byte body)
03-06 15:51:26.687  7200  7351 I okhttp.OkHttpClient: <-- HTTP FAILED: java.net.UnknownHostException: Unable to resolve host "www.981757-ca08998.tmweb.ru": No address associated with hostname
03-06 15:51:26.688  7200  7200 W System.err: ru.iteco.fmhandroid.exceptions.ServerException
03-06 15:51:26.688  7200  7200 W System.err: 	at ru.iteco.fmhandroid.utils.Utils.makeRequest(Utils.kt:119)
03-06 15:51:26.688  7200  7200 W System.err: 	at ru.iteco.fmhandroid.utils.Utils$makeRequest$1.invokeSuspend(Unknown Source:15)
03-06 15:51:26.688  7200  7200 W System.err: 	at kotlin.coroutines.jvm.internal.BaseContinuationImpl.resumeWith(ContinuationImpl.kt:33)
03-06 15:51:26.688  7200  7200 W System.err: 	at kotlinx.coroutines.DispatchedTask.run(DispatchedTask.kt:104)
03-06 15:51:26.688  7200  7200 W System.err: 	at android.os.Handler.handleCallback(Handler.java:883)
03-06 15:51:26.688  7200  7200 W System.err: 	at android.os.Handler.dispatchMessage(Handler.java:100)
03-06 15:51:26.688  7200  7200 W System.err: 	at androidx.test.espresso.base.Interrogator.loopAndInterrogate(Interrogator.java:14)
03-06 15:51:26.688  7200  7200 W System.err: 	at androidx.test.espresso.base.UiControllerImpl.loopUntil(UiControllerImpl.java:8)
03-06 15:51:26.689  7200  7200 W System.err: 	at androidx.test.espresso.base.UiControllerImpl.loopUntil(UiControllerImpl.java:1)
03-06 15:51:26.689  7200  7200 W System.err: 	at androidx.test.espresso.base.UiControllerImpl.loopMainThreadForAtLeast(UiControllerImpl.java:8)
03-06 15:51:26.689  7200  7200 W System.err: 	at androidx.test.espresso.action.Tap$1.sendTap(Tap.java:6)
03-06 15:51:26.689  7200  7200 W System.err: 	at androidx.test.espresso.action.GeneralClickAction.perform(GeneralClickAction.java:6)
03-06 15:51:26.689  7200  7200 W System.err: 	at androidx.test.espresso.ViewInteraction$SingleExecutionViewAction.perform(ViewInteraction.java:2)
03-06 15:51:26.689  7200  7200 W System.err: 	at androidx.test.espresso.ViewInteraction.doPerform(ViewInteraction.java:22)
03-06 15:51:26.689  7200  7200 W System.err: 	at androidx.test.espresso.ViewInteraction.access$100(ViewInteraction.java:1)
03-06 15:51:26.689  7200  7200 W System.err: 	at androidx.test.espresso.ViewInteraction$1.call(ViewInteraction.java:2)
03-06 15:51:26.689  7200  7200 W System.err: 	at androidx.test.espresso.ViewInteraction$1.call(ViewInteraction.java:1)
03-06 15:51:26.689  7200  7200 W System.err: 	at java.util.concurrent.FutureTask.run(FutureTask.java:266)
03-06 15:51:26.690  7200  7200 W System.err: 	at android.os.Handler.handleCallback(Handler.java:883)
03-06 15:51:26.690  7200  7200 W System.err: 	at android.os.Handler.dispatchMessage(Handler.java:100)
03-06 15:51:26.690  7200  7200 W System.err: 	at android.os.Looper.loop(Looper.java:214)
03-06 15:51:26.690  7200  7200 W System.err: 	at android.app.ActivityThread.main(ActivityThread.java:7356)
03-06 15:51:26.690  7200  7200 W System.err: 	at java.lang.reflect.Method.invoke(Native Method)
03-06 15:51:26.690  7200  7200 W System.err: 	at com.android.internal.os.RuntimeInit$MethodAndArgsCaller.run(RuntimeInit.java:492)
03-06 15:51:26.690  7200  7200 W System.err: 	at com.android.internal.os.ZygoteInit.main(ZygoteInit.java:930)
03-06 15:51:26.719  1792  3032 D gralloc_ranchu: gralloc_alloc: Creating ashmem region of size 438272
03-06 15:51:26.727  1792  3032 I chatty  : uid=1000(system) HwBinder:1792_3 identical 1 line
03-06 15:51:26.731  1792  3032 D gralloc_ranchu: gralloc_alloc: Creating ashmem region of size 438272
03-06 15:51:26.732  7200  7276 D EGL_emulation: eglMakeCurrent: 0xdee1ae40: ver 2 0 (tinfo 0xc2e69120)
03-06 15:51:26.742  7200  7276 D EGL_emulation: eglMakeCurrent: 0xdee1ae40: ver 2 0 (tinfo 0xc2e69120)
03-06 15:51:26.894  7200  7254 W teco.fmhandroi: Accessing hidden method Lsun/misc/Unsafe;->compareAndSwapObject(Ljava/lang/Object;JLjava/lang/Object;Ljava/lang/Object;)Z (greylist, linking, allowed)
03-06 15:51:26.906  7200  7200 I ViewInteraction: Checking 'MatchesViewAssertion{viewMatcher=(view has effective visibility <VISIBLE> and view.getGlobalVisibleRect() to return non-empty rectangle)}' assertion on view an instance of android.widget.TextView and view.getText() equals string from resource id: <2131820798> [wrong_login_or_password] value: Wrong login or password
03-06 15:51:26.906  7200  7200 E ViewAssertions: '(view has effective visibility <VISIBLE> and view.getGlobalVisibleRect() to return non-empty rectangle)' check could not be performed because view 'an instance of android.widget.TextView and view.getText() equals string from resource id: <2131820798> [wrong_login_or_password] value: Wrong login or password' was not found.
--------- beginning of system
03-06 15:51:26.913  2026  3203 I ActivityTaskManager: START u0 {act=android.intent.action.MAIN cat=[android.intent.category.LAUNCHER] flg=0x10000000 cmp=ru.iteco.fmhandroid.test/androidx.test.core.app.InstrumentationActivityInvoker$EmptyActivity} from uid 10134
03-06 15:51:26.918  2026  2048 E system_server: Invalid ID 0x00000000.
03-06 15:51:26.920  7200  7200 D LifecycleMonitor: Lifecycle status change: ru.iteco.fmhandroid.ui.AppActivity@c9fe36 in: PAUSED
03-06 15:51:26.920  7200  7200 V ActivityScenario: Activity lifecycle changed event received but ignored because the reported transition was not ON_CREATE while the last known transition was DESTROYED
03-06 15:51:26.920  7200  7200 V ActivityScenario: Update currentActivityStage to PAUSED, currentActivity=ru.iteco.fmhandroid.ui.AppActivity@c9fe36
03-06 15:51:26.921  2026  3203 W InputReader: Device has associated, but no associated display id.
03-06 15:51:26.922  2026  3203 I chatty  : uid=1000(system) Binder:2026_10 identical 18 lines
03-06 15:51:26.922  2026  3203 W InputReader: Device has associated, but no associated display id.
03-06 15:51:26.924  2026  2052 E memtrack: Couldn't load memtrack module
03-06 15:51:26.924  2026  2052 W android.os.Debug: failed to get memory consumption info: -1
03-06 15:51:26.930  1792  3032 D gralloc_ranchu: gralloc_alloc: Creating ashmem region of size 9592832
03-06 15:51:26.935  1774  1774 D Zygote  : Forked child process 7353
03-06 15:51:26.937  7353  7353 I fmhandroid.tes: Late-enabling -Xcheck:jni
03-06 15:51:26.943  2026  2054 I ActivityManager: Start proc 7353:ru.iteco.fmhandroid.test/u0a135 for activity {ru.iteco.fmhandroid.test/androidx.test.core.app.InstrumentationActivityInvoker$EmptyActivity}
03-06 15:51:26.947  1791  2388 E GnssHAL_GnssInterface: gnssSvStatusCb: a: input svInfo.flags is 8
03-06 15:51:26.947  1791  2388 E GnssHAL_GnssInterface: gnssSvStatusCb: b: input svInfo.flags is 8
03-06 15:51:26.948  7353  7353 E fmhandroid.tes: Unknown bits set in runtime_flags: 0x8000
03-06 15:51:26.949  7353  7353 W fmhandroid.tes: Unexpected CPU variant for X86 using defaults: x86
03-06 15:51:26.969  2026  4171 W InputReader: Device has associated, but no associated display id.
03-06 15:51:26.972  2026  4171 I chatty  : uid=1000(system) Binder:2026_17 identical 28 lines
03-06 15:51:26.972  2026  4171 W InputReader: Device has associated, but no associated display id.
03-06 15:51:26.991  2026  2048 W InputReader: Device has associated, but no associated display id.
03-06 15:51:26.991  2026  2048 I chatty  : uid=1000(system) android.anim identical 18 lines
03-06 15:51:26.991  2026  2048 W InputReader: Device has associated, but no associated display id.
03-06 15:51:26.992  1792  3032 D gralloc_ranchu: gralloc_alloc: Creating ashmem region of size 6139904
03-06 15:51:27.005  7353  7353 I fmhandroid.tes: The ClassLoaderContext is a special shared library.
03-06 15:51:27.006  7353  7353 I fmhandroid.tes: The ClassLoaderContext is a special shared library.
03-06 15:51:27.025  1792  3032 D gralloc_ranchu: gralloc_alloc: Creating ashmem region of size 9592832
03-06 15:51:27.038  7200  7276 D EGL_emulation: eglMakeCurrent: 0xdee1ae40: ver 2 0 (tinfo 0xc2e69120)
03-06 15:51:27.176  1807  2613 E SurfaceFlinger: ro.sf.lcd_density must be defined as a build property
03-06 15:51:27.176  1807  2613 E SurfaceFlinger: ro.sf.lcd_density must be defined as a build property
03-06 15:51:27.177  7353  7387 D libEGL  : Emulator has host GPU support, qemu.gles is set to 1.
03-06 15:51:27.177  7353  7387 W libc    : Unable to set property "qemu.gles" to "1": connection failed; errno=13 (Permission denied)
03-06 15:51:27.179  7353  7387 D libEGL  : loaded /vendor/lib/egl/libEGL_emulation.so
03-06 15:51:27.180  7353  7387 D libEGL  : loaded /vendor/lib/egl/libGLESv1_CM_emulation.so
03-06 15:51:27.181  7353  7387 D libEGL  : loaded /vendor/lib/egl/libGLESv2_emulation.so
03-06 15:51:27.170  7353  7353 W RenderThread: type=1400 audit(0.0:38): avc: denied { write } for name="property_service" dev="tmpfs" ino=7388 scontext=u:r:untrusted_app:s0:c135,c256,c512,c768 tcontext=u:object_r:property_socket:s0 tclass=sock_file permissive=0
03-06 15:51:27.205  7200  7200 D LifecycleMonitor: Lifecycle status change: ru.iteco.fmhandroid.ui.AppActivity@c9fe36 in: STOPPED
03-06 15:51:27.205  7200  7200 V ActivityScenario: Activity lifecycle changed event received but ignored because the reported transition was not ON_CREATE while the last known transition was DESTROYED
03-06 15:51:27.205  7200  7200 V ActivityScenario: Update currentActivityStage to STOPPED, currentActivity=ru.iteco.fmhandroid.ui.AppActivity@c9fe36
03-06 15:51:27.215  2026  2043 W InputReader: Device has associated, but no associated display id.
03-06 15:51:27.215  2026  2043 I chatty  : uid=1000(system) Binder:2026_2 identical 8 lines
03-06 15:51:27.215  2026  2043 W InputReader: Device has associated, but no associated display id.
03-06 15:51:27.216  7200  7200 D LifecycleMonitor: Lifecycle status change: ru.iteco.fmhandroid.ui.AppActivity@c9fe36 in: DESTROYED
03-06 15:51:27.216  7200  7200 V ActivityScenario: Activity lifecycle changed event received but ignored because the reported transition was not ON_CREATE while the last known transition was DESTROYED
03-06 15:51:27.216  7200  7200 V ActivityScenario: Update currentActivityStage to DESTROYED, currentActivity=null
03-06 15:51:27.229  1807  1925 D PermissionCache: checking android.permission.READ_FRAME_BUFFER for uid=2000 => granted (199 us)
03-06 15:51:27.229  1792  3032 D gralloc_ranchu: gralloc_alloc: Creating ashmem region of size 9592832
03-06 15:51:27.231  7353  7385 D HostConnection: HostConnection::get() New Host Connection established 0xdb952c30, tid 7385
03-06 15:51:27.233  7353  7385 D HostConnection: HostComposition ext ANDROID_EMU_CHECKSUM_HELPER_v1 ANDROID_EMU_dma_v1 ANDROID_EMU_direct_mem ANDROID_EMU_host_composition_v1 ANDROID_EMU_host_composition_v2 ANDROID_EMU_vulkan ANDROID_EMU_deferred_vulkan_commands ANDROID_EMU_vulkan_null_optional_strings ANDROID_EMU_vulkan_create_resources_with_requirements ANDROID_EMU_YUV420_888_to_NV21 ANDROID_EMU_YUV_Cache ANDROID_EMU_vulkan_free_memory_sync ANDROID_EMU_vulkan_shader_float16_int8 ANDROID_EMU_vulkan_async_queue_submit ANDROID_EMU_sync_buffer_data GL_OES_vertex_array_object GL_KHR_texture_compression_astc_ldr ANDROID_EMU_host_side_tracing ANDROID_EMU_gles_max_version_2 
03-06 15:51:27.243  7353  7385 W OpenGLRenderer: Failed to choose config with EGL_SWAP_BEHAVIOR_PRESERVED, retrying without...
03-06 15:51:27.252  7353  7385 D eglCodecCommon: setVertexArrayObject: set vao to 0 (0) 0 0
03-06 15:51:27.252  7353  7385 D EGL_emulation: eglCreateContext: 0xdb9591c0: maj 2 min 0 rcv 2
03-06 15:51:27.274  7353  7385 D EGL_emulation: eglMakeCurrent: 0xdb9591c0: ver 2 0 (tinfo 0xf2089d00)
03-06 15:51:27.276  1676  1676 I hwservicemanager: getTransport: Cannot find entry android.hardware.graphics.mapper@3.0::IMapper/default in either framework or device manifest.
03-06 15:51:27.276  7182  7272 W Gralloc3: mapper 3.x is not supported
03-06 15:51:27.286  7182  7272 D HostConnection: createUnique: call
03-06 15:51:27.287  1792  3032 D gralloc_ranchu: gralloc_alloc: Creating ashmem region of size 9592832
03-06 15:51:27.287  7182  7272 D HostConnection: HostConnection::get() New Host Connection established 0xd6b700a0, tid 7272
03-06 15:51:27.289  7182  7272 D HostConnection: HostComposition ext ANDROID_EMU_CHECKSUM_HELPER_v1 ANDROID_EMU_dma_v1 ANDROID_EMU_direct_mem ANDROID_EMU_host_composition_v1 ANDROID_EMU_host_composition_v2 ANDROID_EMU_vulkan ANDROID_EMU_deferred_vulkan_commands ANDROID_EMU_vulkan_null_optional_strings ANDROID_EMU_vulkan_create_resources_with_requirements ANDROID_EMU_YUV420_888_to_NV21 ANDROID_EMU_YUV_Cache ANDROID_EMU_vulkan_free_memory_sync ANDROID_EMU_vulkan_shader_float16_int8 ANDROID_EMU_vulkan_async_queue_submit ANDROID_EMU_sync_buffer_data GL_OES_vertex_array_object GL_KHR_texture_compression_astc_ldr ANDROID_EMU_host_side_tracing ANDROID_EMU_gles_max_version_2 
03-06 15:51:27.313  1676  1676 I hwservicemanager: getTransport: Cannot find entry android.hardware.graphics.mapper@3.0::IMapper/default in either framework or device manifest.
03-06 15:51:27.313  7353  7385 W Gralloc3: mapper 3.x is not supported
03-06 15:51:27.314  7182  7272 D eglCodecCommon: allocate: Ask for block of size 0x1000
03-06 15:51:27.314  7182  7272 D eglCodecCommon: allocate: ioctl allocate returned offset 0x3ff6c9000 size 0x2000
03-06 15:51:27.314  7353  7385 D HostConnection: createUnique: call
03-06 15:51:27.314  7353  7385 D HostConnection: HostConnection::get() New Host Connection established 0xdb954350, tid 7385
03-06 15:51:27.315  2476  2476 W ServiceManagement: Waited one second for android.hardware.radio@1.0::IRadio/slot1
03-06 15:51:27.316  7353  7385 D HostConnection: HostComposition ext ANDROID_EMU_CHECKSUM_HELPER_v1 ANDROID_EMU_dma_v1 ANDROID_EMU_direct_mem ANDROID_EMU_host_composition_v1 ANDROID_EMU_host_composition_v2 ANDROID_EMU_vulkan ANDROID_EMU_deferred_vulkan_commands ANDROID_EMU_vulkan_null_optional_strings ANDROID_EMU_vulkan_create_resources_with_requirements ANDROID_EMU_YUV420_888_to_NV21 ANDROID_EMU_YUV_Cache ANDROID_EMU_vulkan_free_memory_sync ANDROID_EMU_vulkan_shader_float16_int8 ANDROID_EMU_vulkan_async_queue_submit ANDROID_EMU_sync_buffer_data GL_OES_vertex_array_object GL_KHR_texture_compression_astc_ldr ANDROID_EMU_host_side_tracing ANDROID_EMU_gles_max_version_2 
03-06 15:51:27.316  7353  7385 D eglCodecCommon: allocate: Ask for block of size 0x1000
03-06 15:51:27.316  7353  7385 D eglCodecCommon: allocate: ioctl allocate returned offset 0x3ff6c7000 size 0x2000
03-06 15:51:27.316  2476  2476 I ServiceManagement: getService: Trying again for android.hardware.radio@1.0::IRadio/slot1...
03-06 15:51:27.321  1792  3032 D gralloc_ranchu: gralloc_alloc: Creating ashmem region of size 9592832
03-06 15:51:27.332  7353  7385 D EGL_emulation: eglMakeCurrent: 0xdb9591c0: ver 2 0 (tinfo 0xf2089d00)
03-06 15:51:27.342  7353  7385 D eglCodecCommon: setVertexArrayObject: set vao to 0 (0) 1 0
03-06 15:51:27.343  1792  1969 D gralloc_ranchu: gralloc_alloc: Creating ashmem region of size 9592832
03-06 15:51:27.343  1807  1925 E SurfaceFlinger: ro.sf.lcd_density must be defined as a build property
03-06 15:51:27.346  1807  2613 E SurfaceFlinger: ro.sf.lcd_density must be defined as a build property
03-06 15:51:27.361  7182  7389 D libEGL  : Emulator has host GPU support, qemu.gles is set to 1.
03-06 15:51:27.366  2026  2043 W InputReader: Device has associated, but no associated display id.
03-06 15:51:27.366  2026  2043 I chatty  : uid=1000(system) Binder:2026_2 identical 8 lines
03-06 15:51:27.366  2026  2043 W InputReader: Device has associated, but no associated display id.
03-06 15:51:27.369  7182  7389 W libc    : Unable to set property "qemu.gles" to "1": error code: 0x18
03-06 15:51:27.369  7182  7389 D libEGL  : loaded /vendor/lib/egl/libEGL_emulation.so
03-06 15:51:27.370  7182  7389 D libEGL  : loaded /vendor/lib/egl/libGLESv1_CM_emulation.so
03-06 15:51:27.370  7182  7389 D libEGL  : loaded /vendor/lib/egl/libGLESv2_emulation.so
03-06 15:51:27.376  7182  7389 D HostConnection: HostConnection::get() New Host Connection established 0xebd553f0, tid 7389
03-06 15:51:27.376  7182  7389 D HostConnection: HostComposition ext ANDROID_EMU_CHECKSUM_HELPER_v1 ANDROID_EMU_dma_v1 ANDROID_EMU_direct_mem ANDROID_EMU_host_composition_v1 ANDROID_EMU_host_composition_v2 ANDROID_EMU_vulkan ANDROID_EMU_deferred_vulkan_commands ANDROID_EMU_vulkan_null_optional_strings ANDROID_EMU_vulkan_create_resources_with_requirements ANDROID_EMU_YUV420_888_to_NV21 ANDROID_EMU_YUV_Cache ANDROID_EMU_vulkan_free_memory_sync ANDROID_EMU_vulkan_shader_float16_int8 ANDROID_EMU_vulkan_async_queue_submit ANDROID_EMU_sync_buffer_data GL_OES_vertex_array_object GL_KHR_texture_compression_astc_ldr ANDROID_EMU_host_side_tracing ANDROID_EMU_gles_max_version_2 
03-06 15:51:27.380  7182  7389 W OpenGLRenderer: Failed to choose config with EGL_SWAP_BEHAVIOR_PRESERVED, retrying without...
03-06 15:51:27.386  1792  1969 D gralloc_ranchu: gralloc_alloc: Creating ashmem region of size 9592832
03-06 15:51:27.386  2026  2026 W ActivityManager: Unable to start service Intent { act=android.service.appprediction.AppPredictionService cmp=com.google.android.as/com.google.android.apps.miphone.aiai.app.AiAiPredictionService } U=0: not found
03-06 15:51:27.386  2026  2026 W RemoteAppPredictionService: could not bind to Intent { act=android.service.appprediction.AppPredictionService cmp=com.google.android.as/com.google.android.apps.miphone.aiai.app.AiAiPredictionService } using flags 67108865
03-06 15:51:27.388  7182  7389 D eglCodecCommon: setVertexArrayObject: set vao to 0 (0) 0 0
03-06 15:51:27.389  7182  7389 D EGL_emulation: eglCreateContext: 0xd6b28840: maj 2 min 0 rcv 2
03-06 15:51:27.426  7182  7389 D EGL_emulation: eglMakeCurrent: 0xd6b28840: ver 2 0 (tinfo 0xd6b0f620)
03-06 15:51:27.429  1792  1969 D gralloc_ranchu: gralloc_alloc: Creating ashmem region of size 9592832
03-06 15:51:27.434  1792  3032 D gralloc_ranchu: gralloc_alloc: Creating ashmem region of size 9592832
03-06 15:51:27.459  7182  7389 D eglCodecCommon: setVertexArrayObject: set vao to 0 (0) 1 0
03-06 15:51:27.466  2890  3240 D EGL_emulation: eglMakeCurrent: 0xdee1c2e0: ver 2 0 (tinfo 0xc1d14460)
03-06 15:51:27.469  1792  1792 D gralloc_ranchu: gralloc_alloc: Creating ashmem region of size 9592832
03-06 15:51:27.556  1792  3032 D gralloc_ranchu: gralloc_alloc: Creating ashmem region of size 9592832
03-06 15:51:27.579  2634  3076 D EGL_emulation: eglMakeCurrent: 0xdee1a120: ver 2 0 (tinfo 0xdee0f3f0)
03-06 15:51:27.591  2890  3121 W SessionLifecycleManager: Handover failed. Creating new session controller.
03-06 15:51:27.595  2890  3204 W ThreadPoolDumper: Queue length for executor EventBus is now 11. Perhaps some tasks are too long, or the pool is too small.
03-06 15:51:27.601  1792  3032 D gralloc_ranchu: gralloc_alloc: Creating ashmem region of size 9592832
03-06 15:51:27.608  2026  2048 W InputReader: Device has associated, but no associated display id.
03-06 15:51:27.608  2026  2048 I chatty  : uid=1000(system) android.anim identical 8 lines
03-06 15:51:27.608  2026  2048 W InputReader: Device has associated, but no associated display id.
03-06 15:51:27.611  1792  1792 D gralloc_ranchu: gralloc_alloc: Creating ashmem region of size 6139904
03-06 15:51:27.636  2890  3204 W LocationOracle: No location history returned by ContextManager
03-06 15:51:27.647  2164  3051 W GCoreFlp: No location to return for getLastLocation()
03-06 15:51:27.648  2164  3051 W GCoreFlp: No location to return for getLastLocation()
03-06 15:51:27.657  1807  2065 W ServiceManager: Permission failure: android.permission.ACCESS_SURFACE_FLINGER from uid=10090 pid=2634
03-06 15:51:27.657  1807  2065 D PermissionCache: checking android.permission.ACCESS_SURFACE_FLINGER for uid=10090 => denied (402 us)
03-06 15:51:27.667  2026  3203 W AppOps  : Noting op not finished: uid 10099 pkg com.google.android.gms code 79 time=1709758287204 duration=-1709758169812
03-06 15:51:27.676  2026  2042 W AppOps  : Noting op not finished: uid 10099 pkg com.google.android.gms code 79 time=1709758287667 duration=0
03-06 15:51:27.716  2890  3121 I MicroDetectionWorker: #startMicroDetector [speakerMode: 0]
03-06 15:51:27.718  2890  3121 I AudioController: Created new AudioSource
03-06 15:51:27.719  2164  3051 W GCoreFlp: No location to return for getLastLocation()
03-06 15:51:27.720  2890  3121 I MicroDetectionWorker: onReady
03-06 15:51:27.722  2890  3206 I MicroRecognitionRunner: Starting detection.
03-06 15:51:27.722  2890  3206 I MultipleReaderAudioSrc: Using micInputStream
03-06 15:51:27.723  2890  3570 I MicrophoneInputStream: mic_starting  SR : 16000 CC : 16 SO : 1999
03-06 15:51:27.733  2164  3051 W GCoreFlp: No location to return for getLastLocation()
03-06 15:51:27.733  1803  7396 I AudioFlinger: AudioFlinger's thread 0xe2e87480 tid=7396 ready to run
03-06 15:51:27.739  2026  2043 I AudioService.RecordingActivityMonitor: rec update riid:55 uid:10105 session:41 src:HOTWORD pack:com.google.android.googlequicksearchbox
03-06 15:51:27.741  2890  3570 I MicrophoneInputStream: mic_started  SR : 16000 CC : 16 SO : 1999
03-06 15:51:27.744  2164  3051 W GCoreFlp: No location to return for getLastLocation()
03-06 15:51:27.772  2890  3121 I MicroDetectionWorker: onReady
03-06 15:51:27.791  2164  3051 W GCoreFlp: No location to return for getLastLocation()
03-06 15:51:27.796  2164  7231 W ctxmgr  : [AclManager] No 3 for (accnt=account#-517948760#, com.google.android.gms(10099):UserVelocityProducer, vrsn=17786022, 0, 3pPkg = null ,  3pMdlId = null ,  pid = 2164). Was: 3 for 1, account#-517948760# [CONTEXT service_id=47 ]
03-06 15:51:27.806  2164  7232 I Places  : ?: Couldn't find platform key file.
03-06 15:51:27.815  7200  7254 E TestRunner: failed: testAuthInvalidLogin(ru.netology.tests.AuthTest)
03-06 15:51:27.815  7200  7254 E TestRunner: ----- begin exception -----
03-06 15:51:27.815  7200  7254 E TestRunner: androidx.test.espresso.NoMatchingViewException: No views in hierarchy found matching: an instance of android.widget.TextView and view.getText() equals string from resource id: <2131820798> [wrong_login_or_password] value: Wrong login or password
03-06 15:51:27.815  7200  7254 E TestRunner: 
03-06 15:51:27.815  7200  7254 E TestRunner: View Hierarchy:
03-06 15:51:27.815  7200  7254 E TestRunner: +>LinearLayout{id=-1, visibility=VISIBLE, width=805, height=135, has-focus=false, has-focusable=false, has-window-focus=false, is-clickable=false, is-enabled=true, is-focused=false, is-focusable=false, is-layout-requested=false, is-selected=false, layout-params={(0,66)(wrapxwrap) gr=BOTTOM CENTER ty=TOAST fmt=TRANSLUCENT wanim=0x1030004
03-06 15:51:27.815  7200  7254 E TestRunner:   fl=NOT_FOCUSABLE NOT_TOUCHABLE KEEP_SCREEN_ON HARDWARE_ACCELERATED}, tag=null, root-is-layout-requested=false, has-input-connection=false, x=0.0, y=0.0, child-count=1} 
03-06 15:51:27.815  7200  7254 E TestRunner: |
03-06 15:51:27.815  7200  7254 E TestRunner: +->MaterialTextView{id=16908299, res-name=message, visibility=VISIBLE, width=673, height=53, has-focus=false, has-focusable=false, has-window-focus=false, is-clickable=false, is-enabled=true, is-focused=false, is-focusable=false, is-layout-requested=false, is-selected=false, layout-params=android.widget.LinearLayout$LayoutParams@96b4f25, tag=null, root-is-layout-requested=false, has-input-connection=false, x=66.0, y=41.0, text=Something went wrong. Try again later., input-type=0, ime-target=false, has-links=false} 
03-06 15:51:27.815  7200  7254 E TestRunner: 	at dalvik.system.VMStack.getThreadStackTrace(Native Method)
03-06 15:51:27.815  7200  7254 E TestRunner: 	at java.lang.Thread.getStackTrace(Thread.java:1720)
03-06 15:51:27.815  7200  7254 E TestRunner: 	at androidx.test.espresso.base.DefaultFailureHandler.getUserFriendlyError(DefaultFailureHandler.java:12)
03-06 15:51:27.815  7200  7254 E TestRunner: 	at androidx.test.espresso.base.DefaultFailureHandler.handle(DefaultFailureHandler.java:7)
03-06 15:51:27.815  7200  7254 E TestRunner: 	at androidx.test.espresso.ViewInteraction.waitForAndHandleInteractionResults(ViewInteraction.java:8)
03-06 15:51:27.815  7200  7254 E TestRunner: 	at androidx.test.espresso.ViewInteraction.check(ViewInteraction.java:12)
03-06 15:51:27.815  7200  7254 E TestRunner: 	at ru.netology.data.DataHelper.checkMessage(DataHelper.java:108)
03-06 15:51:27.815  7200  7254 E TestRunner: 	at ru.netology.tests.AuthTest.testAuthInvalidLogin(AuthTest.java:72)
03-06 15:51:27.815  7200  7254 E TestRunner: 	at java.lang.reflect.Method.invoke(Native Method)
03-06 15:51:27.815  7200  7254 E TestRunner: 	at org.junit.runners.model.FrameworkMethod$1.runReflectiveCall(FrameworkMethod.java:59)
03-06 15:51:27.815  7200  7254 E TestRunner: 	at org.junit.internal.runners.model.ReflectiveCallable.run(ReflectiveCallable.java:12)
03-06 15:51:27.815  7200  7254 E TestRunner: 	at org.junit.runners.model.FrameworkMethod.invokeExplosively(FrameworkMethod.java:56)
03-06 15:51:27.815  7200  7254 E TestRunner: 	at org.junit.internal.runners.statements.InvokeMethod.evaluate(InvokeMethod.java:17)
03-06 15:51:27.815  7200  7254 E TestRunner: 	at androidx.test.internal.runner.junit4.statement.RunBefores.evaluate(RunBefores.java:80)
03-06 15:51:27.815  7200  7254 E TestRunner: 	at org.junit.rules.ExternalResource$1.evaluate(ExternalResource.java:54)
03-06 15:51:27.815  7200  7254 E TestRunner: 	at io.qameta.allure.android.rules.ScreenshotRule$apply$1.evaluate(ScreenshotRule.kt:22)
03-06 15:51:27.815  7200  7254 E TestRunner: 	at org.junit.rules.ExternalResource$1.evaluate(ExternalResource.java:54)
03-06 15:51:27.815  7200  7254 E TestRunner: 	at io.qameta.allure.android.rules.LogcatRule$apply$1.evaluate(LogcatRule.kt:23)
03-06 15:51:27.815  7200  7254 E TestRunner: 	at org.junit.rules.RunRules.evaluate(RunRules.java:20)
03-06 15:51:27.815  7200  7254 E TestRunner: 	at org.junit.runners.ParentRunner$3.evaluate(ParentRunner.java:306)
03-06 15:51:27.815  7200  7254 E TestRunner: 	at org.junit.runners.BlockJUnit4ClassRunner$1.evaluate(BlockJUnit4ClassRunner.java:100)
03-06 15:51:27.815  7200  7254 E TestRunner: 	at org.junit.runners.ParentRunner.runLeaf(ParentRunner.java:366)
03-06 15:51:27.815  7200  7254 E TestRunner: 	at org.junit.runners.BlockJUnit4ClassRunner.runChild(BlockJUnit4ClassRunner.java:103)
03-06 15:51:27.815  7200  7254 E TestRunner: 	at org.junit.runners.BlockJUnit4ClassRunner.runChild(BlockJUnit4ClassRunner.java:63)
03-06 15:51:27.815  7200  7254 E TestRunner: 	at org.junit.runners.ParentRunner$4.run(ParentRunner.java:331)
03-06 15:51:27.815  7200  7254 E TestRunner: 	at org.junit.runners.ParentRunner$1.schedule(ParentRunner.java:79)
03-06 15:51:27.815  7200  7254 E TestRunner: 	at org.junit.runners.ParentRunner.runChildren(ParentRunner.java:329)
03-06 15:51:27.815  7200  7254 E TestRunner: 	at org.junit.runners.ParentRunner.access$100(ParentRunner.java:66)
03-06 15:51:27.815  7200  7254 E TestRunner: 	at org.junit.runners.ParentRunner$2.evaluate(ParentRunner.java:293)
03-06 15:51:27.815  7200  7254 E TestRunner: 	at org.junit.runners.ParentRunner$3.evaluate(ParentRunner.java:306)
03-06 15:51:27.815  7200  7254 E TestRunner: 	at org.junit.runners.ParentRunner.run(ParentRunner.java:413)
03-06 15:51:27.815  7200  7254 E TestRunner: 	at androidx.test.ext.junit.runners.AndroidJUnit4.run(AndroidJUnit4.java:162)
03-06 15:51:27.815  7200  7254 E TestRunner: 	at io.qameta.allure.android.runners.AllureAndroidJUnit4.run(AllureAndroidJUnitRunners.kt:29)
03-06 15:51:27.815  7200  7254 E TestRunner: 	at org.junit.runners.Suite.runChild(Suite.java:128)
03-06 15:51:27.815  7200  7254 E TestRunner: 	at org.junit.runners.Suite.runChild(Suite.java:27)
03-06 15:51:27.815  7200  7254 E TestRunner: 	at org.junit.runners.ParentRunner$4.run(ParentRunner.java:331)
03-06 15:51:27.815  7200  7254 E TestRunner: 	at org.junit.runners.ParentRunner$1.schedule(ParentRunner.jav
03-06 15:51:27.815  7200  7254 E TestRunner: ----- end exception -----
03-06 15:51:27.819  7200  7254 I TestRunner: finished: testAuthInvalidLogin(ru.netology.tests.AuthTest)
03-06 15:51:27.829  2164  2164 I GeofencerStateMachine: removeGeofences: removeRequest=RemoveGeofencingRequest[REMOVE_BY_PENDING_INTENT pendingIntent=PendingIntent[creatorPackage=com.google.android.gms], packageName=com.google.android.gms]
03-06 15:51:27.830  2164  2164 I GeofencerStateMachine: removeGeofences: removeRequest=RemoveGeofencingRequest[REMOVE_BY_PENDING_INTENT pendingIntent=PendingIntent[creatorPackage=com.google.android.gms], packageName=com.google.android.gms]
03-06 15:51:27.842  2164  3051 W GCoreFlp: No location to return for getLastLocation()
03-06 15:51:27.842  2164  7232 I Places  : ?: Couldn't find platform key file.
03-06 15:51:27.844  7200  7254 I TestRunner: started: testAuthInvalidPassword(ru.netology.tests.AuthTest)
03-06 15:51:27.846  2164  7399 I PlaceInferenceEngine: [anon] Changed inference mode: 0
03-06 15:51:27.848  2164  2604 I Places  : ?: Couldn't find platform key file.
03-06 15:51:27.866  7200  7254 W Settings: Setting always_finish_activities has moved from android.provider.Settings.System to android.provider.Settings.Global, returning read-only value.
03-06 15:51:27.867  2026  4171 W AppOps  : Noting op not finished: uid 10099 pkg com.google.android.gms code 79 time=1709758287676 duration=0
03-06 15:51:27.869  2026  2043 I ActivityTaskManager: START u0 {act=android.intent.action.MAIN cat=[android.intent.category.LAUNCHER] flg=0x10008000 cmp=ru.iteco.fmhandroid/.ui.AppActivity} from uid 10134
03-06 15:51:27.873  2026  4296 W ActivityTaskManager: Finishing task with all activities already finished
03-06 15:51:27.873  2026  4296 W ActivityTaskManager: Duplicate finish request for ActivityRecord{36f71e2 u0 ru.iteco.fmhandroid.test/androidx.test.core.app.InstrumentationActivityInvoker$EmptyActivity t9 f}
03-06 15:51:27.873  2026  2042 W AppOps  : Noting op not finished: uid 10099 pkg com.google.android.gms code 79 time=1709758287867 duration=0
03-06 15:51:27.874  2026  2042 W InputReader: Device has associated, but no associated display id.
03-06 15:51:27.875  2026  2042 I chatty  : uid=1000(system) Binder:2026_1 identical 13 lines
03-06 15:51:27.875  2026  2042 W InputReader: Device has associated, but no associated display id.
03-06 15:51:27.875  2164  3836 I Places  : ?: Couldn't find platform key file.
03-06 15:51:27.875  2026  2042 W InputReader: Device has associated, but no associated display id.
03-06 15:51:27.875  2026  2042 I chatty  : uid=1000(system) Binder:2026_1 identical 13 lines
03-06 15:51:27.875  2026  2042 W InputReader: Device has associated, but no associated display id.
03-06 15:51:27.875  7200  7200 W ActivityThread: handleWindowVisibility: no activity for token android.os.BinderProxy@64ee6f1
03-06 15:51:27.876  2026  2042 W InputReader: Device has associated, but no associated display id.
03-06 15:51:27.876  2026  2042 I chatty  : uid=1000(system) Binder:2026_1 identical 8 lines
03-06 15:51:27.876  2026  2042 W InputReader: Device has associated, but no associated display id.
03-06 15:51:27.880  2164  2604 I Places  : ?: Couldn't find platform key file.
03-06 15:51:27.880  2164  3049 I Places  : ?: Couldn't find platform key file.
03-06 15:51:27.881  2164  3836 I Places  : ?: Couldn't find platform key file.
03-06 15:51:27.890  7200  7200 D LifecycleMonitor: Lifecycle status change: ru.iteco.fmhandroid.ui.AppActivity@dda012d in: PRE_ON_CREATE
03-06 15:51:27.890  7200  7200 V ActivityScenario: Activity lifecycle changed event received but ignored because the reported transition was not ON_CREATE while the last known transition was PRE_ON_CREATE
03-06 15:51:27.892  2164  7399 W Places  : ?: Failed to download inference model weights PlacesServer
03-06 15:51:27.892  2164  7399 W PlaceInferenceEngine: Failed to download model weights. Status code: 7
03-06 15:51:27.892  2164  3049 I Places  : ?: Couldn't find platform key file.
03-06 15:51:27.893  1792  1792 D gralloc_ranchu: gralloc_alloc: Creating ashmem region of size 9592832
03-06 15:51:27.894  2164  3836 I Places  : ?: Couldn't find platform key file.
03-06 15:51:27.917  2026  4785 W AppOps  : Noting op not finished: uid 10099 pkg com.google.android.gms code 79 time=1709758287879 duration=-1
03-06 15:51:27.918  7200  7200 D LifecycleMonitor: Lifecycle status change: ru.iteco.fmhandroid.ui.AppActivity@dda012d in: CREATED
03-06 15:51:27.918  7200  7200 V ActivityScenario: Update currentActivityStage to CREATED, currentActivity=ru.iteco.fmhandroid.ui.AppActivity@dda012d
03-06 15:51:27.919  2026  4785 W AppOps  : Noting op not finished: uid 10099 pkg com.google.android.gms code 79 time=1709758287917 duration=0
03-06 15:51:27.928  2026  2048 W InputReader: Device has associated, but no associated display id.
03-06 15:51:27.932  2026  4296 W AppOps  : Noting op not finished: uid 10099 pkg com.google.android.gms code 79 time=1709758287919 duration=0
03-06 15:51:27.928  2026  2048 I chatty  : uid=1000(system) android.anim identical 8 lines
03-06 15:51:27.928  2026  2048 W InputReader: Device has associated, but no associated display id.
03-06 15:51:27.945  7200  7200 D LifecycleMonitor: Lifecycle status change: ru.iteco.fmhandroid.ui.AppActivity@dda012d in: STARTED
03-06 15:51:27.946  7200  7200 V ActivityScenario: Update currentActivityStage to STARTED, currentActivity=ru.iteco.fmhandroid.ui.AppActivity@dda012d
03-06 15:51:27.946  7200  7200 D LifecycleMonitor: Lifecycle status change: ru.iteco.fmhandroid.ui.AppActivity@dda012d in: RESUMED
03-06 15:51:27.946  7200  7200 V ActivityScenario: Update currentActivityStage to RESUMED, currentActivity=ru.iteco.fmhandroid.ui.AppActivity@dda012d
03-06 15:51:27.949  1791  2388 E GnssHAL_GnssInterface: gnssSvStatusCb: a: input svInfo.flags is 8
03-06 15:51:27.949  1791  2388 E GnssHAL_GnssInterface: gnssSvStatusCb: b: input svInfo.flags is 8
03-06 15:51:27.974  1792  1792 D gralloc_ranchu: gralloc_alloc: Creating ashmem region of size 9592832
03-06 15:51:28.004  1792  1792 D gralloc_ranchu: gralloc_alloc: Creating ashmem region of size 9592832
03-06 15:51:28.006  2890  3121 I MicroDetector: Keeping mic open: false
03-06 15:51:28.008  2890  3181 I DeviceStateChecker: DeviceStateChecker cancelled
03-06 15:51:28.011  2890  3568 I MicroRecognitionRunner: Stopping hotword detection.
03-06 15:51:28.012  2890  3206 I MicroRecognitionRunner: Detection finished
03-06 15:51:28.014  1792  3032 D gralloc_ranchu: gralloc_alloc: Creating ashmem region of size 9592832
03-06 15:51:28.017  2890  3215 I AudioController: internalShutdown
03-06 15:51:28.034  7200  7276 D EGL_emulation: eglMakeCurrent: 0xdee1ae40: ver 2 0 (tinfo 0xc2e69120)
03-06 15:51:28.044  2890  3215 I MicrophoneInputStream: mic_close  SR : 16000 CC : 16 SO : 1999
03-06 15:51:28.044  2890  3215 E AudioSource: Stop listening is called on already closed AudioSource
03-06 15:51:28.053  2026  2052 I ActivityTaskManager: Displayed ru.iteco.fmhandroid/.ui.AppActivity: +182ms
03-06 15:51:28.066  2164  7231 I ctxmgr  : [ProducerStatusImpl] updateStateForNewContextData: inactive, contextName=7 [CONTEXT service_id=47 ]
03-06 15:51:28.071  2164  3051 W GCoreFlp: No location to return for getLastLocation()
03-06 15:51:28.085  2026  2042 W AppOps  : Noting op not finished: uid 10099 pkg com.google.android.gms code 79 time=1709758287932 duration=0
03-06 15:51:28.087  2164  3836 I Places  : ?: Couldn't find platform key file.
03-06 15:51:28.089  2026  4785 W AppOps  : Noting op not finished: uid 10099 pkg com.google.android.gms code 79 time=1709758288085 duration=0
03-06 15:51:28.093  7353  7385 D EGL_emulation: eglMakeCurrent: 0xdb9591c0: ver 2 0 (tinfo 0xf2089d00)
03-06 15:51:28.104  2164  7399 I Places  : ?: PlacesBleScanner start() with priority 2
03-06 15:51:28.104  2164  7399 I PlaceInferenceEngine: [anon] Changed inference mode: 1
03-06 15:51:28.108  2164  3051 W GCoreFlp: No location to return for getLastLocation()
03-06 15:51:28.118  2026  2043 W AppOps  : Noting op not finished: uid 10099 pkg com.google.android.gms code 79 time=1709758288090 duration=0
03-06 15:51:28.123  2026  2043 W AppOps  : Noting op not finished: uid 10099 pkg com.google.android.gms code 79 time=1709758288118 duration=0
03-06 15:51:28.111  2164  3051 I chatty  : uid=10099(com.google.android.gms) FlpThread identical 1 line
03-06 15:51:28.134  2164  3051 W GCoreFlp: No location to return for getLastLocation()
03-06 15:51:28.227  7200  7254 W Settings: Setting always_finish_activities has moved from android.provider.Settings.System to android.provider.Settings.Global, returning read-only value.
03-06 15:51:28.230  2026  2042 I ActivityTaskManager: START u0 {act=android.intent.action.MAIN cat=[android.intent.category.LAUNCHER] flg=0x10008000 cmp=ru.iteco.fmhandroid/.ui.AppActivity} from uid 10134
03-06 15:51:28.232  2026  2042 W InputReader: Device has associated, but no associated display id.
03-06 15:51:28.232  2026  2042 I chatty  : uid=1000(system) Binder:2026_1 identical 8 lines
03-06 15:51:28.232  2026  2042 W InputReader: Device has associated, but no associated display id.
03-06 15:51:28.236  2634  3076 D EGL_emulation: eglMakeCurrent: 0xdee1a120: ver 2 0 (tinfo 0xdee0f3f0)
03-06 15:51:28.238  2890  3240 D EGL_emulation: eglMakeCurrent: 0xdee1c2e0: ver 2 0 (tinfo 0xc1d14460)
03-06 15:51:28.239  7200  7200 D LifecycleMonitor: Lifecycle status change: ru.iteco.fmhandroid.ui.AppActivity@dda012d in: PAUSED
03-06 15:51:28.239  7200  7200 V ActivityScenario: Update currentActivityStage to PAUSED, currentActivity=ru.iteco.fmhandroid.ui.AppActivity@dda012d
03-06 15:51:28.239  7200  7200 V ActivityScenario: Activity lifecycle changed event received but ignored because the reported transition was not ON_CREATE while the last known transition was PRE_ON_CREATE
03-06 15:51:28.240  2026  2043 W InputReader: Device has associated, but no associated display id.
03-06 15:51:28.243  2026  2043 I chatty  : uid=1000(system) Binder:2026_2 identical 38 lines
03-06 15:51:28.243  2026  2043 W InputReader: Device has associated, but no associated display id.
03-06 15:51:28.245  7200  7200 W ActivityThread: handleWindowVisibility: no activity for token android.os.BinderProxy@8214bf5
03-06 15:51:28.257  1792  1792 D gralloc_ranchu: gralloc_alloc: Creating ashmem region of size 9592832
03-06 15:51:28.258  7200  7200 D LifecycleMonitor: Lifecycle status change: ru.iteco.fmhandroid.ui.AppActivity@307b271 in: PRE_ON_CREATE
03-06 15:51:28.258  7200  7200 V ActivityScenario: Activity lifecycle changed event received but ignored because the activity instance does not match. currentActivity=ru.iteco.fmhandroid.ui.AppActivity@dda012d, receivedActivity=ru.iteco.fmhandroid.ui.AppActivity@307b271
03-06 15:51:28.258  7200  7200 V ActivityScenario: Activity lifecycle changed event received but ignored because the reported transition was not ON_CREATE while the last known transition was PRE_ON_CREATE
03-06 15:51:28.265  2890  3570 I PBSessionCacheImpl: Deleted sessionId[85817059498] from persistence.
03-06 15:51:28.275  2890  3121 W SearchServiceCore: Abort, client detached.
03-06 15:51:28.277  7200  7200 D LifecycleMonitor: Lifecycle status change: ru.iteco.fmhandroid.ui.AppActivity@307b271 in: CREATED
03-06 15:51:28.277  7200  7200 V ActivityScenario: Activity lifecycle changed event received but ignored because the activity instance does not match. currentActivity=ru.iteco.fmhandroid.ui.AppActivity@dda012d, receivedActivity=ru.iteco.fmhandroid.ui.AppActivity@307b271
03-06 15:51:28.277  7200  7200 V ActivityScenario: Update currentActivityStage to CREATED, currentActivity=ru.iteco.fmhandroid.ui.AppActivity@307b271
03-06 15:51:28.300  2026  2048 W InputReader: Device has associated, but no associated display id.
03-06 15:51:28.302  2026  2048 I chatty  : uid=1000(system) android.anim identical 18 lines
03-06 15:51:28.302  2026  2048 W InputReader: Device has associated, but no associated display id.
03-06 15:51:28.306  7200  7200 D LifecycleMonitor: Lifecycle status change: ru.iteco.fmhandroid.ui.AppActivity@307b271 in: STARTED
03-06 15:51:28.306  7200  7200 V ActivityScenario: Activity lifecycle changed event received but ignored because the activity instance does not match. currentActivity=ru.iteco.fmhandroid.ui.AppActivity@dda012d, receivedActivity=ru.iteco.fmhandroid.ui.AppActivity@307b271
03-06 15:51:28.306  7200  7200 V ActivityScenario: Update currentActivityStage to STARTED, currentActivity=ru.iteco.fmhandroid.ui.AppActivity@307b271
03-06 15:51:28.307  7200  7200 D LifecycleMonitor: Lifecycle status change: ru.iteco.fmhandroid.ui.AppActivity@307b271 in: RESUMED
03-06 15:51:28.307  7200  7200 V ActivityScenario: Activity lifecycle changed event received but ignored because the activity instance does not match. currentActivity=ru.iteco.fmhandroid.ui.AppActivity@dda012d, receivedActivity=ru.iteco.fmhandroid.ui.AppActivity@307b271
03-06 15:51:28.308  7200  7200 V ActivityScenario: Update currentActivityStage to RESUMED, currentActivity=ru.iteco.fmhandroid.ui.AppActivity@307b271
03-06 15:51:28.318  2476  2476 W ServiceManagement: Waited one second for android.hardware.radio@1.0::IRadio/slot1
