03-06 15:55:27.547  7200  7200 V ActivityScenario: Update currentActivityStage to DESTROYED, currentActivity=null
03-06 15:55:27.548  2026  2026 W ActivityManager: Unable to start service Intent { act=android.service.appprediction.AppPredictionService cmp=com.google.android.as/com.google.android.apps.miphone.aiai.app.AiAiPredictionService } U=0: not found
03-06 15:55:27.548  2026  2026 W RemoteAppPredictionService: could not bind to Intent { act=android.service.appprediction.AppPredictionService cmp=com.google.android.as/com.google.android.apps.miphone.aiai.app.AiAiPredictionService } using flags 67108865
03-06 15:55:27.566  1792  1887 D gralloc_ranchu: gralloc_alloc: Creating ashmem region of size 9592832
03-06 15:55:27.580  2890  3240 D EGL_emulation: eglMakeCurrent: 0xdee1c2e0: ver 2 0 (tinfo 0xc1d14460)
03-06 15:55:27.569  1792  1792 D gralloc_ranchu: gralloc_alloc: Creating ashmem region of size 9592832
03-06 15:55:27.607  1792  1792 D gralloc_ranchu: gralloc_alloc: Creating ashmem region of size 9592832
03-06 15:55:27.608  1792  1887 D gralloc_ranchu: gralloc_alloc: Creating ashmem region of size 9592832
03-06 15:55:27.675  2890  2890 W ThreadPoolDumper: Queue length for executor EventBus is now 11. Perhaps some tasks are too long, or the pool is too small.
03-06 15:55:27.678  1792  1887 D gralloc_ranchu: gralloc_alloc: Creating ashmem region of size 9592832
03-06 15:55:27.696  2634  3076 D EGL_emulation: eglMakeCurrent: 0xdee1a120: ver 2 0 (tinfo 0xdee0f3f0)
03-06 15:55:27.696  1792  1887 D gralloc_ranchu: gralloc_alloc: Creating ashmem region of size 9592832
03-06 15:55:27.710  2890  3121 W SessionLifecycleManager: Handover failed. Creating new session controller.
03-06 15:55:27.723  2026  2048 W InputReader: Device has associated, but no associated display id.
03-06 15:55:27.723  2026  2048 I chatty  : uid=1000(system) android.anim identical 8 lines
03-06 15:55:27.723  2026  2048 W InputReader: Device has associated, but no associated display id.
03-06 15:55:27.724  1792  1887 D gralloc_ranchu: gralloc_alloc: Creating ashmem region of size 6139904
03-06 15:55:27.787  2634  2650 W System  : A resource failed to call release. 
03-06 15:55:27.787  2634  2650 W System  : A resource failed to call release. 
03-06 15:55:27.789  2026  2038 I system_server: NativeAlloc concurrent copying GC freed 29605(1747KB) AllocSpace objects, 23(1680KB) LOS objects, 34% free, 11MB/17MB, paused 404us total 192.102ms
03-06 15:55:27.796  2890  3207 W LocationOracle: No location history returned by ContextManager
03-06 15:55:27.820  2890  3121 I MicroDetectionWorker: #startMicroDetector [speakerMode: 0]
03-06 15:55:27.824  2890  3121 I AudioController: Created new AudioSource
03-06 15:55:27.826  2890  3121 I MicroDetectionWorker: onReady
03-06 15:55:27.826  2890  3206 I MicroRecognitionRunner: Starting detection.
03-06 15:55:27.826  2890  3206 I MultipleReaderAudioSrc: Using micInputStream
03-06 15:55:27.827  2890  3565 I MicrophoneInputStream: mic_starting  SR : 16000 CC : 16 SO : 1999
03-06 15:55:27.830  2164  3051 W GCoreFlp: No location to return for getLastLocation()
03-06 15:55:27.841  2026  2042 W AppOps  : Noting op not finished: uid 10099 pkg com.google.android.gms code 79 time=1709758527353 duration=-1709758178379
03-06 15:55:27.841  1803  9182 I AudioFlinger: AudioFlinger's thread 0xe29777c0 tid=9182 ready to run
03-06 15:55:27.843  2026  3208 I AudioService.RecordingActivityMonitor: rec update riid:151 uid:10105 session:137 src:HOTWORD pack:com.google.android.googlequicksearchbox
03-06 15:55:27.843  2890  3565 I MicrophoneInputStream: mic_started  SR : 16000 CC : 16 SO : 1999
03-06 15:55:27.845  2026  2873 W AppOps  : Noting op not finished: uid 10099 pkg com.google.android.gms code 79 time=1709758527841 duration=0
03-06 15:55:27.889  2890  3121 I MicroDetectionWorker: onReady
03-06 15:55:27.889  2890  3206 W SpeechLevelGenerator: Really low audio levels detected. The audio input may have issues.
03-06 15:55:27.896  2164  8881 W ctxmgr  : [AclManager] No 3 for (accnt=account#-517948760#, com.google.android.gms(10099):UserVelocityProducer, vrsn=17786022, 0, 3pPkg = null ,  3pMdlId = null ,  pid = 2164). Was: 3 for 1, account#-517948760# [CONTEXT service_id=47 ]
03-06 15:55:27.928  2026  2873 I WifiService: acquireWifiLock uid=10099 lockMode=2
03-06 15:55:27.929  2164  3051 W GCoreFlp: No location to return for getLastLocation()
03-06 15:55:27.935  2164  3051 I chatty  : uid=10099(com.google.android.gms) FlpThread identical 1 line
03-06 15:55:27.946  2164  3051 W GCoreFlp: No location to return for getLastLocation()
03-06 15:55:27.950  2164  9039 I Places  : ?: Couldn't find platform key file.
03-06 15:55:27.955  2164  3051 W GCoreFlp: No location to return for getLastLocation()
03-06 15:55:28.012  2164  2164 I GeofencerStateMachine: removeGeofences: removeRequest=RemoveGeofencingRequest[REMOVE_BY_PENDING_INTENT pendingIntent=PendingIntent[creatorPackage=com.google.android.gms], packageName=com.google.android.gms]
