03-06 15:55:05.481  1792  1792 D gralloc_ranchu: gralloc_alloc: Creating ashmem region of size 9592832
03-06 15:55:05.504  7200  7200 D LifecycleMonitor: Lifecycle status change: ru.iteco.fmhandroid.ui.AppActivity@7a1500d in: STARTED
03-06 15:55:05.504  7200  7200 V ActivityScenario: Update currentActivityStage to STARTED, currentActivity=ru.iteco.fmhandroid.ui.AppActivity@7a1500d
03-06 15:55:05.504  7200  7200 D LifecycleMonitor: Lifecycle status change: ru.iteco.fmhandroid.ui.AppActivity@7a1500d in: RESUMED
03-06 15:55:05.504  7200  7200 V ActivityScenario: Update currentActivityStage to RESUMED, currentActivity=ru.iteco.fmhandroid.ui.AppActivity@7a1500d
03-06 15:55:05.530  2026  2048 W InputReader: Device has associated, but no associated display id.
03-06 15:55:05.531  2026  2048 I chatty  : uid=1000(system) android.anim identical 8 lines
03-06 15:55:05.531  2026  2048 W InputReader: Device has associated, but no associated display id.
03-06 15:55:05.538  1792  1792 D gralloc_ranchu: gralloc_alloc: Creating ashmem region of size 9592832
03-06 15:55:05.556  1792  1792 D gralloc_ranchu: gralloc_alloc: Creating ashmem region of size 9592832
03-06 15:55:05.559  7200  7276 D EGL_emulation: eglMakeCurrent: 0xdee1ae40: ver 2 0 (tinfo 0xc2e69120)
03-06 15:55:05.566  2890  3121 I MicroDetector: Keeping mic open: false
03-06 15:55:05.567  2890  3126 I DeviceStateChecker: DeviceStateChecker cancelled
03-06 15:55:05.568  2890  3212 I MicroRecognitionRunner: Stopping hotword detection.
03-06 15:55:05.568  2890  3565 I AudioController: internalShutdown
03-06 15:55:05.580  1792  1887 D gralloc_ranchu: gralloc_alloc: Creating ashmem region of size 9592832
03-06 15:55:05.596  2026  2052 I ActivityTaskManager: Displayed ru.iteco.fmhandroid/.ui.AppActivity: +143ms
03-06 15:55:05.600  2890  3565 I MicrophoneInputStream: mic_close  SR : 16000 CC : 16 SO : 1999
03-06 15:55:05.600  2890  3565 E AudioSource: Stop listening is called on already closed AudioSource
03-06 15:55:05.601  2890  3210 I MicroRecognitionRunner: Detection finished
03-06 15:55:05.658  7353  7385 D EGL_emulation: eglMakeCurrent: 0xdb9591c0: ver 2 0 (tinfo 0xf2089d00)
03-06 15:55:05.775  2026  2053 W BroadcastQueue: Background execution not allowed: receiving Intent { act=android.intent.action.DROPBOX_ENTRY_ADDED flg=0x10 (has extras) } to com.google.android.gms/.stats.service.DropBoxEntryAddedReceiver
03-06 15:55:05.775  2026  2053 W BroadcastQueue: Background execution not allowed: receiving Intent { act=android.intent.action.DROPBOX_ENTRY_ADDED flg=0x10 (has extras) } to com.google.android.gms/.chimera.GmsIntentOperationService$PersistentTrustedReceiver
03-06 15:55:05.823  7200  7254 W Settings: Setting always_finish_activities has moved from android.provider.Settings.System to android.provider.Settings.Global, returning read-only value.
03-06 15:55:05.825  2026  3472 I ActivityTaskManager: START u0 {act=android.intent.action.MAIN cat=[android.intent.category.LAUNCHER] flg=0x10008000 cmp=ru.iteco.fmhandroid/.ui.AppActivity} from uid 10134
03-06 15:55:05.826  2026  3472 W InputReader: Device has associated, but no associated display id.
03-06 15:55:05.827  2026  3472 I chatty  : uid=1000(system) Binder:2026_13 identical 8 lines
03-06 15:55:05.827  2026  3472 W InputReader: Device has associated, but no associated display id.
03-06 15:55:05.829  7200  7200 D LifecycleMonitor: Lifecycle status change: ru.iteco.fmhandroid.ui.AppActivity@7a1500d in: PAUSED
03-06 15:55:05.829  7200  7200 V ActivityScenario: Update currentActivityStage to PAUSED, currentActivity=ru.iteco.fmhandroid.ui.AppActivity@7a1500d
03-06 15:55:05.829  7200  7200 V ActivityScenario: Activity lifecycle changed event received but ignored because the reported transition was not ON_CREATE while the last known transition was PRE_ON_CREATE
03-06 15:55:05.830  2026  3472 W InputReader: Device has associated, but no associated display id.
03-06 15:55:05.832  2026  3472 I chatty  : uid=1000(system) Binder:2026_13 identical 38 lines
03-06 15:55:05.832  2026  3472 W InputReader: Device has associated, but no associated display id.
03-06 15:55:05.845  2890  3240 D EGL_emulation: eglMakeCurrent: 0xdee1c2e0: ver 2 0 (tinfo 0xc1d14460)
03-06 15:55:05.848  2634  3076 D EGL_emulation: eglMakeCurrent: 0xdee1a120: ver 2 0 (tinfo 0xdee0f3f0)
03-06 15:55:05.850  7200  7200 W ActivityThread: handleWindowVisibility: no activity for token android.os.BinderProxy@362178c
03-06 15:55:05.863  1792  1887 D gralloc_ranchu: gralloc_alloc: Creating ashmem region of size 9592832
03-06 15:55:05.874  7200  7200 D LifecycleMonitor: Lifecycle status change: ru.iteco.fmhandroid.ui.AppActivity@edf2078 in: PRE_ON_CREATE
03-06 15:55:05.874  7200  7200 V ActivityScenario: Activity lifecycle changed event received but ignored because the activity instance does not match. currentActivity=ru.iteco.fmhandroid.ui.AppActivity@7a1500d, receivedActivity=ru.iteco.fmhandroid.ui.AppActivity@edf2078
03-06 15:55:05.874  7200  7200 V ActivityScenario: Activity lifecycle changed event received but ignored because the reported transition was not ON_CREATE while the last known transition was PRE_ON_CREATE
03-06 15:55:05.887  7200  7200 D LifecycleMonitor: Lifecycle status change: ru.iteco.fmhandroid.ui.AppActivity@edf2078 in: CREATED
03-06 15:55:05.887  7200  7200 V ActivityScenario: Activity lifecycle changed event received but ignored because the activity instance does not match. currentActivity=ru.iteco.fmhandroid.ui.AppActivity@7a1500d, receivedActivity=ru.iteco.fmhandroid.ui.AppActivity@edf2078
03-06 15:55:05.887  7200  7200 V ActivityScenario: Update currentActivityStage to CREATED, currentActivity=ru.iteco.fmhandroid.ui.AppActivity@edf2078
03-06 15:55:05.888  2890  3567 I PBSessionCacheImpl: Deleted sessionId[85817061787] from persistence.
03-06 15:55:05.888  2890  3121 W SearchServiceCore: Abort, client detached.
03-06 15:55:05.906  7200  7200 D LifecycleMonitor: Lifecycle status change: ru.iteco.fmhandroid.ui.AppActivity@edf2078 in: STARTED
03-06 15:55:05.906  7200  7200 V ActivityScenario: Activity lifecycle changed event received but ignored because the activity instance does not match. currentActivity=ru.iteco.fmhandroid.ui.AppActivity@7a1500d, receivedActivity=ru.iteco.fmhandroid.ui.AppActivity@edf2078
03-06 15:55:05.906  7200  7200 V ActivityScenario: Update currentActivityStage to STARTED, currentActivity=ru.iteco.fmhandroid.ui.AppActivity@edf2078
03-06 15:55:05.907  7200  7200 D LifecycleMonitor: Lifecycle status change: ru.iteco.fmhandroid.ui.AppActivity@edf2078 in: RESUMED
03-06 15:55:05.907  7200  7200 V ActivityScenario: Activity lifecycle changed event received but ignored because the activity instance does not match. currentActivity=ru.iteco.fmhandroid.ui.AppActivity@7a1500d, receivedActivity=ru.iteco.fmhandroid.ui.AppActivity@edf2078
03-06 15:55:05.907  7200  7200 V ActivityScenario: Update currentActivityStage to RESUMED, currentActivity=ru.iteco.fmhandroid.ui.AppActivity@edf2078
03-06 15:55:05.920  1792  1887 D gralloc_ranchu: gralloc_alloc: Creating ashmem region of size 9592832
03-06 15:55:05.952  1792  1887 D gralloc_ranchu: gralloc_alloc: Creating ashmem region of size 9592832
03-06 15:55:05.968  1792  1792 D gralloc_ranchu: gralloc_alloc: Creating ashmem region of size 9592832
03-06 15:55:05.992  7200  7276 D EGL_emulation: eglMakeCurrent: 0xdee1ae40: ver 2 0 (tinfo 0xc2e69120)
03-06 15:55:05.996  2026  2048 W InputReader: Device has associated, but no associated display id.
03-06 15:55:05.998  2026  2048 I chatty  : uid=1000(system) android.anim identical 18 lines
03-06 15:55:05.998  2026  2048 W InputReader: Device has associated, but no associated display id.
03-06 15:55:06.005  7200  7276 D EGL_emulation: eglMakeCurrent: 0xdee1ae40: ver 2 0 (tinfo 0xc2e69120)
03-06 15:55:06.009  7200  7276 D EGL_emulation: eglMakeCurrent: 0xdee1ae40: ver 2 0 (tinfo 0xc2e69120)
03-06 15:55:06.011  1792  1792 D gralloc_ranchu: gralloc_alloc: Creating ashmem region of size 9592832
03-06 15:55:06.024  7200  7276 D EGL_emulation: eglMakeCurrent: 0xdee1ae40: ver 2 0 (tinfo 0xc2e69120)
03-06 15:55:06.040  7200  7276 I chatty  : uid=10134(ru.iteco.fmhandroid) RenderThread identical 2 lines
03-06 15:55:06.066  7200  7276 D EGL_emulation: eglMakeCurrent: 0xdee1ae40: ver 2 0 (tinfo 0xc2e69120)
03-06 15:55:06.084  1791  2388 E GnssHAL_GnssInterface: gnssSvStatusCb: a: input svInfo.flags is 8
03-06 15:55:06.084  1791  2388 E GnssHAL_GnssInterface: gnssSvStatusCb: b: input svInfo.flags is 8
03-06 15:55:06.086  7200  7276 D EGL_emulation: eglMakeCurrent: 0xdee1ae40: ver 2 0 (tinfo 0xc2e69120)
03-06 15:55:06.100  7200  7276 I chatty  : uid=10134(ru.iteco.fmhandroid) RenderThread identical 1 line
03-06 15:55:06.104  7200  7276 D EGL_emulation: eglMakeCurrent: 0xdee1ae40: ver 2 0 (tinfo 0xc2e69120)
03-06 15:55:06.113  2026  4611 D WificondControl: Scan result ready event
03-06 15:55:06.117  7200  7276 D EGL_emulation: eglMakeCurrent: 0xdee1ae40: ver 2 0 (tinfo 0xc2e69120)
03-06 15:55:06.169  7200  7276 I chatty  : uid=10134(ru.iteco.fmhandroid) RenderThread identical 6 lines
03-06 15:55:06.172  7200  7276 D EGL_emulation: eglMakeCurrent: 0xdee1ae40: ver 2 0 (tinfo 0xc2e69120)
03-06 15:55:06.184  2476  2476 W ServiceManagement: Waited one second for android.hardware.radio@1.0::IRadio/slot1
03-06 15:55:06.185  2476  2476 I ServiceManagement: getService: Trying again for android.hardware.radio@1.0::IRadio/slot1...
03-06 15:55:06.187  7200  7276 D EGL_emulation: eglMakeCurrent: 0xdee1ae40: ver 2 0 (tinfo 0xc2e69120)
03-06 15:55:06.592  7200  7276 I chatty  : uid=10134(ru.iteco.fmhandroid) RenderThread identical 47 lines
03-06 15:55:06.620  7200  7276 D EGL_emulation: eglMakeCurrent: 0xdee1ae40: ver 2 0 (tinfo 0xc2e69120)
03-06 15:55:06.626  2026  4070 D HostConnection: HostConnection::get() New Host Connection established 0xb73c2c60, tid 4070
03-06 15:55:06.627  7200  7276 D EGL_emulation: eglMakeCurrent: 0xdee1ae40: ver 2 0 (tinfo 0xc2e69120)
03-06 15:55:06.627  2026  4070 D HostConnection: HostComposition ext ANDROID_EMU_CHECKSUM_HELPER_v1 ANDROID_EMU_dma_v1 ANDROID_EMU_direct_mem ANDROID_EMU_host_composition_v1 ANDROID_EMU_host_composition_v2 ANDROID_EMU_vulkan ANDROID_EMU_deferred_vulkan_commands ANDROID_EMU_vulkan_null_optional_strings ANDROID_EMU_vulkan_create_resources_with_requirements ANDROID_EMU_YUV420_888_to_NV21 ANDROID_EMU_YUV_Cache ANDROID_EMU_vulkan_free_memory_sync ANDROID_EMU_vulkan_shader_float16_int8 ANDROID_EMU_vulkan_async_queue_submit ANDROID_EMU_sync_buffer_data GL_OES_vertex_array_object GL_KHR_texture_compression_astc_ldr ANDROID_EMU_host_side_tracing ANDROID_EMU_gles_max_version_2 
03-06 15:55:06.628  2026  4070 W OpenGLRenderer: Failed to choose config with EGL_SWAP_BEHAVIOR_PRESERVED, retrying without...
03-06 15:55:06.635  2026  4070 D eglCodecCommon: setVertexArrayObject: set vao to 0 (0) 0 0
03-06 15:55:06.635  2026  4070 D EGL_emulation: eglCreateContext: 0xc23d2660: maj 2 min 0 rcv 2
03-06 15:55:06.636  7200  7276 D EGL_emulation: eglMakeCurrent: 0xdee1ae40: ver 2 0 (tinfo 0xc2e69120)
03-06 15:55:06.656  2026  4070 D EGL_emulation: eglMakeCurrent: 0xc23d2660: ver 2 0 (tinfo 0xbd5c54c0)
03-06 15:55:06.658  7200  7200 D LifecycleMonitor: Lifecycle status change: ru.iteco.fmhandroid.ui.AppActivity@7a1500d in: STOPPED
03-06 15:55:06.658  7200  7200 V ActivityScenario: Update currentActivityStage to STOPPED, currentActivity=ru.iteco.fmhandroid.ui.AppActivity@7a1500d
03-06 15:55:06.658  7200  7200 V ActivityScenario: Activity lifecycle changed event received but ignored because the activity instance does not match. currentActivity=ru.iteco.fmhandroid.ui.AppActivity@edf2078, receivedActivity=ru.iteco.fmhandroid.ui.AppActivity@7a1500d
03-06 15:55:06.661  7200  7200 D LifecycleMonitor: Lifecycle status change: ru.iteco.fmhandroid.ui.AppActivity@7a1500d in: DESTROYED
03-06 15:55:06.661  7200  7200 V ActivityScenario: Update currentActivityStage to DESTROYED, currentActivity=null
03-06 15:55:06.661  7200  7200 V ActivityScenario: Activity lifecycle changed event received but ignored because the activity instance does not match. currentActivity=ru.iteco.fmhandroid.ui.AppActivity@edf2078, receivedActivity=ru.iteco.fmhandroid.ui.AppActivity@7a1500d
03-06 15:55:06.671  2026  4070 D eglCodecCommon: setVertexArrayObject: set vao to 0 (0) 1 0
03-06 15:55:07.085  1791  2388 E GnssHAL_GnssInterface: gnssSvStatusCb: a: input svInfo.flags is 8
03-06 15:55:07.085  1791  2388 E GnssHAL_GnssInterface: gnssSvStatusCb: b: input svInfo.flags is 8
03-06 15:55:07.186  2476  2476 W ServiceManagement: Waited one second for android.hardware.radio@1.0::IRadio/slot1
03-06 15:55:07.186  2476  2476 I ServiceManagement: getService: Trying again for android.hardware.radio@1.0::IRadio/slot1...
03-06 15:55:07.262  2026  2026 W WindowManager: removeWindowToken: Attempted to remove non-existing token: android.os.Binder@a3a0b13
03-06 15:55:08.085  1791  2388 E GnssHAL_GnssInterface: gnssSvStatusCb: a: input svInfo.flags is 8
03-06 15:55:08.085  1791  2388 E GnssHAL_GnssInterface: gnssSvStatusCb: b: input svInfo.flags is 8
03-06 15:55:08.189  2476  2476 W ServiceManagement: Waited one second for android.hardware.radio@1.0::IRadio/slot1
03-06 15:55:08.189  2476  2476 I ServiceManagement: getService: Trying again for android.hardware.radio@1.0::IRadio/slot1...
03-06 15:55:08.608  9054  9054 I ServiceManagement: Registered android.hardware.radio@1.1::IRadio/slot1 (start delay of 16ms)
03-06 15:55:08.608  9054  9054 I ServiceManagement: Registered android.hardware.radio.deprecated@1.0::IOemHook/slot1 (start delay of 17ms)
03-06 15:55:08.609  2476  2476 I android_os_HwBinder: HwBinder: Starting thread pool for getting: android.hardware.radio@1.0::IRadio/slot1
03-06 15:55:08.612  1676  1676 I hwservicemanager: getTransport: Cannot find entry android.hardware.radio.deprecated@1.0::IOemHook/slot1 in either framework or device manifest.
03-06 15:55:08.619  2476  2476 D MultiSimSettingController: onSubscriptionsChanged
03-06 15:55:08.619  2476  2476 D MultiSimSettingController: updateDefaults
03-06 15:55:08.619  2476  2476 D MultiSimSettingController: [updateDefaultValues] change: 0
03-06 15:55:08.620  2476  2476 I TelecomFramework: PstnPhoneCapabilitiesNotifier: handleVideoCapabilitesChanged. Video capability - false
03-06 15:55:08.624  2026  3208 I Telecom : PhoneAccountRegistrar: Modify account: [ComponentInfo{com.android.phone/com.android.services.telephony.TelephonyConnectionService}, ***, UserHandle{0}]: TSI.rPA@Bes
03-06 15:55:08.625  2026  3208 I Telecom : CallsManager: handlePhoneAccountChanged: phoneAccount=[[X] PhoneAccount: ComponentInfo{com.android.phone/com.android.services.telephony.TelephonyConnectionService}, ***, UserHandle{0} Capabilities: CallProvider MultiUser PlaceEmerg SimSub  Audio Routes: BESW Schemes: tel voicemail  Extras: Bundle[{android.telecom.extra.SUPPORTS_VIDEO_CALLING_FALLBACK=true}] GroupId: ***]: TSI.rPA@Bes
03-06 15:55:08.626  2476  2476 I CallNotifier: onCallForwardingIndicatorChanged(): subId=1, visible=N
03-06 15:55:08.627  2476  2476 D CallNotifier: updatePhoneStateListeners: update CF notifications.
03-06 15:55:08.627  2476  2476 I NotificationMgr: updateCfi: subId= 1, visible=N
03-06 15:55:08.627  2476  2476 I NotificationMgr: updateMwi(): subId 1 update to false
03-06 15:55:08.631  4030  4030 I Dialer  : LegacyVoicemailNotificationReceiver.onReceive - received legacy voicemail notification
03-06 15:55:08.631  4030  4030 I Dialer  : LegacyVoicemailNotificationReceiver.onReceive - isRefresh: true
03-06 15:55:08.631  4030  4030 I Dialer  : LegacyVoicemailNotificationReceiver.onReceive - clearing notification
03-06 15:55:08.631  4030  4030 I Dialer  : LegacyVoicemailNotifier.cancelNotification - enter
03-06 15:55:08.636  2476  2476 D TelephonyProvider: subIdString = 1 subId = 1
03-06 15:55:08.643  2184  2184 V KeyguardUpdateMonitor: onSubscriptionInfoChanged()
03-06 15:55:08.648  2184  2184 V KeyguardUpdateMonitor: SubInfo:{id=1, iccId=890141032[****] simSlotIndex=0 carrierId=1 displayName=T-Mobile carrierName=No service nameSource=3 iconTint=-16746133 mNumber=[****] dataRoaming=0 iconBitmap=android.graphics.Bitmap@9bffa31 mcc 310 mnc 260mCountryIso=us isEmbedded false accessRules null cardString=890141032[****] cardId=-1 isOpportunistic false mGroupUUID=null mIsGroupDisabled=false profileClass=-1 ehplmns = null hplmns = null subscriptionType=0 mGroupOwner=null}
03-06 15:55:08.655  4330  8274 W Bugle   : BuglePhoneNumberUtils: canonicalizeMccMnc: invalid mccmnc. mcc: null, mnc: null
03-06 15:55:08.656  2026  2123 W BestClock: java.time.DateTimeException: Missing NTP fix
03-06 15:55:08.658  2026  2123 W BestClock: java.time.DateTimeException: Missing NTP fix
03-06 15:55:08.658  4330  8274 W Bugle   : Obsolete carrier config resource: maxMessageSize res: 1048576, sys: 307200
03-06 15:55:08.658  4330  8274 W Bugle   : Obsolete carrier config resource: maxImageHeight res: 1944, sys: 480
03-06 15:55:08.658  1773  1773 I netd    : bandwidthSetGlobalAlert(2097152) <0.12ms>
03-06 15:55:08.658  4330  8274 W Bugle   : Obsolete carrier config resource: maxImageWidth res: 2592, sys: 640
03-06 15:55:08.658  4330  8274 I Bugle   : Carrier configs loaded: Bundle[{carrier_volte_provisioned_bool=false, disable_charge_indication_bool=false, support_tdscdma_bool=false, httpSocketTimeout=60000, call_redirection_service_component_name_string=null, carrier_wfc_supports_wifi_only_bool=false, carrier_default_actions_on_default_network_available_string_array=[false: 7, true: 8], operator_selection_expand_bool=true, disable_cdma_activation_code_bool=false, simplified_network_settings_bool=false, support_tdscdma_roaming_networks_string_array=null, gps.lpp_profile=0, call_barring_visibility_bool=false, gps.es_extension_sec=0, enable_apps_string_array=null, carrier_default_wfc_ims_roaming_enabled_bool=false, cdma_nonroaming_networks_string_array=null, aliasMinChars=2, wfc_data_spn_format_idx_int=0, hide_sim_lock_settings_bool=false, drop_video_call_when_answering_audio_call_bool=false, ci_action_on_sys_update_bool=false, convert_cdma_caller_id_mmi_codes_while_roaming_on_3gpp_bool=false, support_enhanced_call_blocking_bool=true, vvm_port_number_int=0, carrier_default_wfc_ims_enabled_bool=false, dial_string_replace_string_array=null, opportunistic_network_entry_threshold_bandwidth_int=1024, gsm_nonroaming_networks_string_array=null, hide_ims_apn_bool=false, vvm_destination_number_string=, dtmf_type_enabled_bool=false, allow_video_calling_fallback_bool=true, config_ims_package_override_string=null, only_auto_select_in_home_network=false, smsToMmsTextThreshold=-1, disable_severe_when_extreme_disabled_bool=true, force_home_network_bool=false, spdi_override_string_array=null, show_wfc_location_privacy_policy_bool=false, gps.supl_es=1, enableSMSDeliveryReports=true, auto_retry_enabled_bool=false, opportunistic_network_entry_threshold_rssnr_int=45, play_call_recording_tone_bool=false, carrier_force_disable_etws_cmas_test_bool=false, call_waiting_service_class_int=1, allow_emergency_video_calls_bool=false, csp_enabled_bool=false, default_sim_call_manager_string=, wifi.passpoint_profiles_string_array=null, carrier_app_required_during_setup_bool=false, call_forwarding_blocks_while_roaming_string_array=null, emergency_notification_delay_int=-1, support_video_conference_call_bool=false, ims_dtmf_tone_delay_int=0, show_signal_strength_in_sim_status_bool=true, data_rapid_notification_bool=true, carrier_instant_lettering_escaped_chars_string=, carrier_default_wfc_ims_roaming_mode_int=2, editable_wfc_mode_bool=true, support_direct_fdn_dialing_bool=false, carrier_ut_provisioning_required_bool=false, carrier_wifi_string_array=null, treat_downgraded_video_calls_as_video_calls_bool=false, wifi_calls_can_be_hd_audio=true, support_downgrade_vt_to_audio_bool=true, cdma_enhanced_roaming_indicator_for_home_network_int_array=[1], notify_handover_video_from_lte_to_wifi_bool=false, use_otasp_for_provisioning_bool=false, always_play_remote_hold_tone_bool=false, opportunistic_network_data_switch_hysteresis_time_long=10000, maxMessageTextSize=-1, duration_blocking_disabled_after_emergency_int=7200, carrier_metered_roaming_apn_types_strings=[default, mms, dun, supl], additional_settings_call_waiting_visibility_bool=true, show_video_call_charges_alert_dialog_bool=false, carrier_network_service_wlan_package_override_string=, show_apn_setting_cdma_bool=false, use_usim_bool=false, carrier_instant_lettering_length_limit_int=64, operator_name_filter_pattern_string=, carrier_instant_lettering_invalid_chars_string=, carrier_setup_app_string=, editable_wfc_roaming_mode_bool=false, supportMmsContentDisposition=true, support_manage_ims_conference_call_bool=true, opportunistic_network_exit_threshold_rssnr_int=10, allow_non_emergency_calls_in_ecm_bool=true, allow_cdma_eri_bool=false, carrier_data_service_wlan_package_override_string=, show_carrier_data_icon_pattern_string=, use_rcs_presence_bool=false, config_telephony_use_own_number_for_voicemail_bool=false, cdma_dtmf_tone_delay_int=100, editable_voicemail_number_bool=false, carrier_data_call_apn_retry_after_disconnect_long=10000, filtered_cnap_names_string_array=null, enabledTransID=false, aliasEnabled=false, vvm_disabl
03-06 15:55:08.659  2026  3208 D AlarmManagerService: Kernel timezone updated to 0 minutes west of GMT
03-06 15:55:08.661  2026  2026 D ConditionProviders.SCP: onReceive android.intent.action.TIMEZONE_CHANGED
03-06 15:55:08.662  2026  2026 D ConditionProviders.SCP: evaluateSubscriptionLocked cal=ScheduleCalendar[mDays={1, 2, 3, 4, 5, 6, 7}, mSchedule=ScheduleInfo{days=[1, 2, 3, 4, 5, 6, 7], startHour=22, startMinute=0, endHour=7, endMinute=0, exitAtAlarm=true, nextAlarm=Thu Jan 01 00:00:00 GMT 1970 (0)}], now=Wed Mar 06 20:55:08 GMT 2024 (1709758508662), nextUserAlarmTime=Thu Jan 01 00:00:00 GMT 1970 (0)
03-06 15:55:08.662  2026  2026 D ConditionProviders.SCP: notifyCondition condition://android/schedule?days=1.2.3.4.5.6.7&start=22.0&end=7.0&exitAtAlarm=true STATE_FALSE reason=!meetsSchedule
03-06 15:55:08.663  2026  2026 D ConditionProviders.SCP: Scheduling evaluate for Wed Mar 06 22:00:00 GMT 2024 (1709762400000), in +1h4m51s338ms, now=Wed Mar 06 20:55:08 GMT 2024 (1709758508662)
03-06 15:55:08.665  2026  3472 I LocationAccessPolicy: Allowing com.google.android.inputmethod.latin fine because it doesn't target API 29 yet. Please fix this app. Called from TelephonyRegistry push
03-06 15:55:08.665  2026  3472 I LocationAccessPolicy: Allowing com.google.android.apps.messaging fine because it doesn't target API 29 yet. Please fix this app. Called from TelephonyRegistry push
03-06 15:55:08.677  2476  2476 D ServiceStateProvider: subId=1
03-06 15:55:08.698  5804  5804 I AlarmClock: AlarmInitReceiver android.intent.action.TIMEZONE_CHANGED
03-06 15:55:08.699  5804  8851 I AlarmClock: Connected Dock: null
03-06 15:55:08.699  5804  8851 I AlarmClock: Removing AlarmClockInfo
03-06 15:55:08.701  5804  5804 I AlarmClock: DigitalAppWidgetProvider processing Intent { act=android.intent.action.TIMEZONE_CHANGED flg=0x21200010 cmp=com.google.android.deskclock/com.android.alarmclock.DigitalAppWidgetProvider (has extras) }
03-06 15:55:08.704  2476  3413 D IccSmsInterfaceManager: [IccSmsInterfaceManager] Failed to add GSM cell broadcast channels range 4356 to 4356
03-06 15:55:08.707  2476  3413 D IccSmsInterfaceManager: [IccSmsInterfaceManager] Failed to remove GSM cell broadcast channels range 4355 to 4355
03-06 15:55:08.711  2476  2476 D CallNotifier: updatePhoneStateListeners: update CF notifications.
03-06 15:55:08.711  2476  2476 I NotificationMgr: updateCfi: subId= 1, visible=N
03-06 15:55:08.712  2476  3413 D IccSmsInterfaceManager: [IccSmsInterfaceManager] Calling setGsmBroadcastConfig with 1 configurations
03-06 15:55:08.712  2476  2476 I NotificationMgr: updateMwi(): subId 1 update to false
03-06 15:55:08.714  4030  4030 I Dialer  : LegacyVoicemailNotificationReceiver.onReceive - received legacy voicemail notification
03-06 15:55:08.714  4030  4030 I Dialer  : LegacyVoicemailNotificationReceiver.onReceive - isRefresh: false
03-06 15:55:08.714  4030  4030 I Dialer  : LegacyVoicemailNotificationReceiver.onReceive - clearing notification
03-06 15:55:08.714  4030  4030 I Dialer  : LegacyVoicemailNotifier.cancelNotification - enter
03-06 15:55:08.714  4030  4030 I Dialer  : LegacyVoicemailNotifier.cancelNotification - 'null' id, canceling all legacy voicemail notifications
03-06 15:55:08.719  4113  4113 D CellBroadcastReceiver: onReceive Intent { act=android.intent.action.SERVICE_STATE flg=0x1000010 cmp=com.android.cellbroadcastreceiver/.CellBroadcastReceiver (has extras) }
03-06 15:55:08.722  2476  2476 D CallNotifier: updatePhoneStateListeners: update CF notifications.
03-06 15:55:08.722  2476  2476 I NotificationMgr: updateCfi: subId= 1, visible=N
03-06 15:55:08.722  2476  2476 I NotificationMgr: updateMwi(): subId 1 update to false
03-06 15:55:08.724  4165  4165 I CarrierServices: [2] ServiceStateReceiver.onReceive: Received SERVICE_STATE intent.
03-06 15:55:08.726  2476  2476 I TelecomFramework: : onSubscriptionsChanged - update accounts
03-06 15:55:08.726  2476  2476 I TelecomFramework: PstnIncomingCallNotifier: Unregistering: Handler (com.android.internal.telephony.GsmCdmaPhone) {b312827}
03-06 15:55:08.726  2476  2476 I TelecomFramework: TelecomAccountRegistry: setupAccounts: Found 1 phones.  Attempting to register.
03-06 15:55:08.726  2476  2476 I TelecomFramework: TelecomAccountRegistry: setupAccounts: Phone with subscription id 1
03-06 15:55:08.726  2476  2476 I TelecomFramework: TelecomAccountRegistry: setupAccounts: adding default
03-06 15:55:08.726  2476  2476 E PhoneInterfaceManager: [PhoneIntfMgr] getIccId: No UICC
03-06 15:55:08.728  4030  4030 I Dialer  : LegacyVoicemailNotificationReceiver.onReceive - received legacy voicemail notification
03-06 15:55:08.728  4030  4030 I Dialer  : LegacyVoicemailNotificationReceiver.onReceive - isRefresh: true
03-06 15:55:08.728  4030  4030 I Dialer  : LegacyVoicemailNotificationReceiver.onReceive - clearing notification
03-06 15:55:08.728  4030  4030 I Dialer  : LegacyVoicemailNotifier.cancelNotification - enter
03-06 15:55:08.728  4030  4030 I Dialer  : LegacyVoicemailNotifier.cancelNotification - 'null' id, canceling all legacy voicemail notifications
03-06 15:55:08.730  2026  2873 I Telecom : PhoneAccountRegistrar: New phone account registered: [[ ] PhoneAccount: ComponentInfo{com.android.phone/com.android.services.telephony.TelephonyConnectionService}, ***, UserHandle{0} Capabilities: CallProvider MultiUser PlaceEmerg SimSub  Audio Routes: BESW Schemes: tel voicemail  Extras: Bundle[{android.telecom.extra.SUPPORTS_VIDEO_CALLING_FALLBACK=true}] GroupId: ***]: TSI.rPA@Bew
03-06 15:55:08.731  2026  2873 I Telecom : CallsManager: Sending phone-account ComponentInfo{com.android.phone/com.android.services.telephony.TelephonyConnectionService}, ***, UserHandle{0} registered intent as user: TSI.rPA@Bew
03-06 15:55:08.732  2026  2873 I Telecom : CallsManager: Sending phone-account registered intent to default dialer: TSI.rPA@Bew
03-06 15:55:08.732  2476  2476 I TelecomFramework: AccountEntry: Registered phoneAccount: [[ ] PhoneAccount: ComponentInfo{com.android.phone/com.android.services.telephony.TelephonyConnectionService}, ***, UserHandle{0} Capabilities: CallProvider MultiUser PlaceEmerg SimSub  Audio Routes: BESW Schemes: tel voicemail  Extras: Bundle[{android.telecom.extra.SUPPORTS_VIDEO_CALLING_FALLBACK=true}] GroupId: ***] with handle: ComponentInfo{com.android.phone/com.android.services.telephony.TelephonyConnectionService}, ***, UserHandle{0}
03-06 15:55:08.732  2476  2476 I TelecomFramework: PstnIncomingCallNotifier: Registering: Handler (com.android.internal.telephony.GsmCdmaPhone) {b312827}
03-06 15:55:08.733  2476  2476 I TelecomFramework: TelecomAccountRegistry: Unregistering phone account ComponentInfo{com.android.phone/com.android.services.telephony.TelephonyConnectionService}, ***, UserHandle{0}.
03-06 15:55:08.733  2026  2873 I Telecom : CallsManager: Sending phone-account ComponentInfo{com.android.phone/com.android.services.telephony.TelephonyConnectionService}, ***, UserHandle{0} unregistered intent as user: TSI.uPA@Be4
03-06 15:55:08.733  2026  2873 I Telecom : CallsManager: Sending phone-account unregistered intent to default dialer: TSI.uPA@Be4
03-06 15:55:08.734  2476  2476 D MultiSimSettingController: onSubscriptionsChanged
03-06 15:55:08.734  2476  2476 D MultiSimSettingController: updateDefaults
03-06 15:55:08.735  2476  2476 D MultiSimSettingController: [updateDefaultValues] change: 0
03-06 15:55:08.743  1676  1676 I hwservicemanager: getTransport: Cannot find entry android.hardware.radio.config@1.1::IRadioConfig/default in either framework or device manifest.
03-06 15:55:08.744  1676  1676 I hwservicemanager: getTransport: Cannot find entry android.hardware.radio.config@1.0::IRadioConfig/default in either framework or device manifest.
03-06 15:55:08.748  1676  1676 I hwservicemanager: getTransport: Cannot find entry android.hardware.radio.config@1.1::IRadioConfig/default in either framework or device manifest.
03-06 15:55:08.748  1676  1676 I hwservicemanager: getTransport: Cannot find entry android.hardware.radio.config@1.0::IRadioConfig/default in either framework or device manifest.
03-06 15:55:08.748  1676  1676 I hwservicemanager: getTransport: Cannot find entry android.hardware.radio.config@1.1::IRadioConfig/default in either framework or device manifest.
03-06 15:55:08.748  1676  1676 I hwservicemanager: getTransport: Cannot find entry android.hardware.radio.config@1.0::IRadioConfig/default in either framework or device manifest.
03-06 15:55:08.749  2026  2873 D AlarmManagerService: Kernel timezone updated to 0 minutes west of GMT
03-06 15:55:08.752  2476  2476 D IntentBroadcaster: Broadcasting and adding intent for rebroadcast: android.intent.action.SIM_STATE_CHANGED UNKNOWN for slotId 0
03-06 15:55:08.753  2184  2184 V KeyguardUpdateMonitor: action android.intent.action.SIM_STATE_CHANGED state: UNKNOWN slotId: 0 subid: 1
03-06 15:55:08.753  2184  2184 D KeyguardUpdateMonitor: handleSimStateChange(subId=1, slotId=0, state=UNKNOWN)
03-06 15:55:08.755  2803  2803 I rcs     : [PresencePublication] onReceive intent=Intent { act=android.intent.action.SIM_STATE_CHANGED flg=0x5000010 (has extras) }
03-06 15:55:08.755  2803  2803 I rcs     : [PresencePublication] ACTION_SIM_STATE_CHANGED INTENT_KEY_ICC_STATE=UNKNOWN
03-06 15:55:08.755  2803  2803 I rcs     : [RcsService] onReceive intent=Intent { act=android.intent.action.SIM_STATE_CHANGED flg=0x5000010 (has extras) }
03-06 15:55:08.756  2476  2476 D CarrierConfigLoader: update config for phoneId: 0 simState: UNKNOWN
03-06 15:55:08.756  2476  2476 D CarrierSvcBindHelper: update binding for phoneId: 0 simState: UNKNOWN
03-06 15:55:08.760  2476  2476 D TelephonyProvider: match current APN size:  0
03-06 15:55:08.760  2476  2476 E TelephonyProvider: iccRecords is null
03-06 15:55:08.762  2476  2476 I TelecomFramework: PstnPhoneCapabilitiesNotifier: handleVideoCapabilitesChanged. Video capability - false
03-06 15:55:08.764  2476  2476 E PhoneInterfaceManager: [PhoneIntfMgr] getIccId: No UICC
03-06 15:55:08.767  2026  2829 I Telecom : PhoneAccountRegistrar: Modify account: [ComponentInfo{com.android.phone/com.android.services.telephony.TelephonyConnectionService}, ***, UserHandle{0}]: TSI.rPA@BfE
03-06 15:55:08.767  2026  2829 I Telecom : CallsManager: handlePhoneAccountChanged: phoneAccount=[[X] PhoneAccount: ComponentInfo{com.android.phone/com.android.services.telephony.TelephonyConnectionService}, ***, UserHandle{0} Capabilities: CallProvider MultiUser PlaceEmerg SimSub  Audio Routes: BESW Schemes: tel voicemail  Extras: Bundle[{android.telecom.extra.SUPPORTS_VIDEO_CALLING_FALLBACK=true}] GroupId: ***]: TSI.rPA@BfE
03-06 15:55:08.768  2476  2476 D CarrierConfigLoader: mHandler: 0 phoneId: 0
03-06 15:55:08.769  2476  2476 D CarrierConfigLoader: Broadcast CARRIER_CONFIG_CHANGED for phone 0
03-06 15:55:08.771  4330  4330 I Bugle   : Carrier config changed. Reloading MMS config.
03-06 15:55:08.773  4113  4113 D CellBroadcastReceiver: onReceive Intent { act=android.telephony.action.CARRIER_CONFIG_CHANGED flg=0x15000010 cmp=com.android.cellbroadcastreceiver/.CellBroadcastReceiver (has extras) }
03-06 15:55:08.773  4113  4113 D CellBroadcastReceiver: initializeSharedPreference
03-06 15:55:08.773  2476  2476 I VvmSimStateTracker: android.intent.action.SIM_STATE_CHANGED
03-06 15:55:08.776  2476  3412 E CarrierInfoManager: Invalid networkOperator: 
03-06 15:55:08.776  6392  6392 I Finsky  : [2] com.google.android.finsky.simhandler.SimStateReceiver.a(6): android.intent.action.SIM_STATE_CHANGED : simState = UNKNOWN
03-06 15:55:08.777  4113  4113 D CellBroadcastReceiver: Default interval 0 did not change.
03-06 15:55:08.777  4113  4113 D CellBroadcastReceiver: Start Cell Broadcast configuration.
03-06 15:55:08.781  2387  8508 I constellation: [sim_state_checker] sim state checker is disabled.
03-06 15:55:08.782  2026  2026 I Telecom : PhoneAccountRegistrar: getSimCallManager: SimCallManager for subId 1 queried, returning: null: CM.CCCR->CM.UECNT->CM.CCCR->CM.UECNT->CM.CCCR->CM.UECNT->CM.CCCR->CM.UECNT->CM.CCCR->CM.UECNT->CM.CCCR->CM.UECNT->CM.CCCR->CM.UECNT->CM.CCCR->CM.UECNT->CM.CCCR->CM.UECNT->CM.CCCR->CM.UECNT->CM.CCCR->CM.UECNT->CM.CCCR->CM.UECNT->CM.CCCR->CM.UECNT->CM.CCCR->CM.UECNT->CM.CCCR->CM.UECNT->CM.CCCR->CM.UECNT->CM.CCCR->CM.UECNT->CM.CCCR->CM.UECNT->CM.CCCR->CM.UECNT->CM.CCCR->CM.UECNT->CM.CCCR->CM.UECNT->CM.CCCR->CM.UECNT->CM.CCCR->CM.UECNT->CM.CCCR->CM.UECNT->CM.CCCR->CM.UECNT->CM.CCCR->CM.UECNT->CM.CCCR->CM.UECNT->CM.CCCR->CM.UECNT->CM.CCCR->CM.UECNT->CM.CCCR->CM.UECNT->CM.CCCR->CM.UECNT->CM.CCCR->CM.UECNT->CM.CCCR->CM.UECNT->CM.CCCR->CM.UECNT->CM.CCCR->CM.UECNT->CM.CCCR->CM.UECNT->CM.CCCR->CM.UECNT->CM.CCCR->CM.UECNT->CM.CCCR->CM.UECNT->CM.CCCR->CM.UECNT->CM.CCCR->CM.UECNT->CM.CCCR->CM.UECNT->CM.CCCR->CM.UECNT->CM.CCCR->CM.UECNT->CM.CCCR->CM.UECNT->CM.CCCR->CM.UECNT->CM.CCCR->CM.UECNT->CM.CCCR->CM.UECNT->CM.CCCR->CM.UECNT->CM.CCCR->CM.UECNT->CM.CCCR->CM.UECNT->CM.CCCR->CM.UECNT->CM.CCCR->CM.UECNT->CM.CCCR->CM.UECNT->CM.CCCR->CM.UECNT->CM.CCCR->CM.UECNT->CM.CCCR->CM.UECNT->CM.CCCR->CM.UECNT->CM.CCCR->CM.UECNT->CM.CCCR->CM.UECNT->CM.CCCR->CM.UECNT->CM.CCCR->CM.UECNT->CM.CCCR->CM.UECNT->CM.CCCR->CM.UECNT->CM.CCCR->CM.UECNT->CM.CCCR->CM.UECNT@AD4
03-06 15:55:08.786  2476  2476 I TelecomFramework: : Carrier-config changed, checking for phone account updates.
03-06 15:55:08.796  2476  2490 W System  : A resource failed to call close. 
03-06 15:55:08.806  2476  2476 D TelephonyProvider: subIdString = 1 subId = 1
03-06 15:55:08.812  2476  2476 E PhoneInterfaceManager: [PhoneIntfMgr] getIccId: No UICC
03-06 15:55:08.814  2184  2184 V KeyguardUpdateMonitor: onSubscriptionInfoChanged()
03-06 15:55:08.816  2184  2184 V KeyguardUpdateMonitor: SubInfo:{id=1, iccId=890141032[****] simSlotIndex=0 carrierId=1 displayName=T-Mobile carrierName=No service nameSource=3 iconTint=-16746133 mNumber=[****] dataRoaming=0 iconBitmap=android.graphics.Bitmap@4b028f0 mcc 310 mnc 260mCountryIso=us isEmbedded false accessRules null cardString=890141032[****] cardId=-1 isOpportunistic false mGroupUUID=null mIsGroupDisabled=false profileClass=-1 ehplmns = null hplmns = null subscriptionType=0 mGroupOwner=null}
03-06 15:55:08.817  6392  6424 I Finsky  : [493] fpw.a(10): onSubscriptionsChanged
03-06 15:55:08.817  6392  6424 I Finsky  : [493] fpt.c(15): notifySubscriptionInfoChangedListener: DataSubscriptionInfo=null
03-06 15:55:08.818  2026  2829 I LocationAccessPolicy: Allowing com.google.android.inputmethod.latin fine because it doesn't target API 29 yet. Please fix this app. Called from TelephonyRegistry push
03-06 15:55:08.818  2026  2829 I LocationAccessPolicy: Allowing com.google.android.apps.messaging fine because it doesn't target API 29 yet. Please fix this app. Called from TelephonyRegistry push
03-06 15:55:08.818  2026  2123 E NetworkPolicy: Missing subscriberId for subId 1
03-06 15:55:08.819  2026  2123 W BestClock: java.time.DateTimeException: Missing NTP fix
03-06 15:55:08.819  2026  2053 I DropBoxManagerService: add tag=system_server_wtf isTagEnabled=true flags=0x2
03-06 15:55:08.819  2026  2123 W BestClock: java.time.DateTimeException: Missing NTP fix
03-06 15:55:08.820  1773  1773 I netd    : bandwidthSetGlobalAlert(2097152) <0.06ms>
03-06 15:55:08.825  2476  2476 D ServiceStateProvider: subId=1
03-06 15:55:08.825  4113  4113 D CellBroadcastReceiver: onReceive Intent { act=android.intent.action.SERVICE_STATE flg=0x1000010 cmp=com.android.cellbroadcastreceiver/.CellBroadcastReceiver (has extras) }
03-06 15:55:08.827  2476  2476 D OtaspSimStateReceiver: Received intent: android.telephony.action.CARRIER_CONFIG_CHANGED
03-06 15:55:08.828  4165  4165 I CarrierServices: [2] ServiceStateReceiver.onReceive: Received SERVICE_STATE intent.
03-06 15:55:08.828  6392  6392 I Finsky  : [2] pxd.b(7): Jobs in database: 12-1 21-333333333 28--559038737 31-305419896 
03-06 15:55:08.828  2476  2476 D CallNotifier: updatePhoneStateListeners: update CF notifications.
03-06 15:55:08.828  2476  2476 I NotificationMgr: updateCfi: subId= 1, visible=N
03-06 15:55:08.829  6392  6392 I Finsky  : [2] puk.a(113): ConstraintMapping: 12-1, 21-333333333, 28--559038737, 31-305419896,  -> L: 0ms, D: 82525290ms, C: false, I: false, N: 1
03-06 15:55:08.829  6392  6637 I Finsky  : [539] qjn.b(1): SIM removed, prefetching preloads
03-06 15:55:08.829  6392  6428 I Finsky  : [495] qjm.call(2): Prefetching preloads for account null
03-06 15:55:08.829  6392  6428 W Finsky  : [495] cwl.a(19): For unauth, use getDfeApiNonAuthenticated() instead!
03-06 15:55:08.829  6392  6392 I Finsky  : [2] com.google.android.finsky.scheduler.JobSchedulerEngine.a(42): Cancelling existing job with id: 9000
03-06 15:55:08.830  6392  6392 I Finsky  : [2] com.google.android.finsky.scheduler.JobSchedulerEngine.a(4): Scheduling job Id: 9001, L: 0, D: 82525290, C: false, I: false, N: 1
03-06 15:55:08.830  2476  2476 I NotificationMgr: updateMwi(): subId 1 update to false
03-06 15:55:08.830  6392  6428 I Finsky  : [495] qnu.a(19): No PAI stub found
03-06 15:55:08.830  6392  6428 E Finsky  : [495] qjm.call(31): Error prefetching preloads, using account=null, preloads=NULL, preloadRros=NULL, preloadGroups=NULL
03-06 15:55:08.830  6392  6428 E Finsky  : com.google.android.finsky.setup.fetchers.RawDocumentsFetchException[reason=pai_config, account=null]
03-06 15:55:08.830  6392  6428 E Finsky  : 	at qnu.a(SourceFile:19)
03-06 15:55:08.830  6392  6428 E Finsky  : 	at qjm.call(Unknown Source:2)
03-06 15:55:08.830  6392  6428 E Finsky  : 	at afxg.a(SourceFile:1)
03-06 15:55:08.830  6392  6428 E Finsky  : 	at afwi.run(SourceFile:3)
03-06 15:55:08.830  6392  6428 E Finsky  : 	at afxf.run(SourceFile:2)
03-06 15:55:08.830  6392  6428 E Finsky  : 	at java.util.concurrent.ThreadPoolExecutor.runWorker(ThreadPoolExecutor.java:1167)
03-06 15:55:08.830  6392  6428 E Finsky  : 	at java.util.concurrent.ThreadPoolExecutor$Worker.run(ThreadPoolExecutor.java:641)
03-06 15:55:08.830  6392  6428 E Finsky  : 	at unn.run(Unknown Source:7)
03-06 15:55:08.830  6392  6428 E Finsky  : 	at java.lang.Thread.run(Thread.java:919)
03-06 15:55:08.830  6392  6428 I Finsky  : [495] qjn.a(10): VpaSelectionActivity will be disabled
03-06 15:55:08.830  6392  6637 I Finsky  : [539] fpy.a(5): notifySubscriptionInfoChangedListener success.
03-06 15:55:08.835  2476  2476 D TelephonyProvider: match current APN size:  0
03-06 15:55:08.835  2476  2476 E TelephonyProvider: iccRecords is null
03-06 15:55:08.837  2476  2476 I TelecomFramework: : onSubscriptionsChanged - update accounts
03-06 15:55:08.837  2476  2476 I TelecomFramework: PstnIncomingCallNotifier: Unregistering: Handler (com.android.internal.telephony.GsmCdmaPhone) {b312827}
03-06 15:55:08.837  2476  2476 I TelecomFramework: TelecomAccountRegistry: setupAccounts: Found 1 phones.  Attempting to register.
03-06 15:55:08.837  2476  2476 I TelecomFramework: TelecomAccountRegistry: setupAccounts: Phone with subscription id 1
03-06 15:55:08.837  2476  2476 I TelecomFramework: TelecomAccountRegistry: setupAccounts: adding default
03-06 15:55:08.837  2476  2476 E PhoneInterfaceManager: [PhoneIntfMgr] getIccId: No UICC
03-06 15:55:08.848  2026  2873 I Telecom : PhoneAccountRegistrar: Modify account: [ComponentInfo{com.android.phone/com.android.services.telephony.TelephonyConnectionService}, ***, UserHandle{0}]: TSI.rPA@BfI
03-06 15:55:08.848  2026  2873 I Telecom : CallsManager: handlePhoneAccountChanged: phoneAccount=[[X] PhoneAccount: ComponentInfo{com.android.phone/com.android.services.telephony.TelephonyConnectionService}, ***, UserHandle{0} Capabilities: CallProvider MultiUser PlaceEmerg SimSub  Audio Routes: BESW Schemes: tel voicemail  Extras: Bundle[{android.telecom.extra.SUPPORTS_VIDEO_CALLING_FALLBACK=true}] GroupId: ***]: TSI.rPA@BfI
03-06 15:55:08.849  2476  2476 I TelecomFramework: AccountEntry: Registered phoneAccount: [[ ] PhoneAccount: ComponentInfo{com.android.phone/com.android.services.telephony.TelephonyConnectionService}, ***, UserHandle{0} Capabilities: CallProvider MultiUser PlaceEmerg SimSub  Audio Routes: BESW Schemes: tel voicemail  Extras: Bundle[{android.telecom.extra.SUPPORTS_VIDEO_CALLING_FALLBACK=true}] GroupId: ***] with handle: ComponentInfo{com.android.phone/com.android.services.telephony.TelephonyConnectionService}, ***, UserHandle{0}
03-06 15:55:08.849  2476  2476 I TelecomFramework: PstnIncomingCallNotifier: Registering: Handler (com.android.internal.telephony.GsmCdmaPhone) {b312827}
03-06 15:55:08.851  2476  2476 D MultiSimSettingController: onSubscriptionsChanged
03-06 15:55:08.851  2476  2476 D MultiSimSettingController: updateDefaults
03-06 15:55:08.851  2476  2476 D MultiSimSettingController: [updateDefaultValues] change: 0
03-06 15:55:08.853  2026  2873 D AlarmManagerService: Kernel timezone updated to 0 minutes west of GMT
03-06 15:55:08.873  2476  2476 I VvmSimStateTracker: android.telephony.action.CARRIER_CONFIG_CHANGED
03-06 15:55:08.873  2476  2476 I VvmSimStateTracker: Received SIM change for invalid subscription id.
03-06 15:55:08.874  2476  2476 I TelecomFramework: PstnPhoneCapabilitiesNotifier: handleVideoCapabilitesChanged. Video capability - false
03-06 15:55:08.878  2476  2476 E PhoneInterfaceManager: [PhoneIntfMgr] getIccId: No UICC
03-06 15:55:08.880  4165  4218 I CarrierServices: [259] CarrierServicesReleaseApp.a: Initialized already, return.
03-06 15:55:08.889  2026  2873 I Telecom : PhoneAccountRegistrar: Modify account: [ComponentInfo{com.android.phone/com.android.services.telephony.TelephonyConnectionService}, ***, UserHandle{0}]: TSI.rPA@BfU
03-06 15:55:08.890  2026  2873 I Telecom : CallsManager: handlePhoneAccountChanged: phoneAccount=[[X] PhoneAccount: ComponentInfo{com.android.phone/com.android.services.telephony.TelephonyConnectionService}, ***, UserHandle{0} Capabilities: CallProvider MultiUser PlaceEmerg SimSub  Audio Routes: BESW Schemes: tel voicemail  Extras: Bundle[{android.telecom.extra.SUPPORTS_VIDEO_CALLING_FALLBACK=true}] GroupId: ***]: TSI.rPA@BfU
03-06 15:55:08.918  4030  4030 I Dialer  : LegacyVoicemailNotificationReceiver.onReceive - received legacy voicemail notification
03-06 15:55:08.919  4030  4030 I Dialer  : LegacyVoicemailNotificationReceiver.onReceive - isRefresh: true
03-06 15:55:08.919  4030  4030 I Dialer  : LegacyVoicemailNotificationReceiver.onReceive - clearing notification
03-06 15:55:08.919  4030  4030 I Dialer  : LegacyVoicemailNotifier.cancelNotification - enter
03-06 15:55:08.919  4030  4030 I Dialer  : LegacyVoicemailNotifier.cancelNotification - 'null' id, canceling all legacy voicemail notifications
03-06 15:55:08.919  2026  2829 D AlarmManagerService: Kernel timezone updated to 0 minutes west of GMT
03-06 15:55:08.936  2476  3413 D IccSmsInterfaceManager: [IccSmsInterfaceManager] Failed to add GSM cell broadcast channels range 4396 to 4396
03-06 15:55:08.938  2476  3413 D IccSmsInterfaceManager: [IccSmsInterfaceManager] Calling setGsmBroadcastConfig with 1 configurations
03-06 15:55:08.940  2164  8876 E ctxmgr  : [BaseServerTask] Failed network request due to no network connectivity: expired [CONTEXT service_id=47 ]
03-06 15:55:08.943  2164  8876 E ctxmgr  : [DailyCheckinOperation]Failed daily get config: network status=1 [CONTEXT service_id=47 ]
03-06 15:55:08.988  2476  2476 D TelephonyProvider: subIdString = 1 subId = 1
03-06 15:55:08.994  2476  2476 E PhoneInterfaceManager: [PhoneIntfMgr] getIccId: ICC ID is null or empty.
03-06 15:55:09.012  2184  2184 V KeyguardUpdateMonitor: onSubscriptionInfoChanged()
03-06 15:55:09.014  2184  2184 V KeyguardUpdateMonitor: SubInfo:{id=1, iccId=890141032[****] simSlotIndex=0 carrierId=1 displayName=T-Mobile carrierName=Android nameSource=3 iconTint=-16746133 mNumber=[****] dataRoaming=0 iconBitmap=android.graphics.Bitmap@51abe69 mcc 310 mnc 260mCountryIso=us isEmbedded false accessRules null cardString=890141032[****] cardId=-1 isOpportunistic false mGroupUUID=null mIsGroupDisabled=false profileClass=-1 ehplmns = null hplmns = null subscriptionType=0 mGroupOwner=null}
03-06 15:55:09.017  2026  2123 E NetworkPolicy: Missing subscriberId for subId 1
03-06 15:55:09.017  2026  2123 W BestClock: java.time.DateTimeException: Missing NTP fix
03-06 15:55:09.017  2026  2053 I DropBoxManagerService: add tag=system_server_wtf isTagEnabled=true flags=0x2
03-06 15:55:09.018  2026  2123 W BestClock: java.time.DateTimeException: Missing NTP fix
03-06 15:55:09.020  4330  8274 W Bugle   : BuglePhoneNumberUtils: canonicalizeMccMnc: invalid mccmnc. mcc: null, mnc: null
03-06 15:55:09.022  4330  8274 W Bugle   : Obsolete carrier config resource: maxMessageSize res: 1048576, sys: 307200
03-06 15:55:09.022  4330  8274 W Bugle   : Obsolete carrier config resource: maxImageHeight res: 1944, sys: 480
03-06 15:55:09.022  4330  8274 W Bugle   : Obsolete carrier config resource: maxImageWidth res: 2592, sys: 640
03-06 15:55:09.031  1773  1773 I netd    : bandwidthSetGlobalAlert(2097152) <0.10ms>
