03-06 15:52:18.879  4030  4030 I Dialer  : LegacyVoicemailNotificationReceiver.onReceive - received legacy voicemail notification
03-06 15:52:18.880  4030  4030 I Dialer  : LegacyVoicemailNotificationReceiver.onReceive - isRefresh: true
03-06 15:52:18.880  4030  4030 I Dialer  : LegacyVoicemailNotificationReceiver.onReceive - clearing notification
03-06 15:52:18.880  4030  4030 I Dialer  : LegacyVoicemailNotifier.cancelNotification - enter
03-06 15:52:18.880  4030  4030 I Dialer  : LegacyVoicemailNotifier.cancelNotification - 'null' id, canceling all legacy voicemail notifications
03-06 15:52:18.883  2026  2829 I Telecom : PhoneAccountRegistrar: Modify account: [ComponentInfo{com.android.phone/com.android.services.telephony.TelephonyConnectionService}, ***, UserHandle{0}]: TSI.rPA@Ask
03-06 15:52:18.884  2026  2829 I Telecom : CallsManager: handlePhoneAccountChanged: phoneAccount=[[X] PhoneAccount: ComponentInfo{com.android.phone/com.android.services.telephony.TelephonyConnectionService}, ***, UserHandle{0} Capabilities: CallProvider MultiUser PlaceEmerg SimSub  Audio Routes: BESW Schemes: tel voicemail  Extras: Bundle[{android.telecom.extra.SUPPORTS_VIDEO_CALLING_FALLBACK=true}] GroupId: ***]: TSI.rPA@Ask
03-06 15:52:18.884  2476  2476 I TelecomFramework: AccountEntry: Registered phoneAccount: [[ ] PhoneAccount: ComponentInfo{com.android.phone/com.android.services.telephony.TelephonyConnectionService}, ***, UserHandle{0} Capabilities: CallProvider MultiUser PlaceEmerg SimSub  Audio Routes: BESW Schemes: tel voicemail  Extras: Bundle[{android.telecom.extra.SUPPORTS_VIDEO_CALLING_FALLBACK=true}] GroupId: ***] with handle: ComponentInfo{com.android.phone/com.android.services.telephony.TelephonyConnectionService}, ***, UserHandle{0}
03-06 15:52:18.884  2476  2476 I TelecomFramework: PstnIncomingCallNotifier: Registering: Handler (com.android.internal.telephony.GsmCdmaPhone) {b312827}
03-06 15:52:18.886  2476  2476 D MultiSimSettingController: onSubscriptionsChanged
03-06 15:52:18.886  2476  2476 D MultiSimSettingController: updateDefaults
03-06 15:52:18.886  2476  2476 D MultiSimSettingController: [updateDefaultValues] change: 0
03-06 15:52:18.887  2476  2476 I TelecomFramework: PstnIncomingCallNotifier: Unregistering: Handler (com.android.internal.telephony.GsmCdmaPhone) {b312827}
03-06 15:52:18.887  2476  2476 I TelecomFramework: TelecomAccountRegistry: setupAccounts: Found 1 phones.  Attempting to register.
03-06 15:52:18.887  2476  2476 I TelecomFramework: TelecomAccountRegistry: setupAccounts: Phone with subscription id 1
03-06 15:52:18.887  2476  2476 I TelecomFramework: TelecomAccountRegistry: setupAccounts: adding default
03-06 15:52:18.887  2476  2476 E PhoneInterfaceManager: [PhoneIntfMgr] getIccId: ICC ID is null or empty.
03-06 15:52:18.890  2026  2829 I Telecom : PhoneAccountRegistrar: Modify account: [ComponentInfo{com.android.phone/com.android.services.telephony.TelephonyConnectionService}, ***, UserHandle{0}]: TSI.rPA@Asw
03-06 15:52:18.891  2026  2829 I Telecom : CallsManager: handlePhoneAccountChanged: phoneAccount=[[X] PhoneAccount: ComponentInfo{com.android.phone/com.android.services.telephony.TelephonyConnectionService}, ***, UserHandle{0} Capabilities: CallProvider MultiUser PlaceEmerg SimSub  Audio Routes: BESW Schemes: tel voicemail  Extras: Bundle[{android.telecom.extra.SUPPORTS_VIDEO_CALLING_FALLBACK=true}] GroupId: ***]: TSI.rPA@Asw
03-06 15:52:18.891  2476  2476 I TelecomFramework: AccountEntry: Registered phoneAccount: [[ ] PhoneAccount: ComponentInfo{com.android.phone/com.android.services.telephony.TelephonyConnectionService}, ***, UserHandle{0} Capabilities: CallProvider MultiUser PlaceEmerg SimSub  Audio Routes: BESW Schemes: tel voicemail  Extras: Bundle[{android.telecom.extra.SUPPORTS_VIDEO_CALLING_FALLBACK=true}] GroupId: ***] with handle: ComponentInfo{com.android.phone/com.android.services.telephony.TelephonyConnectionService}, ***, UserHandle{0}
03-06 15:52:18.891  2476  2476 I TelecomFramework: PstnIncomingCallNotifier: Registering: Handler (com.android.internal.telephony.GsmCdmaPhone) {b312827}
03-06 15:52:18.912  2476  2476 I VvmSimStateTracker: android.intent.action.SIM_STATE_CHANGED
03-06 15:52:18.914  6392  6392 I Finsky  : [2] com.google.android.finsky.simhandler.SimStateReceiver.a(6): android.intent.action.SIM_STATE_CHANGED : simState = READY
03-06 15:52:18.919  2387  7815 I constellation: [sim_state_checker] sim state checker is disabled.
03-06 15:52:18.922  2476  2476 E PhoneInterfaceManager: [PhoneIntfMgr] getIccId: ICC ID is null or empty.
03-06 15:52:18.927  2476  4001 D IccSmsInterfaceManager: [IccSmsInterfaceManager] Failed to add GSM cell broadcast channels range 4356 to 4356
03-06 15:52:18.929  2476  2476 I TelecomFramework: PstnPhoneCapabilitiesNotifier: handleVideoCapabilitesChanged. Video capability - false
03-06 15:52:18.929  2476  2476 E PhoneInterfaceManager: [PhoneIntfMgr] getIccId: ICC ID is null or empty.
03-06 15:52:18.931  2476  4001 D IccSmsInterfaceManager: [IccSmsInterfaceManager] Failed to remove GSM cell broadcast channels range 4355 to 4355
03-06 15:52:18.936  2476  4001 D IccSmsInterfaceManager: [IccSmsInterfaceManager] Calling setGsmBroadcastConfig with 1 configurations
03-06 15:52:18.929  2476  2476 I TelecomFramework: PstnPhoneCapabilitiesNotifier: handleVideoCapabilitesChanged. Video capability - false
03-06 15:52:18.938  2026  4296 I Telecom : PhoneAccountRegistrar: Modify account: [ComponentInfo{com.android.phone/com.android.services.telephony.TelephonyConnectionService}, ***, UserHandle{0}]: TSI.rPA@As8
03-06 15:52:18.939  2026  4296 I Telecom : CallsManager: handlePhoneAccountChanged: phoneAccount=[[X] PhoneAccount: ComponentInfo{com.android.phone/com.android.services.telephony.TelephonyConnectionService}, ***, UserHandle{0} Capabilities: CallProvider MultiUser PlaceEmerg SimSub  Audio Routes: BESW Schemes: tel voicemail  Extras: Bundle[{android.telecom.extra.SUPPORTS_VIDEO_CALLING_FALLBACK=true}] GroupId: ***]: TSI.rPA@As8
03-06 15:52:18.940  2476  2476 I CallNotifier: onCallForwardingIndicatorChanged(): subId=1, visible=N
03-06 15:52:18.940  2476  2476 D CallNotifier: updatePhoneStateListeners: update CF notifications.
03-06 15:52:18.940  2476  2476 I NotificationMgr: updateCfi: subId= 1, visible=N
03-06 15:52:18.941  2476  2476 I NotificationMgr: updateMwi(): subId 1 update to false
03-06 15:52:18.943  4030  4030 I Dialer  : LegacyVoicemailNotificationReceiver.onReceive - received legacy voicemail notification
03-06 15:52:18.943  4030  4030 I Dialer  : LegacyVoicemailNotificationReceiver.onReceive - isRefresh: true
03-06 15:52:18.943  4030  4030 I Dialer  : LegacyVoicemailNotificationReceiver.onReceive - clearing notification
03-06 15:52:18.943  4030  4030 I Dialer  : LegacyVoicemailNotifier.cancelNotification - enter
03-06 15:52:18.943  4030  4030 I Dialer  : LegacyVoicemailNotifier.cancelNotification - 'null' id, canceling all legacy voicemail notifications
03-06 15:52:18.948  2476  2476 D MccTable: updateMccMncConfiguration mccmnc='310260
03-06 15:52:18.948  2476  2476 D MccTable: updateMccMncConfiguration: mcc=310, mnc=260
03-06 15:52:18.950  2026  4296 D AlarmManagerService: Kernel timezone updated to 300 minutes west of GMT
03-06 15:52:18.953  2026  2026 D ConditionProviders.SCP: onReceive android.intent.action.TIMEZONE_CHANGED
03-06 15:52:18.953  2026  2026 D ConditionProviders.SCP: evaluateSubscriptionLocked cal=ScheduleCalendar[mDays={1, 2, 3, 4, 5, 6, 7}, mSchedule=ScheduleInfo{days=[1, 2, 3, 4, 5, 6, 7], startHour=22, startMinute=0, endHour=7, endMinute=0, exitAtAlarm=true, nextAlarm=Wed Dec 31 19:00:00 EST 1969 (0)}], now=Wed Mar 06 15:52:18 EST 2024 (1709758338953), nextUserAlarmTime=Wed Dec 31 19:00:00 EST 1969 (0)
03-06 15:52:18.953  2026  2026 D ConditionProviders.SCP: notifyCondition condition://android/schedule?days=1.2.3.4.5.6.7&start=22.0&end=7.0&exitAtAlarm=true STATE_FALSE reason=!meetsSchedule
03-06 15:52:18.954  2026  2026 D ConditionProviders.SCP: Scheduling evaluate for Wed Mar 06 22:00:00 EST 2024 (1709780400000), in +6h7m41s47ms, now=Wed Mar 06 15:52:18 EST 2024 (1709758338953)
03-06 15:52:18.955  2476  2476 D MccTable: timezone set to America/New_York
03-06 15:52:18.955  2476  2476 D MccTable: updateMccMncConfiguration updateConfig config={0.0 310mcc260mnc ?localeList ?layoutDir ?swdp ?wdp ?hdp ?density ?lsize ?long ?ldr ?wideColorGamut ?orien ?uimode ?night ?touch ?keyb/?/? ?nav/? winConfig={ mBounds=Rect(0, 0 - 0, 0) mAppBounds=null mWindowingMode=undefined mDisplayWindowingMode=undefined mActivityType=undefined mAlwaysOnTop=undefined mRotation=undefined}}
03-06 15:52:18.968  2476  4001 D IccSmsInterfaceManager: [IccSmsInterfaceManager] Failed to add GSM cell broadcast channels range 4396 to 4396
03-06 15:52:18.970  2476  4001 D IccSmsInterfaceManager: [IccSmsInterfaceManager] Calling setGsmBroadcastConfig with 1 configurations
03-06 15:52:18.977  1791  2388 E GnssHAL_GnssInterface: gnssSvStatusCb: a: input svInfo.flags is 8
03-06 15:52:18.977  1791  2388 E GnssHAL_GnssInterface: gnssSvStatusCb: b: input svInfo.flags is 8
03-06 15:52:18.981  2476  4001 D IccSmsInterfaceManager: [IccSmsInterfaceManager] Failed to add GSM cell broadcast channels range 4397 to 4397
03-06 15:52:18.982  1780  1780 W audio_hw_generic: Not supplying enough data to HAL, expected position 1133756 , only wrote 996788
03-06 15:52:18.986  5804  5804 I AlarmClock: AlarmInitReceiver android.intent.action.TIMEZONE_CHANGED
03-06 15:52:18.989  2476  4001 D IccSmsInterfaceManager: [IccSmsInterfaceManager] Failed to remove GSM cell broadcast channels range 4398 to 4398
03-06 15:52:18.990  5804  7639 I AlarmClock: Connected Dock: null
03-06 15:52:18.991  2476  4001 D IccSmsInterfaceManager: [IccSmsInterfaceManager] Failed to remove GSM cell broadcast channels range 4399 to 4399
03-06 15:52:18.991  5804  7639 I AlarmClock: Removing AlarmClockInfo
03-06 15:52:18.994  5804  5804 I AlarmClock: DigitalAppWidgetProvider processing Intent { act=android.intent.action.TIMEZONE_CHANGED flg=0x21200010 cmp=com.google.android.deskclock/com.android.alarmclock.DigitalAppWidgetProvider (has extras) }
03-06 15:52:18.995  4113  4140 D CellBroadcastConfigService: Enable CellBroadcast on sub 1
03-06 15:52:19.006  2476  4001 D IccSmsInterfaceManager: [IccSmsInterfaceManager] Calling setGsmBroadcastConfig with 1 configurations
03-06 15:52:19.018  2476  2476 D TelephonyProvider: match current APN size:  12
03-06 15:52:19.019  2476  2476 D TelephonyProvider: match MNO APN: 5
03-06 15:52:19.020  2476  2476 D TelephonyProvider: subIdString = 1 subId = 1
03-06 15:52:19.020  2476  2476 D TelephonyProvider: getPreferredApnIdFromApn: for subId 1
03-06 15:52:19.023  2476  2476 D TelephonyProvider: subIdString = 1 subId = 1
03-06 15:52:19.023  2476  2476 D TelephonyProvider: getPreferredApnIdFromApn: for subId 1
03-06 15:52:19.026  2476  2476 D TelephonyProvider: subIdString = 1 subId = 1
03-06 15:52:19.026  2476  2476 D TelephonyProvider: getPreferredApnIdFromApn: for subId 1
03-06 15:52:19.028  2476  2476 D TelephonyProvider: subIdString = 1 subId = 1
03-06 15:52:19.028  2476  2476 D TelephonyProvider: getPreferredApnIdFromApn: for subId 1
03-06 15:52:19.030  2476  2476 D TelephonyProvider: subIdString = 1 subId = 1
03-06 15:52:19.030  2476  2476 D TelephonyProvider: getPreferredApnIdFromApn: for subId 1
03-06 15:52:19.032  2476  2476 D TelephonyProvider: subIdString = 1 subId = 1
03-06 15:52:19.032  2476  2476 D TelephonyProvider: getPreferredApnIdFromApn: for subId 1
03-06 15:52:19.034  2476  2476 D TelephonyProvider: subIdString = 1 subId = 1
03-06 15:52:19.034  2476  2476 D TelephonyProvider: getPreferredApnIdFromApn: for subId 1
03-06 15:52:19.039  2476  2476 D TelephonyProvider: subIdString = 1 subId = 1
03-06 15:52:19.039  2476  2476 D TelephonyProvider: getPreferredApnIdFromApn: for subId 1
03-06 15:52:19.050  2476  3373 D TelephonyProvider: subIdString = 1 subId = 1
03-06 15:52:19.050  2476  3373 D TelephonyProvider: getPreferredApnIdFromApn: for subId 1
03-06 15:52:19.055  7869  7869 F libc    : Fatal signal 11 (SIGSEGV), code 1 (SEGV_MAPERR), fault addr 0xa in tid 7869 (rild), pid 7869 (rild)
03-06 15:52:19.059  2476  2476 D TelephonyProvider: subIdString = 1 subId = 1
03-06 15:52:19.061  7886  7886 I crash_dump32: obtaining output fd from tombstoned, type: kDebuggerdTombstone
03-06 15:52:19.061  1864  1864 I /system/bin/tombstoned: received crash request for pid 7869
03-06 15:52:19.061  7886  7886 I crash_dump32: performing dump of process 7869 (target tid = 7869)
03-06 15:52:19.062  7886  7886 F DEBUG   : *** *** *** *** *** *** *** *** *** *** *** *** *** *** *** ***
03-06 15:52:19.062  7886  7886 F DEBUG   : Build fingerprint: 'google/sdk_gphone_x86/generic_x86:10/QSR1.190920.001/5891938:user/release-keys'
03-06 15:52:19.062  7886  7886 F DEBUG   : Revision: '0'
03-06 15:52:19.062  7886  7886 F DEBUG   : ABI: 'x86'
03-06 15:52:19.062  7886  7886 F DEBUG   : Timestamp: 2024-03-06 15:52:19-0500
03-06 15:52:19.062  7886  7886 F DEBUG   : pid: 7869, tid: 7869, name: rild  >>> /vendor/bin/hw/rild <<<
03-06 15:52:19.062  7886  7886 F DEBUG   : uid: 1001
03-06 15:52:19.062  7886  7886 F DEBUG   : signal 11 (SIGSEGV), code 1 (SEGV_MAPERR), fault addr 0xa
03-06 15:52:19.062  7886  7886 F DEBUG   : Cause: null pointer dereference
03-06 15:52:19.062  7886  7886 F DEBUG   :     eax eca6e403  ebx ec9700e4  ecx 0000000a  edx 0000000a
03-06 15:52:19.062  7886  7886 F DEBUG   :     edi 0000000a  esi fff44728
03-06 15:52:19.062  7886  7886 F DEBUG   :     ebp fff44758  esp fff4470c  eip ec5d7a62
03-06 15:52:19.066  2184  2184 V KeyguardUpdateMonitor: onSubscriptionInfoChanged()
03-06 15:52:19.067  2184  2184 V KeyguardUpdateMonitor: SubInfo:{id=1, iccId=890141032[****] simSlotIndex=0 carrierId=1 displayName=T-Mobile carrierName=Android nameSource=3 iconTint=-16746133 mNumber=[****] dataRoaming=0 iconBitmap=android.graphics.Bitmap@ac540f mcc 310 mnc 260mCountryIso=us isEmbedded false accessRules null cardString=890141032[****] cardId=-1 isOpportunistic false mGroupUUID=null mIsGroupDisabled=false profileClass=-1 ehplmns = null hplmns = null subscriptionType=0 mGroupOwner=null}
03-06 15:52:19.068  2476  4001 D IccSmsInterfaceManager: [IccSmsInterfaceManager] Failed to add GSM cell broadcast channels range 4370 to 4370
03-06 15:52:19.069  2026  2123 W BestClock: java.time.DateTimeException: Missing NTP fix
03-06 15:52:19.069  2476  3805 D IccSmsInterfaceManager: [IccSmsInterfaceManager] Calling setCdmaBroadcastConfig with 1 configurations
03-06 15:52:19.069  2476  2476 D CallNotifier: updatePhoneStateListeners: update CF notifications.
03-06 15:52:19.069  2476  2476 I NotificationMgr: updateCfi: subId= 1, visible=N
03-06 15:52:19.070  2476  2476 I NotificationMgr: updateMwi(): subId 1 update to false
03-06 15:52:19.070  2026  2123 W BestClock: java.time.DateTimeException: Missing NTP fix
03-06 15:52:19.071  1773  1773 I netd    : bandwidthSetGlobalAlert(2097152) <0.06ms>
03-06 15:52:19.071  7886  7886 F DEBUG   : 
03-06 15:52:19.071  7886  7886 F DEBUG   : backtrace:
03-06 15:52:19.071  7886  7886 F DEBUG   :       #00 pc 00090a62  /apex/com.android.runtime/lib/bionic/libc.so (strlen_generic+18) (BuildId: 76290498408016ad14f4b98c3ab6c65c)
03-06 15:52:19.071  7886  7886 F DEBUG   :       #01 pc 00030dda  /vendor/lib/libril.so (convertRilDataCallToHal(RIL_Data_Call_Response_v11*, android::hardware::radio::V1_0::SetupDataCallResult&)+298) (BuildId: 4aeb9b9e6267ba7c4d9f952da87091a5)
03-06 15:52:19.071  7886  7886 F DEBUG   :       #02 pc 00030a9e  /vendor/lib/libril.so (radio::setupDataCallResponse(int, int, int, RIL_Errno, void*, unsigned int)+270) (BuildId: 4aeb9b9e6267ba7c4d9f952da87091a5)
03-06 15:52:19.071  7886  7886 F DEBUG   :       #03 pc 000223e7  /vendor/lib/libril.so (RIL_onRequestComplete+295) (BuildId: 4aeb9b9e6267ba7c4d9f952da87091a5)
03-06 15:52:19.071  7886  7886 F DEBUG   :       #04 pc 00010595  /vendor/lib/libgoldfish-ril.so (requestOrSendDataCallList+181) (BuildId: 11f26e2e312eda4514be88afc42925aa)
03-06 15:52:19.071  7886  7886 F DEBUG   :       #05 pc 0001358f  /vendor/lib/libgoldfish-ril.so (onRequest+9343) (BuildId: 11f26e2e312eda4514be88afc42925aa)
03-06 15:52:19.071  7886  7886 F DEBUG   :       #06 pc 00024513  /vendor/lib/libril.so (dispatchStrings(int, int, int, bool, int, ...)+259) (BuildId: 4aeb9b9e6267ba7c4d9f952da87091a5)
03-06 15:52:19.071  7886  7886 F DEBUG   :       #07 pc 00026339  /vendor/lib/libril.so (RadioImpl::setupDataCall(int, android::hardware::radio::V1_0::RadioTechnology, android::hardware::radio::V1_0::DataProfileInfo const&, bool, bool, bool)+521) (BuildId: 4aeb9b9e6267ba7c4d9f952da87091a5)
03-06 15:52:19.071  7886  7886 F DEBUG   :       #08 pc 00098c73  /system/lib/vndk-29/android.hardware.radio@1.0.so (android::hardware::radio::V1_0::BnHwRadio::_hidl_setupDataCall(android::hidl::base::V1_0::BnHwBase*, android::hardware::Parcel const&, android::hardware::Parcel*, std::__1::function<void (android::hardware::Parcel&)>)+419) (BuildId: b93c3e4da35ce72bc87e94c6240d3759)
03-06 15:52:19.071  7886  7886 F DEBUG   :       #09 pc 00070046  /system/lib/vndk-29/android.hardware.radio@1.1.so (android::hardware::radio::V1_1::BnHwRadio::onTransact(unsigned int, android::hardware::Parcel const&, android::hardware::Parcel*, unsigned int, std::__1::function<void (android::hardware::Parcel&)>)+12678) (BuildId: 3afdfbc61f24b3696c178b185465fa20)
03-06 15:52:19.071  7886  7886 F DEBUG   :       #10 pc 000954b9  /system/lib/vndk-sp-29/libhidlbase.so (android::hardware::BHwBinder::transact(unsigned int, android::hardware::Parcel const&, android::hardware::Parcel*, unsigned int, std::__1::function<void (android::hardware::Parcel&)>)+105) (BuildId: fcfb915b8de7916fd0e69779451b6316)
03-06 15:52:19.071  7886  7886 F DEBUG   :       #11 pc 00099abf  /system/lib/vndk-sp-29/libhidlbase.so (android::hardware::IPCThreadState::getAndExecuteCommand()+1759) (BuildId: fcfb915b8de7916fd0e69779451b6316)
03-06 15:52:19.071  7886  7886 F DEBUG   :       #12 pc 0009b596  /system/lib/vndk-sp-29/libhidlbase.so (android::hardware::IPCThreadState::joinThreadPool(bool)+118) (BuildId: fcfb915b8de7916fd0e69779451b6316)
03-06 15:52:19.071  7886  7886 F DEBUG   :       #13 pc 000480be  /system/lib/vndk-sp-29/libhidlbase.so (android::hardware::joinBinderRpcThreadpool()+46) (BuildId: fcfb915b8de7916fd0e69779451b6316)
03-06 15:52:19.071  7886  7886 F DEBUG   :       #14 pc 0004a3da  /system/lib/vndk-sp-29/libhidlbase.so (android::hardware::joinRpcThreadpool()+26) (BuildId: fcfb915b8de7916fd0e69779451b6316)
03-06 15:52:19.071  7886  7886 F DEBUG   :       #15 pc 00041dba  /vendor/lib/libril.so (rilc_thread_pool+26) (BuildId: 4aeb9b9e6267ba7c4d9f952da87091a5)
03-06 15:52:19.071  7886  7886 F DEBUG   :       #16 pc 00002499  /vendor/bin/hw/rild (main+1081) (BuildId: 55deaf6775ca3f6a96577d9ae211045e)
03-06 15:52:19.071  7886  7886 F DEBUG   :       #17 pc 000898e8  /apex/com.android.runtime/lib/bionic/libc.so (__libc_init+120) (BuildId: 76290498408016ad14f4b98c3ab6c65c)
03-06 15:52:19.072  6392  6424 I Finsky  : [493] fpw.a(10): onSubscriptionsChanged
03-06 15:52:19.072  6392  6424 I Finsky  : [493] fpt.c(15): notifySubscriptionInfoChangedListener: DataSubscriptionInfo=DataSubscriptionInfo{imsiAnonymized=Optional.of(310260000000000), imsiRaw=Optional.of(310260000000000), groupIdLevel1=Optional.absent(), mccMnc=Optional.of(310260), serviceProviderName=Optional.of(Android)}
03-06 15:52:19.073  4030  4030 I Dialer  : LegacyVoicemailNotificationReceiver.onReceive - received legacy voicemail notification
03-06 15:52:19.073  4030  4030 I Dialer  : LegacyVoicemailNotificationReceiver.onReceive - isRefresh: false
03-06 15:52:19.073  4030  4030 I Dialer  : LegacyVoicemailNotificationReceiver.onReceive - clearing notification
03-06 15:52:19.073  4030  4030 I Dialer  : LegacyVoicemailNotifier.cancelNotification - enter
03-06 15:52:19.078  6392  6392 I Finsky  : [2] pxd.b(7): Jobs in database: 12-1 21-333333333 28--559038737 31-305419896 
03-06 15:52:19.078  6392  6392 I Finsky  : [2] puk.a(113): ConstraintMapping: 12-1, 21-333333333, 28--559038737, 31-305419896,  -> L: 0ms, D: 82695040ms, C: false, I: false, N: 1
03-06 15:52:19.079  6392  6637 I Finsky  : [539] qjn.b(1): SIM loaded, prefetching preloads
03-06 15:52:19.079  6392  6428 I Finsky  : [495] qjm.call(2): Prefetching preloads for account null
03-06 15:52:19.079  6392  6428 W Finsky  : [495] cwl.a(19): For unauth, use getDfeApiNonAuthenticated() instead!
03-06 15:52:19.079  6392  6392 I Finsky  : [2] com.google.android.finsky.scheduler.JobSchedulerEngine.a(42): Cancelling existing job with id: 9001
03-06 15:52:19.079  2026  2299 W NativeCrashListener: Couldn't find ProcessRecord for pid 7869
03-06 15:52:19.080  7886  7886 E crash_dump32: AM data write failed: Broken pipe
03-06 15:52:19.080  6392  6392 I Finsky  : [2] com.google.android.finsky.scheduler.JobSchedulerEngine.a(4): Scheduling job Id: 9000, L: 0, D: 82695040, C: false, I: false, N: 1
03-06 15:52:19.080  1864  1864 E /system/bin/tombstoned: Tombstone written to: /data/tombstones/tombstone_08
03-06 15:52:19.080  6392  6428 I Finsky  : [495] qnu.a(19): No PAI stub found
03-06 15:52:19.081  6392  6428 E Finsky  : [495] qjm.call(31): Error prefetching preloads, using account=null, preloads=NULL, preloadRros=NULL, preloadGroups=NULL
03-06 15:52:19.081  6392  6428 E Finsky  : com.google.android.finsky.setup.fetchers.RawDocumentsFetchException[reason=pai_config, account=null]
03-06 15:52:19.081  6392  6428 E Finsky  : 	at qnu.a(SourceFile:19)
03-06 15:52:19.081  6392  6428 E Finsky  : 	at qjm.call(Unknown Source:2)
03-06 15:52:19.081  6392  6428 E Finsky  : 	at afxg.a(SourceFile:1)
03-06 15:52:19.081  6392  6428 E Finsky  : 	at afwi.run(SourceFile:3)
03-06 15:52:19.081  6392  6428 E Finsky  : 	at afxf.run(SourceFile:2)
03-06 15:52:19.081  6392  6428 E Finsky  : 	at java.util.concurrent.ThreadPoolExecutor.runWorker(ThreadPoolExecutor.java:1167)
03-06 15:52:19.081  6392  6428 E Finsky  : 	at java.util.concurrent.ThreadPoolExecutor$Worker.run(ThreadPoolExecutor.java:641)
03-06 15:52:19.081  6392  6428 E Finsky  : 	at unn.run(Unknown Source:7)
03-06 15:52:19.081  6392  6428 E Finsky  : 	at java.lang.Thread.run(Thread.java:919)
03-06 15:52:19.081  6392  6428 I Finsky  : [495] qjn.a(10): VpaSelectionActivity will be disabled
03-06 15:52:19.081  6392  6428 I Finsky  : [495] qoh.a(3): PAI late SIM : experiment enabled = false
03-06 15:52:19.081  2026  2060 I BootReceiver: Copying /data/tombstones/tombstone_08 to DropBox (SYSTEM_TOMBSTONE)
03-06 15:52:19.081  2026  2060 I DropBoxManagerService: add tag=SYSTEM_TOMBSTONE isTagEnabled=true flags=0x2
03-06 15:52:19.081  6392  6637 I Finsky  : [539] fpy.a(5): notifySubscriptionInfoChangedListener success.
03-06 15:52:19.082  4330  7816 W Bugle   : BuglePhoneNumberUtils: canonicalizeMccMnc: invalid mccmnc. mcc: null, mnc: null
03-06 15:52:19.088  2026  2053 W BroadcastQueue: Background execution not allowed: receiving Intent { act=android.intent.action.DROPBOX_ENTRY_ADDED flg=0x10 (has extras) } to com.google.android.gms/.stats.service.DropBoxEntryAddedReceiver
03-06 15:52:19.088  2026  2053 W BroadcastQueue: Background execution not allowed: receiving Intent { act=android.intent.action.DROPBOX_ENTRY_ADDED flg=0x10 (has extras) } to com.google.android.gms/.chimera.GmsIntentOperationService$PersistentTrustedReceiver
03-06 15:52:19.093  4330  7816 W Bugle   : Obsolete carrier config resource: maxMessageSize res: 1048576, sys: 307200
03-06 15:52:19.093  4330  7816 W Bugle   : Obsolete carrier config resource: maxImageHeight res: 1944, sys: 480
03-06 15:52:19.093  4330  7816 W Bugle   : Obsolete carrier config resource: maxImageWidth res: 2592, sys: 640
03-06 15:52:19.094  4330  7816 I Bugle   : Carrier configs loaded: Bundle[{carrier_volte_provisioned_bool=false, disable_charge_indication_bool=false, support_tdscdma_bool=false, httpSocketTimeout=60000, call_redirection_service_component_name_string=null, carrier_wfc_supports_wifi_only_bool=false, carrier_default_actions_on_default_network_available_string_array=[false: 7, true: 8], operator_selection_expand_bool=true, disable_cdma_activation_code_bool=false, simplified_network_settings_bool=false, support_tdscdma_roaming_networks_string_array=null, gps.lpp_profile=0, call_barring_visibility_bool=false, gps.es_extension_sec=0, enable_apps_string_array=null, carrier_default_wfc_ims_roaming_enabled_bool=false, cdma_nonroaming_networks_string_array=null, aliasMinChars=2, wfc_data_spn_format_idx_int=0, hide_sim_lock_settings_bool=false, drop_video_call_when_answering_audio_call_bool=false, ci_action_on_sys_update_bool=false, convert_cdma_caller_id_mmi_codes_while_roaming_on_3gpp_bool=false, support_enhanced_call_blocking_bool=true, vvm_port_number_int=0, carrier_default_wfc_ims_enabled_bool=false, dial_string_replace_string_array=null, opportunistic_network_entry_threshold_bandwidth_int=1024, gsm_nonroaming_networks_string_array=null, hide_ims_apn_bool=false, vvm_destination_number_string=, dtmf_type_enabled_bool=false, allow_video_calling_fallback_bool=true, config_ims_package_override_string=null, only_auto_select_in_home_network=false, smsToMmsTextThreshold=-1, disable_severe_when_extreme_disabled_bool=true, force_home_network_bool=false, spdi_override_string_array=null, show_wfc_location_privacy_policy_bool=false, gps.supl_es=1, enableSMSDeliveryReports=true, auto_retry_enabled_bool=false, opportunistic_network_entry_threshold_rssnr_int=45, play_call_recording_tone_bool=false, carrier_force_disable_etws_cmas_test_bool=false, call_waiting_service_class_int=1, allow_emergency_video_calls_bool=false, csp_enabled_bool=false, default_sim_call_manager_string=, wifi.passpoint_profiles_string_array=null, carrier_app_required_during_setup_bool=false, call_forwarding_blocks_while_roaming_string_array=null, emergency_notification_delay_int=-1, support_video_conference_call_bool=false, ims_dtmf_tone_delay_int=0, show_signal_strength_in_sim_status_bool=true, data_rapid_notification_bool=true, carrier_instant_lettering_escaped_chars_string=, carrier_default_wfc_ims_roaming_mode_int=2, editable_wfc_mode_bool=true, support_direct_fdn_dialing_bool=false, carrier_ut_provisioning_required_bool=false, carrier_wifi_string_array=null, treat_downgraded_video_calls_as_video_calls_bool=false, wifi_calls_can_be_hd_audio=true, support_downgrade_vt_to_audio_bool=true, cdma_enhanced_roaming_indicator_for_home_network_int_array=[1], notify_handover_video_from_lte_to_wifi_bool=false, use_otasp_for_provisioning_bool=false, always_play_remote_hold_tone_bool=false, opportunistic_network_data_switch_hysteresis_time_long=10000, maxMessageTextSize=-1, duration_blocking_disabled_after_emergency_int=7200, carrier_metered_roaming_apn_types_strings=[default, mms, dun, supl], additional_settings_call_waiting_visibility_bool=true, show_video_call_charges_alert_dialog_bool=false, carrier_network_service_wlan_package_override_string=, show_apn_setting_cdma_bool=false, use_usim_bool=false, carrier_instant_lettering_length_limit_int=64, operator_name_filter_pattern_string=, carrier_instant_lettering_invalid_chars_string=, carrier_setup_app_string=, editable_wfc_roaming_mode_bool=false, supportMmsContentDisposition=true, support_manage_ims_conference_call_bool=true, opportunistic_network_exit_threshold_rssnr_int=10, allow_non_emergency_calls_in_ecm_bool=true, allow_cdma_eri_bool=false, carrier_data_service_wlan_package_override_string=, show_carrier_data_icon_pattern_string=, use_rcs_presence_bool=false, config_telephony_use_own_number_for_voicemail_bool=false, cdma_dtmf_tone_delay_int=100, editable_voicemail_number_bool=false, carrier_data_call_apn_retry_after_disconnect_long=10000, filtered_cnap_names_string_array=null, enabledTransID=false, aliasEnabled=false, vvm_disabl
03-06 15:52:19.094  1676  1676 I hwservicemanager: getTransport: Cannot find entry android.hardware.radio@1.4::IRadio/slot1 in either framework or device manifest.
03-06 15:52:19.095  1676  1676 I hwservicemanager: getTransport: Cannot find entry android.hardware.radio@1.3::IRadio/slot1 in either framework or device manifest.
03-06 15:52:19.097  1676  1676 I hwservicemanager: getTransport: Cannot find entry android.hardware.radio@1.2::IRadio/slot1 in either framework or device manifest.
03-06 15:52:19.099  1676  1676 I hwservicemanager: getTransport: Cannot find entry android.hardware.radio@1.1::IRadio/slot1 in either framework or device manifest.
03-06 15:52:19.100  2476  2476 W ServiceManagement: getService: found dead hwbinder service for android.hardware.radio@1.0::IRadio/slot1.
03-06 15:52:19.100  2476  2476 W ServiceManagement: getService: found dead hwbinder service for android.hardware.radio@1.0::IRadio/slot1.
03-06 15:52:19.101  2476  2476 I ServiceManagement: getService: Trying again for android.hardware.radio@1.0::IRadio/slot1...
03-06 15:52:19.342  2026  2047 W WindowManager: Unable to start animation, surface is null or no children.
03-06 15:52:19.979  1791  2388 E GnssHAL_GnssInterface: gnssSvStatusCb: a: input svInfo.flags is 8
03-06 15:52:19.979  1791  2388 E GnssHAL_GnssInterface: gnssSvStatusCb: b: input svInfo.flags is 8
03-06 15:52:20.103  2476  2476 W ServiceManagement: Waited one second for android.hardware.radio@1.0::IRadio/slot1
03-06 15:52:20.104  2476  2476 I ServiceManagement: getService: Trying again for android.hardware.radio@1.0::IRadio/slot1...
03-06 15:52:20.635  2026  2053 W BroadcastQueue: Background execution not allowed: receiving Intent { act=android.intent.action.DROPBOX_ENTRY_ADDED flg=0x10 (has extras) } to com.google.android.gms/.stats.service.DropBoxEntryAddedReceiver
03-06 15:52:20.635  2026  2053 W BroadcastQueue: Background execution not allowed: receiving Intent { act=android.intent.action.DROPBOX_ENTRY_ADDED flg=0x10 (has extras) } to com.google.android.gms/.chimera.GmsIntentOperationService$PersistentTrustedReceiver
03-06 15:52:20.806  2026  2026 W WindowManager: removeWindowToken: Attempted to remove non-existing token: android.os.Binder@b67231b
03-06 15:52:20.980  1791  2388 E GnssHAL_GnssInterface: gnssSvStatusCb: a: input svInfo.flags is 8
03-06 15:52:20.980  1791  2388 E GnssHAL_GnssInterface: gnssSvStatusCb: b: input svInfo.flags is 8
03-06 15:52:21.105  2476  2476 W ServiceManagement: Waited one second for android.hardware.radio@1.0::IRadio/slot1
03-06 15:52:21.107  2476  2476 I ServiceManagement: getService: Trying again for android.hardware.radio@1.0::IRadio/slot1...
03-06 15:52:21.278  2026  3230 I ActivityTaskManager: START u0 {act=android.intent.action.MAIN cat=[android.intent.category.LAUNCHER] flg=0x10000000 cmp=ru.iteco.fmhandroid.test/androidx.test.core.app.InstrumentationActivityInvoker$EmptyActivity} from uid 10134
03-06 15:52:21.283  2026  2048 E system_server: Invalid ID 0x00000000.
03-06 15:52:21.285  7200  7200 D LifecycleMonitor: Lifecycle status change: ru.iteco.fmhandroid.ui.AppActivity@8d47fb2 in: PAUSED
03-06 15:52:21.285  7200  7200 V ActivityScenario: Activity lifecycle changed event received but ignored because the reported transition was not ON_CREATE while the last known transition was DESTROYED
03-06 15:52:21.286  7200  7200 V ActivityScenario: Update currentActivityStage to PAUSED, currentActivity=ru.iteco.fmhandroid.ui.AppActivity@8d47fb2
03-06 15:52:21.287  2026  3230 W InputReader: Device has associated, but no associated display id.
03-06 15:52:21.288  2026  3230 I chatty  : uid=1000(system) Binder:2026_12 identical 38 lines
03-06 15:52:21.288  2026  3230 W InputReader: Device has associated, but no associated display id.
03-06 15:52:21.288  7353  7353 W ActivityThread: handleWindowVisibility: no activity for token android.os.BinderProxy@29b028b
03-06 15:52:21.289  2026  3230 W InputReader: Device has associated, but no associated display id.
03-06 15:52:21.289  2026  3230 I chatty  : uid=1000(system) Binder:2026_12 identical 8 lines
03-06 15:52:21.289  2026  3230 W InputReader: Device has associated, but no associated display id.
03-06 15:52:21.302  1792  1969 D gralloc_ranchu: gralloc_alloc: Creating ashmem region of size 9592832
03-06 15:52:21.329  1792  1969 I chatty  : uid=1000(system) HwBinder:1792_2 identical 1 line
03-06 15:52:21.541  1792  1969 D gralloc_ranchu: gralloc_alloc: Creating ashmem region of size 9592832
03-06 15:52:21.555  2026  2048 W InputReader: Device has associated, but no associated display id.
03-06 15:52:21.555  2026  2048 I chatty  : uid=1000(system) android.anim identical 18 lines
03-06 15:52:21.555  2026  2048 W InputReader: Device has associated, but no associated display id.
03-06 15:52:21.556  1792  3032 D gralloc_ranchu: gralloc_alloc: Creating ashmem region of size 6139904
03-06 15:52:21.571  7353  7385 D EGL_emulation: eglMakeCurrent: 0xdb9591c0: ver 2 0 (tinfo 0xf2089d00)
03-06 15:52:21.571  7200  7276 D EGL_emulation: eglMakeCurrent: 0xdee1ae40: ver 2 0 (tinfo 0xc2e69120)
03-06 15:52:21.585  1792  3032 D gralloc_ranchu: gralloc_alloc: Creating ashmem region of size 9592832
03-06 15:52:21.618  1792  3032 D gralloc_ranchu: gralloc_alloc: Creating ashmem region of size 9592832
03-06 15:52:21.649  2026  4296 W InputReader: Device has associated, but no associated display id.
03-06 15:52:21.649  2026  4296 I chatty  : uid=1000(system) Binder:2026_19 identical 8 lines
03-06 15:52:21.649  2026  4296 W InputReader: Device has associated, but no associated display id.
03-06 15:52:21.656  2026  2052 I ActivityTaskManager: Displayed ru.iteco.fmhandroid.test/androidx.test.core.app.InstrumentationActivityInvoker$EmptyActivity: +374ms
03-06 15:52:21.671  2026  4296 W InputReader: Device has associated, but no associated display id.
03-06 15:52:21.671  2026  4296 I chatty  : uid=1000(system) Binder:2026_19 identical 8 lines
03-06 15:52:21.671  2026  4296 W InputReader: Device has associated, but no associated display id.
03-06 15:52:21.675  7200  7200 D LifecycleMonitor: Lifecycle status change: ru.iteco.fmhandroid.ui.AppActivity@8d47fb2 in: STOPPED
03-06 15:52:21.675  7200  7200 V ActivityScenario: Activity lifecycle changed event received but ignored because the reported transition was not ON_CREATE while the last known transition was DESTROYED
03-06 15:52:21.675  7200  7200 V ActivityScenario: Update currentActivityStage to STOPPED, currentActivity=ru.iteco.fmhandroid.ui.AppActivity@8d47fb2
03-06 15:52:21.678  2026  2026 W ActivityManager: Unable to start service Intent { act=android.service.appprediction.AppPredictionService cmp=com.google.android.as/com.google.android.apps.miphone.aiai.app.AiAiPredictionService } U=0: not found
03-06 15:52:21.678  2026  2026 W RemoteAppPredictionService: could not bind to Intent { act=android.service.appprediction.AppPredictionService cmp=com.google.android.as/com.google.android.apps.miphone.aiai.app.AiAiPredictionService } using flags 67108865
03-06 15:52:21.687  1792  3032 D gralloc_ranchu: gralloc_alloc: Creating ashmem region of size 9592832
03-06 15:52:21.689  1792  1969 D gralloc_ranchu: gralloc_alloc: Creating ashmem region of size 9592832
03-06 15:52:21.706  7200  7200 D LifecycleMonitor: Lifecycle status change: ru.iteco.fmhandroid.ui.AppActivity@8d47fb2 in: DESTROYED
03-06 15:52:21.706  7200  7200 V ActivityScenario: Activity lifecycle changed event received but ignored because the reported transition was not ON_CREATE while the last known transition was DESTROYED
03-06 15:52:21.706  7200  7200 V ActivityScenario: Update currentActivityStage to DESTROYED, currentActivity=null
03-06 15:52:21.714  1792  1792 D gralloc_ranchu: gralloc_alloc: Creating ashmem region of size 9592832
03-06 15:52:21.757  1792  1792 I chatty  : uid=1000(system) allocator@2.0-s identical 1 line
03-06 15:52:21.770  1792  1792 D gralloc_ranchu: gralloc_alloc: Creating ashmem region of size 9592832
03-06 15:52:21.771  1792  3032 D gralloc_ranchu: gralloc_alloc: Creating ashmem region of size 9592832
03-06 15:52:21.785  2890  3240 D EGL_emulation: eglMakeCurrent: 0xdee1c2e0: ver 2 0 (tinfo 0xc1d14460)
03-06 15:52:21.808  1792  1792 D gralloc_ranchu: gralloc_alloc: Creating ashmem region of size 9592832
03-06 15:52:21.813  2634  3076 D EGL_emulation: eglMakeCurrent: 0xdee1a120: ver 2 0 (tinfo 0xdee0f3f0)
03-06 15:52:21.850  2026  2048 W InputReader: Device has associated, but no associated display id.
03-06 15:52:21.852  2026  2048 I chatty  : uid=1000(system) android.anim identical 8 lines
03-06 15:52:21.852  2026  2048 W InputReader: Device has associated, but no associated display id.
03-06 15:52:21.854  1792  1792 D gralloc_ranchu: gralloc_alloc: Creating ashmem region of size 6139904
03-06 15:52:21.891  2890  3121 W SessionLifecycleManager: Handover failed. Creating new session controller.
03-06 15:52:21.895  2634  2650 W System  : A resource failed to call release. 
03-06 15:52:21.896  2634  2650 W System  : A resource failed to call release. 
03-06 15:52:21.944  2890  3207 W LocationOracle: No location history returned by ContextManager
03-06 15:52:21.958  2164  3051 W GCoreFlp: No location to return for getLastLocation()
03-06 15:52:21.963  2026  7117 W AppOps  : Noting op not finished: uid 10099 pkg com.google.android.gms code 79 time=1709758338923 duration=-1709758167990
03-06 15:52:21.965  2026  7117 W AppOps  : Noting op not finished: uid 10099 pkg com.google.android.gms code 79 time=1709758341963 duration=0
03-06 15:52:21.978  2890  3121 I MicroDetectionWorker: #startMicroDetector [speakerMode: 0]
03-06 15:52:21.980  2890  3121 I AudioController: Created new AudioSource
03-06 15:52:21.981  1791  2388 E GnssHAL_GnssInterface: gnssSvStatusCb: a: input svInfo.flags is 8
03-06 15:52:21.981  1791  2388 E GnssHAL_GnssInterface: gnssSvStatusCb: b: input svInfo.flags is 8
03-06 15:52:21.981  2890  3121 I MicroDetectionWorker: onReady
03-06 15:52:21.986  2890  7559 I MicroRecognitionRunner: Starting detection.
03-06 15:52:21.987  2890  7559 I MultipleReaderAudioSrc: Using micInputStream
03-06 15:52:21.987  2890  3570 I MicrophoneInputStream: mic_starting  SR : 16000 CC : 16 SO : 1999
03-06 15:52:21.996  1803  7902 I AudioFlinger: AudioFlinger's thread 0xe2e87280 tid=7902 ready to run
03-06 15:52:22.010  2026  3230 I WifiService: acquireWifiLock uid=10099 lockMode=2
03-06 15:52:22.013  2164  3051 W GCoreFlp: No location to return for getLastLocation()
03-06 15:52:22.017  2164  3051 I chatty  : uid=10099(com.google.android.gms) FlpThread identical 1 line
03-06 15:52:22.030  2164  3051 W GCoreFlp: No location to return for getLastLocation()
03-06 15:52:22.031  2890  3570 I MicrophoneInputStream: mic_started  SR : 16000 CC : 16 SO : 1999
03-06 15:52:22.031  2026  7117 I AudioService.RecordingActivityMonitor: rec update riid:87 uid:10105 session:73 src:HOTWORD pack:com.google.android.googlequicksearchbox
