--------- beginning of system
03-06 15:52:05.614  2026  2053 W BroadcastQueue: Background execution not allowed: receiving Intent { act=android.intent.action.DROPBOX_ENTRY_ADDED flg=0x10 (has extras) } to com.google.android.gms/.stats.service.DropBoxEntryAddedReceiver
03-06 15:52:05.615  2026  2053 W BroadcastQueue: Background execution not allowed: receiving Intent { act=android.intent.action.DROPBOX_ENTRY_ADDED flg=0x10 (has extras) } to com.google.android.gms/.chimera.GmsIntentOperationService$PersistentTrustedReceiver
03-06 15:52:05.718  2026  2871 W AppOps  : Noting op not finished: uid 10099 pkg com.google.android.gms code 79 time=1709758324279 duration=0
--------- beginning of main
03-06 15:52:05.720  2164  7232 I Places  : ?: Couldn't find platform key file.
03-06 15:52:05.723  2164  7752 I Places  : ?: Couldn't find platform key file.
03-06 15:52:05.725  2026  2871 W AppOps  : Noting op not finished: uid 10099 pkg com.google.android.gms code 79 time=1709758325718 duration=0
03-06 15:52:05.740  2164  3051 W GCoreFlp: No location to return for getLastLocation()
03-06 15:52:05.740  2164  7751 I PlaceInferenceEngine: [anon] Changed inference mode: 0
03-06 15:52:05.746  2026  2043 W AppOps  : Noting op not finished: uid 10099 pkg com.google.android.gms code 79 time=1709758325725 duration=0
03-06 15:52:05.748  2026  2043 W AppOps  : Noting op not finished: uid 10099 pkg com.google.android.gms code 79 time=1709758325746 duration=0
03-06 15:52:05.766  2164  7519 I Places  : ?: Couldn't find platform key file.
03-06 15:52:05.767  2164  6098 I Places  : ?: Couldn't find platform key file.
03-06 15:52:05.768  2026  2043 W AppOps  : Noting op not finished: uid 10099 pkg com.google.android.gms code 79 time=1709758325748 duration=0
03-06 15:52:05.770  2026  2043 W AppOps  : Noting op not finished: uid 10099 pkg com.google.android.gms code 79 time=1709758325768 duration=0
03-06 15:52:05.783  2164  3051 W GCoreFlp: No location to return for getLastLocation()
03-06 15:52:05.791  2026  2043 W AppOps  : Noting op not finished: uid 10099 pkg com.google.android.gms code 79 time=1709758325770 duration=0
03-06 15:52:05.792  2026  2043 W AppOps  : Noting op not finished: uid 10099 pkg com.google.android.gms code 79 time=1709758325791 duration=0
03-06 15:52:05.803  2164  3051 I chatty  : uid=10099(com.google.android.gms) FlpThread identical 2 lines
03-06 15:52:05.805  2164  3051 W GCoreFlp: No location to return for getLastLocation()
03-06 15:52:05.807  2164  2164 I GeofencerStateMachine: removeGeofences: removeRequest=RemoveGeofencingRequest[REMOVE_BY_PENDING_INTENT pendingIntent=PendingIntent[creatorPackage=com.google.android.gms], packageName=com.google.android.gms]
03-06 15:52:05.811  2164  3051 W GCoreFlp: No location to return for getLastLocation()
03-06 15:52:05.814  2164  3051 W GCoreFlp: No location to return for getLastLocation()
03-06 15:52:05.969  1791  2388 E GnssHAL_GnssInterface: gnssSvStatusCb: a: input svInfo.flags is 8
03-06 15:52:05.969  1791  2388 E GnssHAL_GnssInterface: gnssSvStatusCb: b: input svInfo.flags is 8
03-06 15:52:06.189  2476  2476 W ServiceManagement: Waited one second for android.hardware.radio@1.0::IRadio/slot1
03-06 15:52:06.190  2476  2476 I ServiceManagement: getService: Trying again for android.hardware.radio@1.0::IRadio/slot1...
03-06 15:52:06.198  2634  3367 E ActivityThread: Failed to find provider info for com.google.android.apps.wellbeing.api
03-06 15:52:06.353  7200  7254 W teco.fmhandroi: Accessing hidden method Lsun/misc/Unsafe;->compareAndSwapObject(Ljava/lang/Object;JLjava/lang/Object;Ljava/lang/Object;)Z (greylist, linking, allowed)
03-06 15:52:06.354  7200  7200 I ViewInteraction: Performing 'wait for a specific view with attribute <view.getId() is <2131231039>> during 10000 millis.' action on view view.getRootView() to equal view
03-06 15:52:06.355  7200  7708 W teco.fmhandroi: Accessing hidden method Lsun/misc/Unsafe;->compareAndSwapObject(Ljava/lang/Object;JLjava/lang/Object;Ljava/lang/Object;)Z (greylist, linking, allowed)
03-06 15:52:06.365  2026  2043 W ActivityManager: Background start not allowed: service Intent { cmp=com.google.android.apps.messaging/.shared.datamodel.action.execution.ActionExecutorImpl$EmptyService } to com.google.android.apps.messaging/.shared.datamodel.action.execution.ActionExecutorImpl$EmptyService from pid=4330 uid=10121 pkg=com.google.android.apps.messaging startFg?=false
03-06 15:52:06.370  4330  4330 W BugleDataModel: ActionExecutorImpl: Action started execution, but we can't guarantee it will complete, the app may be killed. Action: class com.google.android.apps.messaging.shared.datamodel.action.SelfParticipantsRefreshAction-SelfParticipantsRefreshAction:27590004
03-06 15:52:06.370  4330  4330 W BugleDataModel: java.lang.IllegalStateException: Not allowed to start service Intent { cmp=com.google.android.apps.messaging/.shared.datamodel.action.execution.ActionExecutorImpl$EmptyService }: app is in background uid UidRecord{ce230f7 u0a121 CEM  idle change:cached procs:1 seq(0,0,0)}
03-06 15:52:06.370  4330  4330 W BugleDataModel: 	at android.app.ContextImpl.startServiceCommon(ContextImpl.java:1616)
03-06 15:52:06.370  4330  4330 W BugleDataModel: 	at android.app.ContextImpl.startService(ContextImpl.java:1571)
03-06 15:52:06.370  4330  4330 W BugleDataModel: 	at android.content.ContextWrapper.startService(ContextWrapper.java:669)
03-06 15:52:06.370  4330  4330 W BugleDataModel: 	at com.google.android.apps.messaging.shared.datamodel.action.execution.ActionExecutorImpl.e(SourceFile:107)
03-06 15:52:06.370  4330  4330 W BugleDataModel: 	at com.google.android.apps.messaging.shared.datamodel.action.execution.ActionExecutorImpl.a(SourceFile:19)
03-06 15:52:06.370  4330  4330 W BugleDataModel: 	at com.google.android.apps.messaging.shared.datamodel.action.execution.ActionExecutorImpl.a(SourceFile:16)
03-06 15:52:06.370  4330  4330 W BugleDataModel: 	at dya.c(SourceFile:12)
03-06 15:52:06.370  4330  4330 W BugleDataModel: 	at dyb.run(Unknown Source:2)
03-06 15:52:06.370  4330  4330 W BugleDataModel: 	at android.os.Handler.handleCallback(Handler.java:883)
03-06 15:52:06.370  4330  4330 W BugleDataModel: 	at android.os.Handler.dispatchMessage(Handler.java:100)
03-06 15:52:06.370  4330  4330 W BugleDataModel: 	at android.os.Looper.loop(Looper.java:214)
03-06 15:52:06.370  4330  4330 W BugleDataModel: 	at android.app.ActivityThread.main(ActivityThread.java:7356)
03-06 15:52:06.370  4330  4330 W BugleDataModel: 	at java.lang.reflect.Method.invoke(Native Method)
03-06 15:52:06.370  4330  4330 W BugleDataModel: 	at com.android.internal.os.RuntimeInit$MethodAndArgsCaller.run(RuntimeInit.java:492)
03-06 15:52:06.370  4330  4330 W BugleDataModel: 	at com.android.internal.os.ZygoteInit.main(ZygoteInit.java:930)
03-06 15:52:06.371  4330  4542 I BugleDataModel: ParticipantRefresh: Start participant refresh. refreshMode: 1
03-06 15:52:06.465  4330  4542 I BugleDataModel: ParticipantRefresh: Number of participants refreshed: 0
03-06 15:52:06.970  1791  2388 E GnssHAL_GnssInterface: gnssSvStatusCb: a: input svInfo.flags is 8
03-06 15:52:06.970  1791  2388 E GnssHAL_GnssInterface: gnssSvStatusCb: b: input svInfo.flags is 8
03-06 15:52:07.192  2476  2476 W ServiceManagement: Waited one second for android.hardware.radio@1.0::IRadio/slot1
03-06 15:52:07.193  2476  2476 I ServiceManagement: getService: Trying again for android.hardware.radio@1.0::IRadio/slot1...
03-06 15:52:07.707  7200  7200 I ViewInteraction: Checking 'MatchesViewAssertion{viewMatcher=(view has effective visibility <VISIBLE> and view.getGlobalVisibleRect() to return non-empty rectangle)}' assertion on view (an instance of android.widget.TextView and view.getText() with or without transformation to match: is "Authorization" and view.getParent() view.getParent() view.getId() is <2131231186/ru.iteco.fmhandroid:id/nav_host_fragment>)
03-06 15:52:07.709  7200  7254 W teco.fmhandroi: Accessing hidden method Lsun/misc/Unsafe;->compareAndSwapObject(Ljava/lang/Object;JLjava/lang/Object;Ljava/lang/Object;)Z (greylist, linking, allowed)
03-06 15:52:07.711  7200  7200 I ViewInteraction: Checking 'MatchesViewAssertion{viewMatcher=(view has effective visibility <VISIBLE> and view.getGlobalVisibleRect() to return non-empty rectangle)}' assertion on view (an instance of android.widget.TextView and view.getHint() matching: is "Login" and view.getParent() view.getParent() view.getId() is <2131231121/ru.iteco.fmhandroid:id/login_text_input_layout>)
03-06 15:52:07.713  7200  7200 I ViewInteraction: Checking 'MatchesViewAssertion{viewMatcher=(view has effective visibility <VISIBLE> and view.getGlobalVisibleRect() to return non-empty rectangle)}' assertion on view (an instance of android.widget.TextView and view.getHint() matching: is "Password" and view.getParent() view.getParent() view.getId() is <2131231264/ru.iteco.fmhandroid:id/password_text_input_layout>)
03-06 15:52:07.715  7200  7200 I ViewInteraction: Checking 'MatchesViewAssertion{viewMatcher=(view has effective visibility <VISIBLE> and view.getGlobalVisibleRect() to return non-empty rectangle)}' assertion on view (an instance of android.widget.TextView and view.getText() with or without transformation to match: is "Sign in" and view.getId() is <2131231039/ru.iteco.fmhandroid:id/enter_button>)
03-06 15:52:07.716  7200  7200 I ViewInteraction: Performing 'replace text()' action on view (an instance of android.widget.TextView and view.getHint() matching: is "Login" and view.getParent() view.getParent() view.getId() is <2131231121/ru.iteco.fmhandroid:id/login_text_input_layout>)
03-06 15:52:07.724  7200  7200 I ViewInteraction: Performing 'close keyboard' action on view (an instance of android.widget.TextView and view.getHint() matching: is "Login" and view.getParent() view.getParent() view.getId() is <2131231121/ru.iteco.fmhandroid:id/login_text_input_layout>)
03-06 15:52:07.726  7200  7200 W CloseKeyboardAction: Attempting to close soft keyboard, while it is not shown.
03-06 15:52:07.727  7200  7254 W teco.fmhandroi: Accessing hidden method Lsun/misc/Unsafe;->compareAndSwapObject(Ljava/lang/Object;JLjava/lang/Object;Ljava/lang/Object;)Z (greylist, linking, allowed)
03-06 15:52:07.727  7200  7200 I ViewInteraction: Performing 'replace text(password2)' action on view (an instance of android.widget.TextView and view.getHint() matching: is "Password" and view.getParent() view.getParent() view.getId() is <2131231264/ru.iteco.fmhandroid:id/password_text_input_layout>)
03-06 15:52:07.741  7200  7200 I ViewInteraction: Performing 'close keyboard' action on view (an instance of android.widget.TextView and view.getHint() matching: is "Password" and view.getParent() view.getParent() view.getId() is <2131231264/ru.iteco.fmhandroid:id/password_text_input_layout>)
03-06 15:52:07.744  7200  7200 W CloseKeyboardAction: Attempting to close soft keyboard, while it is not shown.
03-06 15:52:07.746  7200  7200 I ViewInteraction: Performing 'single click' action on view (an instance of android.widget.TextView and view.getText() with or without transformation to match: is "Sign in" and view.getId() is <2131231039/ru.iteco.fmhandroid:id/enter_button>)
03-06 15:52:07.798  1780  3960 W audio_hw_generic: Not supplying enough data to HAL, expected position 719846 , only wrote 719829
03-06 15:52:07.815  1792  1969 D gralloc_ranchu: gralloc_alloc: Creating ashmem region of size 425984
03-06 15:52:07.830  1792  1969 I chatty  : uid=1000(system) HwBinder:1792_2 identical 1 line
03-06 15:52:07.841  1792  1969 D gralloc_ranchu: gralloc_alloc: Creating ashmem region of size 425984
03-06 15:52:07.855  7200  7276 D EGL_emulation: eglMakeCurrent: 0xdee1ae40: ver 2 0 (tinfo 0xc2e69120)
03-06 15:52:07.861  7200  7276 D EGL_emulation: eglMakeCurrent: 0xdee1ae40: ver 2 0 (tinfo 0xc2e69120)
03-06 15:52:07.971  1791  2388 E GnssHAL_GnssInterface: gnssSvStatusCb: a: input svInfo.flags is 8
03-06 15:52:07.971  1791  2388 E GnssHAL_GnssInterface: gnssSvStatusCb: b: input svInfo.flags is 8
03-06 15:52:08.088  2026  2043 I ActivityTaskManager: START u0 {act=android.intent.action.MAIN cat=[android.intent.category.LAUNCHER] flg=0x10000000 cmp=ru.iteco.fmhandroid.test/androidx.test.core.app.InstrumentationActivityInvoker$EmptyActivity} from uid 10134
03-06 15:52:08.094  7200  7200 D LifecycleMonitor: Lifecycle status change: ru.iteco.fmhandroid.ui.AppActivity@f9f5257 in: PAUSED
03-06 15:52:08.094  7200  7200 V ActivityScenario: Activity lifecycle changed event received but ignored because the reported transition was not ON_CREATE while the last known transition was DESTROYED
03-06 15:52:08.094  7200  7200 V ActivityScenario: Update currentActivityStage to PAUSED, currentActivity=ru.iteco.fmhandroid.ui.AppActivity@f9f5257
03-06 15:52:08.094  2026  2048 E system_server: Invalid ID 0x00000000.
03-06 15:52:08.094  2026  2043 W InputReader: Device has associated, but no associated display id.
03-06 15:52:08.096  2026  2043 I chatty  : uid=1000(system) Binder:2026_2 identical 38 lines
03-06 15:52:08.096  2026  2043 W InputReader: Device has associated, but no associated display id.
03-06 15:52:08.096  7353  7353 W ActivityThread: handleWindowVisibility: no activity for token android.os.BinderProxy@a9ab838
03-06 15:52:08.097  2026  2043 W InputReader: Device has associated, but no associated display id.
03-06 15:52:08.097  2026  2043 I chatty  : uid=1000(system) Binder:2026_2 identical 8 lines
03-06 15:52:08.097  2026  2043 W InputReader: Device has associated, but no associated display id.
03-06 15:52:08.109  1792  1969 D gralloc_ranchu: gralloc_alloc: Creating ashmem region of size 9592832
03-06 15:52:08.161  2026  3718 W InputReader: Device has associated, but no associated display id.
03-06 15:52:08.161  2026  3718 I chatty  : uid=1000(system) Binder:2026_14 identical 18 lines
03-06 15:52:08.161  2026  3718 W InputReader: Device has associated, but no associated display id.
03-06 15:52:08.161  1792  1969 D gralloc_ranchu: gralloc_alloc: Creating ashmem region of size 6139904
03-06 15:52:08.186  7200  7276 D EGL_emulation: eglMakeCurrent: 0xdee1ae40: ver 2 0 (tinfo 0xc2e69120)
03-06 15:52:08.192  1792  1969 D gralloc_ranchu: gralloc_alloc: Creating ashmem region of size 9592832
03-06 15:52:08.208  1792  3032 D gralloc_ranchu: gralloc_alloc: Creating ashmem region of size 9592832
03-06 15:52:08.209  2476  2476 W ServiceManagement: Waited one second for android.hardware.radio@1.0::IRadio/slot1
03-06 15:52:08.219  2476  2476 I ServiceManagement: getService: Trying again for android.hardware.radio@1.0::IRadio/slot1...
03-06 15:52:08.245  1792  1969 D gralloc_ranchu: gralloc_alloc: Creating ashmem region of size 9592832
03-06 15:52:08.245  7353  7385 D EGL_emulation: eglMakeCurrent: 0xdb9591c0: ver 2 0 (tinfo 0xf2089d00)
03-06 15:52:08.273  2026  4059 W InputReader: Device has associated, but no associated display id.
03-06 15:52:08.273  2026  4059 I chatty  : uid=1000(system) Binder:2026_16 identical 8 lines
03-06 15:52:08.273  2026  4059 W InputReader: Device has associated, but no associated display id.
03-06 15:52:08.275  1792  3032 D gralloc_ranchu: gralloc_alloc: Creating ashmem region of size 9592832
03-06 15:52:08.275  2026  2052 I ActivityTaskManager: Displayed ru.iteco.fmhandroid.test/androidx.test.core.app.InstrumentationActivityInvoker$EmptyActivity: +186ms
03-06 15:52:08.279  2026  4059 W InputReader: Device has associated, but no associated display id.
03-06 15:52:08.279  2026  4059 I chatty  : uid=1000(system) Binder:2026_16 identical 8 lines
03-06 15:52:08.279  2026  4059 W InputReader: Device has associated, but no associated display id.
03-06 15:52:08.284  7200  7200 D LifecycleMonitor: Lifecycle status change: ru.iteco.fmhandroid.ui.AppActivity@f9f5257 in: STOPPED
03-06 15:52:08.284  7200  7200 V ActivityScenario: Activity lifecycle changed event received but ignored because the reported transition was not ON_CREATE while the last known transition was DESTROYED
03-06 15:52:08.284  7200  7200 V ActivityScenario: Update currentActivityStage to STOPPED, currentActivity=ru.iteco.fmhandroid.ui.AppActivity@f9f5257
03-06 15:52:08.294  7200  7200 D LifecycleMonitor: Lifecycle status change: ru.iteco.fmhandroid.ui.AppActivity@f9f5257 in: DESTROYED
03-06 15:52:08.294  7200  7200 V ActivityScenario: Activity lifecycle changed event received but ignored because the reported transition was not ON_CREATE while the last known transition was DESTROYED
03-06 15:52:08.294  7200  7200 V ActivityScenario: Update currentActivityStage to DESTROYED, currentActivity=null
03-06 15:52:08.295  2026  2026 W ActivityManager: Unable to start service Intent { act=android.service.appprediction.AppPredictionService cmp=com.google.android.as/com.google.android.apps.miphone.aiai.app.AiAiPredictionService } U=0: not found
03-06 15:52:08.295  2026  2026 W RemoteAppPredictionService: could not bind to Intent { act=android.service.appprediction.AppPredictionService cmp=com.google.android.as/com.google.android.apps.miphone.aiai.app.AiAiPredictionService } using flags 67108865
03-06 15:52:08.306  1792  3032 D gralloc_ranchu: gralloc_alloc: Creating ashmem region of size 9592832
03-06 15:52:08.308  7200  7254 I TestRunner: finished: testAuthEmptyLogin(ru.netology.tests.AuthTest)
03-06 15:52:08.316  7200  7254 I TestRunner: started: testAuthRight(ru.netology.tests.AuthTest)
03-06 15:52:08.344  7200  7254 W Settings: Setting always_finish_activities has moved from android.provider.Settings.System to android.provider.Settings.Global, returning read-only value.
03-06 15:52:08.346  1792  3032 D gralloc_ranchu: gralloc_alloc: Creating ashmem region of size 9592832
03-06 15:52:08.350  1792  1969 D gralloc_ranchu: gralloc_alloc: Creating ashmem region of size 9592832
03-06 15:52:08.353  2026  2573 I ActivityTaskManager: START u0 {act=android.intent.action.MAIN cat=[android.intent.category.LAUNCHER] flg=0x10008000 cmp=ru.iteco.fmhandroid/.ui.AppActivity} from uid 10134
03-06 15:52:08.358  2026  2043 W ActivityTaskManager: Finishing task with all activities already finished
03-06 15:52:08.358  2026  2043 W ActivityTaskManager: Duplicate finish request for ActivityRecord{5608cef u0 ru.iteco.fmhandroid.test/androidx.test.core.app.InstrumentationActivityInvoker$EmptyActivity t17 f}
03-06 15:52:08.359  2026  2048 E system_server: Invalid ID 0x00000000.
03-06 15:52:08.361  2890  3240 D EGL_emulation: eglMakeCurrent: 0xdee1c2e0: ver 2 0 (tinfo 0xc1d14460)
03-06 15:52:08.381  1792  1969 D gralloc_ranchu: gralloc_alloc: Creating ashmem region of size 9592832
03-06 15:52:08.389  1792  3032 D gralloc_ranchu: gralloc_alloc: Creating ashmem region of size 9592832
03-06 15:52:08.395  1792  1792 D gralloc_ranchu: gralloc_alloc: Creating ashmem region of size 9592832
03-06 15:52:08.419  2634  3076 D EGL_emulation: eglMakeCurrent: 0xdee1a120: ver 2 0 (tinfo 0xdee0f3f0)
03-06 15:52:08.430  2890  3121 W SessionLifecycleManager: Handover failed. Creating new session controller.
03-06 15:52:08.441  2890  3126 W ThreadPoolDumper: Queue length for executor EventBus is now 11. Perhaps some tasks are too long, or the pool is too small.
03-06 15:52:08.443  7796  7796 I ServiceManagement: Registered android.hardware.radio@1.1::IRadio/slot1 (start delay of 12ms)
03-06 15:52:08.444  7796  7796 I ServiceManagement: Registered android.hardware.radio.deprecated@1.0::IOemHook/slot1 (start delay of 12ms)
03-06 15:52:08.444  2476  2476 I android_os_HwBinder: HwBinder: Starting thread pool for getting: android.hardware.radio@1.0::IRadio/slot1
03-06 15:52:08.445  1676  1676 I hwservicemanager: getTransport: Cannot find entry android.hardware.radio.deprecated@1.0::IOemHook/slot1 in either framework or device manifest.
03-06 15:52:08.459  1792  3032 D gralloc_ranchu: gralloc_alloc: Creating ashmem region of size 9592832
03-06 15:52:08.467  2476  2476 D TelephonyProvider: subIdString = 1 subId = 1
03-06 15:52:08.477  2890  3206 W LocationOracle: No location history returned by ContextManager
03-06 15:52:08.479  2026  2043 W InputReader: Device has associated, but no associated display id.
03-06 15:52:08.480  2026  2043 I chatty  : uid=1000(system) Binder:2026_2 identical 28 lines
03-06 15:52:08.480  2026  2043 W InputReader: Device has associated, but no associated display id.
03-06 15:52:08.480  7200  7200 W ActivityThread: handleWindowVisibility: no activity for token android.os.BinderProxy@f443b83
03-06 15:52:08.481  2026  2043 W InputReader: Device has associated, but no associated display id.
03-06 15:52:08.484  2026  2043 I chatty  : uid=1000(system) Binder:2026_2 identical 28 lines
03-06 15:52:08.484  2026  2043 W InputReader: Device has associated, but no associated display id.
03-06 15:52:08.485  1792  1969 D gralloc_ranchu: gralloc_alloc: Creating ashmem region of size 6139904
03-06 15:52:08.485  2184  2184 V KeyguardUpdateMonitor: onSubscriptionInfoChanged()
03-06 15:52:08.487  2184  2184 V KeyguardUpdateMonitor: SubInfo:{id=1, iccId=890141032[****] simSlotIndex=0 carrierId=1 displayName=T-Mobile carrierName=No service nameSource=3 iconTint=-16746133 mNumber=[****] dataRoaming=0 iconBitmap=android.graphics.Bitmap@96ce955 mcc 310 mnc 260mCountryIso=us isEmbedded false accessRules null cardString=890141032[****] cardId=-1 isOpportunistic false mGroupUUID=null mIsGroupDisabled=false profileClass=-1 ehplmns = null hplmns = null subscriptionType=0 mGroupOwner=null}
03-06 15:52:08.488  2026  2123 W BestClock: java.time.DateTimeException: Missing NTP fix
03-06 15:52:08.488  2026  3718 I WifiService: WifiService trying to set country code to 
03-06 15:52:08.488  2026  3718 I WifiService: setCountryCode uid=1001
03-06 15:52:08.488  2026  3718 D WifiCountryCode: Receive set country code request: 
03-06 15:52:08.488  2026  3718 D WifiCountryCode: updateCountryCode to US
03-06 15:52:08.488  2026  3718 D WifiCountryCode: Succeeded to set country code to: US
03-06 15:52:08.492  2026  3718 I LocationAccessPolicy: Allowing com.google.android.inputmethod.latin fine because it doesn't target API 29 yet. Please fix this app. Called from TelephonyRegistry push
03-06 15:52:08.492  2026  3718 I LocationAccessPolicy: Allowing com.google.android.apps.messaging fine because it doesn't target API 29 yet. Please fix this app. Called from TelephonyRegistry push
03-06 15:52:08.493  2026  2123 W BestClock: java.time.DateTimeException: Missing NTP fix
03-06 15:52:08.494  1773  1773 I netd    : bandwidthSetGlobalAlert(2097152) <0.10ms>
03-06 15:52:08.496  2476  2476 D ServiceStateProvider: subId=1
03-06 15:52:08.501  2890  3240 D EGL_emulation: eglMakeCurrent: 0xdee1c2e0: ver 2 0 (tinfo 0xc1d14460)
03-06 15:52:08.504  7353  7385 D EGL_emulation: eglMakeCurrent: 0xdb9591c0: ver 2 0 (tinfo 0xf2089d00)
03-06 15:52:08.506  7200  7200 D LifecycleMonitor: Lifecycle status change: ru.iteco.fmhandroid.ui.AppActivity@2850cdf in: PRE_ON_CREATE
03-06 15:52:08.506  7200  7200 V ActivityScenario: Activity lifecycle changed event received but ignored because the reported transition was not ON_CREATE while the last known transition was PRE_ON_CREATE
03-06 15:52:08.508  4113  4113 D CellBroadcastReceiver: onReceive Intent { act=android.intent.action.SERVICE_STATE flg=0x1000010 cmp=com.android.cellbroadcastreceiver/.CellBroadcastReceiver (has extras) }
03-06 15:52:08.508  2164  3051 W GCoreFlp: No location to return for getLastLocation()
03-06 15:52:08.510  2634  3076 D EGL_emulation: eglMakeCurrent: 0xdee1a120: ver 2 0 (tinfo 0xdee0f3f0)
03-06 15:52:08.514  4165  4165 I CarrierServices: [2] ServiceStateReceiver.onReceive: Received SERVICE_STATE intent.
03-06 15:52:08.527  7200  7200 D LifecycleMonitor: Lifecycle status change: ru.iteco.fmhandroid.ui.AppActivity@2850cdf in: CREATED
03-06 15:52:08.527  7200  7200 V ActivityScenario: Update currentActivityStage to CREATED, currentActivity=ru.iteco.fmhandroid.ui.AppActivity@2850cdf
03-06 15:52:08.531  4330  7437 W Bugle   : BuglePhoneNumberUtils: canonicalizeMccMnc: invalid mccmnc. mcc: null, mnc: null
03-06 15:52:08.542  4330  7437 W Bugle   : Obsolete carrier config resource: maxMessageSize res: 1048576, sys: 307200
03-06 15:52:08.542  4330  7437 W Bugle   : Obsolete carrier config resource: maxImageHeight res: 1944, sys: 480
03-06 15:52:08.542  4330  7437 W Bugle   : Obsolete carrier config resource: maxImageWidth res: 2592, sys: 640
03-06 15:52:08.542  4330  7437 I Bugle   : Carrier configs loaded: Bundle[{carrier_volte_provisioned_bool=false, disable_charge_indication_bool=false, support_tdscdma_bool=false, httpSocketTimeout=60000, call_redirection_service_component_name_string=null, carrier_wfc_supports_wifi_only_bool=false, carrier_default_actions_on_default_network_available_string_array=[false: 7, true: 8], operator_selection_expand_bool=true, disable_cdma_activation_code_bool=false, simplified_network_settings_bool=false, support_tdscdma_roaming_networks_string_array=null, gps.lpp_profile=0, call_barring_visibility_bool=false, gps.es_extension_sec=0, enable_apps_string_array=null, carrier_default_wfc_ims_roaming_enabled_bool=false, cdma_nonroaming_networks_string_array=null, aliasMinChars=2, wfc_data_spn_format_idx_int=0, hide_sim_lock_settings_bool=false, drop_video_call_when_answering_audio_call_bool=false, ci_action_on_sys_update_bool=false, convert_cdma_caller_id_mmi_codes_while_roaming_on_3gpp_bool=false, support_enhanced_call_blocking_bool=true, vvm_port_number_int=0, carrier_default_wfc_ims_enabled_bool=false, dial_string_replace_string_array=null, opportunistic_network_entry_threshold_bandwidth_int=1024, gsm_nonroaming_networks_string_array=null, hide_ims_apn_bool=false, vvm_destination_number_string=, dtmf_type_enabled_bool=false, allow_video_calling_fallback_bool=true, config_ims_package_override_string=null, only_auto_select_in_home_network=false, smsToMmsTextThreshold=-1, disable_severe_when_extreme_disabled_bool=true, force_home_network_bool=false, spdi_override_string_array=null, show_wfc_location_privacy_policy_bool=false, gps.supl_es=1, enableSMSDeliveryReports=true, auto_retry_enabled_bool=false, opportunistic_network_entry_threshold_rssnr_int=45, play_call_recording_tone_bool=false, carrier_force_disable_etws_cmas_test_bool=false, call_waiting_service_class_int=1, allow_emergency_video_calls_bool=false, csp_enabled_bool=false, default_sim_call_manager_string=, wifi.passpoint_profiles_string_array=null, carrier_app_required_during_setup_bool=false, call_forwarding_blocks_while_roaming_string_array=null, emergency_notification_delay_int=-1, support_video_conference_call_bool=false, ims_dtmf_tone_delay_int=0, show_signal_strength_in_sim_status_bool=true, data_rapid_notification_bool=true, carrier_instant_lettering_escaped_chars_string=, carrier_default_wfc_ims_roaming_mode_int=2, editable_wfc_mode_bool=true, support_direct_fdn_dialing_bool=false, carrier_ut_provisioning_required_bool=false, carrier_wifi_string_array=null, treat_downgraded_video_calls_as_video_calls_bool=false, wifi_calls_can_be_hd_audio=true, support_downgrade_vt_to_audio_bool=true, cdma_enhanced_roaming_indicator_for_home_network_int_array=[1], notify_handover_video_from_lte_to_wifi_bool=false, use_otasp_for_provisioning_bool=false, always_play_remote_hold_tone_bool=false, opportunistic_network_data_switch_hysteresis_time_long=10000, maxMessageTextSize=-1, duration_blocking_disabled_after_emergency_int=7200, carrier_metered_roaming_apn_types_strings=[default, mms, dun, supl], additional_settings_call_waiting_visibility_bool=true, show_video_call_charges_alert_dialog_bool=false, carrier_network_service_wlan_package_override_string=, show_apn_setting_cdma_bool=false, use_usim_bool=false, carrier_instant_lettering_length_limit_int=64, operator_name_filter_pattern_string=, carrier_instant_lettering_invalid_chars_string=, carrier_setup_app_string=, editable_wfc_roaming_mode_bool=false, supportMmsContentDisposition=true, support_manage_ims_conference_call_bool=true, opportunistic_network_exit_threshold_rssnr_int=10, allow_non_emergency_calls_in_ecm_bool=true, allow_cdma_eri_bool=false, carrier_data_service_wlan_package_override_string=, show_carrier_data_icon_pattern_string=, use_rcs_presence_bool=false, config_telephony_use_own_number_for_voicemail_bool=false, cdma_dtmf_tone_delay_int=100, editable_voicemail_number_bool=false, carrier_data_call_apn_retry_after_disconnect_long=10000, filtered_cnap_names_string_array=null, enabledTransID=false, aliasEnabled=false, vvm_disabl
03-06 15:52:08.545  7200  7200 D LifecycleMonitor: Lifecycle status change: ru.iteco.fmhandroid.ui.AppActivity@2850cdf in: STARTED
03-06 15:52:08.545  7200  7200 V ActivityScenario: Update currentActivityStage to STARTED, currentActivity=ru.iteco.fmhandroid.ui.AppActivity@2850cdf
03-06 15:52:08.546  7200  7200 D LifecycleMonitor: Lifecycle status change: ru.iteco.fmhandroid.ui.AppActivity@2850cdf in: RESUMED
03-06 15:52:08.546  7200  7200 V ActivityScenario: Update currentActivityStage to RESUMED, currentActivity=ru.iteco.fmhandroid.ui.AppActivity@2850cdf
03-06 15:52:08.546  2026  2052 I ActivityTaskManager: Displayed ru.iteco.fmhandroid/.ui.AppActivity: +120ms
03-06 15:52:08.551  2890  3121 E MicroDetectionWorker: Stale runnable..ignoring
03-06 15:52:08.561  1792  1969 D gralloc_ranchu: gralloc_alloc: Creating ashmem region of size 9592832
03-06 15:52:08.561  2890  3568 I PBSessionCacheImpl: Deleted sessionId[85817059540] from persistence.
03-06 15:52:08.567  3284  3284 I ContactsDatabaseHelper: updateUseStrictPhoneNumberComparison: US
03-06 15:52:08.569  2890  3121 W SearchServiceCore: Abort, client detached.
03-06 15:52:08.587  2026  3230 W AppOps  : Noting op not finished: uid 10099 pkg com.google.android.gms code 79 time=1709758328502 duration=-1
03-06 15:52:08.588  1792  1969 D gralloc_ranchu: gralloc_alloc: Creating ashmem region of size 9592832
03-06 15:52:08.593  2026  3230 W AppOps  : Noting op not finished: uid 10099 pkg com.google.android.gms code 79 time=1709758328587 duration=0
03-06 15:52:08.599  1792  3032 D gralloc_ranchu: gralloc_alloc: Creating ashmem region of size 9592832
03-06 15:52:08.599  7200  7276 D EGL_emulation: eglMakeCurrent: 0xdee1ae40: ver 2 0 (tinfo 0xc2e69120)
03-06 15:52:08.617  2476  3627 D IccSmsInterfaceManager: [IccSmsInterfaceManager] Failed to add cdma broadcast channels range 4099 to 4099
03-06 15:52:08.618  2476  3627 D IccSmsInterfaceManager: [IccSmsInterfaceManager] Calling setGsmBroadcastConfig with 1 configurations
03-06 15:52:08.625  2164  7519 W ctxmgr  : [AclManager] No 3 for (accnt=account#-517948760#, com.google.android.gms(10099):UserVelocityProducer, vrsn=17786022, 0, 3pPkg = null ,  3pMdlId = null ,  pid = 2164). Was: 3 for 1, account#-517948760# [CONTEXT service_id=47 ]
03-06 15:52:08.630  2184  2197 I ndroid.systemu: NativeAlloc concurrent copying GC freed 2071(179KB) AllocSpace objects, 0(0B) LOS objects, 49% free, 5434KB/10MB, paused 324us total 108.424ms
03-06 15:52:08.633  2476  2476 D CallNotifier: updatePhoneStateListeners: update CF notifications.
03-06 15:52:08.633  2476  2476 I NotificationMgr: updateCfi: subId= 1, visible=N
03-06 15:52:08.634  2476  2476 I NotificationMgr: updateMwi(): subId 1 update to false
03-06 15:52:08.636  2476  2476 I TelecomFramework: : onSubscriptionsChanged - update accounts
03-06 15:52:08.636  2476  2476 I TelecomFramework: PstnIncomingCallNotifier: Unregistering: Handler (com.android.internal.telephony.GsmCdmaPhone) {b312827}
03-06 15:52:08.636  2476  2476 I TelecomFramework: TelecomAccountRegistry: setupAccounts: Found 1 phones.  Attempting to register.
03-06 15:52:08.636  2476  2476 I TelecomFramework: TelecomAccountRegistry: setupAccounts: Phone with subscription id 1
03-06 15:52:08.636  2476  2476 I TelecomFramework: TelecomAccountRegistry: setupAccounts: adding default
03-06 15:52:08.638  2476  2476 E PhoneInterfaceManager: [PhoneIntfMgr] getIccId: No UICC
03-06 15:52:08.638  2026  4070 D HostConnection: HostConnection::get() New Host Connection established 0xb73c2c60, tid 4070
03-06 15:52:08.638  4030  4030 I Dialer  : LegacyVoicemailNotificationReceiver.onReceive - received legacy voicemail notification
03-06 15:52:08.638  4030  4030 I Dialer  : LegacyVoicemailNotificationReceiver.onReceive - isRefresh: true
03-06 15:52:08.638  4030  4030 I Dialer  : LegacyVoicemailNotificationReceiver.onReceive - clearing notification
03-06 15:52:08.638  4030  4030 I Dialer  : LegacyVoicemailNotifier.cancelNotification - enter
03-06 15:52:08.638  4030  4030 I Dialer  : LegacyVoicemailNotifier.cancelNotification - 'null' id, canceling all legacy voicemail notifications
03-06 15:52:08.641  2026  4070 D HostConnection: HostComposition ext ANDROID_EMU_CHECKSUM_HELPER_v1 ANDROID_EMU_dma_v1 ANDROID_EMU_direct_mem ANDROID_EMU_host_composition_v1 ANDROID_EMU_host_composition_v2 ANDROID_EMU_vulkan ANDROID_EMU_deferred_vulkan_commands ANDROID_EMU_vulkan_null_optional_strings ANDROID_EMU_vulkan_create_resources_with_requirements ANDROID_EMU_YUV420_888_to_NV21 ANDROID_EMU_YUV_Cache ANDROID_EMU_vulkan_free_memory_sync ANDROID_EMU_vulkan_shader_float16_int8 ANDROID_EMU_vulkan_async_queue_submit ANDROID_EMU_sync_buffer_data GL_OES_vertex_array_object GL_KHR_texture_compression_astc_ldr ANDROID_EMU_host_side_tracing ANDROID_EMU_gles_max_version_2 
03-06 15:52:08.641  2026  4070 W OpenGLRenderer: Failed to choose config with EGL_SWAP_BEHAVIOR_PRESERVED, retrying without...
03-06 15:52:08.643  2026  2052 E memtrack: Couldn't load memtrack module
03-06 15:52:08.643  2026  2052 W android.os.Debug: failed to get memory consumption info: -1
03-06 15:52:08.650  7200  7254 W Settings: Setting always_finish_activities has moved from android.provider.Settings.System to android.provider.Settings.Global, returning read-only value.
03-06 15:52:08.650  2026  4070 D eglCodecCommon: setVertexArrayObject: set vao to 0 (0) 0 0
03-06 15:52:08.650  2026  4070 D EGL_emulation: eglCreateContext: 0xc23d2720: maj 2 min 0 rcv 2
03-06 15:52:08.650  2026  3208 I Telecom : PhoneAccountRegistrar: New phone account registered: [[ ] PhoneAccount: ComponentInfo{com.android.phone/com.android.services.telephony.TelephonyConnectionService}, ***, UserHandle{0} Capabilities: CallProvider MultiUser PlaceEmerg SimSub  Audio Routes: BESW Schemes: tel voicemail  Extras: Bundle[{android.telecom.extra.SUPPORTS_VIDEO_CALLING_FALLBACK=true}] GroupId: ***]: TSI.rPA@ApU
03-06 15:52:08.652  2026  3208 I Telecom : CallsManager: Sending phone-account ComponentInfo{com.android.phone/com.android.services.telephony.TelephonyConnectionService}, ***, UserHandle{0} registered intent as user: TSI.rPA@ApU
03-06 15:52:08.655  2026  3208 I Telecom : CallsManager: Sending phone-account registered intent to default dialer: TSI.rPA@ApU
03-06 15:52:08.657  2476  2476 I TelecomFramework: AccountEntry: Registered phoneAccount: [[ ] PhoneAccount: ComponentInfo{com.android.phone/com.android.services.telephony.TelephonyConnectionService}, ***, UserHandle{0} Capabilities: CallProvider MultiUser PlaceEmerg SimSub  Audio Routes: BESW Schemes: tel voicemail  Extras: Bundle[{android.telecom.extra.SUPPORTS_VIDEO_CALLING_FALLBACK=true}] GroupId: ***] with handle: ComponentInfo{com.android.phone/com.android.services.telephony.TelephonyConnectionService}, ***, UserHandle{0}
03-06 15:52:08.657  2476  2476 I TelecomFramework: PstnIncomingCallNotifier: Registering: Handler (com.android.internal.telephony.GsmCdmaPhone) {b312827}
03-06 15:52:08.658  2026  3472 I ActivityTaskManager: START u0 {act=android.intent.action.MAIN cat=[android.intent.category.LAUNCHER] flg=0x10008000 cmp=ru.iteco.fmhandroid/.ui.AppActivity} from uid 10134
03-06 15:52:08.660  2476  2476 I TelecomFramework: TelecomAccountRegistry: Unregistering phone account ComponentInfo{com.android.phone/com.android.services.telephony.TelephonyConnectionService}, ***, UserHandle{0}.
03-06 15:52:08.661  2026  3472 W InputReader: Device has associated, but no associated display id.
03-06 15:52:08.663  2026  2871 I Telecom : CallsManager: Sending phone-account ComponentInfo{com.android.phone/com.android.services.telephony.TelephonyConnectionService}, ***, UserHandle{0} unregistered intent as user: TSI.uPA@Apc
03-06 15:52:08.661  2026  3472 I chatty  : uid=1000(system) Binder:2026_13 identical 8 lines
03-06 15:52:08.661  2026  3472 W InputReader: Device has associated, but no associated display id.
03-06 15:52:08.665  2164  3051 W GCoreFlp: No location to return for getLastLocation()
03-06 15:52:08.672  2164  3051 W GCoreFlp: No location to return for getLastLocation()
03-06 15:52:08.675  7200  7200 D LifecycleMonitor: Lifecycle status change: ru.iteco.fmhandroid.ui.AppActivity@2850cdf in: PAUSED
03-06 15:52:08.675  7200  7200 V ActivityScenario: Update currentActivityStage to PAUSED, currentActivity=ru.iteco.fmhandroid.ui.AppActivity@2850cdf
03-06 15:52:08.675  7200  7200 V ActivityScenario: Activity lifecycle changed event received but ignored because the reported transition was not ON_CREATE while the last known transition was PRE_ON_CREATE
03-06 15:52:08.676  2026  2871 I Telecom : CallsManager: Sending phone-account unregistered intent to default dialer: TSI.uPA@Apc
03-06 15:52:08.676  2026  7117 W InputReader: Device has associated, but no associated display id.
03-06 15:52:08.677  2026  7117 I chatty  : uid=1000(system) Binder:2026_1E identical 28 lines
03-06 15:52:08.677  2026  7117 W InputReader: Device has associated, but no associated display id.
03-06 15:52:08.679  2026  2829 I WifiService: acquireWifiLock uid=10099 lockMode=2
03-06 15:52:08.679  2026  7117 W InputReader: Device has associated, but no associated display id.
03-06 15:52:08.679  2026  7117 I chatty  : uid=1000(system) Binder:2026_1E identical 8 lines
03-06 15:52:08.679  2026  7117 W InputReader: Device has associated, but no associated display id.
03-06 15:52:08.680  2026  4070 D EGL_emulation: eglMakeCurrent: 0xc23d2720: ver 2 0 (tinfo 0xbd5c54c0)
03-06 15:52:08.683  2476  2476 D MultiSimSettingController: onSubscriptionsChanged
03-06 15:52:08.683  2476  2476 D MultiSimSettingController: updateDefaults
03-06 15:52:08.683  2476  2476 D MultiSimSettingController: [updateDefaultValues] change: 0
03-06 15:52:08.683  7200  7200 W ActivityThread: handleWindowVisibility: no activity for token android.os.BinderProxy@32e1726
03-06 15:52:08.688  2164  6098 I Places  : ?: Couldn't find platform key file.
03-06 15:52:08.689  1792  3032 D gralloc_ranchu: gralloc_alloc: Creating ashmem region of size 9592832
03-06 15:52:08.691  2164  3051 W GCoreFlp: No location to return for getLastLocation()
03-06 15:52:08.697  2164  3051 W GCoreFlp: No location to return for getLastLocation()
03-06 15:52:08.704  7200  7200 D LifecycleMonitor: Lifecycle status change: ru.iteco.fmhandroid.ui.AppActivity@8d47fb2 in: PRE_ON_CREATE
03-06 15:52:08.704  7200  7200 V ActivityScenario: Activity lifecycle changed event received but ignored because the activity instance does not match. currentActivity=ru.iteco.fmhandroid.ui.AppActivity@2850cdf, receivedActivity=ru.iteco.fmhandroid.ui.AppActivity@8d47fb2
03-06 15:52:08.704  7200  7200 V ActivityScenario: Activity lifecycle changed event received but ignored because the reported transition was not ON_CREATE while the last known transition was PRE_ON_CREATE
03-06 15:52:08.719  1676  1676 I hwservicemanager: getTransport: Cannot find entry android.hardware.radio.config@1.1::IRadioConfig/default in either framework or device manifest.
03-06 15:52:08.732  2026  2048 W InputReader: Device has associated, but no associated display id.
03-06 15:52:08.732  2026  2048 I chatty  : uid=1000(system) android.anim identical 8 lines
03-06 15:52:08.732  2026  2048 W InputReader: Device has associated, but no associated display id.
03-06 15:52:08.733  1676  1676 I hwservicemanager: getTransport: Cannot find entry android.hardware.radio.config@1.0::IRadioConfig/default in either framework or device manifest.
03-06 15:52:08.733  2026  2048 W InputReader: Device has associated, but no associated display id.
03-06 15:52:08.733  2026  2048 I chatty  : uid=1000(system) android.anim identical 8 lines
03-06 15:52:08.733  2026  2048 W InputReader: Device has associated, but no associated display id.
03-06 15:52:08.737  7200  7200 D LifecycleMonitor: Lifecycle status change: ru.iteco.fmhandroid.ui.AppActivity@8d47fb2 in: CREATED
03-06 15:52:08.737  7200  7200 V ActivityScenario: Activity lifecycle changed event received but ignored because the activity instance does not match. currentActivity=ru.iteco.fmhandroid.ui.AppActivity@2850cdf, receivedActivity=ru.iteco.fmhandroid.ui.AppActivity@8d47fb2
03-06 15:52:08.737  7200  7200 V ActivityScenario: Update currentActivityStage to CREATED, currentActivity=ru.iteco.fmhandroid.ui.AppActivity@8d47fb2
03-06 15:52:08.739  2026  4070 D eglCodecCommon: setVertexArrayObject: set vao to 0 (0) 1 0
03-06 15:52:08.740  1676  1676 I hwservicemanager: getTransport: Cannot find entry android.hardware.radio.config@1.1::IRadioConfig/default in either framework or device manifest.
03-06 15:52:08.741  1676  1676 I hwservicemanager: getTransport: Cannot find entry android.hardware.radio.config@1.0::IRadioConfig/default in either framework or device manifest.
03-06 15:52:08.750  1676  1676 I hwservicemanager: getTransport: Cannot find entry android.hardware.radio.config@1.1::IRadioConfig/default in either framework or device manifest.
03-06 15:52:08.750  1676  1676 I hwservicemanager: getTransport: Cannot find entry android.hardware.radio.config@1.0::IRadioConfig/default in either framework or device manifest.
03-06 15:52:08.753  7200  7200 D LifecycleMonitor: Lifecycle status change: ru.iteco.fmhandroid.ui.AppActivity@8d47fb2 in: STARTED
03-06 15:52:08.754  7200  7200 V ActivityScenario: Activity lifecycle changed event received but ignored because the activity instance does not match. currentActivity=ru.iteco.fmhandroid.ui.AppActivity@2850cdf, receivedActivity=ru.iteco.fmhandroid.ui.AppActivity@8d47fb2
03-06 15:52:08.754  7200  7200 V ActivityScenario: Update currentActivityStage to STARTED, currentActivity=ru.iteco.fmhandroid.ui.AppActivity@8d47fb2
03-06 15:52:08.754  7200  7200 D LifecycleMonitor: Lifecycle status change: ru.iteco.fmhandroid.ui.AppActivity@8d47fb2 in: RESUMED
03-06 15:52:08.754  7200  7200 V ActivityScenario: Activity lifecycle changed event received but ignored because the activity instance does not match. currentActivity=ru.iteco.fmhandroid.ui.AppActivity@2850cdf, receivedActivity=ru.iteco.fmhandroid.ui.AppActivity@8d47fb2
03-06 15:52:08.754  7200  7200 V ActivityScenario: Update currentActivityStage to RESUMED, currentActivity=ru.iteco.fmhandroid.ui.AppActivity@8d47fb2
03-06 15:52:08.765  2476  2476 D IntentBroadcaster: Broadcasting and adding intent for rebroadcast: android.intent.action.SIM_STATE_CHANGED UNKNOWN for slotId 0
03-06 15:52:08.778  2164  2164 I GeofencerStateMachine: removeGeofences: removeRequest=RemoveGeofencingRequest[REMOVE_BY_PENDING_INTENT pendingIntent=PendingIntent[creatorPackage=com.google.android.gms], packageName=com.google.android.gms]
03-06 15:52:08.780  1792  3032 D gralloc_ranchu: gralloc_alloc: Creating ashmem region of size 9592832
03-06 15:52:08.780  2164  2164 I GeofencerStateMachine: removeGeofences: removeRequest=RemoveGeofencingRequest[REMOVE_BY_PENDING_INTENT pendingIntent=PendingIntent[creatorPackage=com.google.android.gms], packageName=com.google.android.gms]
03-06 15:52:08.787  2184  2184 V KeyguardUpdateMonitor: action android.intent.action.SIM_STATE_CHANGED state: UNKNOWN slotId: 0 subid: 1
03-06 15:52:08.787  2184  2184 D KeyguardUpdateMonitor: handleSimStateChange(subId=1, slotId=0, state=UNKNOWN)
03-06 15:52:08.788  2803  2803 I rcs     : [PresencePublication] onReceive intent=Intent { act=android.intent.action.SIM_STATE_CHANGED flg=0x5000010 (has extras) }
03-06 15:52:08.788  2803  2803 I rcs     : [PresencePublication] ACTION_SIM_STATE_CHANGED INTENT_KEY_ICC_STATE=UNKNOWN
03-06 15:52:08.788  2803  2803 I rcs     : [RcsService] onReceive intent=Intent { act=android.intent.action.SIM_STATE_CHANGED flg=0x5000010 (has extras) }
03-06 15:52:08.796  1792  3032 D gralloc_ranchu: gralloc_alloc: Creating ashmem region of size 9592832
03-06 15:52:08.797  2476  2476 D CarrierConfigLoader: update config for phoneId: 0 simState: UNKNOWN
03-06 15:52:08.797  2476  2476 D CarrierSvcBindHelper: update binding for phoneId: 0 simState: UNKNOWN
03-06 15:52:08.797  2026  4059 W AppOps  : Noting op not finished: uid 10099 pkg com.google.android.gms code 79 time=1709758328593 duration=0
03-06 15:52:08.802  2164  7810 I PlaceInferenceEngine: [anon] Changed inference mode: 0
03-06 15:52:08.802  2164  3051 W GCoreFlp: No location to return for getLastLocation()
03-06 15:52:08.805  2164  7666 I Places  : ?: Couldn't find platform key file.
03-06 15:52:08.805  2026  4785 W AppOps  : Noting op not finished: uid 10099 pkg com.google.android.gms code 79 time=1709758328797 duration=0
03-06 15:52:08.806  7200  7276 D EGL_emulation: eglMakeCurrent: 0xdee1ae40: ver 2 0 (tinfo 0xc2e69120)
03-06 15:52:08.821  1792  1969 D gralloc_ranchu: gralloc_alloc: Creating ashmem region of size 9592832
03-06 15:52:08.822  2476  2476 D TelephonyProvider: match current APN size:  0
03-06 15:52:08.822  2476  2476 E TelephonyProvider: iccRecords is null
03-06 15:52:08.826  2476  2476 I TelecomFramework: PstnPhoneCapabilitiesNotifier: handleVideoCapabilitesChanged. Video capability - false
03-06 15:52:08.826  2476  2476 E PhoneInterfaceManager: [PhoneIntfMgr] getIccId: No UICC
03-06 15:52:08.827  2164  7752 I Places  : ?: Couldn't find platform key file.
03-06 15:52:08.839  7200  7276 D EGL_emulation: eglMakeCurrent: 0xdee1ae40: ver 2 0 (tinfo 0xc2e69120)
03-06 15:52:08.844  7200  7276 D EGL_emulation: eglMakeCurrent: 0xdee1ae40: ver 2 0 (tinfo 0xc2e69120)
03-06 15:52:08.848  2476  2490 W System  : A resource failed to call close. 
03-06 15:52:08.853  2026  7117 I Telecom : PhoneAccountRegistrar: Modify account: [ComponentInfo{com.android.phone/com.android.services.telephony.TelephonyConnectionService}, ***, UserHandle{0}]: TSI.rPA@Apo
03-06 15:52:08.853  2026  7117 I Telecom : CallsManager: handlePhoneAccountChanged: phoneAccount=[[X] PhoneAccount: ComponentInfo{com.android.phone/com.android.services.telephony.TelephonyConnectionService}, ***, UserHandle{0} Capabilities: CallProvider MultiUser PlaceEmerg SimSub  Audio Routes: BESW Schemes: tel voicemail  Extras: Bundle[{android.telecom.extra.SUPPORTS_VIDEO_CALLING_FALLBACK=true}] GroupId: ***]: TSI.rPA@Apo
03-06 15:52:08.859  7200  7213 I teco.fmhandroi: NativeAlloc concurrent copying GC freed 65015(2820KB) AllocSpace objects, 16(576KB) LOS objects, 44% free, 7570KB/13MB, paused 1.454ms total 107.963ms
03-06 15:52:08.861  2026  7117 D AlarmManagerService: Kernel timezone updated to 0 minutes west of GMT
03-06 15:52:08.864  2164  7232 I Places  : ?: Couldn't find platform key file.
03-06 15:52:08.865  2164  7231 I Places  : ?: Couldn't find platform key file.
03-06 15:52:08.865  2026  2026 D ConditionProviders.SCP: onReceive android.intent.action.TIMEZONE_CHANGED
03-06 15:52:08.865  2026  2026 D ConditionProviders.SCP: evaluateSubscriptionLocked cal=ScheduleCalendar[mDays={1, 2, 3, 4, 5, 6, 7}, mSchedule=ScheduleInfo{days=[1, 2, 3, 4, 5, 6, 7], startHour=22, startMinute=0, endHour=7, endMinute=0, exitAtAlarm=true, nextAlarm=Thu Jan 01 00:00:00 GMT 1970 (0)}], now=Wed Mar 06 20:52:08 GMT 2024 (1709758328865), nextUserAlarmTime=Thu Jan 01 00:00:00 GMT 1970 (0)
03-06 15:52:08.865  2026  2026 D ConditionProviders.SCP: notifyCondition condition://android/schedule?days=1.2.3.4.5.6.7&start=22.0&end=7.0&exitAtAlarm=true STATE_FALSE reason=!meetsSchedule
03-06 15:52:08.866  2026  2026 D ConditionProviders.SCP: Scheduling evaluate for Wed Mar 06 22:00:00 GMT 2024 (1709762400000), in +1h7m51s135ms, now=Wed Mar 06 20:52:08 GMT 2024 (1709758328865)
03-06 15:52:08.873  2164  7666 I Places  : ?: Couldn't find platform key file.
03-06 15:52:08.874  7200  7276 D EGL_emulation: eglMakeCurrent: 0xdee1ae40: ver 2 0 (tinfo 0xc2e69120)
03-06 15:52:08.880  2164  7752 I Places  : ?: Couldn't find platform key file.
03-06 15:52:08.882  2476  3627 D IccSmsInterfaceManager: [IccSmsInterfaceManager] Failed to add GSM cell broadcast channels range 4392 to 4392
03-06 15:52:08.891  7200  7276 D EGL_emulation: eglMakeCurrent: 0xdee1ae40: ver 2 0 (tinfo 0xc2e69120)
03-06 15:52:08.894  2476  3627 D IccSmsInterfaceManager: [IccSmsInterfaceManager] Failed to remove GSM cell broadcast channels range 4380 to 4380
03-06 15:52:08.894  2476  3627 D IccSmsInterfaceManager: [IccSmsInterfaceManager] Failed to remove cdma broadcast channels range 4100 to 4100
03-06 15:52:08.895  7200  7276 D EGL_emulation: eglMakeCurrent: 0xdee1ae40: ver 2 0 (tinfo 0xc2e69120)
03-06 15:52:08.895  2476  3627 D IccSmsInterfaceManager: [IccSmsInterfaceManager] Failed to remove GSM cell broadcast channels range 4393 to 4393
03-06 15:52:08.900  2164  7810 W Places  : ?: Failed to download inference model weights PlacesServer
03-06 15:52:08.900  2164  7810 W PlaceInferenceEngine: Failed to download model weights. Status code: 7
03-06 15:52:08.900  2164  7666 I Places  : ?: Couldn't find platform key file.
03-06 15:52:08.901  2476  3627 D IccSmsInterfaceManager: [IccSmsInterfaceManager] Failed to remove GSM cell broadcast channels range 4381 to 4381
03-06 15:52:08.902  2476  3627 D IccSmsInterfaceManager: [IccSmsInterfaceManager] Failed to remove GSM cell broadcast channels range 4394 to 4394
03-06 15:52:08.909  7200  7276 D EGL_emulation: eglMakeCurrent: 0xdee1ae40: ver 2 0 (tinfo 0xc2e69120)
03-06 15:52:08.911  2476  3627 D IccSmsInterfaceManager: [IccSmsInterfaceManager] Failed to remove GSM cell broadcast channels range 4382 to 4382
03-06 15:52:08.912  7200  7276 D EGL_emulation: eglMakeCurrent: 0xdee1ae40: ver 2 0 (tinfo 0xc2e69120)
03-06 15:52:08.912  2164  7666 I Places  : ?: Couldn't find platform key file.
