03-06 15:53:29.100  2476  2476 D TelephonyProvider: getPreferredApnIdFromApn: for subId 1
03-06 15:53:29.103  2476  2476 D TelephonyProvider: subIdString = 1 subId = 1
03-06 15:53:29.103  2476  2476 D TelephonyProvider: getPreferredApnIdFromApn: for subId 1
03-06 15:53:29.104  2476  2476 D TelephonyProvider: subIdString = 1 subId = 1
03-06 15:53:29.104  2476  2476 D TelephonyProvider: getPreferredApnIdFromApn: for subId 1
03-06 15:53:29.107  2476  6634 D IccSmsInterfaceManager: [IccSmsInterfaceManager] Failed to remove GSM cell broadcast channels range 4382 to 4382
03-06 15:53:29.107  2476  2476 D TelephonyProvider: subIdString = 1 subId = 1
03-06 15:53:29.107  2476  2476 D TelephonyProvider: getPreferredApnIdFromApn: for subId 1
03-06 15:53:29.110  2476  6634 D IccSmsInterfaceManager: [IccSmsInterfaceManager] Failed to remove GSM cell broadcast channels range 4395 to 4395
03-06 15:53:29.110  2476  2476 D TelephonyProvider: subIdString = 1 subId = 1
03-06 15:53:29.110  2476  2476 D TelephonyProvider: getPreferredApnIdFromApn: for subId 1
03-06 15:53:29.111  2476  2476 D TelephonyProvider: subIdString = 1 subId = 1
03-06 15:53:29.111  2476  2476 D TelephonyProvider: getPreferredApnIdFromApn: for subId 1
03-06 15:53:29.113  2476  2476 D TelephonyProvider: subIdString = 1 subId = 1
03-06 15:53:29.113  2476  2476 D TelephonyProvider: getPreferredApnIdFromApn: for subId 1
03-06 15:53:29.118  2476  6634 D IccSmsInterfaceManager: [IccSmsInterfaceManager] Calling setGsmBroadcastConfig with 1 configurations
03-06 15:53:29.119  2476  2476 D TelephonyProvider: subIdString = 1 subId = 1
03-06 15:53:29.119  2476  2476 D TelephonyProvider: getPreferredApnIdFromApn: for subId 1
03-06 15:53:29.124  2476  3373 D TelephonyProvider: subIdString = 1 subId = 1
03-06 15:53:29.125  2476  3373 D TelephonyProvider: getPreferredApnIdFromApn: for subId 1
03-06 15:53:29.129  8355  8355 F libc    : Fatal signal 11 (SIGSEGV), code 1 (SEGV_MAPERR), fault addr 0xa in tid 8355 (rild), pid 8355 (rild)
03-06 15:53:29.129  2476  2476 D TelephonyProvider: subIdString = 1 subId = 1
03-06 15:53:29.134  8374  8374 I crash_dump32: obtaining output fd from tombstoned, type: kDebuggerdTombstone
03-06 15:53:29.135  1864  1864 I /system/bin/tombstoned: received crash request for pid 8355
03-06 15:53:29.135  8374  8374 I crash_dump32: performing dump of process 8355 (target tid = 8355)
03-06 15:53:29.136  8374  8374 F DEBUG   : *** *** *** *** *** *** *** *** *** *** *** *** *** *** *** ***
03-06 15:53:29.136  8374  8374 F DEBUG   : Build fingerprint: 'google/sdk_gphone_x86/generic_x86:10/QSR1.190920.001/5891938:user/release-keys'
03-06 15:53:29.136  8374  8374 F DEBUG   : Revision: '0'
03-06 15:53:29.136  8374  8374 F DEBUG   : ABI: 'x86'
03-06 15:53:29.136  8374  8374 F DEBUG   : Timestamp: 2024-03-06 15:53:29-0500
03-06 15:53:29.136  8374  8374 F DEBUG   : pid: 8355, tid: 8355, name: rild  >>> /vendor/bin/hw/rild <<<
03-06 15:53:29.136  8374  8374 F DEBUG   : uid: 1001
03-06 15:53:29.136  8374  8374 F DEBUG   : signal 11 (SIGSEGV), code 1 (SEGV_MAPERR), fault addr 0xa
03-06 15:53:29.136  8374  8374 F DEBUG   : Cause: null pointer dereference
03-06 15:53:29.136  8374  8374 F DEBUG   :     eax eeeee403  ebx eeb5c0e4  ecx 0000000a  edx 0000000a
03-06 15:53:29.136  8374  8374 F DEBUG   :     edi 0000000a  esi ffe13388
03-06 15:53:29.136  2184  2184 V KeyguardUpdateMonitor: onSubscriptionInfoChanged()
03-06 15:53:29.136  8374  8374 F DEBUG   :     ebp ffe133b8  esp ffe1336c  eip eed95a62
03-06 15:53:29.138  2184  2184 V KeyguardUpdateMonitor: SubInfo:{id=1, iccId=890141032[****] simSlotIndex=0 carrierId=1 displayName=T-Mobile carrierName=Android nameSource=3 iconTint=-16746133 mNumber=[****] dataRoaming=0 iconBitmap=android.graphics.Bitmap@ff334c4 mcc 310 mnc 260mCountryIso=us isEmbedded false accessRules null cardString=890141032[****] cardId=-1 isOpportunistic false mGroupUUID=null mIsGroupDisabled=false profileClass=-1 ehplmns = null hplmns = null subscriptionType=0 mGroupOwner=null}
03-06 15:53:29.140  2476  2476 D CallNotifier: updatePhoneStateListeners: update CF notifications.
03-06 15:53:29.140  2476  2476 I NotificationMgr: updateCfi: subId= 1, visible=N
03-06 15:53:29.140  2476  2476 I NotificationMgr: updateMwi(): subId 1 update to false
03-06 15:53:29.140  2026  2123 W BestClock: java.time.DateTimeException: Missing NTP fix
03-06 15:53:29.143  2026  2123 W BestClock: java.time.DateTimeException: Missing NTP fix
03-06 15:53:29.143  4030  4030 I Dialer  : LegacyVoicemailNotificationReceiver.onReceive - received legacy voicemail notification
03-06 15:53:29.143  4030  4030 I Dialer  : LegacyVoicemailNotificationReceiver.onReceive - isRefresh: false
03-06 15:53:29.143  4030  4030 I Dialer  : LegacyVoicemailNotificationReceiver.onReceive - clearing notification
03-06 15:53:29.143  4030  4030 I Dialer  : LegacyVoicemailNotifier.cancelNotification - enter
03-06 15:53:29.143  1773  1773 I netd    : bandwidthSetGlobalAlert(2097152) <0.06ms>
03-06 15:53:29.145  2476  6634 D IccSmsInterfaceManager: [IccSmsInterfaceManager] Failed to add GSM cell broadcast channels range 4352 to 4354
03-06 15:53:29.146  2476  6634 D IccSmsInterfaceManager: [IccSmsInterfaceManager] Calling setGsmBroadcastConfig with 1 configurations
03-06 15:53:29.147  6392  6424 I Finsky  : [493] fpw.a(10): onSubscriptionsChanged
03-06 15:53:29.147  6392  6424 I Finsky  : [493] fpt.c(15): notifySubscriptionInfoChangedListener: DataSubscriptionInfo=DataSubscriptionInfo{imsiAnonymized=Optional.of(310260000000000), imsiRaw=Optional.of(310260000000000), groupIdLevel1=Optional.absent(), mccMnc=Optional.of(310260), serviceProviderName=Optional.of(Android)}
03-06 15:53:29.150  2476  2476 D CallNotifier: updatePhoneStateListeners: update CF notifications.
03-06 15:53:29.150  2476  2476 I NotificationMgr: updateCfi: subId= 1, visible=N
03-06 15:53:29.151  2476  2476 I NotificationMgr: updateMwi(): subId 1 update to false
03-06 15:53:29.151  8374  8374 F DEBUG   : 
03-06 15:53:29.151  8374  8374 F DEBUG   : backtrace:
03-06 15:53:29.152  8374  8374 F DEBUG   :       #00 pc 00090a62  /apex/com.android.runtime/lib/bionic/libc.so (strlen_generic+18) (BuildId: 76290498408016ad14f4b98c3ab6c65c)
03-06 15:53:29.152  8374  8374 F DEBUG   :       #01 pc 00030dda  /vendor/lib/libril.so (convertRilDataCallToHal(RIL_Data_Call_Response_v11*, android::hardware::radio::V1_0::SetupDataCallResult&)+298) (BuildId: 4aeb9b9e6267ba7c4d9f952da87091a5)
03-06 15:53:29.152  8374  8374 F DEBUG   :       #02 pc 00030a9e  /vendor/lib/libril.so (radio::setupDataCallResponse(int, int, int, RIL_Errno, void*, unsigned int)+270) (BuildId: 4aeb9b9e6267ba7c4d9f952da87091a5)
03-06 15:53:29.152  8374  8374 F DEBUG   :       #03 pc 000223e7  /vendor/lib/libril.so (RIL_onRequestComplete+295) (BuildId: 4aeb9b9e6267ba7c4d9f952da87091a5)
03-06 15:53:29.152  8374  8374 F DEBUG   :       #04 pc 00010595  /vendor/lib/libgoldfish-ril.so (requestOrSendDataCallList+181) (BuildId: 11f26e2e312eda4514be88afc42925aa)
03-06 15:53:29.152  8374  8374 F DEBUG   :       #05 pc 0001358f  /vendor/lib/libgoldfish-ril.so (onRequest+9343) (BuildId: 11f26e2e312eda4514be88afc42925aa)
03-06 15:53:29.152  8374  8374 F DEBUG   :       #06 pc 00024513  /vendor/lib/libril.so (dispatchStrings(int, int, int, bool, int, ...)+259) (BuildId: 4aeb9b9e6267ba7c4d9f952da87091a5)
03-06 15:53:29.152  8374  8374 F DEBUG   :       #07 pc 00026339  /vendor/lib/libril.so (RadioImpl::setupDataCall(int, android::hardware::radio::V1_0::RadioTechnology, android::hardware::radio::V1_0::DataProfileInfo const&, bool, bool, bool)+521) (BuildId: 4aeb9b9e6267ba7c4d9f952da87091a5)
03-06 15:53:29.152  8374  8374 F DEBUG   :       #08 pc 00098c73  /system/lib/vndk-29/android.hardware.radio@1.0.so (android::hardware::radio::V1_0::BnHwRadio::_hidl_setupDataCall(android::hidl::base::V1_0::BnHwBase*, android::hardware::Parcel const&, android::hardware::Parcel*, std::__1::function<void (android::hardware::Parcel&)>)+419) (BuildId: b93c3e4da35ce72bc87e94c6240d3759)
03-06 15:53:29.152  8374  8374 F DEBUG   :       #09 pc 00070046  /system/lib/vndk-29/android.hardware.radio@1.1.so (android::hardware::radio::V1_1::BnHwRadio::onTransact(unsigned int, android::hardware::Parcel const&, android::hardware::Parcel*, unsigned int, std::__1::function<void (android::hardware::Parcel&)>)+12678) (BuildId: 3afdfbc61f24b3696c178b185465fa20)
03-06 15:53:29.152  8374  8374 F DEBUG   :       #10 pc 000954b9  /system/lib/vndk-sp-29/libhidlbase.so (android::hardware::BHwBinder::transact(unsigned int, android::hardware::Parcel const&, android::hardware::Parcel*, unsigned int, std::__1::function<void (android::hardware::Parcel&)>)+105) (BuildId: fcfb915b8de7916fd0e69779451b6316)
03-06 15:53:29.152  8374  8374 F DEBUG   :       #11 pc 00099abf  /system/lib/vndk-sp-29/libhidlbase.so (android::hardware::IPCThreadState::getAndExecuteCommand()+1759) (BuildId: fcfb915b8de7916fd0e69779451b6316)
03-06 15:53:29.152  8374  8374 F DEBUG   :       #12 pc 0009b596  /system/lib/vndk-sp-29/libhidlbase.so (android::hardware::IPCThreadState::joinThreadPool(bool)+118) (BuildId: fcfb915b8de7916fd0e69779451b6316)
03-06 15:53:29.152  8374  8374 F DEBUG   :       #13 pc 000480be  /system/lib/vndk-sp-29/libhidlbase.so (android::hardware::joinBinderRpcThreadpool()+46) (BuildId: fcfb915b8de7916fd0e69779451b6316)
03-06 15:53:29.152  8374  8374 F DEBUG   :       #14 pc 0004a3da  /system/lib/vndk-sp-29/libhidlbase.so (android::hardware::joinRpcThreadpool()+26) (BuildId: fcfb915b8de7916fd0e69779451b6316)
03-06 15:53:29.152  8374  8374 F DEBUG   :       #15 pc 00041dba  /vendor/lib/libril.so (rilc_thread_pool+26) (BuildId: 4aeb9b9e6267ba7c4d9f952da87091a5)
03-06 15:53:29.152  8374  8374 F DEBUG   :       #16 pc 00002499  /vendor/bin/hw/rild (main+1081) (BuildId: 55deaf6775ca3f6a96577d9ae211045e)
03-06 15:53:29.152  8374  8374 F DEBUG   :       #17 pc 000898e8  /apex/com.android.runtime/lib/bionic/libc.so (__libc_init+120) (BuildId: 76290498408016ad14f4b98c3ab6c65c)
03-06 15:53:29.152  6392  6392 I Finsky  : [2] pxd.b(7): Jobs in database: 12-1 21-333333333 28--559038737 31-305419896 
03-06 15:53:29.153  4330  8274 W Bugle   : BuglePhoneNumberUtils: canonicalizeMccMnc: invalid mccmnc. mcc: null, mnc: null
03-06 15:53:29.153  6392  6392 I Finsky  : [2] puk.a(113): ConstraintMapping: 12-1, 21-333333333, 28--559038737, 31-305419896,  -> L: 0ms, D: 82624965ms, C: false, I: false, N: 1
03-06 15:53:29.154  6392  6392 I Finsky  : [2] com.google.android.finsky.scheduler.JobSchedulerEngine.a(42): Cancelling existing job with id: 9000
03-06 15:53:29.154  6392  6637 I Finsky  : [539] qjn.b(1): SIM loaded, prefetching preloads
03-06 15:53:29.154  6392  6428 I Finsky  : [495] qjm.call(2): Prefetching preloads for account null
03-06 15:53:29.154  6392  6428 W Finsky  : [495] cwl.a(19): For unauth, use getDfeApiNonAuthenticated() instead!
03-06 15:53:29.155  4030  4030 I Dialer  : LegacyVoicemailNotificationReceiver.onReceive - received legacy voicemail notification
03-06 15:53:29.155  4030  4030 I Dialer  : LegacyVoicemailNotificationReceiver.onReceive - isRefresh: true
03-06 15:53:29.155  4030  4030 I Dialer  : LegacyVoicemailNotificationReceiver.onReceive - clearing notification
03-06 15:53:29.155  4030  4030 I Dialer  : LegacyVoicemailNotifier.cancelNotification - enter
03-06 15:53:29.156  6392  6392 I Finsky  : [2] com.google.android.finsky.scheduler.JobSchedulerEngine.a(4): Scheduling job Id: 9001, L: 0, D: 82624965, C: false, I: false, N: 1
03-06 15:53:29.156  4330  8274 W Bugle   : Obsolete carrier config resource: maxMessageSize res: 1048576, sys: 307200
03-06 15:53:29.156  4330  8274 W Bugle   : Obsolete carrier config resource: maxImageHeight res: 1944, sys: 480
03-06 15:53:29.156  4330  8274 W Bugle   : Obsolete carrier config resource: maxImageWidth res: 2592, sys: 640
03-06 15:53:29.156  6392  6428 I Finsky  : [495] qnu.a(19): No PAI stub found
03-06 15:53:29.156  6392  6428 E Finsky  : [495] qjm.call(31): Error prefetching preloads, using account=null, preloads=NULL, preloadRros=NULL, preloadGroups=NULL
03-06 15:53:29.156  6392  6428 E Finsky  : com.google.android.finsky.setup.fetchers.RawDocumentsFetchException[reason=pai_config, account=null]
03-06 15:53:29.156  6392  6428 E Finsky  : 	at qnu.a(SourceFile:19)
03-06 15:53:29.156  6392  6428 E Finsky  : 	at qjm.call(Unknown Source:2)
03-06 15:53:29.156  6392  6428 E Finsky  : 	at afxg.a(SourceFile:1)
03-06 15:53:29.156  6392  6428 E Finsky  : 	at afwi.run(SourceFile:3)
03-06 15:53:29.156  6392  6428 E Finsky  : 	at afxf.run(SourceFile:2)
03-06 15:53:29.156  6392  6428 E Finsky  : 	at java.util.concurrent.ThreadPoolExecutor.runWorker(ThreadPoolExecutor.java:1167)
03-06 15:53:29.156  6392  6428 E Finsky  : 	at java.util.concurrent.ThreadPoolExecutor$Worker.run(ThreadPoolExecutor.java:641)
03-06 15:53:29.156  6392  6428 E Finsky  : 	at unn.run(Unknown Source:7)
03-06 15:53:29.156  6392  6428 E Finsky  : 	at java.lang.Thread.run(Thread.java:919)
03-06 15:53:29.156  6392  6428 I Finsky  : [495] qjn.a(10): VpaSelectionActivity will be disabled
03-06 15:53:29.156  6392  6428 I Finsky  : [495] qoh.a(3): PAI late SIM : experiment enabled = false
03-06 15:53:29.156  4330  8274 I Bugle   : Carrier configs loaded: Bundle[{carrier_volte_provisioned_bool=false, disable_charge_indication_bool=false, support_tdscdma_bool=false, httpSocketTimeout=60000, call_redirection_service_component_name_string=null, carrier_wfc_supports_wifi_only_bool=false, carrier_default_actions_on_default_network_available_string_array=[false: 7, true: 8], operator_selection_expand_bool=true, disable_cdma_activation_code_bool=false, simplified_network_settings_bool=false, support_tdscdma_roaming_networks_string_array=null, gps.lpp_profile=0, call_barring_visibility_bool=false, gps.es_extension_sec=0, enable_apps_string_array=null, carrier_default_wfc_ims_roaming_enabled_bool=false, cdma_nonroaming_networks_string_array=null, aliasMinChars=2, wfc_data_spn_format_idx_int=0, hide_sim_lock_settings_bool=false, drop_video_call_when_answering_audio_call_bool=false, ci_action_on_sys_update_bool=false, convert_cdma_caller_id_mmi_codes_while_roaming_on_3gpp_bool=false, support_enhanced_call_blocking_bool=true, vvm_port_number_int=0, carrier_default_wfc_ims_enabled_bool=false, dial_string_replace_string_array=null, opportunistic_network_entry_threshold_bandwidth_int=1024, gsm_nonroaming_networks_string_array=null, hide_ims_apn_bool=false, vvm_destination_number_string=, dtmf_type_enabled_bool=false, allow_video_calling_fallback_bool=true, config_ims_package_override_string=null, only_auto_select_in_home_network=false, smsToMmsTextThreshold=-1, disable_severe_when_extreme_disabled_bool=true, force_home_network_bool=false, spdi_override_string_array=null, show_wfc_location_privacy_policy_bool=false, gps.supl_es=1, enableSMSDeliveryReports=true, auto_retry_enabled_bool=false, opportunistic_network_entry_threshold_rssnr_int=45, play_call_recording_tone_bool=false, carrier_force_disable_etws_cmas_test_bool=false, call_waiting_service_class_int=1, allow_emergency_video_calls_bool=false, csp_enabled_bool=false, default_sim_call_manager_string=, wifi.passpoint_profiles_string_array=null, carrier_app_required_during_setup_bool=false, call_forwarding_blocks_while_roaming_string_array=null, emergency_notification_delay_int=-1, support_video_conference_call_bool=false, ims_dtmf_tone_delay_int=0, show_signal_strength_in_sim_status_bool=true, data_rapid_notification_bool=true, carrier_instant_lettering_escaped_chars_string=, carrier_default_wfc_ims_roaming_mode_int=2, editable_wfc_mode_bool=true, support_direct_fdn_dialing_bool=false, carrier_ut_provisioning_required_bool=false, carrier_wifi_string_array=null, treat_downgraded_video_calls_as_video_calls_bool=false, wifi_calls_can_be_hd_audio=true, support_downgrade_vt_to_audio_bool=true, cdma_enhanced_roaming_indicator_for_home_network_int_array=[1], notify_handover_video_from_lte_to_wifi_bool=false, use_otasp_for_provisioning_bool=false, always_play_remote_hold_tone_bool=false, opportunistic_network_data_switch_hysteresis_time_long=10000, maxMessageTextSize=-1, duration_blocking_disabled_after_emergency_int=7200, carrier_metered_roaming_apn_types_strings=[default, mms, dun, supl], additional_settings_call_waiting_visibility_bool=true, show_video_call_charges_alert_dialog_bool=false, carrier_network_service_wlan_package_override_string=, show_apn_setting_cdma_bool=false, use_usim_bool=false, carrier_instant_lettering_length_limit_int=64, operator_name_filter_pattern_string=, carrier_instant_lettering_invalid_chars_string=, carrier_setup_app_string=, editable_wfc_roaming_mode_bool=false, supportMmsContentDisposition=true, support_manage_ims_conference_call_bool=true, opportunistic_network_exit_threshold_rssnr_int=10, allow_non_emergency_calls_in_ecm_bool=true, allow_cdma_eri_bool=false, carrier_data_service_wlan_package_override_string=, show_carrier_data_icon_pattern_string=, use_rcs_presence_bool=false, config_telephony_use_own_number_for_voicemail_bool=false, cdma_dtmf_tone_delay_int=100, editable_voicemail_number_bool=false, carrier_data_call_apn_retry_after_disconnect_long=10000, filtered_cnap_names_string_array=null, enabledTransID=false, aliasEnabled=false, vvm_disabl
03-06 15:53:29.158  6392  6637 I Finsky  : [539] fpy.a(5): notifySubscriptionInfoChangedListener success.
03-06 15:53:29.158  2476  2476 I TelecomFramework: : onSubscriptionsChanged - update accounts
03-06 15:53:29.158  2476  2476 I TelecomFramework: PstnIncomingCallNotifier: Unregistering: Handler (com.android.internal.telephony.GsmCdmaPhone) {b312827}
03-06 15:53:29.158  2476  2476 I TelecomFramework: TelecomAccountRegistry: setupAccounts: Found 1 phones.  Attempting to register.
03-06 15:53:29.158  2476  2476 I TelecomFramework: TelecomAccountRegistry: setupAccounts: Phone with subscription id 1
03-06 15:53:29.160  2026  2299 W NativeCrashListener: Couldn't find ProcessRecord for pid 8355
03-06 15:53:29.160  8374  8374 E crash_dump32: AM data write failed: Broken pipe
03-06 15:53:29.160  1864  1864 E /system/bin/tombstoned: Tombstone written to: /data/tombstones/tombstone_02
03-06 15:53:29.161  2026  2060 I BootReceiver: Copying /data/tombstones/tombstone_02 to DropBox (SYSTEM_TOMBSTONE)
03-06 15:53:29.161  2026  2060 I DropBoxManagerService: add tag=SYSTEM_TOMBSTONE isTagEnabled=true flags=0x2
03-06 15:53:29.162  2026  2873 I Telecom : PhoneAccountRegistrar: New phone account registered: [[ ] PhoneAccount: ComponentInfo{com.android.phone/com.android.services.telephony.TelephonyConnectionService}, ***, UserHandle{0} Capabilities: CallProvider MultiUser PlaceEmerg SimSub  Audio Routes: BESW Schemes: tel voicemail  Extras: Bundle[{android.telecom.extra.SUPPORTS_VIDEO_CALLING_FALLBACK=true}] GroupId: ***]: TSI.rPA@BC0
03-06 15:53:29.163  2026  2873 I Telecom : CallsManager: Sending phone-account ComponentInfo{com.android.phone/com.android.services.telephony.TelephonyConnectionService}, ***, UserHandle{0} registered intent as user: TSI.rPA@BC0
03-06 15:53:29.164  2026  2873 I Telecom : CallsManager: Sending phone-account registered intent to default dialer: TSI.rPA@BC0
03-06 15:53:29.165  2476  2476 I TelecomFramework: AccountEntry: Registered phoneAccount: [[ ] PhoneAccount: ComponentInfo{com.android.phone/com.android.services.telephony.TelephonyConnectionService}, ***, UserHandle{0} Capabilities: CallProvider MultiUser PlaceEmerg SimSub  Audio Routes: BESW Schemes: tel voicemail  Extras: Bundle[{android.telecom.extra.SUPPORTS_VIDEO_CALLING_FALLBACK=true}] GroupId: ***] with handle: ComponentInfo{com.android.phone/com.android.services.telephony.TelephonyConnectionService}, ***, UserHandle{0}
03-06 15:53:29.165  2476  2476 I TelecomFramework: PstnIncomingCallNotifier: Registering: Handler (com.android.internal.telephony.GsmCdmaPhone) {b312827}
03-06 15:53:29.166  2476  2476 I TelecomFramework: TelecomAccountRegistry: Unregistering phone account ComponentInfo{com.android.phone/com.android.services.telephony.TelephonyConnectionService}, ***, UserHandle{0}.
03-06 15:53:29.167  2026  2873 I Telecom : CallsManager: Sending phone-account ComponentInfo{com.android.phone/com.android.services.telephony.TelephonyConnectionService}, ***, UserHandle{0} unregistered intent as user: TSI.uPA@BDA
03-06 15:53:29.167  2026  2873 I Telecom : CallsManager: Sending phone-account unregistered intent to default dialer: TSI.uPA@BDA
03-06 15:53:29.167  2476  2476 D MultiSimSettingController: onSubscriptionsChanged
03-06 15:53:29.167  2476  2476 D MultiSimSettingController: updateDefaults
03-06 15:53:29.167  2476  2476 D MultiSimSettingController: [updateDefaultValues] change: 0
03-06 15:53:29.167  2476  2476 I CallNotifier: onCallForwardingIndicatorChanged(): subId=1, visible=N
03-06 15:53:29.168  2476  2476 D CallNotifier: updatePhoneStateListeners: update CF notifications.
03-06 15:53:29.168  2476  2476 I NotificationMgr: updateCfi: subId= 1, visible=N
03-06 15:53:29.168  2476  2476 I NotificationMgr: updateMwi(): subId 1 update to false
03-06 15:53:29.171  4030  4030 I Dialer  : LegacyVoicemailNotificationReceiver.onReceive - received legacy voicemail notification
03-06 15:53:29.171  4030  4030 I Dialer  : LegacyVoicemailNotificationReceiver.onReceive - isRefresh: true
03-06 15:53:29.171  4030  4030 I Dialer  : LegacyVoicemailNotificationReceiver.onReceive - clearing notification
03-06 15:53:29.171  4030  4030 I Dialer  : LegacyVoicemailNotifier.cancelNotification - enter
03-06 15:53:29.171  2476  2476 D CallNotifier: updatePhoneStateListeners: update CF notifications.
03-06 15:53:29.171  2476  2476 I NotificationMgr: updateCfi: subId= 1, visible=N
03-06 15:53:29.174  2476  2476 I NotificationMgr: updateMwi(): subId 1 update to false
03-06 15:53:29.176  4030  4030 I Dialer  : LegacyVoicemailNotificationReceiver.onReceive - received legacy voicemail notification
03-06 15:53:29.176  4030  4030 I Dialer  : LegacyVoicemailNotificationReceiver.onReceive - isRefresh: false
03-06 15:53:29.176  4030  4030 I Dialer  : LegacyVoicemailNotificationReceiver.onReceive - clearing notification
03-06 15:53:29.176  4030  4030 I Dialer  : LegacyVoicemailNotifier.cancelNotification - enter
03-06 15:53:29.177  2476  2476 I TelecomFramework: PstnPhoneCapabilitiesNotifier: handleVideoCapabilitesChanged. Video capability - false
03-06 15:53:29.177  2026  2053 W BroadcastQueue: Background execution not allowed: receiving Intent { act=android.intent.action.DROPBOX_ENTRY_ADDED flg=0x10 (has extras) } to com.google.android.gms/.stats.service.DropBoxEntryAddedReceiver
03-06 15:53:29.177  2026  2053 W BroadcastQueue: Background execution not allowed: receiving Intent { act=android.intent.action.DROPBOX_ENTRY_ADDED flg=0x10 (has extras) } to com.google.android.gms/.chimera.GmsIntentOperationService$PersistentTrustedReceiver
03-06 15:53:29.190  2026  2871 I Telecom : PhoneAccountRegistrar: Modify account: [ComponentInfo{com.android.phone/com.android.services.telephony.TelephonyConnectionService}, ***, UserHandle{0}]: TSI.rPA@BDI
03-06 15:53:29.191  2026  2871 I Telecom : CallsManager: handlePhoneAccountChanged: phoneAccount=[[X] PhoneAccount: ComponentInfo{com.android.phone/com.android.services.telephony.TelephonyConnectionService}, ***, UserHandle{0} Capabilities: CallProvider MultiUser PlaceEmerg SimSub  Audio Routes: BESW Schemes: tel voicemail  Extras: Bundle[{android.telecom.extra.SUPPORTS_VIDEO_CALLING_FALLBACK=true}] GroupId: ***]: TSI.rPA@BDI
03-06 15:53:29.230  1676  1676 I hwservicemanager: getTransport: Cannot find entry android.hardware.radio@1.4::IRadio/slot1 in either framework or device manifest.
03-06 15:53:29.230  1676  1676 I hwservicemanager: getTransport: Cannot find entry android.hardware.radio@1.3::IRadio/slot1 in either framework or device manifest.
03-06 15:53:29.230  1676  1676 I hwservicemanager: getTransport: Cannot find entry android.hardware.radio@1.2::IRadio/slot1 in either framework or device manifest.
03-06 15:53:29.231  1676  1676 I hwservicemanager: getTransport: Cannot find entry android.hardware.radio@1.1::IRadio/slot1 in either framework or device manifest.
03-06 15:53:29.232  2476  2476 I ServiceManagement: getService: Trying again for android.hardware.radio@1.0::IRadio/slot1...
03-06 15:53:30.023  1791  2388 E GnssHAL_GnssInterface: gnssSvStatusCb: a: input svInfo.flags is 8
03-06 15:53:30.023  1791  2388 E GnssHAL_GnssInterface: gnssSvStatusCb: b: input svInfo.flags is 8
03-06 15:53:30.233  2476  2476 W ServiceManagement: Waited one second for android.hardware.radio@1.0::IRadio/slot1
03-06 15:53:30.233  2476  2476 I ServiceManagement: getService: Trying again for android.hardware.radio@1.0::IRadio/slot1...
03-06 15:53:30.730  2026  2053 W BroadcastQueue: Background execution not allowed: receiving Intent { act=android.intent.action.DROPBOX_ENTRY_ADDED flg=0x10 (has extras) } to com.google.android.gms/.stats.service.DropBoxEntryAddedReceiver
03-06 15:53:30.730  2026  2053 W BroadcastQueue: Background execution not allowed: receiving Intent { act=android.intent.action.DROPBOX_ENTRY_ADDED flg=0x10 (has extras) } to com.google.android.gms/.chimera.GmsIntentOperationService$PersistentTrustedReceiver
03-06 15:53:30.839  2026  3472 I ActivityTaskManager: START u0 {act=android.intent.action.MAIN cat=[android.intent.category.LAUNCHER] flg=0x10000000 cmp=ru.iteco.fmhandroid.test/androidx.test.core.app.InstrumentationActivityInvoker$EmptyActivity} from uid 10134
03-06 15:53:30.845  2026  2048 E system_server: Invalid ID 0x00000000.
03-06 15:53:30.846  7200  7200 D LifecycleMonitor: Lifecycle status change: ru.iteco.fmhandroid.ui.AppActivity@2ec428a in: PAUSED
03-06 15:53:30.846  7200  7200 V ActivityScenario: Activity lifecycle changed event received but ignored because the reported transition was not ON_CREATE while the last known transition was DESTROYED
03-06 15:53:30.846  7200  7200 V ActivityScenario: Update currentActivityStage to PAUSED, currentActivity=ru.iteco.fmhandroid.ui.AppActivity@2ec428a
03-06 15:53:30.846  2026  3472 W InputReader: Device has associated, but no associated display id.
03-06 15:53:30.849  2026  3472 I chatty  : uid=1000(system) Binder:2026_13 identical 48 lines
03-06 15:53:30.849  2026  3472 W InputReader: Device has associated, but no associated display id.
03-06 15:53:30.850  7353  7353 W ActivityThread: handleWindowVisibility: no activity for token android.os.BinderProxy@83f8c0c
03-06 15:53:30.860  1792  1792 D gralloc_ranchu: gralloc_alloc: Creating ashmem region of size 9592832
03-06 15:53:30.912  2026  2048 W InputReader: Device has associated, but no associated display id.
03-06 15:53:30.913  2026  2048 I chatty  : uid=1000(system) android.anim identical 18 lines
03-06 15:53:30.913  2026  2048 W InputReader: Device has associated, but no associated display id.
03-06 15:53:30.920  1792  1792 D gralloc_ranchu: gralloc_alloc: Creating ashmem region of size 6139904
03-06 15:53:30.939  7200  7276 D EGL_emulation: eglMakeCurrent: 0xdee1ae40: ver 2 0 (tinfo 0xc2e69120)
03-06 15:53:30.954  1792  1792 D gralloc_ranchu: gralloc_alloc: Creating ashmem region of size 9592832
03-06 15:53:30.967  1792  3032 D gralloc_ranchu: gralloc_alloc: Creating ashmem region of size 9592832
03-06 15:53:31.023  1791  2388 E GnssHAL_GnssInterface: gnssSvStatusCb: a: input svInfo.flags is 8
03-06 15:53:31.023  1791  2388 E GnssHAL_GnssInterface: gnssSvStatusCb: b: input svInfo.flags is 8
03-06 15:53:31.026  1792  3032 D gralloc_ranchu: gralloc_alloc: Creating ashmem region of size 9592832
03-06 15:53:31.040  7353  7385 D EGL_emulation: eglMakeCurrent: 0xdb9591c0: ver 2 0 (tinfo 0xf2089d00)
03-06 15:53:31.042  1792  3032 D gralloc_ranchu: gralloc_alloc: Creating ashmem region of size 9592832
03-06 15:53:31.085  2026  3230 W InputReader: Device has associated, but no associated display id.
03-06 15:53:31.085  2026  3230 I chatty  : uid=1000(system) Binder:2026_12 identical 8 lines
03-06 15:53:31.085  2026  3230 W InputReader: Device has associated, but no associated display id.
03-06 15:53:31.088  2026  2052 I ActivityTaskManager: Displayed ru.iteco.fmhandroid.test/androidx.test.core.app.InstrumentationActivityInvoker$EmptyActivity: +244ms
03-06 15:53:31.090  2184  2197 I ndroid.systemu: NativeAlloc concurrent copying GC freed 113192(3394KB) AllocSpace objects, 0(0B) LOS objects, 49% free, 5484KB/10MB, paused 334us total 101.563ms
03-06 15:53:31.091  2026  4059 W InputReader: Device has associated, but no associated display id.
03-06 15:53:31.113  2026  2026 W ActivityManager: Unable to start service Intent { act=android.service.appprediction.AppPredictionService cmp=com.google.android.as/com.google.android.apps.miphone.aiai.app.AiAiPredictionService } U=0: not found
03-06 15:53:31.113  2026  2026 W RemoteAppPredictionService: could not bind to Intent { act=android.service.appprediction.AppPredictionService cmp=com.google.android.as/com.google.android.apps.miphone.aiai.app.AiAiPredictionService } using flags 67108865
03-06 15:53:31.091  2026  4059 I chatty  : uid=1000(system) Binder:2026_16 identical 8 lines
03-06 15:53:31.091  2026  4059 W InputReader: Device has associated, but no associated display id.
03-06 15:53:31.118  7200  7200 D LifecycleMonitor: Lifecycle status change: ru.iteco.fmhandroid.ui.AppActivity@2ec428a in: STOPPED
03-06 15:53:31.118  7200  7200 V ActivityScenario: Activity lifecycle changed event received but ignored because the reported transition was not ON_CREATE while the last known transition was DESTROYED
03-06 15:53:31.118  7200  7200 V ActivityScenario: Update currentActivityStage to STOPPED, currentActivity=ru.iteco.fmhandroid.ui.AppActivity@2ec428a
03-06 15:53:31.145  1792  3032 D gralloc_ranchu: gralloc_alloc: Creating ashmem region of size 9592832
03-06 15:53:31.145  7200  7200 D LifecycleMonitor: Lifecycle status change: ru.iteco.fmhandroid.ui.AppActivity@2ec428a in: DESTROYED
03-06 15:53:31.146  7200  7200 V ActivityScenario: Activity lifecycle changed event received but ignored because the reported transition was not ON_CREATE while the last known transition was DESTROYED
03-06 15:53:31.146  7200  7200 V ActivityScenario: Update currentActivityStage to DESTROYED, currentActivity=null
03-06 15:53:31.150  1792  1792 D gralloc_ranchu: gralloc_alloc: Creating ashmem region of size 9592832
03-06 15:53:31.153  1792  1969 D gralloc_ranchu: gralloc_alloc: Creating ashmem region of size 9592832
03-06 15:53:31.192  1792  3032 D gralloc_ranchu: gralloc_alloc: Creating ashmem region of size 9592832
03-06 15:53:31.208  2890  3240 D EGL_emulation: eglMakeCurrent: 0xdee1c2e0: ver 2 0 (tinfo 0xc1d14460)
03-06 15:53:31.237  2476  2476 W ServiceManagement: Waited one second for android.hardware.radio@1.0::IRadio/slot1
03-06 15:53:31.238  2476  2476 I ServiceManagement: getService: Trying again for android.hardware.radio@1.0::IRadio/slot1...
03-06 15:53:31.248  1792  1969 D gralloc_ranchu: gralloc_alloc: Creating ashmem region of size 9592832
03-06 15:53:31.272  2634  3076 D EGL_emulation: eglMakeCurrent: 0xdee1a120: ver 2 0 (tinfo 0xdee0f3f0)
03-06 15:53:31.272  1792  3032 D gralloc_ranchu: gralloc_alloc: Creating ashmem region of size 9592832
03-06 15:53:31.272  1792  1969 D gralloc_ranchu: gralloc_alloc: Creating ashmem region of size 9592832
03-06 15:53:31.290  2890  2890 W ThreadPoolDumper: Queue length for executor EventBus is now 11. Perhaps some tasks are too long, or the pool is too small.
03-06 15:53:31.301  2890  3121 W SessionLifecycleManager: Handover failed. Creating new session controller.
03-06 15:53:31.317  2026  2048 W InputReader: Device has associated, but no associated display id.
03-06 15:53:31.317  2026  2048 I chatty  : uid=1000(system) android.anim identical 8 lines
03-06 15:53:31.317  2026  2048 W InputReader: Device has associated, but no associated display id.
03-06 15:53:31.317  1792  1969 D gralloc_ranchu: gralloc_alloc: Creating ashmem region of size 6139904
03-06 15:53:31.362  2634  2650 W System  : A resource failed to call release. 
03-06 15:53:31.362  2634  2650 W System  : A resource failed to call release. 
03-06 15:53:31.396  2890  7559 W LocationOracle: No location history returned by ContextManager
03-06 15:53:31.416  2164  3051 W GCoreFlp: No location to return for getLastLocation()
03-06 15:53:31.417  2890  3121 I MicroDetectionWorker: #startMicroDetector [speakerMode: 0]
03-06 15:53:31.422  2890  3121 I AudioController: Created new AudioSource
03-06 15:53:31.427  2890  3121 I MicroDetectionWorker: onReady
03-06 15:53:31.429  2890  3210 I MicroRecognitionRunner: Starting detection.
03-06 15:53:31.430  2890  3210 I MultipleReaderAudioSrc: Using micInputStream
03-06 15:53:31.430  2890  3565 I MicrophoneInputStream: mic_starting  SR : 16000 CC : 16 SO : 1999
03-06 15:53:31.432  2026  2873 W AppOps  : Noting op not finished: uid 10099 pkg com.google.android.gms code 79 time=1709758399849 duration=-1709758167749
03-06 15:53:31.436  2026  3208 W AppOps  : Noting op not finished: uid 10099 pkg com.google.android.gms code 79 time=1709758411432 duration=0
03-06 15:53:31.436  1803  8392 I AudioFlinger: AudioFlinger's thread 0xe2856940 tid=8392 ready to run
03-06 15:53:31.446  2026  3208 I AudioService.RecordingActivityMonitor: rec update riid:111 uid:10105 session:97 src:HOTWORD pack:com.google.android.googlequicksearchbox
03-06 15:53:31.446  2890  3565 I MicrophoneInputStream: mic_started  SR : 16000 CC : 16 SO : 1999
03-06 15:53:31.479  2890  3210 W SpeechLevelGenerator: Really low audio levels detected. The audio input may have issues.
03-06 15:53:31.479  2890  3121 I MicroDetectionWorker: onReady
03-06 15:53:31.485  2164  8244 W ctxmgr  : [AclManager] No 3 for (accnt=account#-517948760#, com.google.android.gms(10099):UserVelocityProducer, vrsn=17786022, 0, 3pPkg = null ,  3pMdlId = null ,  pid = 2164). Was: 3 for 1, account#-517948760# [CONTEXT service_id=47 ]
03-06 15:53:31.512  2026  2873 I WifiService: acquireWifiLock uid=10099 lockMode=2
03-06 15:53:31.517  2164  3051 W GCoreFlp: No location to return for getLastLocation()
