--------- beginning of main
03-06 15:53:06.356  2476  2476 W ServiceManagement: Waited one second for android.hardware.radio@1.0::IRadio/slot1
03-06 15:53:06.356  2476  2476 I ServiceManagement: getService: Trying again for android.hardware.radio@1.0::IRadio/slot1...
03-06 15:53:07.006  1791  2388 E GnssHAL_GnssInterface: gnssSvStatusCb: a: input svInfo.flags is 8
03-06 15:53:07.006  1791  2388 E GnssHAL_GnssInterface: gnssSvStatusCb: b: input svInfo.flags is 8
03-06 15:53:07.357  2476  2476 W ServiceManagement: Waited one second for android.hardware.radio@1.0::IRadio/slot1
03-06 15:53:07.358  2476  2476 I ServiceManagement: getService: Trying again for android.hardware.radio@1.0::IRadio/slot1...
03-06 15:53:08.007  1791  2388 E GnssHAL_GnssInterface: gnssSvStatusCb: a: input svInfo.flags is 8
03-06 15:53:08.008  1791  2388 E GnssHAL_GnssInterface: gnssSvStatusCb: b: input svInfo.flags is 8
--------- beginning of system
03-06 15:53:08.340  2026  2829 I ActivityTaskManager: START u0 {act=android.intent.action.MAIN cat=[android.intent.category.LAUNCHER] flg=0x10000000 cmp=ru.iteco.fmhandroid.test/androidx.test.core.app.InstrumentationActivityInvoker$EmptyActivity} from uid 10134
03-06 15:53:08.350  7200  7200 D LifecycleMonitor: Lifecycle status change: ru.iteco.fmhandroid.ui.AppActivity@b0492fb in: PAUSED
03-06 15:53:08.350  7200  7200 V ActivityScenario: Activity lifecycle changed event received but ignored because the reported transition was not ON_CREATE while the last known transition was DESTROYED
03-06 15:53:08.350  2026  2048 E system_server: Invalid ID 0x00000000.
03-06 15:53:08.350  7200  7200 V ActivityScenario: Update currentActivityStage to PAUSED, currentActivity=ru.iteco.fmhandroid.ui.AppActivity@b0492fb
03-06 15:53:08.351  2026  7117 W InputReader: Device has associated, but no associated display id.
03-06 15:53:08.353  2026  7117 I chatty  : uid=1000(system) Binder:2026_1E identical 38 lines
03-06 15:53:08.353  2026  7117 W InputReader: Device has associated, but no associated display id.
03-06 15:53:08.353  7353  7353 W ActivityThread: handleWindowVisibility: no activity for token android.os.BinderProxy@8bb8ce5
03-06 15:53:08.355  2026  7117 W InputReader: Device has associated, but no associated display id.
03-06 15:53:08.355  2026  7117 I chatty  : uid=1000(system) Binder:2026_1E identical 8 lines
03-06 15:53:08.355  2026  7117 W InputReader: Device has associated, but no associated display id.
03-06 15:53:08.360  2476  2476 W ServiceManagement: Waited one second for android.hardware.radio@1.0::IRadio/slot1
03-06 15:53:08.360  2476  2476 I ServiceManagement: getService: Trying again for android.hardware.radio@1.0::IRadio/slot1...
03-06 15:53:08.366  1792  3032 D gralloc_ranchu: gralloc_alloc: Creating ashmem region of size 9592832
03-06 15:53:08.471  1792  3032 I chatty  : uid=1000(system) HwBinder:1792_3 identical 2 lines
03-06 15:53:08.486  1792  3032 D gralloc_ranchu: gralloc_alloc: Creating ashmem region of size 9592832
03-06 15:53:08.486  7353  7385 D EGL_emulation: eglMakeCurrent: 0xdb9591c0: ver 2 0 (tinfo 0xf2089d00)
03-06 15:53:08.495  2026  2048 W InputReader: Device has associated, but no associated display id.
03-06 15:53:08.496  2026  2048 I chatty  : uid=1000(system) android.anim identical 18 lines
03-06 15:53:08.496  2026  2048 W InputReader: Device has associated, but no associated display id.
03-06 15:53:08.497  1792  1969 D gralloc_ranchu: gralloc_alloc: Creating ashmem region of size 6139904
03-06 15:53:08.506  8214  8214 I ServiceManagement: Registered android.hardware.radio@1.1::IRadio/slot1 (start delay of 25ms)
03-06 15:53:08.507  8214  8214 I ServiceManagement: Registered android.hardware.radio.deprecated@1.0::IOemHook/slot1 (start delay of 25ms)
03-06 15:53:08.507  2476  2476 I android_os_HwBinder: HwBinder: Starting thread pool for getting: android.hardware.radio@1.0::IRadio/slot1
03-06 15:53:08.510  1676  1676 I hwservicemanager: getTransport: Cannot find entry android.hardware.radio.deprecated@1.0::IOemHook/slot1 in either framework or device manifest.
03-06 15:53:08.510  2476  2476 D MultiSimSettingController: onDefaultDataSettingChanged
03-06 15:53:08.511  2476  2476 D CallNotifier: updatePhoneStateListeners: update CF notifications.
03-06 15:53:08.511  2476  2476 I NotificationMgr: updateCfi: subId= 1, visible=N
03-06 15:53:08.512  2476  2476 I NotificationMgr: updateMwi(): subId 1 update to false
03-06 15:53:08.546  7200  7276 D EGL_emulation: eglMakeCurrent: 0xdee1ae40: ver 2 0 (tinfo 0xc2e69120)
03-06 15:53:08.549  1792  3032 D gralloc_ranchu: gralloc_alloc: Creating ashmem region of size 9592832
03-06 15:53:08.556  2026  2873 W InputReader: Device has associated, but no associated display id.
03-06 15:53:08.556  2026  2873 I chatty  : uid=1000(system) Binder:2026_F identical 8 lines
03-06 15:53:08.556  2026  2873 W InputReader: Device has associated, but no associated display id.
03-06 15:53:08.556  4030  4030 I Dialer  : LegacyVoicemailNotificationReceiver.onReceive - received legacy voicemail notification
03-06 15:53:08.556  4030  4030 I Dialer  : LegacyVoicemailNotificationReceiver.onReceive - isRefresh: true
03-06 15:53:08.556  4030  4030 I Dialer  : LegacyVoicemailNotificationReceiver.onReceive - clearing notification
03-06 15:53:08.556  4030  4030 I Dialer  : LegacyVoicemailNotifier.cancelNotification - enter
03-06 15:53:08.558  2026  2052 I ActivityTaskManager: Displayed ru.iteco.fmhandroid.test/androidx.test.core.app.InstrumentationActivityInvoker$EmptyActivity: +218ms
03-06 15:53:08.564  2026  2873 W InputReader: Device has associated, but no associated display id.
03-06 15:53:08.564  2026  2873 I chatty  : uid=1000(system) Binder:2026_F identical 8 lines
03-06 15:53:08.564  2026  2873 W InputReader: Device has associated, but no associated display id.
03-06 15:53:08.592  1792  3032 D gralloc_ranchu: gralloc_alloc: Creating ashmem region of size 9592832
03-06 15:53:08.593  7200  7200 D LifecycleMonitor: Lifecycle status change: ru.iteco.fmhandroid.ui.AppActivity@b0492fb in: STOPPED
03-06 15:53:08.593  7200  7200 V ActivityScenario: Activity lifecycle changed event received but ignored because the reported transition was not ON_CREATE while the last known transition was DESTROYED
03-06 15:53:08.593  7200  7200 V ActivityScenario: Update currentActivityStage to STOPPED, currentActivity=ru.iteco.fmhandroid.ui.AppActivity@b0492fb
03-06 15:53:08.604  7200  7200 D LifecycleMonitor: Lifecycle status change: ru.iteco.fmhandroid.ui.AppActivity@b0492fb in: DESTROYED
03-06 15:53:08.604  7200  7200 V ActivityScenario: Activity lifecycle changed event received but ignored because the reported transition was not ON_CREATE while the last known transition was DESTROYED
03-06 15:53:08.605  7200  7200 V ActivityScenario: Update currentActivityStage to DESTROYED, currentActivity=null
03-06 15:53:08.608  1792  1969 D gralloc_ranchu: gralloc_alloc: Creating ashmem region of size 9592832
03-06 15:53:08.614  2476  2476 I TelecomFramework: : onSubscriptionsChanged - update accounts
03-06 15:53:08.614  2476  2476 I TelecomFramework: PstnIncomingCallNotifier: Unregistering: Handler (com.android.internal.telephony.GsmCdmaPhone) {b312827}
03-06 15:53:08.614  2476  2476 I TelecomFramework: TelecomAccountRegistry: setupAccounts: Found 1 phones.  Attempting to register.
03-06 15:53:08.614  2476  2476 I TelecomFramework: TelecomAccountRegistry: setupAccounts: Phone with subscription id 1
03-06 15:53:08.620  2026  2026 W ActivityManager: Unable to start service Intent { act=android.service.appprediction.AppPredictionService cmp=com.google.android.as/com.google.android.apps.miphone.aiai.app.AiAiPredictionService } U=0: not found
03-06 15:53:08.620  2026  2026 W RemoteAppPredictionService: could not bind to Intent { act=android.service.appprediction.AppPredictionService cmp=com.google.android.as/com.google.android.apps.miphone.aiai.app.AiAiPredictionService } using flags 67108865
03-06 15:53:08.627  2026  2829 I Telecom : PhoneAccountRegistrar: Modify account: [ComponentInfo{com.android.phone/com.android.services.telephony.TelephonyConnectionService}, ***, UserHandle{0}]: TSI.rPA@A64
03-06 15:53:08.628  2026  2829 I Telecom : CallsManager: handlePhoneAccountChanged: phoneAccount=[[X] PhoneAccount: ComponentInfo{com.android.phone/com.android.services.telephony.TelephonyConnectionService}, ***, UserHandle{0} Capabilities: CallProvider MultiUser PlaceEmerg SimSub  Audio Routes: BESW Schemes: tel voicemail  Extras: Bundle[{android.telecom.extra.SUPPORTS_VIDEO_CALLING_FALLBACK=true}] GroupId: ***]: TSI.rPA@A64
03-06 15:53:08.629  2476  2476 I TelecomFramework: AccountEntry: Registered phoneAccount: [[ ] PhoneAccount: ComponentInfo{com.android.phone/com.android.services.telephony.TelephonyConnectionService}, ***, UserHandle{0} Capabilities: CallProvider MultiUser PlaceEmerg SimSub  Audio Routes: BESW Schemes: tel voicemail  Extras: Bundle[{android.telecom.extra.SUPPORTS_VIDEO_CALLING_FALLBACK=true}] GroupId: ***] with handle: ComponentInfo{com.android.phone/com.android.services.telephony.TelephonyConnectionService}, ***, UserHandle{0}
03-06 15:53:08.629  2476  2476 I TelecomFramework: PstnIncomingCallNotifier: Registering: Handler (com.android.internal.telephony.GsmCdmaPhone) {b312827}
03-06 15:53:08.630  2476  2476 D MultiSimSettingController: onSubscriptionsChanged
03-06 15:53:08.630  2476  2476 D MultiSimSettingController: updateDefaults
03-06 15:53:08.630  2476  2476 D MultiSimSettingController: [updateDefaultValues] change: 0
03-06 15:53:08.631  2476  2476 I TelecomFramework: : onSubscriptionsChanged - update accounts
03-06 15:53:08.631  2476  2476 I TelecomFramework: PstnIncomingCallNotifier: Unregistering: Handler (com.android.internal.telephony.GsmCdmaPhone) {b312827}
03-06 15:53:08.631  2476  2476 I TelecomFramework: TelecomAccountRegistry: setupAccounts: Found 1 phones.  Attempting to register.
03-06 15:53:08.632  2476  2476 I TelecomFramework: TelecomAccountRegistry: setupAccounts: Phone with subscription id 1
03-06 15:53:08.638  2026  2829 I Telecom : PhoneAccountRegistrar: Modify account: [ComponentInfo{com.android.phone/com.android.services.telephony.TelephonyConnectionService}, ***, UserHandle{0}]: TSI.rPA@A7E
03-06 15:53:08.638  2026  2829 I Telecom : CallsManager: handlePhoneAccountChanged: phoneAccount=[[X] PhoneAccount: ComponentInfo{com.android.phone/com.android.services.telephony.TelephonyConnectionService}, ***, UserHandle{0} Capabilities: CallProvider MultiUser PlaceEmerg SimSub  Audio Routes: BESW Schemes: tel voicemail  Extras: Bundle[{android.telecom.extra.SUPPORTS_VIDEO_CALLING_FALLBACK=true}] GroupId: ***]: TSI.rPA@A7E
03-06 15:53:08.639  2476  2476 I TelecomFramework: AccountEntry: Registered phoneAccount: [[ ] PhoneAccount: ComponentInfo{com.android.phone/com.android.services.telephony.TelephonyConnectionService}, ***, UserHandle{0} Capabilities: CallProvider MultiUser PlaceEmerg SimSub  Audio Routes: BESW Schemes: tel voicemail  Extras: Bundle[{android.telecom.extra.SUPPORTS_VIDEO_CALLING_FALLBACK=true}] GroupId: ***] with handle: ComponentInfo{com.android.phone/com.android.services.telephony.TelephonyConnectionService}, ***, UserHandle{0}
03-06 15:53:08.639  2476  2476 I TelecomFramework: PstnIncomingCallNotifier: Registering: Handler (com.android.internal.telephony.GsmCdmaPhone) {b312827}
03-06 15:53:08.640  2476  2476 D CallNotifier: updatePhoneStateListeners: update CF notifications.
03-06 15:53:08.640  2476  2476 I NotificationMgr: updateCfi: subId= 1, visible=N
03-06 15:53:08.647  1792  3032 D gralloc_ranchu: gralloc_alloc: Creating ashmem region of size 9592832
03-06 15:53:08.648  1792  1969 D gralloc_ranchu: gralloc_alloc: Creating ashmem region of size 9592832
03-06 15:53:08.651  2890  3240 D EGL_emulation: eglMakeCurrent: 0xdee1c2e0: ver 2 0 (tinfo 0xc1d14460)
03-06 15:53:08.697  1792  3032 D gralloc_ranchu: gralloc_alloc: Creating ashmem region of size 9592832
03-06 15:53:08.703  1792  1969 D gralloc_ranchu: gralloc_alloc: Creating ashmem region of size 9592832
03-06 15:53:08.717  2476  2476 I NotificationMgr: updateMwi(): subId 1 update to false
03-06 15:53:08.728  1792  1792 D gralloc_ranchu: gralloc_alloc: Creating ashmem region of size 9592832
03-06 15:53:08.730  2634  3076 D EGL_emulation: eglMakeCurrent: 0xdee1a120: ver 2 0 (tinfo 0xdee0f3f0)
03-06 15:53:08.737  4030  4030 I Dialer  : LegacyVoicemailNotificationReceiver.onReceive - received legacy voicemail notification
03-06 15:53:08.737  4030  4030 I Dialer  : LegacyVoicemailNotificationReceiver.onReceive - isRefresh: true
03-06 15:53:08.737  4030  4030 I Dialer  : LegacyVoicemailNotificationReceiver.onReceive - clearing notification
03-06 15:53:08.737  4030  4030 I Dialer  : LegacyVoicemailNotifier.cancelNotification - enter
03-06 15:53:08.738  2476  2476 D MultiSimSettingController: onSubscriptionsChanged
03-06 15:53:08.738  2476  2476 D MultiSimSettingController: updateDefaults
03-06 15:53:08.738  2476  2476 D MultiSimSettingController: [updateDefaultValues] change: 0
03-06 15:53:08.738  2476  2476 I TelecomFramework: : onSubscriptionsChanged - update accounts
03-06 15:53:08.738  2476  2476 I TelecomFramework: PstnIncomingCallNotifier: Unregistering: Handler (com.android.internal.telephony.GsmCdmaPhone) {b312827}
03-06 15:53:08.738  2476  2476 I TelecomFramework: TelecomAccountRegistry: setupAccounts: Found 1 phones.  Attempting to register.
03-06 15:53:08.738  2476  2476 I TelecomFramework: TelecomAccountRegistry: setupAccounts: Phone with subscription id 1
03-06 15:53:08.755  2890  2890 W ThreadPoolDumper: Queue length for executor EventBus is now 11. Perhaps some tasks are too long, or the pool is too small.
03-06 15:53:08.759  2026  2048 W InputReader: Device has associated, but no associated display id.
03-06 15:53:08.759  2026  2048 I chatty  : uid=1000(system) android.anim identical 8 lines
03-06 15:53:08.759  2026  2048 W InputReader: Device has associated, but no associated display id.
03-06 15:53:08.762  1792  1792 D gralloc_ranchu: gralloc_alloc: Creating ashmem region of size 6139904
03-06 15:53:08.765  2026  3472 I Telecom : PhoneAccountRegistrar: Modify account: [ComponentInfo{com.android.phone/com.android.services.telephony.TelephonyConnectionService}, ***, UserHandle{0}]: TSI.rPA@A7Q
03-06 15:53:08.765  2026  3472 I Telecom : CallsManager: handlePhoneAccountChanged: phoneAccount=[[X] PhoneAccount: ComponentInfo{com.android.phone/com.android.services.telephony.TelephonyConnectionService}, ***, UserHandle{0} Capabilities: CallProvider MultiUser PlaceEmerg SimSub  Audio Routes: BESW Schemes: tel voicemail  Extras: Bundle[{android.telecom.extra.SUPPORTS_VIDEO_CALLING_FALLBACK=true}] GroupId: ***]: TSI.rPA@A7Q
03-06 15:53:08.766  2476  2476 I TelecomFramework: AccountEntry: Registered phoneAccount: [[ ] PhoneAccount: ComponentInfo{com.android.phone/com.android.services.telephony.TelephonyConnectionService}, ***, UserHandle{0} Capabilities: CallProvider MultiUser PlaceEmerg SimSub  Audio Routes: BESW Schemes: tel voicemail  Extras: Bundle[{android.telecom.extra.SUPPORTS_VIDEO_CALLING_FALLBACK=true}] GroupId: ***] with handle: ComponentInfo{com.android.phone/com.android.services.telephony.TelephonyConnectionService}, ***, UserHandle{0}
03-06 15:53:08.766  2476  2476 I TelecomFramework: PstnIncomingCallNotifier: Registering: Handler (com.android.internal.telephony.GsmCdmaPhone) {b312827}
03-06 15:53:08.767  2476  2476 D CallNotifier: updatePhoneStateListeners: update CF notifications.
03-06 15:53:08.767  2476  2476 I NotificationMgr: updateCfi: subId= 1, visible=N
03-06 15:53:08.768  2476  2476 I NotificationMgr: updateMwi(): subId 1 update to false
03-06 15:53:08.802  2890  3121 W SessionLifecycleManager: Handover failed. Creating new session controller.
03-06 15:53:08.803  2476  2476 D MultiSimSettingController: onSubscriptionsChanged
03-06 15:53:08.803  2476  2476 D MultiSimSettingController: updateDefaults
03-06 15:53:08.805  2476  2476 D MultiSimSettingController: [updateDefaultValues] change: 0
03-06 15:53:08.807  4030  4030 I Dialer  : LegacyVoicemailNotificationReceiver.onReceive - received legacy voicemail notification
03-06 15:53:08.807  4030  4030 I Dialer  : LegacyVoicemailNotificationReceiver.onReceive - isRefresh: true
03-06 15:53:08.807  4030  4030 I Dialer  : LegacyVoicemailNotificationReceiver.onReceive - clearing notification
03-06 15:53:08.807  4030  4030 I Dialer  : LegacyVoicemailNotifier.cancelNotification - enter
03-06 15:53:08.818  2476  2476 I TelecomFramework: : onSubscriptionsChanged - update accounts
03-06 15:53:08.818  2476  2476 I TelecomFramework: PstnIncomingCallNotifier: Unregistering: Handler (com.android.internal.telephony.GsmCdmaPhone) {b312827}
03-06 15:53:08.818  2476  2476 I TelecomFramework: TelecomAccountRegistry: setupAccounts: Found 1 phones.  Attempting to register.
03-06 15:53:08.818  2476  2476 I TelecomFramework: TelecomAccountRegistry: setupAccounts: Phone with subscription id 1
03-06 15:53:08.828  2026  7117 I Telecom : PhoneAccountRegistrar: Modify account: [ComponentInfo{com.android.phone/com.android.services.telephony.TelephonyConnectionService}, ***, UserHandle{0}]: TSI.rPA@A7c
03-06 15:53:08.829  2026  7117 I Telecom : CallsManager: handlePhoneAccountChanged: phoneAccount=[[X] PhoneAccount: ComponentInfo{com.android.phone/com.android.services.telephony.TelephonyConnectionService}, ***, UserHandle{0} Capabilities: CallProvider MultiUser PlaceEmerg SimSub  Audio Routes: BESW Schemes: tel voicemail  Extras: Bundle[{android.telecom.extra.SUPPORTS_VIDEO_CALLING_FALLBACK=true}] GroupId: ***]: TSI.rPA@A7c
03-06 15:53:08.833  2476  2476 I TelecomFramework: AccountEntry: Registered phoneAccount: [[ ] PhoneAccount: ComponentInfo{com.android.phone/com.android.services.telephony.TelephonyConnectionService}, ***, UserHandle{0} Capabilities: CallProvider MultiUser PlaceEmerg SimSub  Audio Routes: BESW Schemes: tel voicemail  Extras: Bundle[{android.telecom.extra.SUPPORTS_VIDEO_CALLING_FALLBACK=true}] GroupId: ***] with handle: ComponentInfo{com.android.phone/com.android.services.telephony.TelephonyConnectionService}, ***, UserHandle{0}
03-06 15:53:08.833  2476  2476 I TelecomFramework: PstnIncomingCallNotifier: Registering: Handler (com.android.internal.telephony.GsmCdmaPhone) {b312827}
03-06 15:53:08.834  2476  2476 D CallNotifier: updatePhoneStateListeners: update CF notifications.
03-06 15:53:08.834  2476  2476 I NotificationMgr: updateCfi: subId= 1, visible=N
03-06 15:53:08.834  2476  2476 I NotificationMgr: updateMwi(): subId 1 update to false
03-06 15:53:08.837  4030  4030 I Dialer  : LegacyVoicemailNotificationReceiver.onReceive - received legacy voicemail notification
03-06 15:53:08.837  4030  4030 I Dialer  : LegacyVoicemailNotificationReceiver.onReceive - isRefresh: true
03-06 15:53:08.837  4030  4030 I Dialer  : LegacyVoicemailNotificationReceiver.onReceive - clearing notification
03-06 15:53:08.837  4030  4030 I Dialer  : LegacyVoicemailNotifier.cancelNotification - enter
03-06 15:53:08.838  2476  2476 D MultiSimSettingController: onSubscriptionsChanged
03-06 15:53:08.838  2476  2476 D MultiSimSettingController: updateDefaults
03-06 15:53:08.838  2476  2476 D MultiSimSettingController: [updateDefaultValues] change: 0
03-06 15:53:08.845  2476  2476 D CallNotifier: updatePhoneStateListeners: update CF notifications.
03-06 15:53:08.845  2476  2476 I NotificationMgr: updateCfi: subId= 1, visible=N
03-06 15:53:08.845  2476  2476 I NotificationMgr: updateMwi(): subId 1 update to false
03-06 15:53:08.848  4030  4030 I Dialer  : LegacyVoicemailNotificationReceiver.onReceive - received legacy voicemail notification
03-06 15:53:08.848  4030  4030 I Dialer  : LegacyVoicemailNotificationReceiver.onReceive - isRefresh: true
03-06 15:53:08.848  4030  4030 I Dialer  : LegacyVoicemailNotificationReceiver.onReceive - clearing notification
03-06 15:53:08.848  4030  4030 I Dialer  : LegacyVoicemailNotifier.cancelNotification - enter
03-06 15:53:08.849  2476  2476 I TelecomFramework: : onSubscriptionsChanged - update accounts
03-06 15:53:08.849  2476  2476 I TelecomFramework: PstnIncomingCallNotifier: Unregistering: Handler (com.android.internal.telephony.GsmCdmaPhone) {b312827}
03-06 15:53:08.849  2476  2476 I TelecomFramework: TelecomAccountRegistry: setupAccounts: Found 1 phones.  Attempting to register.
03-06 15:53:08.849  2476  2476 I TelecomFramework: TelecomAccountRegistry: setupAccounts: Phone with subscription id 1
03-06 15:53:08.855  2026  2829 I Telecom : PhoneAccountRegistrar: Modify account: [ComponentInfo{com.android.phone/com.android.services.telephony.TelephonyConnectionService}, ***, UserHandle{0}]: TSI.rPA@A7o
03-06 15:53:08.855  2634  2650 W System  : A resource failed to call release. 
03-06 15:53:08.856  2026  2829 I Telecom : CallsManager: handlePhoneAccountChanged: phoneAccount=[[X] PhoneAccount: ComponentInfo{com.android.phone/com.android.services.telephony.TelephonyConnectionService}, ***, UserHandle{0} Capabilities: CallProvider MultiUser PlaceEmerg SimSub  Audio Routes: BESW Schemes: tel voicemail  Extras: Bundle[{android.telecom.extra.SUPPORTS_VIDEO_CALLING_FALLBACK=true}] GroupId: ***]: TSI.rPA@A7o
03-06 15:53:08.857  2476  2476 I TelecomFramework: AccountEntry: Registered phoneAccount: [[ ] PhoneAccount: ComponentInfo{com.android.phone/com.android.services.telephony.TelephonyConnectionService}, ***, UserHandle{0} Capabilities: CallProvider MultiUser PlaceEmerg SimSub  Audio Routes: BESW Schemes: tel voicemail  Extras: Bundle[{android.telecom.extra.SUPPORTS_VIDEO_CALLING_FALLBACK=true}] GroupId: ***] with handle: ComponentInfo{com.android.phone/com.android.services.telephony.TelephonyConnectionService}, ***, UserHandle{0}
03-06 15:53:08.857  2476  2476 I TelecomFramework: PstnIncomingCallNotifier: Registering: Handler (com.android.internal.telephony.GsmCdmaPhone) {b312827}
03-06 15:53:08.855  2634  2650 W System  : A resource failed to call release. 
03-06 15:53:08.859  2476  2476 D MultiSimSettingController: onSubscriptionsChanged
03-06 15:53:08.859  2476  2476 D MultiSimSettingController: updateDefaults
03-06 15:53:08.859  2476  2476 D MultiSimSettingController: [updateDefaultValues] change: 0
03-06 15:53:08.862  2476  2476 I VvmSimStateTracker: android.intent.action.SIM_STATE_CHANGED
03-06 15:53:08.863  6392  6392 I Finsky  : [2] com.google.android.finsky.simhandler.SimStateReceiver.a(6): android.intent.action.SIM_STATE_CHANGED : simState = LOADED
03-06 15:53:08.867  2476  2476 D CallNotifier: updatePhoneStateListeners: update CF notifications.
03-06 15:53:08.868  2387  7465 I constellation: [sim_state_checker] sim state checker is disabled.
03-06 15:53:08.867  2476  2476 I NotificationMgr: updateCfi: subId= 1, visible=N
03-06 15:53:08.869  2026  7117 W BroadcastQueue: Background execution not allowed: receiving Intent { act=android.intent.action.DROPBOX_ENTRY_ADDED flg=0x10 (has extras) } to com.google.android.gms/.stats.service.DropBoxEntryAddedReceiver
03-06 15:53:08.869  2026  2053 W BroadcastQueue: Background execution not allowed: receiving Intent { act=android.intent.action.DROPBOX_ENTRY_ADDED flg=0x10 (has extras) } to com.google.android.gms/.chimera.GmsIntentOperationService$PersistentTrustedReceiver
03-06 15:53:08.872  2476  2476 I NotificationMgr: updateMwi(): subId 1 update to false
03-06 15:53:08.881  4030  4030 I Dialer  : LegacyVoicemailNotificationReceiver.onReceive - received legacy voicemail notification
03-06 15:53:08.881  4030  4030 I Dialer  : LegacyVoicemailNotificationReceiver.onReceive - isRefresh: true
03-06 15:53:08.882  4030  4030 I Dialer  : LegacyVoicemailNotificationReceiver.onReceive - clearing notification
03-06 15:53:08.882  4030  4030 I Dialer  : LegacyVoicemailNotifier.cancelNotification - enter
03-06 15:53:08.884  2476  2476 I TelecomFramework: : onSubscriptionsChanged - update accounts
03-06 15:53:08.884  2476  2476 I TelecomFramework: PstnIncomingCallNotifier: Unregistering: Handler (com.android.internal.telephony.GsmCdmaPhone) {b312827}
03-06 15:53:08.884  2476  2476 I TelecomFramework: TelecomAccountRegistry: setupAccounts: Found 1 phones.  Attempting to register.
03-06 15:53:08.884  2476  2476 I TelecomFramework: TelecomAccountRegistry: setupAccounts: Phone with subscription id 1
03-06 15:53:08.889  2890  3207 W LocationOracle: No location history returned by ContextManager
03-06 15:53:08.898  2026  7117 I Telecom : PhoneAccountRegistrar: Modify account: [ComponentInfo{com.android.phone/com.android.services.telephony.TelephonyConnectionService}, ***, UserHandle{0}]: TSI.rPA@A70
03-06 15:53:08.898  2026  7117 I Telecom : CallsManager: handlePhoneAccountChanged: phoneAccount=[[X] PhoneAccount: ComponentInfo{com.android.phone/com.android.services.telephony.TelephonyConnectionService}, ***, UserHandle{0} Capabilities: CallProvider MultiUser PlaceEmerg SimSub  Audio Routes: BESW Schemes: tel voicemail  Extras: Bundle[{android.telecom.extra.SUPPORTS_VIDEO_CALLING_FALLBACK=true}] GroupId: ***]: TSI.rPA@A70
03-06 15:53:08.899  2476  2476 I TelecomFramework: AccountEntry: Registered phoneAccount: [[ ] PhoneAccount: ComponentInfo{com.android.phone/com.android.services.telephony.TelephonyConnectionService}, ***, UserHandle{0} Capabilities: CallProvider MultiUser PlaceEmerg SimSub  Audio Routes: BESW Schemes: tel voicemail  Extras: Bundle[{android.telecom.extra.SUPPORTS_VIDEO_CALLING_FALLBACK=true}] GroupId: ***] with handle: ComponentInfo{com.android.phone/com.android.services.telephony.TelephonyConnectionService}, ***, UserHandle{0}
03-06 15:53:08.899  2476  2476 I TelecomFramework: PstnIncomingCallNotifier: Registering: Handler (com.android.internal.telephony.GsmCdmaPhone) {b312827}
03-06 15:53:08.902  2164  3051 W GCoreFlp: No location to return for getLastLocation()
03-06 15:53:08.916  2476  2476 D MultiSimSettingController: onSubscriptionsChanged
03-06 15:53:08.916  2476  2476 D MultiSimSettingController: updateDefaults
03-06 15:53:08.916  2476  2476 D MultiSimSettingController: [updateDefaultValues] change: 0
03-06 15:53:08.916  2476  2476 D CarrierConfigLoader: mHandler: 7 phoneId: 0
03-06 15:53:08.918  2476  2476 D CarrierConfigLoader: Loaded config from XML. package=com.android.carrierconfig phoneId=0
03-06 15:53:08.918  2476  2476 D CarrierSvcBindHelper: mHandler: 0
03-06 15:53:08.918  2476  2476 D CarrierSvcBindHelper: Rebinding if necessary for phoneId: 0
03-06 15:53:08.922  2476  2476 D CarrierSvcBindHelper: No carrier app for: 0
03-06 15:53:08.925  2890  3121 I MicroDetectionWorker: #startMicroDetector [speakerMode: 0]
03-06 15:53:08.931  2890  3121 I AudioController: Created new AudioSource
03-06 15:53:08.932  2890  3121 I MicroDetectionWorker: onReady
03-06 15:53:08.934  2890  3210 I MicroRecognitionRunner: Starting detection.
03-06 15:53:08.938  2890  3210 I MultipleReaderAudioSrc: Using micInputStream
03-06 15:53:08.940  2890  3215 I MicrophoneInputStream: mic_starting  SR : 16000 CC : 16 SO : 1999
03-06 15:53:08.945  1803  8227 I AudioFlinger: AudioFlinger's thread 0xe28567c0 tid=8227 ready to run
03-06 15:53:08.958  2890  3215 I MicrophoneInputStream: mic_started  SR : 16000 CC : 16 SO : 1999
03-06 15:53:08.958  2026  2829 I AudioService.RecordingActivityMonitor: rec update riid:103 uid:10105 session:89 src:HOTWORD pack:com.google.android.googlequicksearchbox
03-06 15:53:08.961  2476  3978 D IccSmsInterfaceManager: [IccSmsInterfaceManager] Failed to add GSM cell broadcast channels range 4373 to 4378
03-06 15:53:08.961  2476  3978 D IccSmsInterfaceManager: [IccSmsInterfaceManager] Calling setCdmaBroadcastConfig with 1 configurations
03-06 15:53:08.973  1676  1676 I hwservicemanager: getTransport: Cannot find entry android.hardware.radio.config@1.1::IRadioConfig/default in either framework or device manifest.
03-06 15:53:08.974  1676  1676 I hwservicemanager: getTransport: Cannot find entry android.hardware.radio.config@1.0::IRadioConfig/default in either framework or device manifest.
03-06 15:53:08.980  1676  1676 I hwservicemanager: getTransport: Cannot find entry android.hardware.radio.config@1.1::IRadioConfig/default in either framework or device manifest.
03-06 15:53:08.980  1676  1676 I hwservicemanager: getTransport: Cannot find entry android.hardware.radio.config@1.0::IRadioConfig/default in either framework or device manifest.
03-06 15:53:08.980  1676  1676 I hwservicemanager: getTransport: Cannot find entry android.hardware.radio.config@1.1::IRadioConfig/default in either framework or device manifest.
03-06 15:53:08.980  1676  1676 I hwservicemanager: getTransport: Cannot find entry android.hardware.radio.config@1.0::IRadioConfig/default in either framework or device manifest.
03-06 15:53:08.981  2476  2476 I TelecomFramework: PstnPhoneCapabilitiesNotifier: handleVideoCapabilitesChanged. Video capability - false
03-06 15:53:08.998  2026  2829 D AlarmManagerService: Kernel timezone updated to 0 minutes west of GMT
03-06 15:53:09.000  2890  3121 I MicroDetectionWorker: onReady
03-06 15:53:09.007  2890  3210 W SpeechLevelGenerator: Really low audio levels detected. The audio input may have issues.
03-06 15:53:09.007  1791  2388 E GnssHAL_GnssInterface: gnssSvStatusCb: a: input svInfo.flags is 8
03-06 15:53:09.007  1791  2388 E GnssHAL_GnssInterface: gnssSvStatusCb: b: input svInfo.flags is 8
03-06 15:53:08.982  2476  2476 I chatty  : uid=1001(radio) com.android.phone identical 1 line
03-06 15:53:08.982  2476  2476 I TelecomFramework: PstnPhoneCapabilitiesNotifier: handleVideoCapabilitesChanged. Video capability - false
03-06 15:53:09.013  2026  2026 D ConditionProviders.SCP: onReceive android.intent.action.TIMEZONE_CHANGED
03-06 15:53:09.014  2026  2026 D ConditionProviders.SCP: evaluateSubscriptionLocked cal=ScheduleCalendar[mDays={1, 2, 3, 4, 5, 6, 7}, mSchedule=ScheduleInfo{days=[1, 2, 3, 4, 5, 6, 7], startHour=22, startMinute=0, endHour=7, endMinute=0, exitAtAlarm=true, nextAlarm=Thu Jan 01 00:00:00 GMT 1970 (0)}], now=Wed Mar 06 20:53:09 GMT 2024 (1709758389013), nextUserAlarmTime=Thu Jan 01 00:00:00 GMT 1970 (0)
03-06 15:53:09.014  2026  2026 D ConditionProviders.SCP: notifyCondition condition://android/schedule?days=1.2.3.4.5.6.7&start=22.0&end=7.0&exitAtAlarm=true STATE_FALSE reason=!meetsSchedule
03-06 15:53:09.015  2026  2026 D ConditionProviders.SCP: Scheduling evaluate for Wed Mar 06 22:00:00 GMT 2024 (1709762400000), in +1h6m50s987ms, now=Wed Mar 06 20:53:09 GMT 2024 (1709758389013)
03-06 15:53:09.017  2026  2829 W AppOps  : Noting op not finished: uid 10099 pkg com.google.android.gms code 79 time=1709758388403 duration=-1709758178393
03-06 15:53:09.027  2476  2476 I TelecomFramework: PstnPhoneCapabilitiesNotifier: handleVideoCapabilitesChanged. Video capability - false
03-06 15:53:09.027  2476  2476 I TelecomFramework: PstnPhoneCapabilitiesNotifier: handleVideoCapabilitesChanged. Video capability - false
03-06 15:53:09.027  2026  2873 W AppOps  : Noting op not finished: uid 10099 pkg com.google.android.gms code 79 time=1709758389017 duration=0
03-06 15:53:09.030  7418  7418 D CarrierDefaultBroadcastReceiver: onReceive intent: com.android.internal.telephony.CARRIER_SIGNAL_RESET
03-06 15:53:09.033  7418  7418 D CarrierDefaultBroadcastReceiver: apply carrier action idx: 6
03-06 15:53:09.033  7418  7418 D CarrierActionUtils: onCancelAllNotifications
03-06 15:53:09.034  7418  7418 D CarrierDefaultBroadcastReceiver: apply carrier action idx: 8
03-06 15:53:09.035  7418  7418 D CarrierActionUtils: onDisableDefaultURLHandler
03-06 15:53:09.039  2476  2476 I TelecomFramework: PstnPhoneCapabilitiesNotifier: handleVideoCapabilitesChanged. Video capability - false
03-06 15:53:09.039  2476  2476 E PhoneInterfaceManager: [PhoneIntfMgr] getIccId: No UICC
03-06 15:53:09.056  2026  2873 I Telecom : PhoneAccountRegistrar: New phone account registered: [[ ] PhoneAccount: ComponentInfo{com.android.phone/com.android.services.telephony.TelephonyConnectionService}, ***, UserHandle{0} Capabilities: CallProvider MultiUser PlaceEmerg SimSub  Audio Routes: BESW Schemes: tel voicemail  Extras: Bundle[{android.telecom.extra.SUPPORTS_VIDEO_CALLING_FALLBACK=true}] GroupId: ***]: TSI.rPA@A8A
03-06 15:53:09.057  2026  2873 I Telecom : CallsManager: Sending phone-account ComponentInfo{com.android.phone/com.android.services.telephony.TelephonyConnectionService}, ***, UserHandle{0} registered intent as user: TSI.rPA@A8A
03-06 15:53:09.060  2026  2873 I Telecom : CallsManager: Sending phone-account registered intent to default dialer: TSI.rPA@A8A
03-06 15:53:09.060  2476  2476 D CarrierConfigLoader: mHandler: 5 phoneId: 0
03-06 15:53:09.060  2476  2476 E PhoneInterfaceManager: [PhoneIntfMgr] getCarrierPackageNamesForIntent: No UICC
03-06 15:53:09.062  2476  2476 D IntentBroadcaster: Broadcasting and adding intent for rebroadcast: android.intent.action.SIM_STATE_CHANGED UNKNOWN for slotId 0
03-06 15:53:09.064  2803  2803 I rcs     : [PresencePublication] onReceive intent=Intent { act=android.intent.action.SIM_STATE_CHANGED flg=0x5000010 (has extras) }
03-06 15:53:09.064  2803  2803 I rcs     : [PresencePublication] ACTION_SIM_STATE_CHANGED INTENT_KEY_ICC_STATE=UNKNOWN
03-06 15:53:09.064  2803  2803 I rcs     : [RcsService] onReceive intent=Intent { act=android.intent.action.SIM_STATE_CHANGED flg=0x5000010 (has extras) }
03-06 15:53:09.067  2184  2184 V KeyguardUpdateMonitor: action android.intent.action.SIM_STATE_CHANGED state: UNKNOWN slotId: 0 subid: 1
03-06 15:53:09.067  2184  2184 D KeyguardUpdateMonitor: handleSimStateChange(subId=1, slotId=0, state=UNKNOWN)
03-06 15:53:09.073  2164  7666 W ctxmgr  : [AclManager] No 3 for (accnt=account#-517948760#, com.google.android.gms(10099):UserVelocityProducer, vrsn=17786022, 0, 3pPkg = null ,  3pMdlId = null ,  pid = 2164). Was: 3 for 1, account#-517948760# [CONTEXT service_id=47 ]
03-06 15:53:09.077  2476  2476 D CarrierConfigLoader: update config for phoneId: 0 simState: UNKNOWN
03-06 15:53:09.077  2476  2476 D CarrierSvcBindHelper: update binding for phoneId: 0 simState: UNKNOWN
03-06 15:53:09.090  2476  2476 D TelephonyProvider: match current APN size:  0
03-06 15:53:09.090  2476  2476 E TelephonyProvider: iccRecords is null
03-06 15:53:09.090  2476  3978 D IccSmsInterfaceManager: [IccSmsInterfaceManager] Failed to add cdma broadcast channels range 4098 to 4098
03-06 15:53:09.091  2164  3051 W GCoreFlp: No location to return for getLastLocation()
03-06 15:53:09.092  2476  3978 D IccSmsInterfaceManager: [IccSmsInterfaceManager] Calling setGsmBroadcastConfig with 1 configurations
03-06 15:53:09.101  2026  2873 I WifiService: acquireWifiLock uid=10099 lockMode=2
03-06 15:53:09.114  7200  7254 E TestRunner: failed: testFilterCancelled(ru.netology.tests.ClaimsPageTests)
03-06 15:53:09.114  7200  7254 E TestRunner: ----- begin exception -----
03-06 15:53:09.114  7200  7254 E TestRunner: androidx.test.espresso.PerformException: Error performing 'wait for a specific view with attribute <an instance of android.widget.TextView and view.getText() with or without transformation to match: is "Claims"> during 5000 millis.' on view 'Animations or transitions are enabled on the target device.
03-06 15:53:09.114  7200  7254 E TestRunner: For more info check: https://developer.android.com/training/testing/espresso/setup#set-up-environment
03-06 15:53:09.114  7200  7254 E TestRunner: 
03-06 15:53:09.114  7200  7254 E TestRunner: view.getRootView() to equal view'.
03-06 15:53:09.114  7200  7254 E TestRunner: 	at androidx.test.espresso.PerformException$Builder.build(PerformException.java:1)
03-06 15:53:09.114  7200  7254 E TestRunner: 	at androidx.test.espresso.base.DefaultFailureHandler.getUserFriendlyError(DefaultFailureHandler.java:9)
03-06 15:53:09.114  7200  7254 E TestRunner: 	at androidx.test.espresso.base.DefaultFailureHandler.handle(DefaultFailureHandler.java:7)
03-06 15:53:09.114  7200  7254 E TestRunner: 	at androidx.test.espresso.ViewInteraction.waitForAndHandleInteractionResults(ViewInteraction.java:8)
03-06 15:53:09.114  7200  7254 E TestRunner: 	at androidx.test.espresso.ViewInteraction.desugaredPerform(ViewInteraction.java:11)
03-06 15:53:09.114  7200  7254 E TestRunner: 	at androidx.test.espresso.ViewInteraction.perform(ViewInteraction.java:4)
03-06 15:53:09.114  7200  7254 E TestRunner: 	at ru.netology.data.DataHelper.elementWaiting(DataHelper.java:323)
03-06 15:53:09.114  7200  7254 E TestRunner: 	at ru.netology.pages.ClaimsPage.checkClaimsScreenLoaded(ClaimsPage.java:36)
03-06 15:53:09.114  7200  7254 E TestRunner: 	at ru.netology.data.ReadyScreen.readyClaimsScreen(ReadyScreen.java:42)
03-06 15:53:09.114  7200  7254 E TestRunner: 	at ru.netology.tests.ClaimsPageTests.readyScreen(ClaimsPageTests.java:43)
03-06 15:53:09.114  7200  7254 E TestRunner: 	at java.lang.reflect.Method.invoke(Native Method)
03-06 15:53:09.114  7200  7254 E TestRunner: 	at org.junit.runners.model.FrameworkMethod$1.runReflectiveCall(FrameworkMethod.java:59)
03-06 15:53:09.114  7200  7254 E TestRunner: 	at org.junit.internal.runners.model.ReflectiveCallable.run(ReflectiveCallable.java:12)
03-06 15:53:09.114  7200  7254 E TestRunner: 	at org.junit.runners.model.FrameworkMethod.invokeExplosively(FrameworkMethod.java:56)
03-06 15:53:09.114  7200  7254 E TestRunner: 	at androidx.test.internal.runner.junit4.statement.RunBefores.evaluate(RunBefores.java:76)
03-06 15:53:09.114  7200  7254 E TestRunner: 	at org.junit.rules.ExternalResource$1.evaluate(ExternalResource.java:54)
03-06 15:53:09.114  7200  7254 E TestRunner: 	at io.qameta.allure.android.rules.ScreenshotRule$apply$1.evaluate(ScreenshotRule.kt:22)
03-06 15:53:09.114  7200  7254 E TestRunner: 	at org.junit.rules.ExternalResource$1.evaluate(ExternalResource.java:54)
03-06 15:53:09.114  7200  7254 E TestRunner: 	at io.qameta.allure.android.rules.LogcatRule$apply$1.evaluate(LogcatRule.kt:23)
03-06 15:53:09.114  7200  7254 E TestRunner: 	at org.junit.rules.RunRules.evaluate(RunRules.java:20)
03-06 15:53:09.114  7200  7254 E TestRunner: 	at org.junit.runners.ParentRunner$3.evaluate(ParentRunner.java:306)
03-06 15:53:09.114  7200  7254 E TestRunner: 	at org.junit.runners.BlockJUnit4ClassRunner$1.evaluate(BlockJUnit4ClassRunner.java:100)
03-06 15:53:09.114  7200  7254 E TestRunner: 	at org.junit.runners.ParentRunner.runLeaf(ParentRunner.java:366)
03-06 15:53:09.114  7200  7254 E TestRunner: 	at org.junit.runners.BlockJUnit4ClassRunner.runChild(BlockJUnit4ClassRunner.java:103)
03-06 15:53:09.114  7200  7254 E TestRunner: 	at org.junit.runners.BlockJUnit4ClassRunner.runChild(BlockJUnit4ClassRunner.java:63)
03-06 15:53:09.114  7200  7254 E TestRunner: 	at org.junit.runners.ParentRunner$4.run(ParentRunner.java:331)
03-06 15:53:09.114  7200  7254 E TestRunner: 	at org.junit.runners.ParentRunner$1.schedule(ParentRunner.java:79)
03-06 15:53:09.114  7200  7254 E TestRunner: 	at org.junit.runners.ParentRunner.runChildren(ParentRunner.java:329)
03-06 15:53:09.114  7200  7254 E TestRunner: 	at org.junit.runners.ParentRunner.access$100(ParentRunner.java:66)
03-06 15:53:09.114  7200  7254 E TestRunner: 	at org.junit.runners.ParentRunner$2.evaluate(ParentRunner.java:293)
03-06 15:53:09.114  7200  7254 E TestRunner: 	at org.junit.runners.ParentRunner$3.evaluate(ParentRunner.java:306)
03-06 15:53:09.114  7200  7254 E TestRunner: 	at org.junit.runners.ParentRunner.run(ParentRunner.java:413)
03-06 15:53:09.114  7200  7254 E TestRunner: 	at androidx.test.ext.junit.runners.AndroidJUnit4.run(AndroidJUnit4.java:162)
03-06 15:53:09.114  7200  7254 E TestRunner: 	at org.junit.runners.Suite.runChild(Suite.java:128)
03-06 15:53:09.114  7200  7254 E TestRunner: 	at org.junit.runners.Suite.runChild(Suite.java:27)
03-06 15:53:09.114  7200  7254 E TestRunner: 	at org.junit.runners.ParentRunner$4.run(ParentRunner.java:331)
03-06 15:53:09.114  7200  7254 E TestRunner: 	at org.junit.runners.ParentRunner$1.schedule(ParentRunner.java:79)
03-06 15:53:09.114  7200  7254 E TestRunner: 	at org.junit.runners.ParentRunner.runChildren(ParentRunner.java:329)
03-06 15:53:09.114  7200  7254 E TestRunner: 	at org.junit.runners.ParentRunner.access$100(ParentRunner.java:66)
03-06 15:53:09.114  7200  7254 E TestRunner: 	at org.junit.runners.ParentRunner$2.evaluate(ParentRunner.java:293)
03-06 15:53:09.114  7200  7254 E TestRunner: 	at org.junit.runners.ParentRunner$3.evaluate(ParentRunner.java:306)
03-06 15:53:09.114  7200  7254 E TestRunner: 	at org.junit.runners.ParentRunner.run(ParentRunner.java:413)
03-06 15:53:09.114  7200  7254 E TestRunner: 	at org.junit.runner.JUnitCore.run(JUnitCore.java:137)
03-06 15:53:09.114  7200  7254 E TestRunner: 	at org.junit.runner.JUnitCore.run(JUnitCore.java:115)
03-06 15:53:09.114  7200  7254 E TestRunner: 	at androidx.test.internal.runner.TestExecutor.execute(TestExecutor.java:65)
03-06 15:53:09.114  7200  7254 E TestRunner: 	at androidx.test.internal.runner.TestExecutor.execute(TestExecutor.java:56)
03-06 15:53:09.114  7200  7254 E TestRunner: 	at androidx.test.runner.AndroidJUnitRunner.onStart(AndroidJUnitRunner.java:471)
03-06 15:53:09.114  7200  7254 E TestRunner: 	at android.app.Instrumentation$InstrumentationThread.run(Instrumentation.java:2189)
03-06 15:53:09.114  7200  7254 E TestRunner: Caused by: java.util.concurrent.TimeoutException
03-06 15:53:09.114  7200  7254 E TestRunner: 	at
03-06 15:53:09.114  7200  7254 E TestRunner: ----- end exception -----
03-06 15:53:09.117  7200  7254 I TestRunner: finished: testFilterCancelled(ru.netology.tests.ClaimsPageTests)
03-06 15:53:09.119  2164  3051 W GCoreFlp: No location to return for getLastLocation()
03-06 15:53:09.120  7200  7254 I TestRunner: started: testFilterClear(ru.netology.tests.ClaimsPageTests)
03-06 15:53:09.128  5804  5804 I AlarmClock: AlarmInitReceiver android.intent.action.TIMEZONE_CHANGED
03-06 15:53:09.130  5804  8154 I AlarmClock: Connected Dock: null
03-06 15:53:09.131  2164  3051 W GCoreFlp: No location to return for getLastLocation()
03-06 15:53:09.138  5804  8154 I AlarmClock: Removing AlarmClockInfo
03-06 15:53:09.145  2164  3051 W GCoreFlp: No location to return for getLastLocation()
03-06 15:53:09.151  5804  5804 I AlarmClock: DigitalAppWidgetProvider processing Intent { act=android.intent.action.TIMEZONE_CHANGED flg=0x21200010 cmp=com.google.android.deskclock/com.android.alarmclock.DigitalAppWidgetProvider (has extras) }
03-06 15:53:09.159  2164  7232 I Places  : ?: Couldn't find platform key file.
03-06 15:53:09.161  7200  7254 W Settings: Setting always_finish_activities has moved from android.provider.Settings.System to android.provider.Settings.Global, returning read-only value.
03-06 15:53:09.167  2026  7117 W ActivityTaskManager: Finishing task with all activities already finished
03-06 15:53:09.167  2026  7117 W ActivityTaskManager: Duplicate finish request for ActivityRecord{103a4dd u0 ru.iteco.fmhandroid.test/androidx.test.core.app.InstrumentationActivityInvoker$EmptyActivity t23 f}
03-06 15:53:09.168  2026  3472 I ActivityTaskManager: START u0 {act=android.intent.action.MAIN cat=[android.intent.category.LAUNCHER] flg=0x10008000 cmp=ru.iteco.fmhandroid/.ui.AppActivity} from uid 10134
03-06 15:53:09.173  2026  2871 W InputReader: Device has associated, but no associated display id.
03-06 15:53:09.176  2026  2871 I chatty  : uid=1000(system) Binder:2026_D identical 38 lines
03-06 15:53:09.176  2026  2871 W InputReader: Device has associated, but no associated display id.
03-06 15:53:09.176  7200  7200 W ActivityThread: handleWindowVisibility: no activity for token android.os.BinderProxy@3d2917b
03-06 15:53:09.177  2026  2048 E system_server: Invalid ID 0x00000000.
03-06 15:53:09.172  2476  2476 E PhoneInterfaceManager: [PhoneIntfMgr] getIccId: ICC ID is null or empty.
03-06 15:53:09.180  2476  2476 D CarrierConfigLoader: mHandler: 0 phoneId: 0
03-06 15:53:09.182  2476  2476 D CarrierConfigLoader: Broadcast CARRIER_CONFIG_CHANGED for phone 0
03-06 15:53:09.188  7200  7200 D LifecycleMonitor: Lifecycle status change: ru.iteco.fmhandroid.ui.AppActivity@6eca57 in: PRE_ON_CREATE
03-06 15:53:09.188  7200  7200 V ActivityScenario: Activity lifecycle changed event received but ignored because the reported transition was not ON_CREATE while the last known transition was PRE_ON_CREATE
03-06 15:53:09.191  2476  2476 D CarrierSvcBindHelper: mHandler: 0
03-06 15:53:09.192  2476  2476 D CarrierSvcBindHelper: Rebinding if necessary for phoneId: 0
03-06 15:53:09.194  2476  2476 D CarrierSvcBindHelper: No carrier app for: 0
03-06 15:53:09.195  4330  4330 I Bugle   : Carrier config changed. Reloading MMS config.
03-06 15:53:09.199  4113  4113 D CellBroadcastReceiver: onReceive Intent { act=android.telephony.action.CARRIER_CONFIG_CHANGED flg=0x15000010 cmp=com.android.cellbroadcastreceiver/.CellBroadcastReceiver (has extras) }
03-06 15:53:09.199  4113  4113 D CellBroadcastReceiver: initializeSharedPreference
03-06 15:53:09.199  1792  1792 D gralloc_ranchu: gralloc_alloc: Creating ashmem region of size 9592832
03-06 15:53:09.204  7200  7200 D LifecycleMonitor: Lifecycle status change: ru.iteco.fmhandroid.ui.AppActivity@6eca57 in: CREATED
03-06 15:53:09.204  7200  7200 V ActivityScenario: Update currentActivityStage to CREATED, currentActivity=ru.iteco.fmhandroid.ui.AppActivity@6eca57
03-06 15:53:09.206  2476  3532 E CarrierInfoManager: Invalid networkOperator: 
03-06 15:53:09.226  4113  4113 D CellBroadcastReceiver: Default interval 0 did not change.
03-06 15:53:09.226  4113  4113 D CellBroadcastReceiver: Start Cell Broadcast configuration.
03-06 15:53:09.230  4330  7816 W Bugle   : BuglePhoneNumberUtils: canonicalizeMccMnc: invalid mccmnc. mcc: null, mnc: null
03-06 15:53:09.247  7353  7385 D EGL_emulation: eglMakeCurrent: 0xdb9591c0: ver 2 0 (tinfo 0xf2089d00)
03-06 15:53:09.257  7200  7200 D LifecycleMonitor: Lifecycle status change: ru.iteco.fmhandroid.ui.AppActivity@6eca57 in: STARTED
03-06 15:53:09.257  2476  3978 D IccSmsInterfaceManager: [IccSmsInterfaceManager] Failed to add GSM cell broadcast channels range 4386 to 4391
03-06 15:53:09.257  7200  7200 V ActivityScenario: Update currentActivityStage to STARTED, currentActivity=ru.iteco.fmhandroid.ui.AppActivity@6eca57
03-06 15:53:09.259  7200  7200 D LifecycleMonitor: Lifecycle status change: ru.iteco.fmhandroid.ui.AppActivity@6eca57 in: RESUMED
03-06 15:53:09.259  7200  7200 V ActivityScenario: Update currentActivityStage to RESUMED, currentActivity=ru.iteco.fmhandroid.ui.AppActivity@6eca57
03-06 15:53:09.259  4330  7816 W Bugle   : Obsolete carrier config resource: maxMessageSize res: 1048576, sys: 307200
03-06 15:53:09.259  4330  7816 W Bugle   : Obsolete carrier config resource: maxImageHeight res: 1944, sys: 480
03-06 15:53:09.260  4330  7816 W Bugle   : Obsolete carrier config resource: maxImageWidth res: 2592, sys: 640
03-06 15:53:09.267  2026  2026 I Telecom : PhoneAccountRegistrar: getSimCallManager: SimCallManager for subId 1 queried, returning: null: CM.CCCR->CM.UECNT->CM.CCCR->CM.UECNT->CM.CCCR->CM.UECNT->CM.CCCR->CM.UECNT->CM.CCCR->CM.UECNT->CM.CCCR->CM.UECNT->CM.CCCR->CM.UECNT->CM.CCCR->CM.UECNT->CM.CCCR->CM.UECNT->CM.CCCR->CM.UECNT->CM.CCCR->CM.UECNT->CM.CCCR->CM.UECNT->CM.CCCR->CM.UECNT->CM.CCCR->CM.UECNT->CM.CCCR->CM.UECNT->CM.CCCR->CM.UECNT->CM.CCCR->CM.UECNT->CM.CCCR->CM.UECNT->CM.CCCR->CM.UECNT->CM.CCCR->CM.UECNT->CM.CCCR->CM.UECNT->CM.CCCR->CM.UECNT->CM.CCCR->CM.UECNT->CM.CCCR->CM.UECNT->CM.CCCR->CM.UECNT->CM.CCCR->CM.UECNT->CM.CCCR->CM.UECNT->CM.CCCR->CM.UECNT->CM.CCCR->CM.UECNT->CM.CCCR->CM.UECNT->CM.CCCR->CM.UECNT->CM.CCCR->CM.UECNT->CM.CCCR->CM.UECNT->CM.CCCR->CM.UECNT->CM.CCCR->CM.UECNT->CM.CCCR->CM.UECNT->CM.CCCR->CM.UECNT->CM.CCCR->CM.UECNT->CM.CCCR->CM.UECNT->CM.CCCR->CM.UECNT@AD4
03-06 15:53:09.269  2026  2048 W InputReader: Device has associated, but no associated display id.
03-06 15:53:09.269  2026  2048 I chatty  : uid=1000(system) android.anim identical 8 lines
03-06 15:53:09.269  2026  2048 W InputReader: Device has associated, but no associated display id.
