03-06 20:53:39.221  8458  8458 F DEBUG   :       #16 pc 00002499  /vendor/bin/hw/rild (main+1081) (BuildId: 55deaf6775ca3f6a96577d9ae211045e)
03-06 20:53:39.221  8458  8458 F DEBUG   :       #17 pc 000898e8  /apex/com.android.runtime/lib/bionic/libc.so (__libc_init+120) (BuildId: 76290498408016ad14f4b98c3ab6c65c)
03-06 20:53:39.223  4330  8274 W Bugle   : BuglePhoneNumberUtils: canonicalizeMccMnc: invalid mccmnc. mcc: null, mnc: null
03-06 20:53:39.225  6392  6392 I Finsky  : [2] pxd.b(7): Jobs in database: 12-1 21-333333333 28--559038737 31-305419896 
03-06 20:53:39.225  6392  6392 I Finsky  : [2] puk.a(113): ConstraintMapping: 12-1, 21-333333333, 28--559038737, 31-305419896,  -> L: 0ms, D: 82614893ms, C: false, I: false, N: 1
03-06 20:53:39.226  6392  6392 I Finsky  : [2] com.google.android.finsky.scheduler.JobSchedulerEngine.a(42): Cancelling existing job with id: 9000
03-06 20:53:39.226  6392  6637 I Finsky  : [539] qjn.b(1): SIM loaded, prefetching preloads
03-06 20:53:39.226  6392  6392 I Finsky  : [2] com.google.android.finsky.scheduler.JobSchedulerEngine.a(4): Scheduling job Id: 9001, L: 0, D: 82614893, C: false, I: false, N: 1
03-06 20:53:39.227  6392  6428 I Finsky  : [495] qjm.call(2): Prefetching preloads for account null
03-06 20:53:39.227  6392  6428 W Finsky  : [495] cwl.a(19): For unauth, use getDfeApiNonAuthenticated() instead!
03-06 20:53:39.228  6392  6428 I Finsky  : [495] qnu.a(19): No PAI stub found
03-06 20:53:39.228  6392  6428 E Finsky  : [495] qjm.call(31): Error prefetching preloads, using account=null, preloads=NULL, preloadRros=NULL, preloadGroups=NULL
03-06 20:53:39.228  6392  6428 E Finsky  : com.google.android.finsky.setup.fetchers.RawDocumentsFetchException[reason=pai_config, account=null]
03-06 20:53:39.228  6392  6428 E Finsky  : 	at qnu.a(SourceFile:19)
03-06 20:53:39.228  6392  6428 E Finsky  : 	at qjm.call(Unknown Source:2)
03-06 20:53:39.228  6392  6428 E Finsky  : 	at afxg.a(SourceFile:1)
03-06 20:53:39.228  6392  6428 E Finsky  : 	at afwi.run(SourceFile:3)
03-06 20:53:39.228  6392  6428 E Finsky  : 	at afxf.run(SourceFile:2)
03-06 20:53:39.228  6392  6428 E Finsky  : 	at java.util.concurrent.ThreadPoolExecutor.runWorker(ThreadPoolExecutor.java:1167)
03-06 20:53:39.228  6392  6428 E Finsky  : 	at java.util.concurrent.ThreadPoolExecutor$Worker.run(ThreadPoolExecutor.java:641)
03-06 20:53:39.228  6392  6428 E Finsky  : 	at unn.run(Unknown Source:7)
03-06 20:53:39.228  6392  6428 E Finsky  : 	at java.lang.Thread.run(Thread.java:919)
03-06 20:53:39.228  6392  6428 I Finsky  : [495] qjn.a(10): VpaSelectionActivity will be disabled
03-06 20:53:39.228  6392  6428 I Finsky  : [495] qoh.a(3): PAI late SIM : experiment enabled = false
03-06 20:53:39.228  6392  6637 I Finsky  : [539] fpy.a(5): notifySubscriptionInfoChangedListener success.
03-06 20:53:39.228  2026  4296 I Telecom : PhoneAccountRegistrar: New phone account registered: [[ ] PhoneAccount: ComponentInfo{com.android.phone/com.android.services.telephony.TelephonyConnectionService}, ***, UserHandle{0} Capabilities: CallProvider MultiUser PlaceEmerg SimSub  Audio Routes: BESW Schemes: tel voicemail  Extras: Bundle[{android.telecom.extra.SUPPORTS_VIDEO_CALLING_FALLBACK=true}] GroupId: ***]: TSI.rPA@BF0
03-06 20:53:39.229  2026  4296 I Telecom : CallsManager: Sending phone-account ComponentInfo{com.android.phone/com.android.services.telephony.TelephonyConnectionService}, ***, UserHandle{0} registered intent as user: TSI.rPA@BF0
03-06 20:53:39.230  2026  4296 I Telecom : CallsManager: Sending phone-account registered intent to default dialer: TSI.rPA@BF0
03-06 20:53:39.230  2476  2476 I TelecomFramework: AccountEntry: Registered phoneAccount: [[ ] PhoneAccount: ComponentInfo{com.android.phone/com.android.services.telephony.TelephonyConnectionService}, ***, UserHandle{0} Capabilities: CallProvider MultiUser PlaceEmerg SimSub  Audio Routes: BESW Schemes: tel voicemail  Extras: Bundle[{android.telecom.extra.SUPPORTS_VIDEO_CALLING_FALLBACK=true}] GroupId: ***] with handle: ComponentInfo{com.android.phone/com.android.services.telephony.TelephonyConnectionService}, ***, UserHandle{0}
03-06 20:53:39.230  2476  2476 I TelecomFramework: PstnIncomingCallNotifier: Registering: Handler (com.android.internal.telephony.GsmCdmaPhone) {b312827}
03-06 20:53:39.231  2476  2476 I TelecomFramework: TelecomAccountRegistry: Unregistering phone account ComponentInfo{com.android.phone/com.android.services.telephony.TelephonyConnectionService}, ***, UserHandle{0}.
03-06 20:53:39.232  4330  8274 W Bugle   : Obsolete carrier config resource: maxMessageSize res: 1048576, sys: 307200
03-06 20:53:39.232  4330  8274 W Bugle   : Obsolete carrier config resource: maxImageHeight res: 1944, sys: 480
03-06 20:53:39.232  4330  8274 W Bugle   : Obsolete carrier config resource: maxImageWidth res: 2592, sys: 640
03-06 20:53:39.232  2026  3230 I Telecom : CallsManager: Sending phone-account ComponentInfo{com.android.phone/com.android.services.telephony.TelephonyConnectionService}, ***, UserHandle{0} unregistered intent as user: TSI.uPA@BF8
03-06 20:53:39.232  2026  3230 I Telecom : CallsManager: Sending phone-account unregistered intent to default dialer: TSI.uPA@BF8
03-06 20:53:39.234  2476  2476 D MultiSimSettingController: onSubscriptionsChanged
03-06 20:53:39.234  2476  2476 D MultiSimSettingController: updateDefaults
03-06 20:53:39.234  2476  2476 D MultiSimSettingController: [updateDefaultValues] change: 0
03-06 20:53:39.235  2026  2299 W NativeCrashListener: Couldn't find ProcessRecord for pid 8440
03-06 20:53:39.235  8458  8458 E crash_dump32: AM data write failed: Broken pipe
03-06 20:53:39.235  1864  1864 E /system/bin/tombstoned: Tombstone written to: /data/tombstones/tombstone_04
03-06 20:53:39.236  2026  2060 I BootReceiver: Copying /data/tombstones/tombstone_04 to DropBox (SYSTEM_TOMBSTONE)
03-06 20:53:39.237  2026  2060 I DropBoxManagerService: add tag=SYSTEM_TOMBSTONE isTagEnabled=true flags=0x2
03-06 20:53:39.238  2476  2476 I TelecomFramework: PstnPhoneCapabilitiesNotifier: handleVideoCapabilitesChanged. Video capability - false
03-06 20:53:39.240  4330  4343 W .apps.messagin: Suspending all threads took: 7.302ms
03-06 20:53:39.241  2026  2053 W BroadcastQueue: Background execution not allowed: receiving Intent { act=android.intent.action.DROPBOX_ENTRY_ADDED flg=0x10 (has extras) } to com.google.android.gms/.stats.service.DropBoxEntryAddedReceiver
03-06 20:53:39.242  2026  2053 W BroadcastQueue: Background execution not allowed: receiving Intent { act=android.intent.action.DROPBOX_ENTRY_ADDED flg=0x10 (has extras) } to com.google.android.gms/.chimera.GmsIntentOperationService$PersistentTrustedReceiver
03-06 20:53:39.242  4330  8274 I Bugle   : Carrier configs loaded: Bundle[{carrier_volte_provisioned_bool=false, disable_charge_indication_bool=false, support_tdscdma_bool=false, httpSocketTimeout=60000, call_redirection_service_component_name_string=null, carrier_wfc_supports_wifi_only_bool=false, carrier_default_actions_on_default_network_available_string_array=[false: 7, true: 8], operator_selection_expand_bool=true, disable_cdma_activation_code_bool=false, simplified_network_settings_bool=false, support_tdscdma_roaming_networks_string_array=null, gps.lpp_profile=0, call_barring_visibility_bool=false, gps.es_extension_sec=0, enable_apps_string_array=null, carrier_default_wfc_ims_roaming_enabled_bool=false, cdma_nonroaming_networks_string_array=null, aliasMinChars=2, wfc_data_spn_format_idx_int=0, hide_sim_lock_settings_bool=false, drop_video_call_when_answering_audio_call_bool=false, ci_action_on_sys_update_bool=false, convert_cdma_caller_id_mmi_codes_while_roaming_on_3gpp_bool=false, support_enhanced_call_blocking_bool=true, vvm_port_number_int=0, carrier_default_wfc_ims_enabled_bool=false, dial_string_replace_string_array=null, opportunistic_network_entry_threshold_bandwidth_int=1024, gsm_nonroaming_networks_string_array=null, hide_ims_apn_bool=false, vvm_destination_number_string=, dtmf_type_enabled_bool=false, allow_video_calling_fallback_bool=true, config_ims_package_override_string=null, only_auto_select_in_home_network=false, smsToMmsTextThreshold=-1, disable_severe_when_extreme_disabled_bool=true, force_home_network_bool=false, spdi_override_string_array=null, show_wfc_location_privacy_policy_bool=false, gps.supl_es=1, enableSMSDeliveryReports=true, auto_retry_enabled_bool=false, opportunistic_network_entry_threshold_rssnr_int=45, play_call_recording_tone_bool=false, carrier_force_disable_etws_cmas_test_bool=false, call_waiting_service_class_int=1, allow_emergency_video_calls_bool=false, csp_enabled_bool=false, default_sim_call_manager_string=, wifi.passpoint_profiles_string_array=null, carrier_app_required_during_setup_bool=false, call_forwarding_blocks_while_roaming_string_array=null, emergency_notification_delay_int=-1, support_video_conference_call_bool=false, ims_dtmf_tone_delay_int=0, show_signal_strength_in_sim_status_bool=true, data_rapid_notification_bool=true, carrier_instant_lettering_escaped_chars_string=, carrier_default_wfc_ims_roaming_mode_int=2, editable_wfc_mode_bool=true, support_direct_fdn_dialing_bool=false, carrier_ut_provisioning_required_bool=false, carrier_wifi_string_array=null, treat_downgraded_video_calls_as_video_calls_bool=false, wifi_calls_can_be_hd_audio=true, support_downgrade_vt_to_audio_bool=true, cdma_enhanced_roaming_indicator_for_home_network_int_array=[1], notify_handover_video_from_lte_to_wifi_bool=false, use_otasp_for_provisioning_bool=false, always_play_remote_hold_tone_bool=false, opportunistic_network_data_switch_hysteresis_time_long=10000, maxMessageTextSize=-1, duration_blocking_disabled_after_emergency_int=7200, carrier_metered_roaming_apn_types_strings=[default, mms, dun, supl], additional_settings_call_waiting_visibility_bool=true, show_video_call_charges_alert_dialog_bool=false, carrier_network_service_wlan_package_override_string=, show_apn_setting_cdma_bool=false, use_usim_bool=false, carrier_instant_lettering_length_limit_int=64, operator_name_filter_pattern_string=, carrier_instant_lettering_invalid_chars_string=, carrier_setup_app_string=, editable_wfc_roaming_mode_bool=false, supportMmsContentDisposition=true, support_manage_ims_conference_call_bool=true, opportunistic_network_exit_threshold_rssnr_int=10, allow_non_emergency_calls_in_ecm_bool=true, allow_cdma_eri_bool=false, carrier_data_service_wlan_package_override_string=, show_carrier_data_icon_pattern_string=, use_rcs_presence_bool=false, config_telephony_use_own_number_for_voicemail_bool=false, cdma_dtmf_tone_delay_int=100, editable_voicemail_number_bool=false, carrier_data_call_apn_retry_after_disconnect_long=10000, filtered_cnap_names_string_array=null, enabledTransID=false, aliasEnabled=false, vvm_disabl
03-06 20:53:39.256  2026  4785 I Telecom : PhoneAccountRegistrar: Modify account: [ComponentInfo{com.android.phone/com.android.services.telephony.TelephonyConnectionService}, ***, UserHandle{0}]: TSI.rPA@BGI
03-06 20:53:39.256  2026  4785 I Telecom : CallsManager: handlePhoneAccountChanged: phoneAccount=[[X] PhoneAccount: ComponentInfo{com.android.phone/com.android.services.telephony.TelephonyConnectionService}, ***, UserHandle{0} Capabilities: CallProvider MultiUser PlaceEmerg SimSub  Audio Routes: BESW Schemes: tel voicemail  Extras: Bundle[{android.telecom.extra.SUPPORTS_VIDEO_CALLING_FALLBACK=true}] GroupId: ***]: TSI.rPA@BGI
03-06 20:53:39.257  2476  2476 I CallNotifier: onCallForwardingIndicatorChanged(): subId=1, visible=N
03-06 20:53:39.258  2476  2476 D CallNotifier: updatePhoneStateListeners: update CF notifications.
03-06 20:53:39.258  2476  2476 I NotificationMgr: updateCfi: subId= 1, visible=N
03-06 20:53:39.259  2476  2476 I NotificationMgr: updateMwi(): subId 1 update to false
03-06 20:53:39.261  2476  2476 D CallNotifier: updatePhoneStateListeners: update CF notifications.
03-06 20:53:39.261  2476  2476 I NotificationMgr: updateCfi: subId= 1, visible=N
03-06 20:53:39.262  2476  2476 I NotificationMgr: updateMwi(): subId 1 update to false
03-06 20:53:39.263  4030  4030 I Dialer  : LegacyVoicemailNotificationReceiver.onReceive - received legacy voicemail notification
03-06 20:53:39.263  4030  4030 I Dialer  : LegacyVoicemailNotificationReceiver.onReceive - isRefresh: true
03-06 20:53:39.264  4030  4030 I Dialer  : LegacyVoicemailNotificationReceiver.onReceive - clearing notification
03-06 20:53:39.264  4030  4030 I Dialer  : LegacyVoicemailNotifier.cancelNotification - enter
03-06 20:53:39.268  4030  4030 I Dialer  : LegacyVoicemailNotificationReceiver.onReceive - received legacy voicemail notification
03-06 20:53:39.268  4030  4030 I Dialer  : LegacyVoicemailNotificationReceiver.onReceive - isRefresh: false
03-06 20:53:39.268  4030  4030 I Dialer  : LegacyVoicemailNotificationReceiver.onReceive - clearing notification
03-06 20:53:39.268  4030  4030 I Dialer  : LegacyVoicemailNotifier.cancelNotification - enter
03-06 20:53:39.311  1676  1676 I hwservicemanager: getTransport: Cannot find entry android.hardware.radio@1.4::IRadio/slot1 in either framework or device manifest.
03-06 20:53:39.311  1676  1676 I hwservicemanager: getTransport: Cannot find entry android.hardware.radio@1.3::IRadio/slot1 in either framework or device manifest.
03-06 20:53:39.311  1676  1676 I hwservicemanager: getTransport: Cannot find entry android.hardware.radio@1.2::IRadio/slot1 in either framework or device manifest.
03-06 20:53:39.312  1676  1676 I hwservicemanager: getTransport: Cannot find entry android.hardware.radio@1.1::IRadio/slot1 in either framework or device manifest.
03-06 20:53:39.313  2476  2476 I ServiceManagement: getService: Trying again for android.hardware.radio@1.0::IRadio/slot1...
03-06 20:53:40.029  1791  2388 E GnssHAL_GnssInterface: gnssSvStatusCb: a: input svInfo.flags is 8
03-06 20:53:40.029  1791  2388 E GnssHAL_GnssInterface: gnssSvStatusCb: b: input svInfo.flags is 8
03-06 20:53:40.314  2476  2476 W ServiceManagement: Waited one second for android.hardware.radio@1.0::IRadio/slot1
03-06 20:53:40.315  2476  2476 I ServiceManagement: getService: Trying again for android.hardware.radio@1.0::IRadio/slot1...
03-06 20:53:40.735  2026  2053 W BroadcastQueue: Background execution not allowed: receiving Intent { act=android.intent.action.DROPBOX_ENTRY_ADDED flg=0x10 (has extras) } to com.google.android.gms/.stats.service.DropBoxEntryAddedReceiver
03-06 20:53:40.735  2026  2053 W BroadcastQueue: Background execution not allowed: receiving Intent { act=android.intent.action.DROPBOX_ENTRY_ADDED flg=0x10 (has extras) } to com.google.android.gms/.chimera.GmsIntentOperationService$PersistentTrustedReceiver
03-06 20:53:41.029  1791  2388 E GnssHAL_GnssInterface: gnssSvStatusCb: a: input svInfo.flags is 8
03-06 20:53:41.029  1791  2388 E GnssHAL_GnssInterface: gnssSvStatusCb: b: input svInfo.flags is 8
03-06 20:53:41.317  2476  2476 W ServiceManagement: Waited one second for android.hardware.radio@1.0::IRadio/slot1
03-06 20:53:41.318  2476  2476 I ServiceManagement: getService: Trying again for android.hardware.radio@1.0::IRadio/slot1...
03-06 20:53:41.986  2890  3121 I WorkerManager: dispose()
03-06 20:53:41.987  2890  3121 W ThreadPoolDumper: Queue length for executor EventBus is now 11. Perhaps some tasks are too long, or the pool is too small.
03-06 20:53:42.030  1791  2388 E GnssHAL_GnssInterface: gnssSvStatusCb: a: input svInfo.flags is 8
03-06 20:53:42.030  1791  2388 E GnssHAL_GnssInterface: gnssSvStatusCb: b: input svInfo.flags is 8
03-06 20:53:42.320  2476  2476 W ServiceManagement: Waited one second for android.hardware.radio@1.0::IRadio/slot1
03-06 20:53:42.320  2476  2476 I ServiceManagement: getService: Trying again for android.hardware.radio@1.0::IRadio/slot1...
03-06 20:53:42.741  7200  7200 I ViewInteraction: Checking 'MatchesViewAssertion{viewMatcher=(view has effective visibility <VISIBLE> and view.getGlobalVisibleRect() to return non-empty rectangle)}' assertion on view (an instance of android.widget.TextView and view.getText() with or without transformation to match: is "Authorization" and view.getParent() view.getParent() view.getId() is <2131231186/ru.iteco.fmhandroid:id/nav_host_fragment>)
03-06 20:53:42.743  7200  7200 I ViewInteraction: Checking 'MatchesViewAssertion{viewMatcher=(view has effective visibility <VISIBLE> and view.getGlobalVisibleRect() to return non-empty rectangle)}' assertion on view (an instance of android.widget.TextView and view.getHint() matching: is "Login" and view.getParent() view.getParent() view.getId() is <2131231121/ru.iteco.fmhandroid:id/login_text_input_layout>)
03-06 20:53:42.744  7200  7200 I ViewInteraction: Checking 'MatchesViewAssertion{viewMatcher=(view has effective visibility <VISIBLE> and view.getGlobalVisibleRect() to return non-empty rectangle)}' assertion on view (an instance of android.widget.TextView and view.getHint() matching: is "Password" and view.getParent() view.getParent() view.getId() is <2131231264/ru.iteco.fmhandroid:id/password_text_input_layout>)
03-06 20:53:42.745  7200  7200 I ViewInteraction: Checking 'MatchesViewAssertion{viewMatcher=(view has effective visibility <VISIBLE> and view.getGlobalVisibleRect() to return non-empty rectangle)}' assertion on view (an instance of android.widget.TextView and view.getText() with or without transformation to match: is "Sign in" and view.getId() is <2131231039/ru.iteco.fmhandroid:id/enter_button>)
03-06 20:53:42.746  7200  7200 I ViewInteraction: Performing 'replace text(login2)' action on view (an instance of android.widget.TextView and view.getHint() matching: is "Login" and view.getParent() view.getParent() view.getId() is <2131231121/ru.iteco.fmhandroid:id/login_text_input_layout>)
03-06 20:53:42.753  2026  2052 E memtrack: Couldn't load memtrack module
03-06 20:53:42.753  2026  2052 W android.os.Debug: failed to get memory consumption info: -1
03-06 20:53:42.757  7200  7200 I ViewInteraction: Performing 'close keyboard' action on view (an instance of android.widget.TextView and view.getHint() matching: is "Login" and view.getParent() view.getParent() view.getId() is <2131231121/ru.iteco.fmhandroid:id/login_text_input_layout>)
03-06 20:53:42.760  7200  7200 W CloseKeyboardAction: Attempting to close soft keyboard, while it is not shown.
03-06 20:53:42.761  7200  7200 I ViewInteraction: Performing 'replace text(password2)' action on view (an instance of android.widget.TextView and view.getHint() matching: is "Password" and view.getParent() view.getParent() view.getId() is <2131231264/ru.iteco.fmhandroid:id/password_text_input_layout>)
03-06 20:53:42.775  7200  7200 I ViewInteraction: Performing 'close keyboard' action on view (an instance of android.widget.TextView and view.getHint() matching: is "Password" and view.getParent() view.getParent() view.getId() is <2131231264/ru.iteco.fmhandroid:id/password_text_input_layout>)
03-06 20:53:42.775  7200  7200 W CloseKeyboardAction: Attempting to close soft keyboard, while it is not shown.
03-06 20:53:42.776  7200  7200 I ViewInteraction: Performing 'single click' action on view (an instance of android.widget.TextView and view.getText() with or without transformation to match: is "Sign in" and view.getId() is <2131231039/ru.iteco.fmhandroid:id/enter_button>)
03-06 20:53:42.820  7200  7351 I okhttp.OkHttpClient: --> POST http://www.981757-ca08998.tmweb.ru:8080/fmh/authentication/login
03-06 20:53:42.820  7200  7351 I okhttp.OkHttpClient: Content-Type: application/json; charset=UTF-8
03-06 20:53:42.820  7200  7351 I okhttp.OkHttpClient: Content-Length: 41
03-06 20:53:42.820  7200  7351 I okhttp.OkHttpClient: {"login":"login2","password":"password2"}
03-06 20:53:42.820  7200  7351 I okhttp.OkHttpClient: --> END POST (41-byte body)
03-06 20:53:42.825  7200  7351 I okhttp.OkHttpClient: <-- HTTP FAILED: java.net.UnknownHostException: Unable to resolve host "www.981757-ca08998.tmweb.ru": No address associated with hostname
03-06 20:53:42.826  7200  7200 W System.err: ru.iteco.fmhandroid.exceptions.ServerException
03-06 20:53:42.826  7200  7200 W System.err: 	at ru.iteco.fmhandroid.utils.Utils.makeRequest(Utils.kt:119)
03-06 20:53:42.827  7200  7200 W System.err: 	at ru.iteco.fmhandroid.utils.Utils$makeRequest$1.invokeSuspend(Unknown Source:15)
03-06 20:53:42.827  1780  3960 W audio_hw_generic: Not supplying enough data to HAL, expected position 1411904 , only wrote 1411896
03-06 20:53:42.827  7200  7200 W System.err: 	at kotlin.coroutines.jvm.internal.BaseContinuationImpl.resumeWith(ContinuationImpl.kt:33)
03-06 20:53:42.827  7200  7200 W System.err: 	at kotlinx.coroutines.DispatchedTask.run(DispatchedTask.kt:104)
03-06 20:53:42.827  7200  7200 W System.err: 	at android.os.Handler.handleCallback(Handler.java:883)
03-06 20:53:42.827  7200  7200 W System.err: 	at android.os.Handler.dispatchMessage(Handler.java:100)
03-06 20:53:42.827  7200  7200 W System.err: 	at androidx.test.espresso.base.Interrogator.loopAndInterrogate(Interrogator.java:14)
03-06 20:53:42.827  7200  7200 W System.err: 	at androidx.test.espresso.base.UiControllerImpl.loopUntil(UiControllerImpl.java:8)
03-06 20:53:42.827  7200  7200 W System.err: 	at androidx.test.espresso.base.UiControllerImpl.loopUntil(UiControllerImpl.java:1)
03-06 20:53:42.827  7200  7200 W System.err: 	at androidx.test.espresso.base.UiControllerImpl.loopMainThreadForAtLeast(UiControllerImpl.java:8)
03-06 20:53:42.827  7200  7200 W System.err: 	at androidx.test.espresso.action.Tap$1.sendTap(Tap.java:6)
03-06 20:53:42.827  7200  7200 W System.err: 	at androidx.test.espresso.action.GeneralClickAction.perform(GeneralClickAction.java:6)
03-06 20:53:42.827  7200  7200 W System.err: 	at androidx.test.espresso.ViewInteraction$SingleExecutionViewAction.perform(ViewInteraction.java:2)
03-06 20:53:42.827  7200  7200 W System.err: 	at androidx.test.espresso.ViewInteraction.doPerform(ViewInteraction.java:22)
03-06 20:53:42.827  7200  7200 W System.err: 	at androidx.test.espresso.ViewInteraction.access$100(ViewInteraction.java:1)
03-06 20:53:42.827  7200  7200 W System.err: 	at androidx.test.espresso.ViewInteraction$1.call(ViewInteraction.java:2)
03-06 20:53:42.827  7200  7200 W System.err: 	at androidx.test.espresso.ViewInteraction$1.call(ViewInteraction.java:1)
03-06 20:53:42.827  7200  7200 W System.err: 	at java.util.concurrent.FutureTask.run(FutureTask.java:266)
03-06 20:53:42.827  7200  7200 W System.err: 	at android.os.Handler.handleCallback(Handler.java:883)
03-06 20:53:42.827  7200  7200 W System.err: 	at android.os.Handler.dispatchMessage(Handler.java:100)
03-06 20:53:42.828  7200  7200 W System.err: 	at android.os.Looper.loop(Looper.java:214)
03-06 20:53:42.828  7200  7200 W System.err: 	at android.app.ActivityThread.main(ActivityThread.java:7356)
03-06 20:53:42.828  7200  7200 W System.err: 	at java.lang.reflect.Method.invoke(Native Method)
03-06 20:53:42.828  7200  7200 W System.err: 	at com.android.internal.os.RuntimeInit$MethodAndArgsCaller.run(RuntimeInit.java:492)
03-06 20:53:42.828  7200  7200 W System.err: 	at com.android.internal.os.ZygoteInit.main(ZygoteInit.java:930)
03-06 20:53:42.846  1792  1969 D gralloc_ranchu: gralloc_alloc: Creating ashmem region of size 438272
03-06 20:53:42.871  1792  1969 D gralloc_ranchu: gralloc_alloc: Creating ashmem region of size 438272
03-06 20:53:42.885  7200  7276 D EGL_emulation: eglMakeCurrent: 0xdee1ae40: ver 2 0 (tinfo 0xc2e69120)
03-06 20:53:42.891  1792  1969 D gralloc_ranchu: gralloc_alloc: Creating ashmem region of size 438272
03-06 20:53:42.896  7200  7276 D EGL_emulation: eglMakeCurrent: 0xdee1ae40: ver 2 0 (tinfo 0xc2e69120)
03-06 20:53:43.030  1791  2388 E GnssHAL_GnssInterface: gnssSvStatusCb: a: input svInfo.flags is 8
03-06 20:53:43.030  1791  2388 E GnssHAL_GnssInterface: gnssSvStatusCb: b: input svInfo.flags is 8
03-06 20:53:43.042  7200  7200 I ViewInteraction: Performing 'wait for a specific view with attribute <an instance of android.widget.TextView and view.getText() with or without transformation to match: is "News"> during 5000 millis.' action on view view.getRootView() to equal view
03-06 20:53:43.321  2476  2476 W ServiceManagement: Waited one second for android.hardware.radio@1.0::IRadio/slot1
03-06 20:53:43.321  2476  2476 I ServiceManagement: getService: Trying again for android.hardware.radio@1.0::IRadio/slot1...
03-06 20:53:43.520  8471  8471 I ServiceManagement: Registered android.hardware.radio@1.1::IRadio/slot1 (start delay of 19ms)
03-06 20:53:43.521  8471  8471 I ServiceManagement: Registered android.hardware.radio.deprecated@1.0::IOemHook/slot1 (start delay of 19ms)
03-06 20:53:43.522  2476  2476 I android_os_HwBinder: HwBinder: Starting thread pool for getting: android.hardware.radio@1.0::IRadio/slot1
03-06 20:53:43.524  1676  1676 I hwservicemanager: getTransport: Cannot find entry android.hardware.radio.deprecated@1.0::IOemHook/slot1 in either framework or device manifest.
03-06 20:53:43.532  2476  2476 D TelephonyProvider: subIdString = 1 subId = 1
03-06 20:53:43.541  2184  2184 V KeyguardUpdateMonitor: onSubscriptionInfoChanged()
03-06 20:53:43.543  2184  2184 V KeyguardUpdateMonitor: SubInfo:{id=1, iccId=890141032[****] simSlotIndex=0 carrierId=1 displayName=T-Mobile carrierName=No service nameSource=3 iconTint=-16746133 mNumber=[****] dataRoaming=0 iconBitmap=android.graphics.Bitmap@4a4388d mcc 310 mnc 260mCountryIso=us isEmbedded false accessRules null cardString=890141032[****] cardId=-1 isOpportunistic false mGroupUUID=null mIsGroupDisabled=false profileClass=-1 ehplmns = null hplmns = null subscriptionType=0 mGroupOwner=null}
03-06 20:53:43.544  2026  2123 W BestClock: java.time.DateTimeException: Missing NTP fix
03-06 20:53:43.547  2026  2123 W BestClock: java.time.DateTimeException: Missing NTP fix
03-06 20:53:43.547  1773  1773 I netd    : bandwidthSetGlobalAlert(2097152) <0.05ms>
03-06 20:53:43.552  4330  8274 W Bugle   : BuglePhoneNumberUtils: canonicalizeMccMnc: invalid mccmnc. mcc: null, mnc: null
03-06 20:53:43.555  4330  8274 W Bugle   : Obsolete carrier config resource: maxMessageSize res: 1048576, sys: 307200
03-06 20:53:43.555  4330  8274 W Bugle   : Obsolete carrier config resource: maxImageHeight res: 1944, sys: 480
03-06 20:53:43.555  4330  8274 W Bugle   : Obsolete carrier config resource: maxImageWidth res: 2592, sys: 640
03-06 20:53:43.555  4330  8274 I Bugle   : Carrier configs loaded: Bundle[{carrier_volte_provisioned_bool=false, disable_charge_indication_bool=false, support_tdscdma_bool=false, httpSocketTimeout=60000, call_redirection_service_component_name_string=null, carrier_wfc_supports_wifi_only_bool=false, carrier_default_actions_on_default_network_available_string_array=[false: 7, true: 8], operator_selection_expand_bool=true, disable_cdma_activation_code_bool=false, simplified_network_settings_bool=false, support_tdscdma_roaming_networks_string_array=null, gps.lpp_profile=0, call_barring_visibility_bool=false, gps.es_extension_sec=0, enable_apps_string_array=null, carrier_default_wfc_ims_roaming_enabled_bool=false, cdma_nonroaming_networks_string_array=null, aliasMinChars=2, wfc_data_spn_format_idx_int=0, hide_sim_lock_settings_bool=false, drop_video_call_when_answering_audio_call_bool=false, ci_action_on_sys_update_bool=false, convert_cdma_caller_id_mmi_codes_while_roaming_on_3gpp_bool=false, support_enhanced_call_blocking_bool=true, vvm_port_number_int=0, carrier_default_wfc_ims_enabled_bool=false, dial_string_replace_string_array=null, opportunistic_network_entry_threshold_bandwidth_int=1024, gsm_nonroaming_networks_string_array=null, hide_ims_apn_bool=false, vvm_destination_number_string=, dtmf_type_enabled_bool=false, allow_video_calling_fallback_bool=true, config_ims_package_override_string=null, only_auto_select_in_home_network=false, smsToMmsTextThreshold=-1, disable_severe_when_extreme_disabled_bool=true, force_home_network_bool=false, spdi_override_string_array=null, show_wfc_location_privacy_policy_bool=false, gps.supl_es=1, enableSMSDeliveryReports=true, auto_retry_enabled_bool=false, opportunistic_network_entry_threshold_rssnr_int=45, play_call_recording_tone_bool=false, carrier_force_disable_etws_cmas_test_bool=false, call_waiting_service_class_int=1, allow_emergency_video_calls_bool=false, csp_enabled_bool=false, default_sim_call_manager_string=, wifi.passpoint_profiles_string_array=null, carrier_app_required_during_setup_bool=false, call_forwarding_blocks_while_roaming_string_array=null, emergency_notification_delay_int=-1, support_video_conference_call_bool=false, ims_dtmf_tone_delay_int=0, show_signal_strength_in_sim_status_bool=true, data_rapid_notification_bool=true, carrier_instant_lettering_escaped_chars_string=, carrier_default_wfc_ims_roaming_mode_int=2, editable_wfc_mode_bool=true, support_direct_fdn_dialing_bool=false, carrier_ut_provisioning_required_bool=false, carrier_wifi_string_array=null, treat_downgraded_video_calls_as_video_calls_bool=false, wifi_calls_can_be_hd_audio=true, support_downgrade_vt_to_audio_bool=true, cdma_enhanced_roaming_indicator_for_home_network_int_array=[1], notify_handover_video_from_lte_to_wifi_bool=false, use_otasp_for_provisioning_bool=false, always_play_remote_hold_tone_bool=false, opportunistic_network_data_switch_hysteresis_time_long=10000, maxMessageTextSize=-1, duration_blocking_disabled_after_emergency_int=7200, carrier_metered_roaming_apn_types_strings=[default, mms, dun, supl], additional_settings_call_waiting_visibility_bool=true, show_video_call_charges_alert_dialog_bool=false, carrier_network_service_wlan_package_override_string=, show_apn_setting_cdma_bool=false, use_usim_bool=false, carrier_instant_lettering_length_limit_int=64, operator_name_filter_pattern_string=, carrier_instant_lettering_invalid_chars_string=, carrier_setup_app_string=, editable_wfc_roaming_mode_bool=false, supportMmsContentDisposition=true, support_manage_ims_conference_call_bool=true, opportunistic_network_exit_threshold_rssnr_int=10, allow_non_emergency_calls_in_ecm_bool=true, allow_cdma_eri_bool=false, carrier_data_service_wlan_package_override_string=, show_carrier_data_icon_pattern_string=, use_rcs_presence_bool=false, config_telephony_use_own_number_for_voicemail_bool=false, cdma_dtmf_tone_delay_int=100, editable_voicemail_number_bool=false, carrier_data_call_apn_retry_after_disconnect_long=10000, filtered_cnap_names_string_array=null, enabledTransID=false, aliasEnabled=false, vvm_disabl
03-06 20:53:43.556  2026  4785 D AlarmManagerService: Kernel timezone updated to 0 minutes west of GMT
03-06 20:53:43.559  2026  2026 D ConditionProviders.SCP: onReceive android.intent.action.TIMEZONE_CHANGED
03-06 20:53:43.559  2026  2026 D ConditionProviders.SCP: evaluateSubscriptionLocked cal=ScheduleCalendar[mDays={1, 2, 3, 4, 5, 6, 7}, mSchedule=ScheduleInfo{days=[1, 2, 3, 4, 5, 6, 7], startHour=22, startMinute=0, endHour=7, endMinute=0, exitAtAlarm=true, nextAlarm=Thu Jan 01 00:00:00 GMT 1970 (0)}], now=Wed Mar 06 20:53:43 GMT 2024 (1709758423559), nextUserAlarmTime=Thu Jan 01 00:00:00 GMT 1970 (0)
03-06 20:53:43.559  2026  2026 D ConditionProviders.SCP: notifyCondition condition://android/schedule?days=1.2.3.4.5.6.7&start=22.0&end=7.0&exitAtAlarm=true STATE_FALSE reason=!meetsSchedule
03-06 20:53:43.561  2026  2026 D ConditionProviders.SCP: Scheduling evaluate for Wed Mar 06 22:00:00 GMT 2024 (1709762400000), in +1h6m16s441ms, now=Wed Mar 06 20:53:43 GMT 2024 (1709758423559)
03-06 20:53:43.570  2026  3230 I LocationAccessPolicy: Allowing com.google.android.inputmethod.latin fine because it doesn't target API 29 yet. Please fix this app. Called from TelephonyRegistry push
03-06 20:53:43.571  2026  3230 I LocationAccessPolicy: Allowing com.google.android.apps.messaging fine because it doesn't target API 29 yet. Please fix this app. Called from TelephonyRegistry push
03-06 20:53:43.573  2476  2476 D ServiceStateProvider: subId=1
03-06 20:53:43.585  5804  5804 I AlarmClock: AlarmInitReceiver android.intent.action.TIMEZONE_CHANGED
03-06 20:53:43.586  5804  8154 I AlarmClock: Connected Dock: null
03-06 20:53:43.592  5804  8154 I AlarmClock: Removing AlarmClockInfo
03-06 20:53:43.596  5804  5804 I AlarmClock: DigitalAppWidgetProvider processing Intent { act=android.intent.action.TIMEZONE_CHANGED flg=0x21200010 cmp=com.google.android.deskclock/com.android.alarmclock.DigitalAppWidgetProvider (has extras) }
03-06 20:53:43.617  4113  4113 D CellBroadcastReceiver: onReceive Intent { act=android.intent.action.SERVICE_STATE flg=0x1000010 cmp=com.android.cellbroadcastreceiver/.CellBroadcastReceiver (has extras) }
03-06 20:53:43.622  4165  4165 I CarrierServices: [2] ServiceStateReceiver.onReceive: Received SERVICE_STATE intent.
03-06 20:53:43.632  2476  6634 D IccSmsInterfaceManager: [IccSmsInterfaceManager] Failed to add GSM cell broadcast channels range 4356 to 4356
03-06 20:53:43.637  2476  6634 D IccSmsInterfaceManager: [IccSmsInterfaceManager] Failed to remove GSM cell broadcast channels range 4355 to 4355
03-06 20:53:43.641  2476  6634 D IccSmsInterfaceManager: [IccSmsInterfaceManager] Calling setGsmBroadcastConfig with 1 configurations
03-06 20:53:43.645  2476  2476 I TelecomFramework: : onSubscriptionsChanged - update accounts
03-06 20:53:43.645  2476  2476 I TelecomFramework: PstnIncomingCallNotifier: Unregistering: Handler (com.android.internal.telephony.GsmCdmaPhone) {b312827}
03-06 20:53:43.645  2476  2476 I TelecomFramework: TelecomAccountRegistry: setupAccounts: Found 1 phones.  Attempting to register.
03-06 20:53:43.645  2476  2476 I TelecomFramework: TelecomAccountRegistry: setupAccounts: Phone with subscription id 1
03-06 20:53:43.645  2476  2476 I TelecomFramework: TelecomAccountRegistry: setupAccounts: adding default
03-06 20:53:43.646  2476  2476 E PhoneInterfaceManager: [PhoneIntfMgr] getIccId: No UICC
03-06 20:53:43.655  2026  4296 I Telecom : PhoneAccountRegistrar: New phone account registered: [[ ] PhoneAccount: ComponentInfo{com.android.phone/com.android.services.telephony.TelephonyConnectionService}, ***, UserHandle{0} Capabilities: CallProvider MultiUser PlaceEmerg SimSub  Audio Routes: BESW Schemes: tel voicemail  Extras: Bundle[{android.telecom.extra.SUPPORTS_VIDEO_CALLING_FALLBACK=true}] GroupId: ***]: TSI.rPA@BGM
03-06 20:53:43.656  2026  4296 I Telecom : CallsManager: Sending phone-account ComponentInfo{com.android.phone/com.android.services.telephony.TelephonyConnectionService}, ***, UserHandle{0} registered intent as user: TSI.rPA@BGM
03-06 20:53:43.656  2026  4296 I Telecom : CallsManager: Sending phone-account registered intent to default dialer: TSI.rPA@BGM
03-06 20:53:43.657  2476  2476 I TelecomFramework: AccountEntry: Registered phoneAccount: [[ ] PhoneAccount: ComponentInfo{com.android.phone/com.android.services.telephony.TelephonyConnectionService}, ***, UserHandle{0} Capabilities: CallProvider MultiUser PlaceEmerg SimSub  Audio Routes: BESW Schemes: tel voicemail  Extras: Bundle[{android.telecom.extra.SUPPORTS_VIDEO_CALLING_FALLBACK=true}] GroupId: ***] with handle: ComponentInfo{com.android.phone/com.android.services.telephony.TelephonyConnectionService}, ***, UserHandle{0}
03-06 20:53:43.657  2476  2476 I TelecomFramework: PstnIncomingCallNotifier: Registering: Handler (com.android.internal.telephony.GsmCdmaPhone) {b312827}
03-06 20:53:43.658  2476  2476 I TelecomFramework: TelecomAccountRegistry: Unregistering phone account ComponentInfo{com.android.phone/com.android.services.telephony.TelephonyConnectionService}, ***, UserHandle{0}.
03-06 20:53:43.659  2026  4296 I Telecom : CallsManager: Sending phone-account ComponentInfo{com.android.phone/com.android.services.telephony.TelephonyConnectionService}, ***, UserHandle{0} unregistered intent as user: TSI.uPA@BGU
03-06 20:53:43.659  2026  4296 I Telecom : CallsManager: Sending phone-account unregistered intent to default dialer: TSI.uPA@BGU
03-06 20:53:43.660  2476  2476 D CallNotifier: updatePhoneStateListeners: update CF notifications.
03-06 20:53:43.660  2476  2476 I NotificationMgr: updateCfi: subId= 1, visible=N
03-06 20:53:43.661  2476  2476 I NotificationMgr: updateMwi(): subId 1 update to false
03-06 20:53:43.662  2476  2476 D MultiSimSettingController: onSubscriptionsChanged
03-06 20:53:43.662  2476  2476 D MultiSimSettingController: updateDefaults
03-06 20:53:43.663  2476  2476 D MultiSimSettingController: [updateDefaultValues] change: 0
03-06 20:53:43.664  4030  4030 I Dialer  : LegacyVoicemailNotificationReceiver.onReceive - received legacy voicemail notification
03-06 20:53:43.664  4030  4030 I Dialer  : LegacyVoicemailNotificationReceiver.onReceive - isRefresh: true
03-06 20:53:43.664  4030  4030 I Dialer  : LegacyVoicemailNotificationReceiver.onReceive - clearing notification
03-06 20:53:43.664  4030  4030 I Dialer  : LegacyVoicemailNotifier.cancelNotification - enter
03-06 20:53:43.664  4030  4030 I Dialer  : LegacyVoicemailNotifier.cancelNotification - 'null' id, canceling all legacy voicemail notifications
03-06 20:53:43.667  1676  1676 I hwservicemanager: getTransport: Cannot find entry android.hardware.radio.config@1.1::IRadioConfig/default in either framework or device manifest.
03-06 20:53:43.667  1676  1676 I hwservicemanager: getTransport: Cannot find entry android.hardware.radio.config@1.0::IRadioConfig/default in either framework or device manifest.
03-06 20:53:43.672  1676  1676 I hwservicemanager: getTransport: Cannot find entry android.hardware.radio.config@1.1::IRadioConfig/default in either framework or device manifest.
03-06 20:53:43.672  1676  1676 I hwservicemanager: getTransport: Cannot find entry android.hardware.radio.config@1.0::IRadioConfig/default in either framework or device manifest.
03-06 20:53:43.673  1676  1676 I hwservicemanager: getTransport: Cannot find entry android.hardware.radio.config@1.1::IRadioConfig/default in either framework or device manifest.
03-06 20:53:43.673  1676  1676 I hwservicemanager: getTransport: Cannot find entry android.hardware.radio.config@1.0::IRadioConfig/default in either framework or device manifest.
03-06 20:53:43.676  2026  2871 D AlarmManagerService: Kernel timezone updated to 0 minutes west of GMT
03-06 20:53:43.681  2476  2476 D IntentBroadcaster: Broadcasting and adding intent for rebroadcast: android.intent.action.SIM_STATE_CHANGED UNKNOWN for slotId 0
03-06 20:53:43.682  2803  2803 I rcs     : [PresencePublication] onReceive intent=Intent { act=android.intent.action.SIM_STATE_CHANGED flg=0x5000010 (has extras) }
03-06 20:53:43.682  2803  2803 I rcs     : [PresencePublication] ACTION_SIM_STATE_CHANGED INTENT_KEY_ICC_STATE=UNKNOWN
03-06 20:53:43.682  2803  2803 I rcs     : [RcsService] onReceive intent=Intent { act=android.intent.action.SIM_STATE_CHANGED flg=0x5000010 (has extras) }
03-06 20:53:43.682  2184  2184 V KeyguardUpdateMonitor: action android.intent.action.SIM_STATE_CHANGED state: UNKNOWN slotId: 0 subid: 1
03-06 20:53:43.682  2184  2184 D KeyguardUpdateMonitor: handleSimStateChange(subId=1, slotId=0, state=UNKNOWN)
03-06 20:53:43.684  2476  2476 D CarrierConfigLoader: update config for phoneId: 0 simState: UNKNOWN
03-06 20:53:43.685  2476  2476 D CarrierSvcBindHelper: update binding for phoneId: 0 simState: UNKNOWN
03-06 20:53:43.689  2476  2476 D TelephonyProvider: match current APN size:  0
03-06 20:53:43.690  2476  2476 E TelephonyProvider: iccRecords is null
03-06 20:53:43.691  2476  2476 I TelecomFramework: PstnPhoneCapabilitiesNotifier: handleVideoCapabilitesChanged. Video capability - false
03-06 20:53:43.692  2476  2476 E PhoneInterfaceManager: [PhoneIntfMgr] getIccId: No UICC
03-06 20:53:43.701  2026  2871 I Telecom : PhoneAccountRegistrar: Modify account: [ComponentInfo{com.android.phone/com.android.services.telephony.TelephonyConnectionService}, ***, UserHandle{0}]: TSI.rPA@BGg
03-06 20:53:43.702  2026  2871 I Telecom : CallsManager: handlePhoneAccountChanged: phoneAccount=[[X] PhoneAccount: ComponentInfo{com.android.phone/com.android.services.telephony.TelephonyConnectionService}, ***, UserHandle{0} Capabilities: CallProvider MultiUser PlaceEmerg SimSub  Audio Routes: BESW Schemes: tel voicemail  Extras: Bundle[{android.telecom.extra.SUPPORTS_VIDEO_CALLING_FALLBACK=true}] GroupId: ***]: TSI.rPA@BGg
03-06 20:53:43.705  2476  2476 D CarrierConfigLoader: mHandler: 0 phoneId: 0
03-06 20:53:43.706  2476  2476 D CarrierConfigLoader: Broadcast CARRIER_CONFIG_CHANGED for phone 0
03-06 20:53:43.707  2476  2476 I VvmSimStateTracker: android.intent.action.SIM_STATE_CHANGED
03-06 20:53:43.707  4330  4330 I Bugle   : Carrier config changed. Reloading MMS config.
03-06 20:53:43.708  4113  4113 D CellBroadcastReceiver: onReceive Intent { act=android.telephony.action.CARRIER_CONFIG_CHANGED flg=0x15000010 cmp=com.android.cellbroadcastreceiver/.CellBroadcastReceiver (has extras) }
03-06 20:53:43.708  4113  4113 D CellBroadcastReceiver: initializeSharedPreference
03-06 20:53:43.710  6392  6392 I Finsky  : [2] com.google.android.finsky.simhandler.SimStateReceiver.a(6): android.intent.action.SIM_STATE_CHANGED : simState = UNKNOWN
03-06 20:53:43.710  4113  4113 D CellBroadcastReceiver: Default interval 0 did not change.
03-06 20:53:43.710  4113  4113 D CellBroadcastReceiver: Start Cell Broadcast configuration.
03-06 20:53:43.711  2476  3541 E CarrierInfoManager: Invalid networkOperator: 
03-06 20:53:43.717  2476  2476 I TelecomFramework: : Carrier-config changed, checking for phone account updates.
03-06 20:53:43.720  2387  7465 I constellation: [sim_state_checker] sim state checker is disabled.
03-06 20:53:43.723  2026  2026 I Telecom : PhoneAccountRegistrar: getSimCallManager: SimCallManager for subId 1 queried, returning: null: CM.CCCR->CM.UECNT->CM.CCCR->CM.UECNT->CM.CCCR->CM.UECNT->CM.CCCR->CM.UECNT->CM.CCCR->CM.UECNT->CM.CCCR->CM.UECNT->CM.CCCR->CM.UECNT->CM.CCCR->CM.UECNT->CM.CCCR->CM.UECNT->CM.CCCR->CM.UECNT->CM.CCCR->CM.UECNT->CM.CCCR->CM.UECNT->CM.CCCR->CM.UECNT->CM.CCCR->CM.UECNT->CM.CCCR->CM.UECNT->CM.CCCR->CM.UECNT->CM.CCCR->CM.UECNT->CM.CCCR->CM.UECNT->CM.CCCR->CM.UECNT->CM.CCCR->CM.UECNT->CM.CCCR->CM.UECNT->CM.CCCR->CM.UECNT->CM.CCCR->CM.UECNT->CM.CCCR->CM.UECNT->CM.CCCR->CM.UECNT->CM.CCCR->CM.UECNT->CM.CCCR->CM.UECNT->CM.CCCR->CM.UECNT->CM.CCCR->CM.UECNT->CM.CCCR->CM.UECNT->CM.CCCR->CM.UECNT->CM.CCCR->CM.UECNT->CM.CCCR->CM.UECNT->CM.CCCR->CM.UECNT->CM.CCCR->CM.UECNT->CM.CCCR->CM.UECNT->CM.CCCR->CM.UECNT->CM.CCCR->CM.UECNT->CM.CCCR->CM.UECNT->CM.CCCR->CM.UECNT->CM.CCCR->CM.UECNT->CM.CCCR->CM.UECNT->CM.CCCR->CM.UECNT->CM.CCCR->CM.UECNT->CM.CCCR->CM.UECNT->CM.CCCR->CM.UECNT->CM.CCCR->CM.UECNT->CM.CCCR->CM.UECNT->CM.CCCR->CM.UECNT@AD4
03-06 20:53:43.731  2476  2476 D TelephonyProvider: subIdString = 1 subId = 1
03-06 20:53:43.737  2476  2476 E PhoneInterfaceManager: [PhoneIntfMgr] getIccId: No UICC
03-06 20:53:43.741  2184  2184 V KeyguardUpdateMonitor: onSubscriptionInfoChanged()
03-06 20:53:43.742  2184  2184 V KeyguardUpdateMonitor: SubInfo:{id=1, iccId=890141032[****] simSlotIndex=0 carrierId=1 displayName=T-Mobile carrierName=No service nameSource=3 iconTint=-16746133 mNumber=[****] dataRoaming=0 iconBitmap=android.graphics.Bitmap@86934bc mcc 310 mnc 260mCountryIso=us isEmbedded false accessRules null cardString=890141032[****] cardId=-1 isOpportunistic false mGroupUUID=null mIsGroupDisabled=false profileClass=-1 ehplmns = null hplmns = null subscriptionType=0 mGroupOwner=null}
03-06 20:53:43.743  6392  6422 I Finsky  : [491] fpw.a(10): onSubscriptionsChanged
03-06 20:53:43.743  6392  6422 I Finsky  : [491] fpt.c(15): notifySubscriptionInfoChangedListener: DataSubscriptionInfo=null
03-06 20:53:43.744  2026  4296 I LocationAccessPolicy: Allowing com.google.android.inputmethod.latin fine because it doesn't target API 29 yet. Please fix this app. Called from TelephonyRegistry push
03-06 20:53:43.744  2026  4296 I LocationAccessPolicy: Allowing com.google.android.apps.messaging fine because it doesn't target API 29 yet. Please fix this app. Called from TelephonyRegistry push
03-06 20:53:43.746  2026  2123 E NetworkPolicy: Missing subscriberId for subId 1
03-06 20:53:43.746  2026  2123 W BestClock: java.time.DateTimeException: Missing NTP fix
03-06 20:53:43.746  2026  2053 I DropBoxManagerService: add tag=system_server_wtf isTagEnabled=true flags=0x2
03-06 20:53:43.747  2026  2123 W BestClock: java.time.DateTimeException: Missing NTP fix
03-06 20:53:43.747  1773  1773 I netd    : bandwidthSetGlobalAlert(2097152) <0.06ms>
03-06 20:53:43.750  2476  2476 D ServiceStateProvider: subId=1
03-06 20:53:43.752  4113  4113 D CellBroadcastReceiver: onReceive Intent { act=android.intent.action.SERVICE_STATE flg=0x1000010 cmp=com.android.cellbroadcastreceiver/.CellBroadcastReceiver (has extras) }
03-06 20:53:43.754  2476  2476 D OtaspSimStateReceiver: Received intent: android.telephony.action.CARRIER_CONFIG_CHANGED
03-06 20:53:43.754  2476  2476 I TelecomFramework: : onSubscriptionsChanged - update accounts
03-06 20:53:43.754  2476  2476 I TelecomFramework: PstnIncomingCallNotifier: Unregistering: Handler (com.android.internal.telephony.GsmCdmaPhone) {b312827}
03-06 20:53:43.754  2476  2476 I TelecomFramework: TelecomAccountRegistry: setupAccounts: Found 1 phones.  Attempting to register.
03-06 20:53:43.754  2476  2476 I TelecomFramework: TelecomAccountRegistry: setupAccounts: Phone with subscription id 1
03-06 20:53:43.754  2476  2476 I TelecomFramework: TelecomAccountRegistry: setupAccounts: adding default
03-06 20:53:43.755  2476  2476 E PhoneInterfaceManager: [PhoneIntfMgr] getIccId: No UICC
03-06 20:53:43.756  6392  6392 I Finsky  : [2] pxd.b(7): Jobs in database: 12-1 21-333333333 28--559038737 31-305419896 
03-06 20:53:43.756  6392  6392 I Finsky  : [2] puk.a(113): ConstraintMapping: 12-1, 21-333333333, 28--559038737, 31-305419896,  -> L: 0ms, D: 82610362ms, C: false, I: false, N: 1
03-06 20:53:43.756  4165  4165 I CarrierServices: [2] ServiceStateReceiver.onReceive: Received SERVICE_STATE intent.
03-06 20:53:43.758  6392  6392 I Finsky  : [2] com.google.android.finsky.scheduler.JobSchedulerEngine.a(42): Cancelling existing job with id: 9001
03-06 20:53:43.758  6392  6392 I Finsky  : [2] com.google.android.finsky.scheduler.JobSchedulerEngine.a(4): Scheduling job Id: 9000, L: 0, D: 82610362, C: false, I: false, N: 1
03-06 20:53:43.760  6392  6637 I Finsky  : [539] qjn.b(1): SIM removed, prefetching preloads
03-06 20:53:43.760  6392  6428 I Finsky  : [495] qjm.call(2): Prefetching preloads for account null
03-06 20:53:43.760  6392  6428 W Finsky  : [495] cwl.a(19): For unauth, use getDfeApiNonAuthenticated() instead!
03-06 20:53:43.762  6392  6428 I Finsky  : [495] qnu.a(19): No PAI stub found
03-06 20:53:43.762  6392  6428 E Finsky  : [495] qjm.call(31): Error prefetching preloads, using account=null, preloads=NULL, preloadRros=NULL, preloadGroups=NULL
03-06 20:53:43.762  6392  6428 E Finsky  : com.google.android.finsky.setup.fetchers.RawDocumentsFetchException[reason=pai_config, account=null]
03-06 20:53:43.762  6392  6428 E Finsky  : 	at qnu.a(SourceFile:19)
03-06 20:53:43.762  6392  6428 E Finsky  : 	at qjm.call(Unknown Source:2)
03-06 20:53:43.762  6392  6428 E Finsky  : 	at afxg.a(SourceFile:1)
03-06 20:53:43.762  6392  6428 E Finsky  : 	at afwi.run(SourceFile:3)
03-06 20:53:43.762  6392  6428 E Finsky  : 	at afxf.run(SourceFile:2)
03-06 20:53:43.762  6392  6428 E Finsky  : 	at java.util.concurrent.ThreadPoolExecutor.runWorker(ThreadPoolExecutor.java:1167)
03-06 20:53:43.762  6392  6428 E Finsky  : 	at java.util.concurrent.ThreadPoolExecutor$Worker.run(ThreadPoolExecutor.java:641)
03-06 20:53:43.762  6392  6428 E Finsky  : 	at unn.run(Unknown Source:7)
03-06 20:53:43.762  6392  6428 E Finsky  : 	at java.lang.Thread.run(Thread.java:919)
03-06 20:53:43.762  6392  6428 I Finsky  : [495] qjn.a(10): VpaSelectionActivity will be disabled
03-06 20:53:43.763  6392  6637 I Finsky  : [539] fpy.a(5): notifySubscriptionInfoChangedListener success.
03-06 20:53:43.769  2026  2871 I Telecom : PhoneAccountRegistrar: Modify account: [ComponentInfo{com.android.phone/com.android.services.telephony.TelephonyConnectionService}, ***, UserHandle{0}]: TSI.rPA@BGk
03-06 20:53:43.769  2026  2871 I Telecom : CallsManager: handlePhoneAccountChanged: phoneAccount=[[X] PhoneAccount: ComponentInfo{com.android.phone/com.android.services.telephony.TelephonyConnectionService}, ***, UserHandle{0} Capabilities: CallProvider MultiUser PlaceEmerg SimSub  Audio Routes: BESW Schemes: tel voicemail  Extras: Bundle[{android.telecom.extra.SUPPORTS_VIDEO_CALLING_FALLBACK=true}] GroupId: ***]: TSI.rPA@BGk
03-06 20:53:43.770  2476  2476 I TelecomFramework: AccountEntry: Registered phoneAccount: [[ ] PhoneAccount: ComponentInfo{com.android.phone/com.android.services.telephony.TelephonyConnectionService}, ***, UserHandle{0} Capabilities: CallProvider MultiUser PlaceEmerg SimSub  Audio Routes: BESW Schemes: tel voicemail  Extras: Bundle[{android.telecom.extra.SUPPORTS_VIDEO_CALLING_FALLBACK=true}] GroupId: ***] with handle: ComponentInfo{com.android.phone/com.android.services.telephony.TelephonyConnectionService}, ***, UserHandle{0}
03-06 20:53:43.770  2476  2476 I TelecomFramework: PstnIncomingCallNotifier: Registering: Handler (com.android.internal.telephony.GsmCdmaPhone) {b312827}
03-06 20:53:43.775  2476  2476 D TelephonyProvider: match current APN size:  0
03-06 20:53:43.775  2476  2476 E TelephonyProvider: iccRecords is null
03-06 20:53:43.777  2476  2476 D CallNotifier: updatePhoneStateListeners: update CF notifications.
03-06 20:53:43.777  2476  2476 I NotificationMgr: updateCfi: subId= 1, visible=N
03-06 20:53:43.778  2476  2476 I NotificationMgr: updateMwi(): subId 1 update to false
03-06 20:53:43.780  2476  2476 D MultiSimSettingController: onSubscriptionsChanged
03-06 20:53:43.780  2476  2476 D MultiSimSettingController: updateDefaults
03-06 20:53:43.780  2476  2476 D MultiSimSettingController: [updateDefaultValues] change: 0
03-06 20:53:43.781  2026  4296 D AlarmManagerService: Kernel timezone updated to 0 minutes west of GMT
