03-06 20:53:53.744  2476  2476 D CallNotifier: updatePhoneStateListeners: update CF notifications.
03-06 20:53:53.744  2476  2476 I NotificationMgr: updateCfi: subId= 1, visible=N
03-06 20:53:53.747  2026  2872 I WifiService: acquireWifiLock uid=10099 lockMode=2
03-06 20:53:53.748  2476  2476 I NotificationMgr: updateMwi(): subId 1 update to false
03-06 20:53:53.748  2164  3051 W GCoreFlp: No location to return for getLastLocation()
03-06 20:53:53.752  4030  4030 I Dialer  : LegacyVoicemailNotificationReceiver.onReceive - received legacy voicemail notification
03-06 20:53:53.752  4030  4030 I Dialer  : LegacyVoicemailNotificationReceiver.onReceive - isRefresh: true
03-06 20:53:53.752  4030  4030 I Dialer  : LegacyVoicemailNotificationReceiver.onReceive - clearing notification
03-06 20:53:53.752  4030  4030 I Dialer  : LegacyVoicemailNotifier.cancelNotification - enter
03-06 20:53:53.752  4030  4030 I Dialer  : LegacyVoicemailNotifier.cancelNotification - 'null' id, canceling all legacy voicemail notifications
03-06 20:53:53.753  2476  2476 D MultiSimSettingController: onSubscriptionsChanged
03-06 20:53:53.753  2476  2476 D MultiSimSettingController: updateDefaults
03-06 20:53:53.753  2476  2476 D MultiSimSettingController: [updateDefaultValues] change: 0
03-06 20:53:53.757  2164  3051 W GCoreFlp: No location to return for getLastLocation()
03-06 20:53:53.764  2164  3051 W GCoreFlp: No location to return for getLastLocation()
03-06 20:53:53.766  1676  1676 I hwservicemanager: getTransport: Cannot find entry android.hardware.radio.config@1.1::IRadioConfig/default in either framework or device manifest.
03-06 20:53:53.766  1676  1676 I hwservicemanager: getTransport: Cannot find entry android.hardware.radio.config@1.0::IRadioConfig/default in either framework or device manifest.
03-06 20:53:53.769  1676  1676 I hwservicemanager: getTransport: Cannot find entry android.hardware.radio.config@1.1::IRadioConfig/default in either framework or device manifest.
03-06 20:53:53.769  1676  1676 I hwservicemanager: getTransport: Cannot find entry android.hardware.radio.config@1.0::IRadioConfig/default in either framework or device manifest.
03-06 20:53:53.770  1676  1676 I hwservicemanager: getTransport: Cannot find entry android.hardware.radio.config@1.1::IRadioConfig/default in either framework or device manifest.
03-06 20:53:53.770  1676  1676 I hwservicemanager: getTransport: Cannot find entry android.hardware.radio.config@1.0::IRadioConfig/default in either framework or device manifest.
03-06 20:53:53.771  2026  4059 D AlarmManagerService: Kernel timezone updated to 0 minutes west of GMT
03-06 20:53:53.775  2476  2476 D IntentBroadcaster: Broadcasting and adding intent for rebroadcast: android.intent.action.SIM_STATE_CHANGED UNKNOWN for slotId 0
03-06 20:53:53.777  2476  2476 D CarrierConfigLoader: update config for phoneId: 0 simState: UNKNOWN
03-06 20:53:53.777  2476  2476 D CarrierSvcBindHelper: update binding for phoneId: 0 simState: UNKNOWN
03-06 20:53:53.778  2803  2803 I rcs     : [PresencePublication] onReceive intent=Intent { act=android.intent.action.SIM_STATE_CHANGED flg=0x5000010 (has extras) }
03-06 20:53:53.778  2803  2803 I rcs     : [PresencePublication] ACTION_SIM_STATE_CHANGED INTENT_KEY_ICC_STATE=UNKNOWN
03-06 20:53:53.778  2803  2803 I rcs     : [RcsService] onReceive intent=Intent { act=android.intent.action.SIM_STATE_CHANGED flg=0x5000010 (has extras) }
03-06 20:53:53.778  2184  2184 V KeyguardUpdateMonitor: action android.intent.action.SIM_STATE_CHANGED state: UNKNOWN slotId: 0 subid: 1
03-06 20:53:53.778  2184  2184 D KeyguardUpdateMonitor: handleSimStateChange(subId=1, slotId=0, state=UNKNOWN)
03-06 20:53:53.780  2476  2476 D TelephonyProvider: match current APN size:  0
03-06 20:53:53.783  2476  2476 E TelephonyProvider: iccRecords is null
03-06 20:53:53.784  2476  2476 I TelecomFramework: PstnPhoneCapabilitiesNotifier: handleVideoCapabilitesChanged. Video capability - false
03-06 20:53:53.784  2476  2476 E PhoneInterfaceManager: [PhoneIntfMgr] getIccId: No UICC
03-06 20:53:53.789  2026  4059 I Telecom : PhoneAccountRegistrar: Modify account: [ComponentInfo{com.android.phone/com.android.services.telephony.TelephonyConnectionService}, ***, UserHandle{0}]: TSI.rPA@BJU
03-06 20:53:53.789  2026  4059 I Telecom : CallsManager: handlePhoneAccountChanged: phoneAccount=[[X] PhoneAccount: ComponentInfo{com.android.phone/com.android.services.telephony.TelephonyConnectionService}, ***, UserHandle{0} Capabilities: CallProvider MultiUser PlaceEmerg SimSub  Audio Routes: BESW Schemes: tel voicemail  Extras: Bundle[{android.telecom.extra.SUPPORTS_VIDEO_CALLING_FALLBACK=true}] GroupId: ***]: TSI.rPA@BJU
03-06 20:53:53.792  2476  2476 D CarrierConfigLoader: mHandler: 0 phoneId: 0
03-06 20:53:53.793  2476  2476 D CarrierConfigLoader: Broadcast CARRIER_CONFIG_CHANGED for phone 0
03-06 20:53:53.797  4330  4330 I Bugle   : Carrier config changed. Reloading MMS config.
03-06 20:53:53.799  4113  4113 D CellBroadcastReceiver: onReceive Intent { act=android.telephony.action.CARRIER_CONFIG_CHANGED flg=0x15000010 cmp=com.android.cellbroadcastreceiver/.CellBroadcastReceiver (has extras) }
03-06 20:53:53.799  4113  4113 D CellBroadcastReceiver: initializeSharedPreference
03-06 20:53:53.799  2476  3532 E CarrierInfoManager: Invalid networkOperator: 
03-06 20:53:53.801  4113  4113 D CellBroadcastReceiver: Default interval 0 did not change.
03-06 20:53:53.801  4113  4113 D CellBroadcastReceiver: Start Cell Broadcast configuration.
03-06 20:53:53.807  2476  2476 I VvmSimStateTracker: android.intent.action.SIM_STATE_CHANGED
03-06 20:53:53.808  6392  6392 I Finsky  : [2] com.google.android.finsky.simhandler.SimStateReceiver.a(6): android.intent.action.SIM_STATE_CHANGED : simState = UNKNOWN
03-06 20:53:53.810  2026  2026 I Telecom : PhoneAccountRegistrar: getSimCallManager: SimCallManager for subId 1 queried, returning: null: CM.CCCR->CM.UECNT->CM.CCCR->CM.UECNT->CM.CCCR->CM.UECNT->CM.CCCR->CM.UECNT->CM.CCCR->CM.UECNT->CM.CCCR->CM.UECNT->CM.CCCR->CM.UECNT->CM.CCCR->CM.UECNT->CM.CCCR->CM.UECNT->CM.CCCR->CM.UECNT->CM.CCCR->CM.UECNT->CM.CCCR->CM.UECNT->CM.CCCR->CM.UECNT->CM.CCCR->CM.UECNT->CM.CCCR->CM.UECNT->CM.CCCR->CM.UECNT->CM.CCCR->CM.UECNT->CM.CCCR->CM.UECNT->CM.CCCR->CM.UECNT->CM.CCCR->CM.UECNT->CM.CCCR->CM.UECNT->CM.CCCR->CM.UECNT->CM.CCCR->CM.UECNT->CM.CCCR->CM.UECNT->CM.CCCR->CM.UECNT->CM.CCCR->CM.UECNT->CM.CCCR->CM.UECNT->CM.CCCR->CM.UECNT->CM.CCCR->CM.UECNT->CM.CCCR->CM.UECNT->CM.CCCR->CM.UECNT->CM.CCCR->CM.UECNT->CM.CCCR->CM.UECNT->CM.CCCR->CM.UECNT->CM.CCCR->CM.UECNT->CM.CCCR->CM.UECNT->CM.CCCR->CM.UECNT->CM.CCCR->CM.UECNT->CM.CCCR->CM.UECNT->CM.CCCR->CM.UECNT->CM.CCCR->CM.UECNT->CM.CCCR->CM.UECNT->CM.CCCR->CM.UECNT->CM.CCCR->CM.UECNT->CM.CCCR->CM.UECNT->CM.CCCR->CM.UECNT->CM.CCCR->CM.UECNT->CM.CCCR->CM.UECNT->CM.CCCR->CM.UECNT->CM.CCCR->CM.UECNT->CM.CCCR->CM.UECNT@AD4
03-06 20:53:53.814  2164  3051 W GCoreFlp: No location to return for getLastLocation()
03-06 20:53:53.815  2387  7815 I constellation: [sim_state_checker] sim state checker is disabled.
03-06 20:53:53.818  2164  8403 W ctxmgr  : [AclManager] No 3 for (accnt=account#-517948760#, com.google.android.gms(10099):UserVelocityProducer, vrsn=17786022, 0, 3pPkg = null ,  3pMdlId = null ,  pid = 2164). Was: 3 for 1, account#-517948760# [CONTEXT service_id=47 ]
03-06 20:53:53.823  2476  2476 I TelecomFramework: : Carrier-config changed, checking for phone account updates.
03-06 20:53:53.823  2476  2476 D OtaspSimStateReceiver: Received intent: android.telephony.action.CARRIER_CONFIG_CHANGED
03-06 20:53:53.832  2476  2476 D TelephonyProvider: subIdString = 1 subId = 1
03-06 20:53:53.841  2476  2476 E PhoneInterfaceManager: [PhoneIntfMgr] getIccId: No UICC
03-06 20:53:53.842  2164  8244 I Places  : ?: Couldn't find platform key file.
03-06 20:53:53.845  2184  2184 V KeyguardUpdateMonitor: onSubscriptionInfoChanged()
03-06 20:53:53.847  2184  2184 V KeyguardUpdateMonitor: SubInfo:{id=1, iccId=890141032[****] simSlotIndex=0 carrierId=1 displayName=T-Mobile carrierName=No service nameSource=3 iconTint=-16746133 mNumber=[****] dataRoaming=0 iconBitmap=android.graphics.Bitmap@715c11c mcc 310 mnc 260mCountryIso=us isEmbedded false accessRules null cardString=890141032[****] cardId=-1 isOpportunistic false mGroupUUID=null mIsGroupDisabled=false profileClass=-1 ehplmns = null hplmns = null subscriptionType=0 mGroupOwner=null}
03-06 20:53:53.851  6392  6424 I Finsky  : [493] fpw.a(10): onSubscriptionsChanged
03-06 20:53:53.851  6392  6424 I Finsky  : [493] fpt.c(15): notifySubscriptionInfoChangedListener: DataSubscriptionInfo=null
03-06 20:53:53.853  2026  2872 I LocationAccessPolicy: Allowing com.google.android.inputmethod.latin fine because it doesn't target API 29 yet. Please fix this app. Called from TelephonyRegistry push
03-06 20:53:53.853  2026  2872 I LocationAccessPolicy: Allowing com.google.android.apps.messaging fine because it doesn't target API 29 yet. Please fix this app. Called from TelephonyRegistry push
03-06 20:53:53.857  2476  2476 D ServiceStateProvider: subId=1
03-06 20:53:53.857  4113  4113 D CellBroadcastReceiver: onReceive Intent { act=android.intent.action.SERVICE_STATE flg=0x1000010 cmp=com.android.cellbroadcastreceiver/.CellBroadcastReceiver (has extras) }
03-06 20:53:53.858  2026  2123 E NetworkPolicy: Missing subscriberId for subId 1
03-06 20:53:53.858  2026  2123 W BestClock: java.time.DateTimeException: Missing NTP fix
03-06 20:53:53.858  2476  2476 I VvmSimStateTracker: android.telephony.action.CARRIER_CONFIG_CHANGED
03-06 20:53:53.858  2476  2476 I VvmSimStateTracker: Received SIM change for invalid subscription id.
03-06 20:53:53.858  2026  2053 I DropBoxManagerService: add tag=system_server_wtf isTagEnabled=true flags=0x2
03-06 20:53:53.859  2026  2123 W BestClock: java.time.DateTimeException: Missing NTP fix
03-06 20:53:53.859  1773  1773 I netd    : bandwidthSetGlobalAlert(2097152) <0.08ms>
03-06 20:53:53.870  4165  4165 I CarrierServices: [2] ServiceStateReceiver.onReceive: Received SERVICE_STATE intent.
03-06 20:53:53.873  2476  2476 I TelecomFramework: : onSubscriptionsChanged - update accounts
03-06 20:53:53.873  2476  2476 I TelecomFramework: PstnIncomingCallNotifier: Unregistering: Handler (com.android.internal.telephony.GsmCdmaPhone) {b312827}
03-06 20:53:53.873  2476  2476 I TelecomFramework: TelecomAccountRegistry: setupAccounts: Found 1 phones.  Attempting to register.
03-06 20:53:53.873  2476  2476 I TelecomFramework: TelecomAccountRegistry: setupAccounts: Phone with subscription id 1
03-06 20:53:53.873  2476  2476 I TelecomFramework: TelecomAccountRegistry: setupAccounts: adding default
03-06 20:53:53.873  2476  2476 E PhoneInterfaceManager: [PhoneIntfMgr] getIccId: No UICC
03-06 20:53:53.877  4165  4218 I CarrierServices: [259] CarrierServicesReleaseApp.a: Initialized already, return.
03-06 20:53:53.880  2026  4059 I Telecom : PhoneAccountRegistrar: Modify account: [ComponentInfo{com.android.phone/com.android.services.telephony.TelephonyConnectionService}, ***, UserHandle{0}]: TSI.rPA@BJc
03-06 20:53:53.880  2026  4059 I Telecom : CallsManager: handlePhoneAccountChanged: phoneAccount=[[X] PhoneAccount: ComponentInfo{com.android.phone/com.android.services.telephony.TelephonyConnectionService}, ***, UserHandle{0} Capabilities: CallProvider MultiUser PlaceEmerg SimSub  Audio Routes: BESW Schemes: tel voicemail  Extras: Bundle[{android.telecom.extra.SUPPORTS_VIDEO_CALLING_FALLBACK=true}] GroupId: ***]: TSI.rPA@BJc
03-06 20:53:53.881  2476  2476 I TelecomFramework: AccountEntry: Registered phoneAccount: [[ ] PhoneAccount: ComponentInfo{com.android.phone/com.android.services.telephony.TelephonyConnectionService}, ***, UserHandle{0} Capabilities: CallProvider MultiUser PlaceEmerg SimSub  Audio Routes: BESW Schemes: tel voicemail  Extras: Bundle[{android.telecom.extra.SUPPORTS_VIDEO_CALLING_FALLBACK=true}] GroupId: ***] with handle: ComponentInfo{com.android.phone/com.android.services.telephony.TelephonyConnectionService}, ***, UserHandle{0}
03-06 20:53:53.881  2476  2476 I TelecomFramework: PstnIncomingCallNotifier: Registering: Handler (com.android.internal.telephony.GsmCdmaPhone) {b312827}
03-06 20:53:53.883  6392  6392 I Finsky  : [2] pxd.b(7): Jobs in database: 12-1 21-333333333 28--559038737 31-305419896 
03-06 20:53:53.884  6392  6392 I Finsky  : [2] puk.a(113): ConstraintMapping: 12-1, 21-333333333, 28--559038737, 31-305419896,  -> L: 0ms, D: 82600235ms, C: false, I: false, N: 1
03-06 20:53:53.886  6392  6392 I Finsky  : [2] com.google.android.finsky.scheduler.JobSchedulerEngine.a(42): Cancelling existing job with id: 9001
03-06 20:53:53.887  6392  6637 I Finsky  : [539] qjn.b(1): SIM removed, prefetching preloads
03-06 20:53:53.887  6392  6428 I Finsky  : [495] qjm.call(2): Prefetching preloads for account null
03-06 20:53:53.887  6392  6428 W Finsky  : [495] cwl.a(19): For unauth, use getDfeApiNonAuthenticated() instead!
03-06 20:53:53.888  6392  6428 I Finsky  : [495] qnu.a(19): No PAI stub found
03-06 20:53:53.888  6392  6428 E Finsky  : [495] qjm.call(31): Error prefetching preloads, using account=null, preloads=NULL, preloadRros=NULL, preloadGroups=NULL
03-06 20:53:53.888  6392  6428 E Finsky  : com.google.android.finsky.setup.fetchers.RawDocumentsFetchException[reason=pai_config, account=null]
03-06 20:53:53.888  6392  6428 E Finsky  : 	at qnu.a(SourceFile:19)
03-06 20:53:53.888  6392  6428 E Finsky  : 	at qjm.call(Unknown Source:2)
03-06 20:53:53.888  6392  6428 E Finsky  : 	at afxg.a(SourceFile:1)
03-06 20:53:53.888  6392  6428 E Finsky  : 	at afwi.run(SourceFile:3)
03-06 20:53:53.888  6392  6428 E Finsky  : 	at afxf.run(SourceFile:2)
03-06 20:53:53.888  6392  6428 E Finsky  : 	at java.util.concurrent.ThreadPoolExecutor.runWorker(ThreadPoolExecutor.java:1167)
03-06 20:53:53.888  6392  6428 E Finsky  : 	at java.util.concurrent.ThreadPoolExecutor$Worker.run(ThreadPoolExecutor.java:641)
03-06 20:53:53.888  6392  6428 E Finsky  : 	at unn.run(Unknown Source:7)
03-06 20:53:53.888  6392  6428 E Finsky  : 	at java.lang.Thread.run(Thread.java:919)
03-06 20:53:53.888  6392  6428 I Finsky  : [495] qjn.a(10): VpaSelectionActivity will be disabled
03-06 20:53:53.888  6392  6392 I Finsky  : [2] com.google.android.finsky.scheduler.JobSchedulerEngine.a(4): Scheduling job Id: 9000, L: 0, D: 82600235, C: false, I: false, N: 1
03-06 20:53:53.889  6392  6637 I Finsky  : [539] fpy.a(5): notifySubscriptionInfoChangedListener success.
03-06 20:53:53.892  2476  2476 D TelephonyProvider: match current APN size:  0
03-06 20:53:53.892  2164  2164 I GeofencerStateMachine: removeGeofences: removeRequest=RemoveGeofencingRequest[REMOVE_BY_PENDING_INTENT pendingIntent=PendingIntent[creatorPackage=com.google.android.gms], packageName=com.google.android.gms]
03-06 20:53:53.892  2476  2476 E TelephonyProvider: iccRecords is null
03-06 20:53:53.893  2476  2476 D MultiSimSettingController: onSubscriptionsChanged
03-06 20:53:53.893  2476  2476 D MultiSimSettingController: updateDefaults
03-06 20:53:53.894  2476  2476 D MultiSimSettingController: [updateDefaultValues] change: 0
03-06 20:53:53.894  2476  2476 D CallNotifier: updatePhoneStateListeners: update CF notifications.
03-06 20:53:53.894  2476  2476 I NotificationMgr: updateCfi: subId= 1, visible=N
03-06 20:53:53.894  2476  2476 I NotificationMgr: updateMwi(): subId 1 update to false
03-06 20:53:53.895  2164  2164 I GeofencerStateMachine: removeGeofences: removeRequest=RemoveGeofencingRequest[REMOVE_BY_PENDING_INTENT pendingIntent=PendingIntent[creatorPackage=com.google.android.gms], packageName=com.google.android.gms]
03-06 20:53:53.898  2026  2871 D AlarmManagerService: Kernel timezone updated to 0 minutes west of GMT
03-06 20:53:53.901  2026  2872 D AlarmManagerService: Kernel timezone updated to 0 minutes west of GMT
03-06 20:53:53.903  2026  4785 W AppOps  : Noting op not finished: uid 10099 pkg com.google.android.gms code 79 time=1709758433689 duration=0
03-06 20:53:53.905  2164  3051 W GCoreFlp: No location to return for getLastLocation()
03-06 20:53:53.905  2164  8549 I PlaceInferenceEngine: [anon] Changed inference mode: 0
03-06 20:53:53.908  2026  7117 W AppOps  : Noting op not finished: uid 10099 pkg com.google.android.gms code 79 time=1709758433904 duration=0
03-06 20:53:53.910  2164  8548 I Places  : ?: Couldn't find platform key file.
03-06 20:53:53.912  2164  8550 I Places  : ?: Couldn't find platform key file.
03-06 20:53:53.913  2476  3541 D IccSmsInterfaceManager: [IccSmsInterfaceManager] Failed to add GSM cell broadcast channels range 4396 to 4396
03-06 20:53:53.914  2476  3541 D IccSmsInterfaceManager: [IccSmsInterfaceManager] Calling setGsmBroadcastConfig with 1 configurations
03-06 20:53:53.932  4030  4030 I Dialer  : LegacyVoicemailNotificationReceiver.onReceive - received legacy voicemail notification
03-06 20:53:53.933  4030  4030 I Dialer  : LegacyVoicemailNotificationReceiver.onReceive - isRefresh: true
03-06 20:53:53.933  4030  4030 I Dialer  : LegacyVoicemailNotificationReceiver.onReceive - clearing notification
03-06 20:53:53.933  4030  4030 I Dialer  : LegacyVoicemailNotifier.cancelNotification - enter
03-06 20:53:53.933  4030  4030 I Dialer  : LegacyVoicemailNotifier.cancelNotification - 'null' id, canceling all legacy voicemail notifications
03-06 20:53:53.934  2476  2476 I TelecomFramework: PstnPhoneCapabilitiesNotifier: handleVideoCapabilitesChanged. Video capability - false
03-06 20:53:53.934  2476  2476 E PhoneInterfaceManager: [PhoneIntfMgr] getIccId: ICC ID is null or empty.
03-06 20:53:53.938  2026  2872 I Telecom : PhoneAccountRegistrar: Modify account: [ComponentInfo{com.android.phone/com.android.services.telephony.TelephonyConnectionService}, ***, UserHandle{0}]: TSI.rPA@BJo
03-06 20:53:53.939  2026  2872 I Telecom : CallsManager: handlePhoneAccountChanged: phoneAccount=[[X] PhoneAccount: ComponentInfo{com.android.phone/com.android.services.telephony.TelephonyConnectionService}, ***, UserHandle{0} Capabilities: CallProvider MultiUser PlaceEmerg SimSub  Audio Routes: BESW Schemes: tel voicemail  Extras: Bundle[{android.telecom.extra.SUPPORTS_VIDEO_CALLING_FALLBACK=true}] GroupId: ***]: TSI.rPA@BJo
