03-06 20:53:38.645  1676  1676 I hwservicemanager: getTransport: Cannot find entry android.hardware.radio.config@1.1::IRadioConfig/default in either framework or device manifest.
03-06 20:53:38.646  1676  1676 I hwservicemanager: getTransport: Cannot find entry android.hardware.radio.config@1.0::IRadioConfig/default in either framework or device manifest.
03-06 20:53:38.651  2476  2476 D IntentBroadcaster: Broadcasting and adding intent for rebroadcast: android.intent.action.SIM_STATE_CHANGED UNKNOWN for slotId 0
03-06 20:53:38.653  2803  2803 I rcs     : [PresencePublication] onReceive intent=Intent { act=android.intent.action.SIM_STATE_CHANGED flg=0x5000010 (has extras) }
03-06 20:53:38.653  2803  2803 I rcs     : [PresencePublication] ACTION_SIM_STATE_CHANGED INTENT_KEY_ICC_STATE=UNKNOWN
03-06 20:53:38.653  2803  2803 I rcs     : [RcsService] onReceive intent=Intent { act=android.intent.action.SIM_STATE_CHANGED flg=0x5000010 (has extras) }
03-06 20:53:38.653  2184  2184 V KeyguardUpdateMonitor: action android.intent.action.SIM_STATE_CHANGED state: UNKNOWN slotId: 0 subid: 1
03-06 20:53:38.653  2184  2184 D KeyguardUpdateMonitor: handleSimStateChange(subId=1, slotId=0, state=UNKNOWN)
03-06 20:53:38.655  2476  2476 D CarrierConfigLoader: update config for phoneId: 0 simState: UNKNOWN
03-06 20:53:38.655  2476  2476 D CarrierSvcBindHelper: update binding for phoneId: 0 simState: UNKNOWN
03-06 20:53:38.660  2476  2476 D TelephonyProvider: match current APN size:  0
03-06 20:53:38.660  2476  2476 E TelephonyProvider: iccRecords is null
03-06 20:53:38.661  2476  2476 I TelecomFramework: PstnPhoneCapabilitiesNotifier: handleVideoCapabilitesChanged. Video capability - false
03-06 20:53:38.662  2476  2476 E PhoneInterfaceManager: [PhoneIntfMgr] getIccId: No UICC
03-06 20:53:38.670  2026  4785 I Telecom : PhoneAccountRegistrar: Modify account: [ComponentInfo{com.android.phone/com.android.services.telephony.TelephonyConnectionService}, ***, UserHandle{0}]: TSI.rPA@BFE
03-06 20:53:38.671  2026  4785 I Telecom : CallsManager: handlePhoneAccountChanged: phoneAccount=[[X] PhoneAccount: ComponentInfo{com.android.phone/com.android.services.telephony.TelephonyConnectionService}, ***, UserHandle{0} Capabilities: CallProvider MultiUser PlaceEmerg SimSub  Audio Routes: BESW Schemes: tel voicemail  Extras: Bundle[{android.telecom.extra.SUPPORTS_VIDEO_CALLING_FALLBACK=true}] GroupId: ***]: TSI.rPA@BFE
03-06 20:53:38.674  2476  2476 I VvmSimStateTracker: android.intent.action.SIM_STATE_CHANGED
03-06 20:53:38.674  2476  2476 D CarrierConfigLoader: mHandler: 0 phoneId: 0
03-06 20:53:38.675  6392  6392 I Finsky  : [2] com.google.android.finsky.simhandler.SimStateReceiver.a(6): android.intent.action.SIM_STATE_CHANGED : simState = UNKNOWN
03-06 20:53:38.675  2476  2476 D CarrierConfigLoader: Broadcast CARRIER_CONFIG_CHANGED for phone 0
03-06 20:53:38.679  4330  4330 I Bugle   : Carrier config changed. Reloading MMS config.
03-06 20:53:38.681  4113  4113 D CellBroadcastReceiver: onReceive Intent { act=android.telephony.action.CARRIER_CONFIG_CHANGED flg=0x15000010 cmp=com.android.cellbroadcastreceiver/.CellBroadcastReceiver (has extras) }
03-06 20:53:38.681  4113  4113 D CellBroadcastReceiver: initializeSharedPreference
03-06 20:53:38.682  2387  7465 I constellation: [sim_state_checker] sim state checker is disabled.
03-06 20:53:38.683  4113  4113 D CellBroadcastReceiver: Default interval 0 did not change.
03-06 20:53:38.684  4113  4113 D CellBroadcastReceiver: Start Cell Broadcast configuration.
03-06 20:53:38.685  2476  3541 E CarrierInfoManager: Invalid networkOperator: 
03-06 20:53:38.693  2026  2026 I Telecom : PhoneAccountRegistrar: getSimCallManager: SimCallManager for subId 1 queried, returning: null: CM.CCCR->CM.UECNT->CM.CCCR->CM.UECNT->CM.CCCR->CM.UECNT->CM.CCCR->CM.UECNT->CM.CCCR->CM.UECNT->CM.CCCR->CM.UECNT->CM.CCCR->CM.UECNT->CM.CCCR->CM.UECNT->CM.CCCR->CM.UECNT->CM.CCCR->CM.UECNT->CM.CCCR->CM.UECNT->CM.CCCR->CM.UECNT->CM.CCCR->CM.UECNT->CM.CCCR->CM.UECNT->CM.CCCR->CM.UECNT->CM.CCCR->CM.UECNT->CM.CCCR->CM.UECNT->CM.CCCR->CM.UECNT->CM.CCCR->CM.UECNT->CM.CCCR->CM.UECNT->CM.CCCR->CM.UECNT->CM.CCCR->CM.UECNT->CM.CCCR->CM.UECNT->CM.CCCR->CM.UECNT->CM.CCCR->CM.UECNT->CM.CCCR->CM.UECNT->CM.CCCR->CM.UECNT->CM.CCCR->CM.UECNT->CM.CCCR->CM.UECNT->CM.CCCR->CM.UECNT->CM.CCCR->CM.UECNT->CM.CCCR->CM.UECNT->CM.CCCR->CM.UECNT->CM.CCCR->CM.UECNT->CM.CCCR->CM.UECNT->CM.CCCR->CM.UECNT->CM.CCCR->CM.UECNT->CM.CCCR->CM.UECNT->CM.CCCR->CM.UECNT->CM.CCCR->CM.UECNT->CM.CCCR->CM.UECNT->CM.CCCR->CM.UECNT->CM.CCCR->CM.UECNT->CM.CCCR->CM.UECNT->CM.CCCR->CM.UECNT->CM.CCCR->CM.UECNT->CM.CCCR->CM.UECNT->CM.CCCR->CM.UECNT@AD4
03-06 20:53:38.694  2476  2476 I TelecomFramework: : Carrier-config changed, checking for phone account updates.
03-06 20:53:38.694  2476  2476 D OtaspSimStateReceiver: Received intent: android.telephony.action.CARRIER_CONFIG_CHANGED
03-06 20:53:38.708  2476  2476 D TelephonyProvider: subIdString = 1 subId = 1
03-06 20:53:38.716  2476  2476 E PhoneInterfaceManager: [PhoneIntfMgr] getIccId: No UICC
03-06 20:53:38.720  2184  2184 V KeyguardUpdateMonitor: onSubscriptionInfoChanged()
03-06 20:53:38.722  2184  2184 V KeyguardUpdateMonitor: SubInfo:{id=1, iccId=890141032[****] simSlotIndex=0 carrierId=1 displayName=T-Mobile carrierName=No service nameSource=3 iconTint=-16746133 mNumber=[****] dataRoaming=0 iconBitmap=android.graphics.Bitmap@93d8892 mcc 310 mnc 260mCountryIso=us isEmbedded false accessRules null cardString=890141032[****] cardId=-1 isOpportunistic false mGroupUUID=null mIsGroupDisabled=false profileClass=-1 ehplmns = null hplmns = null subscriptionType=0 mGroupOwner=null}
03-06 20:53:38.722  6392  6424 I Finsky  : [493] fpw.a(10): onSubscriptionsChanged
03-06 20:53:38.723  6392  6424 I Finsky  : [493] fpt.c(15): notifySubscriptionInfoChangedListener: DataSubscriptionInfo=null
03-06 20:53:38.724  2026  4785 I LocationAccessPolicy: Allowing com.google.android.inputmethod.latin fine because it doesn't target API 29 yet. Please fix this app. Called from TelephonyRegistry push
03-06 20:53:38.725  2026  4785 I LocationAccessPolicy: Allowing com.google.android.apps.messaging fine because it doesn't target API 29 yet. Please fix this app. Called from TelephonyRegistry push
03-06 20:53:38.726  2026  2123 E NetworkPolicy: Missing subscriberId for subId 1
03-06 20:53:38.727  2026  2123 W BestClock: java.time.DateTimeException: Missing NTP fix
03-06 20:53:38.727  2026  2053 I DropBoxManagerService: add tag=system_server_wtf isTagEnabled=true flags=0x2
03-06 20:53:38.727  2026  2123 W BestClock: java.time.DateTimeException: Missing NTP fix
03-06 20:53:38.728  1773  1773 I netd    : bandwidthSetGlobalAlert(2097152) <0.07ms>
03-06 20:53:38.729  2476  2476 D ServiceStateProvider: subId=1
03-06 20:53:38.734  2476  2476 I VvmSimStateTracker: android.telephony.action.CARRIER_CONFIG_CHANGED
03-06 20:53:38.734  2476  2476 I VvmSimStateTracker: Received SIM change for invalid subscription id.
03-06 20:53:38.734  2476  2476 D CallNotifier: updatePhoneStateListeners: update CF notifications.
03-06 20:53:38.734  2476  2476 I NotificationMgr: updateCfi: subId= 1, visible=N
03-06 20:53:38.736  2476  2476 I NotificationMgr: updateMwi(): subId 1 update to false
03-06 20:53:38.737  4113  4113 D CellBroadcastReceiver: onReceive Intent { act=android.intent.action.SERVICE_STATE flg=0x1000010 cmp=com.android.cellbroadcastreceiver/.CellBroadcastReceiver (has extras) }
03-06 20:53:38.743  6392  6392 I Finsky  : [2] pxd.b(7): Jobs in database: 12-1 21-333333333 28--559038737 31-305419896 
03-06 20:53:38.744  6392  6392 I Finsky  : [2] puk.a(113): ConstraintMapping: 12-1, 21-333333333, 28--559038737, 31-305419896,  -> L: 0ms, D: 82615374ms, C: false, I: false, N: 1
03-06 20:53:38.745  4165  4165 I CarrierServices: [2] ServiceStateReceiver.onReceive: Received SERVICE_STATE intent.
03-06 20:53:38.745  6392  6637 I Finsky  : [539] qjn.b(1): SIM removed, prefetching preloads
03-06 20:53:38.745  6392  6428 I Finsky  : [495] qjm.call(2): Prefetching preloads for account null
03-06 20:53:38.745  6392  6428 W Finsky  : [495] cwl.a(19): For unauth, use getDfeApiNonAuthenticated() instead!
03-06 20:53:38.745  6392  6392 I Finsky  : [2] com.google.android.finsky.scheduler.JobSchedulerEngine.a(42): Cancelling existing job with id: 9000
03-06 20:53:38.746  6392  6428 I Finsky  : [495] qnu.a(19): No PAI stub found
03-06 20:53:38.746  6392  6428 E Finsky  : [495] qjm.call(31): Error prefetching preloads, using account=null, preloads=NULL, preloadRros=NULL, preloadGroups=NULL
03-06 20:53:38.746  6392  6428 E Finsky  : com.google.android.finsky.setup.fetchers.RawDocumentsFetchException[reason=pai_config, account=null]
03-06 20:53:38.746  6392  6428 E Finsky  : 	at qnu.a(SourceFile:19)
03-06 20:53:38.746  6392  6428 E Finsky  : 	at qjm.call(Unknown Source:2)
03-06 20:53:38.746  6392  6428 E Finsky  : 	at afxg.a(SourceFile:1)
03-06 20:53:38.746  6392  6428 E Finsky  : 	at afwi.run(SourceFile:3)
03-06 20:53:38.746  6392  6428 E Finsky  : 	at afxf.run(SourceFile:2)
03-06 20:53:38.746  6392  6428 E Finsky  : 	at java.util.concurrent.ThreadPoolExecutor.runWorker(ThreadPoolExecutor.java:1167)
03-06 20:53:38.746  6392  6428 E Finsky  : 	at java.util.concurrent.ThreadPoolExecutor$Worker.run(ThreadPoolExecutor.java:641)
03-06 20:53:38.746  6392  6428 E Finsky  : 	at unn.run(Unknown Source:7)
03-06 20:53:38.746  6392  6428 E Finsky  : 	at java.lang.Thread.run(Thread.java:919)
03-06 20:53:38.746  6392  6428 I Finsky  : [495] qjn.a(10): VpaSelectionActivity will be disabled
03-06 20:53:38.750  6392  6392 I Finsky  : [2] com.google.android.finsky.scheduler.JobSchedulerEngine.a(4): Scheduling job Id: 9001, L: 0, D: 82615374, C: false, I: false, N: 1
03-06 20:53:38.752  2476  2476 D TelephonyProvider: match current APN size:  0
03-06 20:53:38.753  4165  4218 I CarrierServices: [259] CarrierServicesReleaseApp.a: Initialized already, return.
03-06 20:53:38.753  2476  2476 E TelephonyProvider: iccRecords is null
03-06 20:53:38.754  3284  3284 I ContactsDatabaseHelper: updateUseStrictPhoneNumberComparison: US
03-06 20:53:38.756  2476  2476 I TelecomFramework: : onSubscriptionsChanged - update accounts
03-06 20:53:38.756  2476  2476 I TelecomFramework: PstnIncomingCallNotifier: Unregistering: Handler (com.android.internal.telephony.GsmCdmaPhone) {b312827}
03-06 20:53:38.756  2476  2476 I TelecomFramework: TelecomAccountRegistry: setupAccounts: Found 1 phones.  Attempting to register.
03-06 20:53:38.756  2476  2476 I TelecomFramework: TelecomAccountRegistry: setupAccounts: Phone with subscription id 1
03-06 20:53:38.756  2476  2476 I TelecomFramework: TelecomAccountRegistry: setupAccounts: adding default
03-06 20:53:38.757  2476  2476 E PhoneInterfaceManager: [PhoneIntfMgr] getIccId: No UICC
03-06 20:53:38.758  6392  6637 I Finsky  : [539] fpy.a(5): notifySubscriptionInfoChangedListener success.
03-06 20:53:38.758  2026  4171 W ActivityManager: Background start not allowed: service Intent { cmp=com.google.android.apps.messaging/.shared.datamodel.action.execution.ActionExecutorImpl$EmptyService } to com.google.android.apps.messaging/.shared.datamodel.action.execution.ActionExecutorImpl$EmptyService from pid=4330 uid=10121 pkg=com.google.android.apps.messaging startFg?=false
03-06 20:53:38.764  4030  4030 I Dialer  : LegacyVoicemailNotificationReceiver.onReceive - received legacy voicemail notification
03-06 20:53:38.764  4030  4030 I Dialer  : LegacyVoicemailNotificationReceiver.onReceive - isRefresh: true
03-06 20:53:38.764  4030  4030 I Dialer  : LegacyVoicemailNotificationReceiver.onReceive - clearing notification
03-06 20:53:38.764  4030  4030 I Dialer  : LegacyVoicemailNotifier.cancelNotification - enter
03-06 20:53:38.764  4030  4030 I Dialer  : LegacyVoicemailNotifier.cancelNotification - 'null' id, canceling all legacy voicemail notifications
03-06 20:53:38.769  2026  4171 I Telecom : PhoneAccountRegistrar: Modify account: [ComponentInfo{com.android.phone/com.android.services.telephony.TelephonyConnectionService}, ***, UserHandle{0}]: TSI.rPA@BFI
03-06 20:53:38.769  2026  4171 I Telecom : CallsManager: handlePhoneAccountChanged: phoneAccount=[[X] PhoneAccount: ComponentInfo{com.android.phone/com.android.services.telephony.TelephonyConnectionService}, ***, UserHandle{0} Capabilities: CallProvider MultiUser PlaceEmerg SimSub  Audio Routes: BESW Schemes: tel voicemail  Extras: Bundle[{android.telecom.extra.SUPPORTS_VIDEO_CALLING_FALLBACK=true}] GroupId: ***]: TSI.rPA@BFI
03-06 20:53:38.770  2476  2476 I TelecomFramework: AccountEntry: Registered phoneAccount: [[ ] PhoneAccount: ComponentInfo{com.android.phone/com.android.services.telephony.TelephonyConnectionService}, ***, UserHandle{0} Capabilities: CallProvider MultiUser PlaceEmerg SimSub  Audio Routes: BESW Schemes: tel voicemail  Extras: Bundle[{android.telecom.extra.SUPPORTS_VIDEO_CALLING_FALLBACK=true}] GroupId: ***] with handle: ComponentInfo{com.android.phone/com.android.services.telephony.TelephonyConnectionService}, ***, UserHandle{0}
03-06 20:53:38.770  2476  2476 I TelecomFramework: PstnIncomingCallNotifier: Registering: Handler (com.android.internal.telephony.GsmCdmaPhone) {b312827}
03-06 20:53:38.775  2476  2490 W System  : A resource failed to call close. 
03-06 20:53:38.775  2476  2490 W System  : A resource failed to call close. 
03-06 20:53:38.776  2476  2476 D MultiSimSettingController: onSubscriptionsChanged
03-06 20:53:38.776  2476  2476 D MultiSimSettingController: updateDefaults
03-06 20:53:38.776  2476  2476 D MultiSimSettingController: [updateDefaultValues] change: 0
03-06 20:53:38.778  2476  2476 I TelecomFramework: PstnPhoneCapabilitiesNotifier: handleVideoCapabilitesChanged. Video capability - false
03-06 20:53:38.778  2476  2476 E PhoneInterfaceManager: [PhoneIntfMgr] getIccId: No UICC
03-06 20:53:38.787  2026  4171 I Telecom : PhoneAccountRegistrar: Modify account: [ComponentInfo{com.android.phone/com.android.services.telephony.TelephonyConnectionService}, ***, UserHandle{0}]: TSI.rPA@BFU
03-06 20:53:38.788  2026  4171 I Telecom : CallsManager: handlePhoneAccountChanged: phoneAccount=[[X] PhoneAccount: ComponentInfo{com.android.phone/com.android.services.telephony.TelephonyConnectionService}, ***, UserHandle{0} Capabilities: CallProvider MultiUser PlaceEmerg SimSub  Audio Routes: BESW Schemes: tel voicemail  Extras: Bundle[{android.telecom.extra.SUPPORTS_VIDEO_CALLING_FALLBACK=true}] GroupId: ***]: TSI.rPA@BFU
03-06 20:53:38.838  2476  6634 D IccSmsInterfaceManager: [IccSmsInterfaceManager] Failed to add GSM cell broadcast channels range 4373 to 4378
03-06 20:53:38.840  2476  6634 D IccSmsInterfaceManager: [IccSmsInterfaceManager] Calling setCdmaBroadcastConfig with 1 configurations
03-06 20:53:38.849  2026  4171 D AlarmManagerService: Kernel timezone updated to 0 minutes west of GMT
03-06 20:53:38.857  2026  2026 D ConditionProviders.SCP: onReceive android.intent.action.TIMEZONE_CHANGED
03-06 20:53:38.857  2026  2026 D ConditionProviders.SCP: evaluateSubscriptionLocked cal=ScheduleCalendar[mDays={1, 2, 3, 4, 5, 6, 7}, mSchedule=ScheduleInfo{days=[1, 2, 3, 4, 5, 6, 7], startHour=22, startMinute=0, endHour=7, endMinute=0, exitAtAlarm=true, nextAlarm=Thu Jan 01 00:00:00 GMT 1970 (0)}], now=Wed Mar 06 20:53:38 GMT 2024 (1709758418857), nextUserAlarmTime=Thu Jan 01 00:00:00 GMT 1970 (0)
03-06 20:53:38.857  2026  2026 D ConditionProviders.SCP: notifyCondition condition://android/schedule?days=1.2.3.4.5.6.7&start=22.0&end=7.0&exitAtAlarm=true STATE_FALSE reason=!meetsSchedule
03-06 20:53:38.858  2026  2026 D ConditionProviders.SCP: Scheduling evaluate for Wed Mar 06 22:00:00 GMT 2024 (1709762400000), in +1h6m21s143ms, now=Wed Mar 06 20:53:38 GMT 2024 (1709758418857)
03-06 20:53:38.875  5804  5804 I AlarmClock: AlarmInitReceiver android.intent.action.TIMEZONE_CHANGED
03-06 20:53:38.875  5804  8154 I AlarmClock: Connected Dock: null
03-06 20:53:38.877  5804  8154 I AlarmClock: Removing AlarmClockInfo
03-06 20:53:38.879  5804  5804 I AlarmClock: DigitalAppWidgetProvider processing Intent { act=android.intent.action.TIMEZONE_CHANGED flg=0x21200010 cmp=com.google.android.deskclock/com.android.alarmclock.DigitalAppWidgetProvider (has extras) }
03-06 20:53:38.894  2476  6634 D IccSmsInterfaceManager: [IccSmsInterfaceManager] Failed to add cdma broadcast channels range 4098 to 4098
03-06 20:53:38.896  2476  6634 D IccSmsInterfaceManager: [IccSmsInterfaceManager] Calling setGsmBroadcastConfig with 1 configurations
03-06 20:53:38.901  2476  2476 D TelephonyProvider: subIdString = 1 subId = 1
03-06 20:53:38.912  2476  2476 E PhoneInterfaceManager: [PhoneIntfMgr] getIccId: ICC ID is null or empty.
03-06 20:53:38.913  2184  2184 V KeyguardUpdateMonitor: onSubscriptionInfoChanged()
03-06 20:53:38.917  2184  2184 V KeyguardUpdateMonitor: SubInfo:{id=1, iccId=890141032[****] simSlotIndex=0 carrierId=1 displayName=T-Mobile carrierName=Android nameSource=3 iconTint=-16746133 mNumber=[****] dataRoaming=0 iconBitmap=android.graphics.Bitmap@c6263d5 mcc 310 mnc 260mCountryIso=us isEmbedded false accessRules null cardString=890141032[****] cardId=-1 isOpportunistic false mGroupUUID=null mIsGroupDisabled=false profileClass=-1 ehplmns = null hplmns = null subscriptionType=0 mGroupOwner=null}
03-06 20:53:38.918  2026  2123 E NetworkPolicy: Missing subscriberId for subId 1
03-06 20:53:38.918  2026  2053 I DropBoxManagerService: add tag=system_server_wtf isTagEnabled=true flags=0x2
03-06 20:53:38.919  2184  2184 D KeyguardViewMediator: onSimStateChanged(subId=1, slotId=0,state=READY)
03-06 20:53:38.919  2184  2184 D KeyguardViewMediator: READY, reset state? false
03-06 20:53:38.919  2026  2123 W BestClock: java.time.DateTimeException: Missing NTP fix
03-06 20:53:38.920  2026  2123 W BestClock: java.time.DateTimeException: Missing NTP fix
03-06 20:53:38.920  1773  1773 I netd    : bandwidthSetGlobalAlert(2097152) <0.06ms>
03-06 20:53:38.922  2026  3230 I WifiService: WifiService trying to set country code to us
03-06 20:53:38.922  2026  3230 I WifiService: setCountryCode uid=1001
03-06 20:53:38.922  2026  3230 D WifiCountryCode: Receive set country code request: us
03-06 20:53:38.922  2026  3230 D WifiCountryCode: updateCountryCode to US
03-06 20:53:38.922  6392  6422 I Finsky  : [491] fpw.a(10): onSubscriptionsChanged
03-06 20:53:38.922  2026  3230 D WifiCountryCode: Succeeded to set country code to: US
03-06 20:53:38.922  6392  6422 I Finsky  : [491] fpt.c(15): notifySubscriptionInfoChangedListener: DataSubscriptionInfo=DataSubscriptionInfo{imsiAnonymized=Optional.absent(), imsiRaw=Optional.absent(), groupIdLevel1=Optional.absent(), mccMnc=Optional.absent(), serviceProviderName=Optional.absent()}
03-06 20:53:38.924  2026  2871 D AlarmManagerService: Kernel timezone updated to 0 minutes west of GMT
03-06 20:53:38.925  4330  8274 W Bugle   : BuglePhoneNumberUtils: canonicalizeMccMnc: invalid mccmnc. mcc: null, mnc: null
03-06 20:53:38.926  2026  2871 I LocationAccessPolicy: Allowing com.google.android.inputmethod.latin fine because it doesn't target API 29 yet. Please fix this app. Called from TelephonyRegistry push
03-06 20:53:38.927  2026  2871 I LocationAccessPolicy: Allowing com.google.android.apps.messaging fine because it doesn't target API 29 yet. Please fix this app. Called from TelephonyRegistry push
03-06 20:53:38.927  4330  8274 W Bugle   : Obsolete carrier config resource: maxMessageSize res: 1048576, sys: 307200
03-06 20:53:38.928  4330  8274 W Bugle   : Obsolete carrier config resource: maxImageHeight res: 1944, sys: 480
03-06 20:53:38.928  4330  8274 W Bugle   : Obsolete carrier config resource: maxImageWidth res: 2592, sys: 640
03-06 20:53:38.928  4330  8274 I Bugle   : Carrier configs loaded: Bundle[{carrier_volte_provisioned_bool=false, disable_charge_indication_bool=false, support_tdscdma_bool=false, httpSocketTimeout=60000, call_redirection_service_component_name_string=null, carrier_wfc_supports_wifi_only_bool=false, carrier_default_actions_on_default_network_available_string_array=[false: 7, true: 8], operator_selection_expand_bool=true, disable_cdma_activation_code_bool=false, simplified_network_settings_bool=false, support_tdscdma_roaming_networks_string_array=null, gps.lpp_profile=0, call_barring_visibility_bool=false, gps.es_extension_sec=0, enable_apps_string_array=null, carrier_default_wfc_ims_roaming_enabled_bool=false, cdma_nonroaming_networks_string_array=null, aliasMinChars=2, wfc_data_spn_format_idx_int=0, hide_sim_lock_settings_bool=false, drop_video_call_when_answering_audio_call_bool=false, ci_action_on_sys_update_bool=false, convert_cdma_caller_id_mmi_codes_while_roaming_on_3gpp_bool=false, support_enhanced_call_blocking_bool=true, vvm_port_number_int=0, carrier_default_wfc_ims_enabled_bool=false, dial_string_replace_string_array=null, opportunistic_network_entry_threshold_bandwidth_int=1024, gsm_nonroaming_networks_string_array=null, hide_ims_apn_bool=false, vvm_destination_number_string=, dtmf_type_enabled_bool=false, allow_video_calling_fallback_bool=true, config_ims_package_override_string=null, only_auto_select_in_home_network=false, smsToMmsTextThreshold=-1, disable_severe_when_extreme_disabled_bool=true, force_home_network_bool=false, spdi_override_string_array=null, show_wfc_location_privacy_policy_bool=false, gps.supl_es=1, enableSMSDeliveryReports=true, auto_retry_enabled_bool=false, opportunistic_network_entry_threshold_rssnr_int=45, play_call_recording_tone_bool=false, carrier_force_disable_etws_cmas_test_bool=false, call_waiting_service_class_int=1, allow_emergency_video_calls_bool=false, csp_enabled_bool=false, default_sim_call_manager_string=, wifi.passpoint_profiles_string_array=null, carrier_app_required_during_setup_bool=false, call_forwarding_blocks_while_roaming_string_array=null, emergency_notification_delay_int=-1, support_video_conference_call_bool=false, ims_dtmf_tone_delay_int=0, show_signal_strength_in_sim_status_bool=true, data_rapid_notification_bool=true, carrier_instant_lettering_escaped_chars_string=, carrier_default_wfc_ims_roaming_mode_int=2, editable_wfc_mode_bool=true, support_direct_fdn_dialing_bool=false, carrier_ut_provisioning_required_bool=false, carrier_wifi_string_array=null, treat_downgraded_video_calls_as_video_calls_bool=false, wifi_calls_can_be_hd_audio=true, support_downgrade_vt_to_audio_bool=true, cdma_enhanced_roaming_indicator_for_home_network_int_array=[1], notify_handover_video_from_lte_to_wifi_bool=false, use_otasp_for_provisioning_bool=false, always_play_remote_hold_tone_bool=false, opportunistic_network_data_switch_hysteresis_time_long=10000, maxMessageTextSize=-1, duration_blocking_disabled_after_emergency_int=7200, carrier_metered_roaming_apn_types_strings=[default, mms, dun, supl], additional_settings_call_waiting_visibility_bool=true, show_video_call_charges_alert_dialog_bool=false, carrier_network_service_wlan_package_override_string=, show_apn_setting_cdma_bool=false, use_usim_bool=false, carrier_instant_lettering_length_limit_int=64, operator_name_filter_pattern_string=, carrier_instant_lettering_invalid_chars_string=, carrier_setup_app_string=, editable_wfc_roaming_mode_bool=false, supportMmsContentDisposition=true, support_manage_ims_conference_call_bool=true, opportunistic_network_exit_threshold_rssnr_int=10, allow_non_emergency_calls_in_ecm_bool=true, allow_cdma_eri_bool=false, carrier_data_service_wlan_package_override_string=, show_carrier_data_icon_pattern_string=, use_rcs_presence_bool=false, config_telephony_use_own_number_for_voicemail_bool=false, cdma_dtmf_tone_delay_int=100, editable_voicemail_number_bool=false, carrier_data_call_apn_retry_after_disconnect_long=10000, filtered_cnap_names_string_array=null, enabledTransID=false, aliasEnabled=false, vvm_disabl
03-06 20:53:38.931  2476  2476 D ServiceStateProvider: subId=1
03-06 20:53:38.933  4113  4113 D CellBroadcastReceiver: onReceive Intent { act=android.intent.action.SERVICE_STATE flg=0x1000010 cmp=com.android.cellbroadcastreceiver/.CellBroadcastReceiver (has extras) }
03-06 20:53:38.933  3284  3284 I ContactsDatabaseHelper: updateUseStrictPhoneNumberComparison: US
03-06 20:53:38.934  6392  6392 I Finsky  : [2] pxd.b(7): Jobs in database: 12-1 21-333333333 28--559038737 31-305419896 
03-06 20:53:38.934  6392  6392 I Finsky  : [2] puk.a(113): ConstraintMapping: 12-1, 21-333333333, 28--559038737, 31-305419896,  -> L: 0ms, D: 82615184ms, C: false, I: false, N: 1
03-06 20:53:38.934  6392  6637 I Finsky  : [539] qjn.b(1): SIM loaded, prefetching preloads
03-06 20:53:38.934  6392  6392 I Finsky  : [2] com.google.android.finsky.scheduler.JobSchedulerEngine.a(42): Cancelling existing job with id: 9001
03-06 20:53:38.936  6392  6392 I Finsky  : [2] com.google.android.finsky.scheduler.JobSchedulerEngine.a(4): Scheduling job Id: 9000, L: 0, D: 82615184, C: false, I: false, N: 1
03-06 20:53:38.936  4165  4165 I CarrierServices: [2] ServiceStateReceiver.onReceive: Received SERVICE_STATE intent.
03-06 20:53:38.942  6392  6428 I Finsky  : [495] qjm.call(2): Prefetching preloads for account null
03-06 20:53:38.942  6392  6428 W Finsky  : [495] cwl.a(19): For unauth, use getDfeApiNonAuthenticated() instead!
03-06 20:53:38.943  6392  6428 I Finsky  : [495] qnu.a(19): No PAI stub found
03-06 20:53:38.943  6392  6428 E Finsky  : [495] qjm.call(31): Error prefetching preloads, using account=null, preloads=NULL, preloadRros=NULL, preloadGroups=NULL
03-06 20:53:38.943  6392  6428 E Finsky  : com.google.android.finsky.setup.fetchers.RawDocumentsFetchException[reason=pai_config, account=null]
03-06 20:53:38.943  6392  6428 E Finsky  : 	at qnu.a(SourceFile:19)
03-06 20:53:38.943  6392  6428 E Finsky  : 	at qjm.call(Unknown Source:2)
03-06 20:53:38.943  6392  6428 E Finsky  : 	at afxg.a(SourceFile:1)
03-06 20:53:38.943  6392  6428 E Finsky  : 	at afwi.run(SourceFile:3)
03-06 20:53:38.943  6392  6428 E Finsky  : 	at afxf.run(SourceFile:2)
03-06 20:53:38.943  6392  6428 E Finsky  : 	at java.util.concurrent.ThreadPoolExecutor.runWorker(ThreadPoolExecutor.java:1167)
03-06 20:53:38.943  6392  6428 E Finsky  : 	at java.util.concurrent.ThreadPoolExecutor$Worker.run(ThreadPoolExecutor.java:641)
03-06 20:53:38.943  6392  6428 E Finsky  : 	at unn.run(Unknown Source:7)
03-06 20:53:38.943  6392  6428 E Finsky  : 	at java.lang.Thread.run(Thread.java:919)
03-06 20:53:38.943  6392  6428 I Finsky  : [495] qjn.a(10): VpaSelectionActivity will be disabled
03-06 20:53:38.943  6392  6428 I Finsky  : [495] qoh.a(3): PAI late SIM : experiment enabled = false
03-06 20:53:38.945  6392  6637 I Finsky  : [539] fpy.a(5): notifySubscriptionInfoChangedListener success.
03-06 20:53:38.977  2476  2476 D IntentBroadcaster: Broadcasting and adding intent for rebroadcast: android.intent.action.SIM_STATE_CHANGED READY for slotId 0
03-06 20:53:38.978  2803  2803 I rcs     : [PresencePublication] onReceive intent=Intent { act=android.intent.action.SIM_STATE_CHANGED flg=0x5000010 (has extras) }
03-06 20:53:38.979  2184  2184 V KeyguardUpdateMonitor: action android.intent.action.SIM_STATE_CHANGED state: READY slotId: 0 subid: 1
03-06 20:53:38.979  2803  2803 I rcs     : [PresencePublication] ACTION_SIM_STATE_CHANGED INTENT_KEY_ICC_STATE=READY
03-06 20:53:38.979  2803  2803 I rcs     : [RcsService] onReceive intent=Intent { act=android.intent.action.SIM_STATE_CHANGED flg=0x5000010 (has extras) }
03-06 20:53:38.979  2184  2184 D KeyguardUpdateMonitor: handleSimStateChange(subId=1, slotId=0, state=READY)
03-06 20:53:38.984  2476  6634 D IccSmsInterfaceManager: [IccSmsInterfaceManager] Failed to add GSM cell broadcast channels range 4386 to 4391
03-06 20:53:38.988  2476  2476 D CallNotifier: updatePhoneStateListeners: update CF notifications.
03-06 20:53:38.988  2476  2476 I NotificationMgr: updateCfi: subId= 1, visible=N
03-06 20:53:38.988  2476  2476 I NotificationMgr: updateMwi(): subId 1 update to false
03-06 20:53:38.990  2476  6634 D IccSmsInterfaceManager: [IccSmsInterfaceManager] Calling setGsmBroadcastConfig with 1 configurations
03-06 20:53:38.991  2476  2476 I TelecomFramework: : onSubscriptionsChanged - update accounts
03-06 20:53:38.991  2476  2476 I TelecomFramework: PstnIncomingCallNotifier: Unregistering: Handler (com.android.internal.telephony.GsmCdmaPhone) {b312827}
03-06 20:53:38.991  2476  2476 I TelecomFramework: TelecomAccountRegistry: setupAccounts: Found 1 phones.  Attempting to register.
03-06 20:53:38.991  2476  2476 I TelecomFramework: TelecomAccountRegistry: setupAccounts: Phone with subscription id 1
03-06 20:53:38.991  2476  2476 I TelecomFramework: TelecomAccountRegistry: setupAccounts: adding default
03-06 20:53:38.991  4030  4030 I Dialer  : LegacyVoicemailNotificationReceiver.onReceive - received legacy voicemail notification
03-06 20:53:38.991  4030  4030 I Dialer  : LegacyVoicemailNotificationReceiver.onReceive - isRefresh: true
03-06 20:53:38.991  4030  4030 I Dialer  : LegacyVoicemailNotificationReceiver.onReceive - clearing notification
03-06 20:53:38.991  4030  4030 I Dialer  : LegacyVoicemailNotifier.cancelNotification - enter
03-06 20:53:38.991  4030  4030 I Dialer  : LegacyVoicemailNotifier.cancelNotification - 'null' id, canceling all legacy voicemail notifications
03-06 20:53:38.993  2476  2476 E PhoneInterfaceManager: [PhoneIntfMgr] getIccId: ICC ID is null or empty.
03-06 20:53:39.001  2026  3230 I Telecom : PhoneAccountRegistrar: Modify account: [ComponentInfo{com.android.phone/com.android.services.telephony.TelephonyConnectionService}, ***, UserHandle{0}]: TSI.rPA@BFY
03-06 20:53:39.001  2026  3230 I Telecom : CallsManager: handlePhoneAccountChanged: phoneAccount=[[X] PhoneAccount: ComponentInfo{com.android.phone/com.android.services.telephony.TelephonyConnectionService}, ***, UserHandle{0} Capabilities: CallProvider MultiUser PlaceEmerg SimSub  Audio Routes: BESW Schemes: tel voicemail  Extras: Bundle[{android.telecom.extra.SUPPORTS_VIDEO_CALLING_FALLBACK=true}] GroupId: ***]: TSI.rPA@BFY
03-06 20:53:39.001  2476  2476 I TelecomFramework: AccountEntry: Registered phoneAccount: [[ ] PhoneAccount: ComponentInfo{com.android.phone/com.android.services.telephony.TelephonyConnectionService}, ***, UserHandle{0} Capabilities: CallProvider MultiUser PlaceEmerg SimSub  Audio Routes: BESW Schemes: tel voicemail  Extras: Bundle[{android.telecom.extra.SUPPORTS_VIDEO_CALLING_FALLBACK=true}] GroupId: ***] with handle: ComponentInfo{com.android.phone/com.android.services.telephony.TelephonyConnectionService}, ***, UserHandle{0}
03-06 20:53:39.001  2476  2476 I TelecomFramework: PstnIncomingCallNotifier: Registering: Handler (com.android.internal.telephony.GsmCdmaPhone) {b312827}
03-06 20:53:39.004  2476  2476 D MultiSimSettingController: onSubscriptionsChanged
03-06 20:53:39.004  2476  2476 D MultiSimSettingController: updateDefaults
03-06 20:53:39.004  2476  2476 D MultiSimSettingController: [updateDefaultValues] change: 0
03-06 20:53:39.005  2476  2476 I TelecomFramework: PstnIncomingCallNotifier: Unregistering: Handler (com.android.internal.telephony.GsmCdmaPhone) {b312827}
03-06 20:53:39.005  2476  2476 I TelecomFramework: TelecomAccountRegistry: setupAccounts: Found 1 phones.  Attempting to register.
03-06 20:53:39.005  2476  2476 I TelecomFramework: TelecomAccountRegistry: setupAccounts: Phone with subscription id 1
03-06 20:53:39.005  2476  2476 I TelecomFramework: TelecomAccountRegistry: setupAccounts: adding default
03-06 20:53:39.005  2476  2476 E PhoneInterfaceManager: [PhoneIntfMgr] getIccId: ICC ID is null or empty.
03-06 20:53:39.014  2026  3230 I Telecom : PhoneAccountRegistrar: Modify account: [ComponentInfo{com.android.phone/com.android.services.telephony.TelephonyConnectionService}, ***, UserHandle{0}]: TSI.rPA@BFk
03-06 20:53:39.015  2026  3230 I Telecom : CallsManager: handlePhoneAccountChanged: phoneAccount=[[X] PhoneAccount: ComponentInfo{com.android.phone/com.android.services.telephony.TelephonyConnectionService}, ***, UserHandle{0} Capabilities: CallProvider MultiUser PlaceEmerg SimSub  Audio Routes: BESW Schemes: tel voicemail  Extras: Bundle[{android.telecom.extra.SUPPORTS_VIDEO_CALLING_FALLBACK=true}] GroupId: ***]: TSI.rPA@BFk
03-06 20:53:39.015  2476  2476 I TelecomFramework: AccountEntry: Registered phoneAccount: [[ ] PhoneAccount: ComponentInfo{com.android.phone/com.android.services.telephony.TelephonyConnectionService}, ***, UserHandle{0} Capabilities: CallProvider MultiUser PlaceEmerg SimSub  Audio Routes: BESW Schemes: tel voicemail  Extras: Bundle[{android.telecom.extra.SUPPORTS_VIDEO_CALLING_FALLBACK=true}] GroupId: ***] with handle: ComponentInfo{com.android.phone/com.android.services.telephony.TelephonyConnectionService}, ***, UserHandle{0}
03-06 20:53:39.015  2476  2476 I TelecomFramework: PstnIncomingCallNotifier: Registering: Handler (com.android.internal.telephony.GsmCdmaPhone) {b312827}
03-06 20:53:39.029  1791  2388 E GnssHAL_GnssInterface: gnssSvStatusCb: a: input svInfo.flags is 8
03-06 20:53:39.029  1791  2388 E GnssHAL_GnssInterface: gnssSvStatusCb: b: input svInfo.flags is 8
03-06 20:53:39.053  2476  2476 I VvmSimStateTracker: android.intent.action.SIM_STATE_CHANGED
03-06 20:53:39.054  6392  6392 I Finsky  : [2] com.google.android.finsky.simhandler.SimStateReceiver.a(6): android.intent.action.SIM_STATE_CHANGED : simState = READY
03-06 20:53:39.059  2387  7815 I constellation: [sim_state_checker] sim state checker is disabled.
03-06 20:53:39.063  2476  2476 E PhoneInterfaceManager: [PhoneIntfMgr] getIccId: ICC ID is null or empty.
03-06 20:53:39.065  2476  6634 D IccSmsInterfaceManager: [IccSmsInterfaceManager] Failed to add GSM cell broadcast channels range 4379 to 4379
03-06 20:53:39.065  2476  2476 I TelecomFramework: PstnPhoneCapabilitiesNotifier: handleVideoCapabilitesChanged. Video capability - false
03-06 20:53:39.065  2476  6634 D IccSmsInterfaceManager: [IccSmsInterfaceManager] Calling setCdmaBroadcastConfig with 1 configurations
03-06 20:53:39.067  2476  2476 E PhoneInterfaceManager: [PhoneIntfMgr] getIccId: ICC ID is null or empty.
03-06 20:53:39.072  2476  2490 W System  : A resource failed to call end. 
03-06 20:53:39.067  2476  2476 I TelecomFramework: PstnPhoneCapabilitiesNotifier: handleVideoCapabilitesChanged. Video capability - false
03-06 20:53:39.078  2026  3230 I Telecom : PhoneAccountRegistrar: Modify account: [ComponentInfo{com.android.phone/com.android.services.telephony.TelephonyConnectionService}, ***, UserHandle{0}]: TSI.rPA@BFw
03-06 20:53:39.078  2026  3230 I Telecom : CallsManager: handlePhoneAccountChanged: phoneAccount=[[X] PhoneAccount: ComponentInfo{com.android.phone/com.android.services.telephony.TelephonyConnectionService}, ***, UserHandle{0} Capabilities: CallProvider MultiUser PlaceEmerg SimSub  Audio Routes: BESW Schemes: tel voicemail  Extras: Bundle[{android.telecom.extra.SUPPORTS_VIDEO_CALLING_FALLBACK=true}] GroupId: ***]: TSI.rPA@BFw
03-06 20:53:39.086  2476  2476 I CallNotifier: onCallForwardingIndicatorChanged(): subId=1, visible=N
03-06 20:53:39.086  2476  2476 D CallNotifier: updatePhoneStateListeners: update CF notifications.
03-06 20:53:39.086  2476  2476 I NotificationMgr: updateCfi: subId= 1, visible=N
03-06 20:53:39.087  2476  2476 I NotificationMgr: updateMwi(): subId 1 update to false
03-06 20:53:39.090  4030  4030 I Dialer  : LegacyVoicemailNotificationReceiver.onReceive - received legacy voicemail notification
03-06 20:53:39.090  4030  4030 I Dialer  : LegacyVoicemailNotificationReceiver.onReceive - isRefresh: true
03-06 20:53:39.091  4030  4030 I Dialer  : LegacyVoicemailNotificationReceiver.onReceive - clearing notification
03-06 20:53:39.091  4030  4030 I Dialer  : LegacyVoicemailNotifier.cancelNotification - enter
03-06 20:53:39.091  4030  4030 I Dialer  : LegacyVoicemailNotifier.cancelNotification - 'null' id, canceling all legacy voicemail notifications
03-06 20:53:39.095  2476  6634 D IccSmsInterfaceManager: [IccSmsInterfaceManager] Failed to add cdma broadcast channels range 4099 to 4099
03-06 20:53:39.096  2476  2476 D MccTable: updateMccMncConfiguration mccmnc='310260
03-06 20:53:39.096  2476  2476 D MccTable: updateMccMncConfiguration: mcc=310, mnc=260
03-06 20:53:39.097  2476  6634 D IccSmsInterfaceManager: [IccSmsInterfaceManager] Calling setGsmBroadcastConfig with 1 configurations
03-06 20:53:39.098  2026  3230 D AlarmManagerService: Kernel timezone updated to 300 minutes west of GMT
03-06 20:53:39.103  2026  2026 D ConditionProviders.SCP: onReceive android.intent.action.TIMEZONE_CHANGED
03-06 20:53:39.103  2026  2026 D ConditionProviders.SCP: evaluateSubscriptionLocked cal=ScheduleCalendar[mDays={1, 2, 3, 4, 5, 6, 7}, mSchedule=ScheduleInfo{days=[1, 2, 3, 4, 5, 6, 7], startHour=22, startMinute=0, endHour=7, endMinute=0, exitAtAlarm=true, nextAlarm=Wed Dec 31 19:00:00 EST 1969 (0)}], now=Wed Mar 06 15:53:39 EST 2024 (1709758419103), nextUserAlarmTime=Wed Dec 31 19:00:00 EST 1969 (0)
03-06 20:53:39.103  2026  2026 D ConditionProviders.SCP: notifyCondition condition://android/schedule?days=1.2.3.4.5.6.7&start=22.0&end=7.0&exitAtAlarm=true STATE_FALSE reason=!meetsSchedule
03-06 20:53:39.104  2026  2026 D ConditionProviders.SCP: Scheduling evaluate for Wed Mar 06 22:00:00 EST 2024 (1709780400000), in +6h6m20s897ms, now=Wed Mar 06 15:53:39 EST 2024 (1709758419103)
03-06 20:53:39.110  2476  2476 D MccTable: timezone set to America/New_York
03-06 20:53:39.110  2476  2476 D MccTable: updateMccMncConfiguration updateConfig config={0.0 310mcc260mnc ?localeList ?layoutDir ?swdp ?wdp ?hdp ?density ?lsize ?long ?ldr ?wideColorGamut ?orien ?uimode ?night ?touch ?keyb/?/? ?nav/? winConfig={ mBounds=Rect(0, 0 - 0, 0) mAppBounds=null mWindowingMode=undefined mDisplayWindowingMode=undefined mActivityType=undefined mAlwaysOnTop=undefined mRotation=undefined}}
03-06 20:53:39.126  5804  5804 I AlarmClock: AlarmInitReceiver android.intent.action.TIMEZONE_CHANGED
03-06 20:53:39.126  5804  8154 I AlarmClock: Connected Dock: null
03-06 20:53:39.127  2476  6634 D IccSmsInterfaceManager: [IccSmsInterfaceManager] Failed to add GSM cell broadcast channels range 4392 to 4392
03-06 20:53:39.131  5804  8154 I AlarmClock: Removing AlarmClockInfo
03-06 20:53:39.133  5804  5804 I AlarmClock: DigitalAppWidgetProvider processing Intent { act=android.intent.action.TIMEZONE_CHANGED flg=0x21200010 cmp=com.google.android.deskclock/com.android.alarmclock.DigitalAppWidgetProvider (has extras) }
03-06 20:53:39.136  2476  6634 D IccSmsInterfaceManager: [IccSmsInterfaceManager] Failed to remove GSM cell broadcast channels range 4380 to 4380
03-06 20:53:39.137  2476  6634 D IccSmsInterfaceManager: [IccSmsInterfaceManager] Failed to remove cdma broadcast channels range 4100 to 4100
03-06 20:53:39.138  2476  6634 D IccSmsInterfaceManager: [IccSmsInterfaceManager] Failed to remove GSM cell broadcast channels range 4393 to 4393
03-06 20:53:39.145  2476  6634 D IccSmsInterfaceManager: [IccSmsInterfaceManager] Failed to remove GSM cell broadcast channels range 4381 to 4381
03-06 20:53:39.147  2476  6634 D IccSmsInterfaceManager: [IccSmsInterfaceManager] Failed to remove GSM cell broadcast channels range 4394 to 4394
03-06 20:53:39.159  2476  2476 D TelephonyProvider: match current APN size:  12
03-06 20:53:39.159  2476  3532 D IccSmsInterfaceManager: [IccSmsInterfaceManager] Failed to remove GSM cell broadcast channels range 4382 to 4382
03-06 20:53:39.159  2476  2476 D TelephonyProvider: match MNO APN: 5
03-06 20:53:39.160  2476  2476 D TelephonyProvider: subIdString = 1 subId = 1
03-06 20:53:39.160  2476  2476 D TelephonyProvider: getPreferredApnIdFromApn: for subId 1
03-06 20:53:39.160  2476  3532 D IccSmsInterfaceManager: [IccSmsInterfaceManager] Failed to remove GSM cell broadcast channels range 4395 to 4395
03-06 20:53:39.162  2476  2476 D TelephonyProvider: subIdString = 1 subId = 1
03-06 20:53:39.162  2476  2476 D TelephonyProvider: getPreferredApnIdFromApn: for subId 1
03-06 20:53:39.164  2476  2476 D TelephonyProvider: subIdString = 1 subId = 1
03-06 20:53:39.164  2476  2476 D TelephonyProvider: getPreferredApnIdFromApn: for subId 1
03-06 20:53:39.164  2476  3532 D IccSmsInterfaceManager: [IccSmsInterfaceManager] Calling setGsmBroadcastConfig with 1 configurations
03-06 20:53:39.168  2476  2476 D TelephonyProvider: subIdString = 1 subId = 1
03-06 20:53:39.168  2476  2476 D TelephonyProvider: getPreferredApnIdFromApn: for subId 1
03-06 20:53:39.169  2476  2476 D TelephonyProvider: subIdString = 1 subId = 1
03-06 20:53:39.169  2476  2476 D TelephonyProvider: getPreferredApnIdFromApn: for subId 1
03-06 20:53:39.172  2476  2476 D TelephonyProvider: subIdString = 1 subId = 1
03-06 20:53:39.172  2476  2476 D TelephonyProvider: getPreferredApnIdFromApn: for subId 1
03-06 20:53:39.173  2476  2476 D TelephonyProvider: subIdString = 1 subId = 1
03-06 20:53:39.173  2476  2476 D TelephonyProvider: getPreferredApnIdFromApn: for subId 1
03-06 20:53:39.179  2476  2476 D TelephonyProvider: subIdString = 1 subId = 1
03-06 20:53:39.179  2476  2476 D TelephonyProvider: getPreferredApnIdFromApn: for subId 1
03-06 20:53:39.184  2476  3373 D TelephonyProvider: subIdString = 1 subId = 1
03-06 20:53:39.184  2476  3373 D TelephonyProvider: getPreferredApnIdFromApn: for subId 1
03-06 20:53:39.190  8440  8440 F libc    : Fatal signal 11 (SIGSEGV), code 1 (SEGV_MAPERR), fault addr 0xa in tid 8440 (rild), pid 8440 (rild)
03-06 20:53:39.192  2476  2476 D TelephonyProvider: subIdString = 1 subId = 1
03-06 20:53:39.196  8458  8458 I crash_dump32: obtaining output fd from tombstoned, type: kDebuggerdTombstone
03-06 20:53:39.196  1864  1864 I /system/bin/tombstoned: received crash request for pid 8440
03-06 20:53:39.196  8458  8458 I crash_dump32: performing dump of process 8440 (target tid = 8440)
03-06 20:53:39.196  8458  8458 F DEBUG   : *** *** *** *** *** *** *** *** *** *** *** *** *** *** *** ***
03-06 20:53:39.196  8458  8458 F DEBUG   : Build fingerprint: 'google/sdk_gphone_x86/generic_x86:10/QSR1.190920.001/5891938:user/release-keys'
03-06 20:53:39.197  8458  8458 F DEBUG   : Revision: '0'
03-06 20:53:39.197  8458  8458 F DEBUG   : ABI: 'x86'
03-06 20:53:39.197  8458  8458 F DEBUG   : Timestamp: 2024-03-06 15:53:39-0500
03-06 20:53:39.197  8458  8458 F DEBUG   : pid: 8440, tid: 8440, name: rild  >>> /vendor/bin/hw/rild <<<
03-06 20:53:39.197  8458  8458 F DEBUG   : uid: 1001
03-06 20:53:39.197  8458  8458 F DEBUG   : signal 11 (SIGSEGV), code 1 (SEGV_MAPERR), fault addr 0xa
03-06 20:53:39.197  8458  8458 F DEBUG   : Cause: null pointer dereference
03-06 20:53:39.197  8458  8458 F DEBUG   :     eax f1f2c403  ebx f1daa0e4  ecx 0000000a  edx 0000000a
03-06 20:53:39.197  8458  8458 F DEBUG   :     edi 0000000a  esi ffc36df8
03-06 20:53:39.197  8458  8458 F DEBUG   :     ebp ffc36e28  esp ffc36ddc  eip f1a58a62
03-06 20:53:39.201  2184  2184 V KeyguardUpdateMonitor: onSubscriptionInfoChanged()
03-06 20:53:39.202  2476  2476 D CallNotifier: updatePhoneStateListeners: update CF notifications.
03-06 20:53:39.202  2476  2476 I NotificationMgr: updateCfi: subId= 1, visible=N
03-06 20:53:39.203  2476  2476 I NotificationMgr: updateMwi(): subId 1 update to false
03-06 20:53:39.203  2184  2184 V KeyguardUpdateMonitor: SubInfo:{id=1, iccId=890141032[****] simSlotIndex=0 carrierId=1 displayName=T-Mobile carrierName=Android nameSource=3 iconTint=-16746133 mNumber=[****] dataRoaming=0 iconBitmap=android.graphics.Bitmap@5106524 mcc 310 mnc 260mCountryIso=us isEmbedded false accessRules null cardString=890141032[****] cardId=-1 isOpportunistic false mGroupUUID=null mIsGroupDisabled=false profileClass=-1 ehplmns = null hplmns = null subscriptionType=0 mGroupOwner=null}
03-06 20:53:39.204  2476  3532 D IccSmsInterfaceManager: [IccSmsInterfaceManager] Failed to add GSM cell broadcast channels range 4352 to 4354
03-06 20:53:39.206  2476  6634 D IccSmsInterfaceManager: [IccSmsInterfaceManager] Calling setGsmBroadcastConfig with 1 configurations
03-06 20:53:39.207  4030  4030 I Dialer  : LegacyVoicemailNotificationReceiver.onReceive - received legacy voicemail notification
03-06 20:53:39.207  4030  4030 I Dialer  : LegacyVoicemailNotificationReceiver.onReceive - isRefresh: false
03-06 20:53:39.207  4030  4030 I Dialer  : LegacyVoicemailNotificationReceiver.onReceive - clearing notification
03-06 20:53:39.207  4030  4030 I Dialer  : LegacyVoicemailNotifier.cancelNotification - enter
03-06 20:53:39.208  2476  2476 D CallNotifier: updatePhoneStateListeners: update CF notifications.
03-06 20:53:39.208  2476  2476 I NotificationMgr: updateCfi: subId= 1, visible=N
03-06 20:53:39.209  2476  2476 I NotificationMgr: updateMwi(): subId 1 update to false
03-06 20:53:39.210  2026  2123 W BestClock: java.time.DateTimeException: Missing NTP fix
03-06 20:53:39.212  2026  2123 W BestClock: java.time.DateTimeException: Missing NTP fix
03-06 20:53:39.212  1773  1773 I netd    : bandwidthSetGlobalAlert(2097152) <0.05ms>
03-06 20:53:39.213  2476  2476 I TelecomFramework: : onSubscriptionsChanged - update accounts
03-06 20:53:39.213  2476  2476 I TelecomFramework: PstnIncomingCallNotifier: Unregistering: Handler (com.android.internal.telephony.GsmCdmaPhone) {b312827}
03-06 20:53:39.213  2476  2476 I TelecomFramework: TelecomAccountRegistry: setupAccounts: Found 1 phones.  Attempting to register.
03-06 20:53:39.213  2476  2476 I TelecomFramework: TelecomAccountRegistry: setupAccounts: Phone with subscription id 1
03-06 20:53:39.215  4030  4030 I Dialer  : LegacyVoicemailNotificationReceiver.onReceive - received legacy voicemail notification
03-06 20:53:39.215  4030  4030 I Dialer  : LegacyVoicemailNotificationReceiver.onReceive - isRefresh: true
03-06 20:53:39.215  4030  4030 I Dialer  : LegacyVoicemailNotificationReceiver.onReceive - clearing notification
03-06 20:53:39.215  4030  4030 I Dialer  : LegacyVoicemailNotifier.cancelNotification - enter
03-06 20:53:39.219  6392  6423 I Finsky  : [492] fpw.a(10): onSubscriptionsChanged
03-06 20:53:39.219  6392  6423 I Finsky  : [492] fpt.c(15): notifySubscriptionInfoChangedListener: DataSubscriptionInfo=DataSubscriptionInfo{imsiAnonymized=Optional.of(310260000000000), imsiRaw=Optional.of(310260000000000), groupIdLevel1=Optional.absent(), mccMnc=Optional.of(310260), serviceProviderName=Optional.of(Android)}
03-06 20:53:39.220  8458  8458 F DEBUG   : 
03-06 20:53:39.220  8458  8458 F DEBUG   : backtrace:
03-06 20:53:39.220  8458  8458 F DEBUG   :       #00 pc 00090a62  /apex/com.android.runtime/lib/bionic/libc.so (strlen_generic+18) (BuildId: 76290498408016ad14f4b98c3ab6c65c)
03-06 20:53:39.220  8458  8458 F DEBUG   :       #01 pc 00030dda  /vendor/lib/libril.so (convertRilDataCallToHal(RIL_Data_Call_Response_v11*, android::hardware::radio::V1_0::SetupDataCallResult&)+298) (BuildId: 4aeb9b9e6267ba7c4d9f952da87091a5)
03-06 20:53:39.220  8458  8458 F DEBUG   :       #02 pc 00030a9e  /vendor/lib/libril.so (radio::setupDataCallResponse(int, int, int, RIL_Errno, void*, unsigned int)+270) (BuildId: 4aeb9b9e6267ba7c4d9f952da87091a5)
03-06 20:53:39.220  8458  8458 F DEBUG   :       #03 pc 000223e7  /vendor/lib/libril.so (RIL_onRequestComplete+295) (BuildId: 4aeb9b9e6267ba7c4d9f952da87091a5)
03-06 20:53:39.220  8458  8458 F DEBUG   :       #04 pc 00010595  /vendor/lib/libgoldfish-ril.so (requestOrSendDataCallList+181) (BuildId: 11f26e2e312eda4514be88afc42925aa)
03-06 20:53:39.220  8458  8458 F DEBUG   :       #05 pc 0001358f  /vendor/lib/libgoldfish-ril.so (onRequest+9343) (BuildId: 11f26e2e312eda4514be88afc42925aa)
03-06 20:53:39.220  8458  8458 F DEBUG   :       #06 pc 00024513  /vendor/lib/libril.so (dispatchStrings(int, int, int, bool, int, ...)+259) (BuildId: 4aeb9b9e6267ba7c4d9f952da87091a5)
03-06 20:53:39.220  8458  8458 F DEBUG   :       #07 pc 00026339  /vendor/lib/libril.so (RadioImpl::setupDataCall(int, android::hardware::radio::V1_0::RadioTechnology, android::hardware::radio::V1_0::DataProfileInfo const&, bool, bool, bool)+521) (BuildId: 4aeb9b9e6267ba7c4d9f952da87091a5)
03-06 20:53:39.220  8458  8458 F DEBUG   :       #08 pc 00098c73  /system/lib/vndk-29/android.hardware.radio@1.0.so (android::hardware::radio::V1_0::BnHwRadio::_hidl_setupDataCall(android::hidl::base::V1_0::BnHwBase*, android::hardware::Parcel const&, android::hardware::Parcel*, std::__1::function<void (android::hardware::Parcel&)>)+419) (BuildId: b93c3e4da35ce72bc87e94c6240d3759)
03-06 20:53:39.220  8458  8458 F DEBUG   :       #09 pc 00070046  /system/lib/vndk-29/android.hardware.radio@1.1.so (android::hardware::radio::V1_1::BnHwRadio::onTransact(unsigned int, android::hardware::Parcel const&, android::hardware::Parcel*, unsigned int, std::__1::function<void (android::hardware::Parcel&)>)+12678) (BuildId: 3afdfbc61f24b3696c178b185465fa20)
03-06 20:53:39.221  8458  8458 F DEBUG   :       #10 pc 000954b9  /system/lib/vndk-sp-29/libhidlbase.so (android::hardware::BHwBinder::transact(unsigned int, android::hardware::Parcel const&, android::hardware::Parcel*, unsigned int, std::__1::function<void (android::hardware::Parcel&)>)+105) (BuildId: fcfb915b8de7916fd0e69779451b6316)
03-06 20:53:39.221  8458  8458 F DEBUG   :       #11 pc 00099abf  /system/lib/vndk-sp-29/libhidlbase.so (android::hardware::IPCThreadState::getAndExecuteCommand()+1759) (BuildId: fcfb915b8de7916fd0e69779451b6316)
03-06 20:53:39.221  8458  8458 F DEBUG   :       #12 pc 0009b596  /system/lib/vndk-sp-29/libhidlbase.so (android::hardware::IPCThreadState::joinThreadPool(bool)+118) (BuildId: fcfb915b8de7916fd0e69779451b6316)
03-06 20:53:39.221  8458  8458 F DEBUG   :       #13 pc 000480be  /system/lib/vndk-sp-29/libhidlbase.so (android::hardware::joinBinderRpcThreadpool()+46) (BuildId: fcfb915b8de7916fd0e69779451b6316)
03-06 20:53:39.221  8458  8458 F DEBUG   :       #14 pc 0004a3da  /system/lib/vndk-sp-29/libhidlbase.so (android::hardware::joinRpcThreadpool()+26) (BuildId: fcfb915b8de7916fd0e69779451b6316)
03-06 20:53:39.221  8458  8458 F DEBUG   :       #15 pc 00041dba  /vendor/lib/libril.so (rilc_thread_pool+26) (BuildId: 4aeb9b9e6267ba7c4d9f952da87091a5)
