03-06 15:54:09.140  6392  6428 E Finsky  : 	at unn.run(Unknown Source:7)
03-06 15:54:09.140  6392  6428 E Finsky  : 	at java.lang.Thread.run(Thread.java:919)
03-06 15:54:09.140  6392  6428 I Finsky  : [495] qjn.a(10): VpaSelectionActivity will be disabled
03-06 15:54:09.140  6392  6428 I Finsky  : [495] qoh.a(3): PAI late SIM : experiment enabled = false
03-06 15:54:09.141  6392  6637 I Finsky  : [539] fpy.a(5): notifySubscriptionInfoChangedListener success.
03-06 15:54:09.316  2026  2872 W NotificationService: Toast already killed. pkg=ru.iteco.fmhandroid callback=android.app.ITransientNotification$Stub$Proxy@5797680
03-06 15:54:10.048  1791  2388 E GnssHAL_GnssInterface: gnssSvStatusCb: a: input svInfo.flags is 8
03-06 15:54:10.048  1791  2388 E GnssHAL_GnssInterface: gnssSvStatusCb: b: input svInfo.flags is 8
03-06 15:54:10.135  2476  2476 W ServiceManagement: Waited one second for android.hardware.radio@1.0::IRadio/slot1
03-06 15:54:10.135  2476  2476 I ServiceManagement: getService: Trying again for android.hardware.radio@1.0::IRadio/slot1...
03-06 15:54:10.432  1780  1935 W audio_hw_generic: Not supplying enough data to HAL, expected position 1825352 , only wrote 1688855
03-06 15:54:10.733  2026  2053 W BroadcastQueue: Background execution not allowed: receiving Intent { act=android.intent.action.DROPBOX_ENTRY_ADDED flg=0x10 (has extras) } to com.google.android.gms/.stats.service.DropBoxEntryAddedReceiver
03-06 15:54:10.733  2026  2053 W BroadcastQueue: Background execution not allowed: receiving Intent { act=android.intent.action.DROPBOX_ENTRY_ADDED flg=0x10 (has extras) } to com.google.android.gms/.chimera.GmsIntentOperationService$PersistentTrustedReceiver
03-06 15:54:10.817  2026  2047 W WindowManager: Unable to start animation, surface is null or no children.
03-06 15:54:11.048  1791  2388 E GnssHAL_GnssInterface: gnssSvStatusCb: a: input svInfo.flags is 8
03-06 15:54:11.048  1791  2388 E GnssHAL_GnssInterface: gnssSvStatusCb: b: input svInfo.flags is 8
03-06 15:54:11.137  2476  2476 W ServiceManagement: Waited one second for android.hardware.radio@1.0::IRadio/slot1
03-06 15:54:11.139  2476  2476 I ServiceManagement: getService: Trying again for android.hardware.radio@1.0::IRadio/slot1...
03-06 15:54:12.050  1791  2388 E GnssHAL_GnssInterface: gnssSvStatusCb: a: input svInfo.flags is 8
03-06 15:54:12.050  1791  2388 E GnssHAL_GnssInterface: gnssSvStatusCb: b: input svInfo.flags is 8
03-06 15:54:12.140  2476  2476 W ServiceManagement: Waited one second for android.hardware.radio@1.0::IRadio/slot1
03-06 15:54:12.142  2476  2476 I ServiceManagement: getService: Trying again for android.hardware.radio@1.0::IRadio/slot1...
03-06 15:54:12.731  7200  7200 I ViewInteraction: Performing 'wait for a specific view with attribute <an instance of android.widget.TextView and view.getText() with or without transformation to match: is "Claims"> during 5000 millis.' action on view view.getRootView() to equal view
03-06 15:54:13.051  1791  2388 E GnssHAL_GnssInterface: gnssSvStatusCb: a: input svInfo.flags is 8
03-06 15:54:13.051  1791  2388 E GnssHAL_GnssInterface: gnssSvStatusCb: b: input svInfo.flags is 8
03-06 15:54:13.144  2476  2476 W ServiceManagement: Waited one second for android.hardware.radio@1.0::IRadio/slot1
03-06 15:54:13.144  2476  2476 I ServiceManagement: getService: Trying again for android.hardware.radio@1.0::IRadio/slot1...
03-06 15:54:13.554  8667  8667 I ServiceManagement: Registered android.hardware.radio@1.1::IRadio/slot1 (start delay of 12ms)
03-06 15:54:13.554  8667  8667 I ServiceManagement: Registered android.hardware.radio.deprecated@1.0::IOemHook/slot1 (start delay of 13ms)
03-06 15:54:13.555  2476  2476 I android_os_HwBinder: HwBinder: Starting thread pool for getting: android.hardware.radio@1.0::IRadio/slot1
03-06 15:54:13.558  1676  1676 I hwservicemanager: getTransport: Cannot find entry android.hardware.radio.deprecated@1.0::IOemHook/slot1 in either framework or device manifest.
03-06 15:54:13.561  2476  2476 D MultiSimSettingController: onSubscriptionsChanged
03-06 15:54:13.561  2476  2476 D MultiSimSettingController: updateDefaults
03-06 15:54:13.561  2476  2476 D MultiSimSettingController: [updateDefaultValues] change: 0
03-06 15:54:13.562  2476  2476 I TelecomFramework: PstnPhoneCapabilitiesNotifier: handleVideoCapabilitesChanged. Video capability - false
03-06 15:54:13.572  2026  2377 I Telecom : PhoneAccountRegistrar: Modify account: [ComponentInfo{com.android.phone/com.android.services.telephony.TelephonyConnectionService}, ***, UserHandle{0}]: TSI.rPA@BO4
03-06 15:54:13.572  2026  2377 I Telecom : CallsManager: handlePhoneAccountChanged: phoneAccount=[[X] PhoneAccount: ComponentInfo{com.android.phone/com.android.services.telephony.TelephonyConnectionService}, ***, UserHandle{0} Capabilities: CallProvider MultiUser PlaceEmerg SimSub  Audio Routes: BESW Schemes: tel voicemail  Extras: Bundle[{android.telecom.extra.SUPPORTS_VIDEO_CALLING_FALLBACK=true}] GroupId: ***]: TSI.rPA@BO4
03-06 15:54:13.573  2476  2476 I CallNotifier: onCallForwardingIndicatorChanged(): subId=1, visible=N
03-06 15:54:13.574  2476  2476 D CallNotifier: updatePhoneStateListeners: update CF notifications.
03-06 15:54:13.574  2476  2476 I NotificationMgr: updateCfi: subId= 1, visible=N
03-06 15:54:13.575  2476  2476 I NotificationMgr: updateMwi(): subId 1 update to false
03-06 15:54:13.578  4030  4030 I Dialer  : LegacyVoicemailNotificationReceiver.onReceive - received legacy voicemail notification
03-06 15:54:13.578  4030  4030 I Dialer  : LegacyVoicemailNotificationReceiver.onReceive - isRefresh: true
03-06 15:54:13.578  4030  4030 I Dialer  : LegacyVoicemailNotificationReceiver.onReceive - clearing notification
03-06 15:54:13.578  4030  4030 I Dialer  : LegacyVoicemailNotifier.cancelNotification - enter
03-06 15:54:13.583  2476  2476 D TelephonyProvider: subIdString = 1 subId = 1
03-06 15:54:13.592  2184  2184 V KeyguardUpdateMonitor: onSubscriptionInfoChanged()
03-06 15:54:13.594  2184  2184 V KeyguardUpdateMonitor: SubInfo:{id=1, iccId=890141032[****] simSlotIndex=0 carrierId=1 displayName=T-Mobile carrierName=No service nameSource=3 iconTint=-16746133 mNumber=[****] dataRoaming=0 iconBitmap=android.graphics.Bitmap@697de4f mcc 310 mnc 260mCountryIso=us isEmbedded false accessRules null cardString=890141032[****] cardId=-1 isOpportunistic false mGroupUUID=null mIsGroupDisabled=false profileClass=-1 ehplmns = null hplmns = null subscriptionType=0 mGroupOwner=null}
03-06 15:54:13.596  2026  2123 W BestClock: java.time.DateTimeException: Missing NTP fix
03-06 15:54:13.598  2026  2123 W BestClock: java.time.DateTimeException: Missing NTP fix
03-06 15:54:13.598  1773  1773 I netd    : bandwidthSetGlobalAlert(2097152) <0.05ms>
03-06 15:54:13.599  4330  8274 W Bugle   : BuglePhoneNumberUtils: canonicalizeMccMnc: invalid mccmnc. mcc: null, mnc: null
03-06 15:54:13.602  2026  2377 D AlarmManagerService: Kernel timezone updated to 0 minutes west of GMT
03-06 15:54:13.605  2026  2026 D ConditionProviders.SCP: onReceive android.intent.action.TIMEZONE_CHANGED
03-06 15:54:13.605  2026  2026 D ConditionProviders.SCP: evaluateSubscriptionLocked cal=ScheduleCalendar[mDays={1, 2, 3, 4, 5, 6, 7}, mSchedule=ScheduleInfo{days=[1, 2, 3, 4, 5, 6, 7], startHour=22, startMinute=0, endHour=7, endMinute=0, exitAtAlarm=true, nextAlarm=Thu Jan 01 00:00:00 GMT 1970 (0)}], now=Wed Mar 06 20:54:13 GMT 2024 (1709758453605), nextUserAlarmTime=Thu Jan 01 00:00:00 GMT 1970 (0)
03-06 15:54:13.605  4330  8274 W Bugle   : Obsolete carrier config resource: maxMessageSize res: 1048576, sys: 307200
03-06 15:54:13.605  4330  8274 W Bugle   : Obsolete carrier config resource: maxImageHeight res: 1944, sys: 480
03-06 15:54:13.605  2026  2026 D ConditionProviders.SCP: notifyCondition condition://android/schedule?days=1.2.3.4.5.6.7&start=22.0&end=7.0&exitAtAlarm=true STATE_FALSE reason=!meetsSchedule
03-06 15:54:13.605  4330  8274 W Bugle   : Obsolete carrier config resource: maxImageWidth res: 2592, sys: 640
03-06 15:54:13.606  4330  8274 I Bugle   : Carrier configs loaded: Bundle[{carrier_volte_provisioned_bool=false, disable_charge_indication_bool=false, support_tdscdma_bool=false, httpSocketTimeout=60000, call_redirection_service_component_name_string=null, carrier_wfc_supports_wifi_only_bool=false, carrier_default_actions_on_default_network_available_string_array=[false: 7, true: 8], operator_selection_expand_bool=true, disable_cdma_activation_code_bool=false, simplified_network_settings_bool=false, support_tdscdma_roaming_networks_string_array=null, gps.lpp_profile=0, call_barring_visibility_bool=false, gps.es_extension_sec=0, enable_apps_string_array=null, carrier_default_wfc_ims_roaming_enabled_bool=false, cdma_nonroaming_networks_string_array=null, aliasMinChars=2, wfc_data_spn_format_idx_int=0, hide_sim_lock_settings_bool=false, drop_video_call_when_answering_audio_call_bool=false, ci_action_on_sys_update_bool=false, convert_cdma_caller_id_mmi_codes_while_roaming_on_3gpp_bool=false, support_enhanced_call_blocking_bool=true, vvm_port_number_int=0, carrier_default_wfc_ims_enabled_bool=false, dial_string_replace_string_array=null, opportunistic_network_entry_threshold_bandwidth_int=1024, gsm_nonroaming_networks_string_array=null, hide_ims_apn_bool=false, vvm_destination_number_string=, dtmf_type_enabled_bool=false, allow_video_calling_fallback_bool=true, config_ims_package_override_string=null, only_auto_select_in_home_network=false, smsToMmsTextThreshold=-1, disable_severe_when_extreme_disabled_bool=true, force_home_network_bool=false, spdi_override_string_array=null, show_wfc_location_privacy_policy_bool=false, gps.supl_es=1, enableSMSDeliveryReports=true, auto_retry_enabled_bool=false, opportunistic_network_entry_threshold_rssnr_int=45, play_call_recording_tone_bool=false, carrier_force_disable_etws_cmas_test_bool=false, call_waiting_service_class_int=1, allow_emergency_video_calls_bool=false, csp_enabled_bool=false, default_sim_call_manager_string=, wifi.passpoint_profiles_string_array=null, carrier_app_required_during_setup_bool=false, call_forwarding_blocks_while_roaming_string_array=null, emergency_notification_delay_int=-1, support_video_conference_call_bool=false, ims_dtmf_tone_delay_int=0, show_signal_strength_in_sim_status_bool=true, data_rapid_notification_bool=true, carrier_instant_lettering_escaped_chars_string=, carrier_default_wfc_ims_roaming_mode_int=2, editable_wfc_mode_bool=true, support_direct_fdn_dialing_bool=false, carrier_ut_provisioning_required_bool=false, carrier_wifi_string_array=null, treat_downgraded_video_calls_as_video_calls_bool=false, wifi_calls_can_be_hd_audio=true, support_downgrade_vt_to_audio_bool=true, cdma_enhanced_roaming_indicator_for_home_network_int_array=[1], notify_handover_video_from_lte_to_wifi_bool=false, use_otasp_for_provisioning_bool=false, always_play_remote_hold_tone_bool=false, opportunistic_network_data_switch_hysteresis_time_long=10000, maxMessageTextSize=-1, duration_blocking_disabled_after_emergency_int=7200, carrier_metered_roaming_apn_types_strings=[default, mms, dun, supl], additional_settings_call_waiting_visibility_bool=true, show_video_call_charges_alert_dialog_bool=false, carrier_network_service_wlan_package_override_string=, show_apn_setting_cdma_bool=false, use_usim_bool=false, carrier_instant_lettering_length_limit_int=64, operator_name_filter_pattern_string=, carrier_instant_lettering_invalid_chars_string=, carrier_setup_app_string=, editable_wfc_roaming_mode_bool=false, supportMmsContentDisposition=true, support_manage_ims_conference_call_bool=true, opportunistic_network_exit_threshold_rssnr_int=10, allow_non_emergency_calls_in_ecm_bool=true, allow_cdma_eri_bool=false, carrier_data_service_wlan_package_override_string=, show_carrier_data_icon_pattern_string=, use_rcs_presence_bool=false, config_telephony_use_own_number_for_voicemail_bool=false, cdma_dtmf_tone_delay_int=100, editable_voicemail_number_bool=false, carrier_data_call_apn_retry_after_disconnect_long=10000, filtered_cnap_names_string_array=null, enabledTransID=false, aliasEnabled=false, vvm_disabl
03-06 15:54:13.606  2026  2026 D ConditionProviders.SCP: Scheduling evaluate for Wed Mar 06 22:00:00 GMT 2024 (1709762400000), in +1h5m46s395ms, now=Wed Mar 06 20:54:13 GMT 2024 (1709758453605)
03-06 15:54:13.612  2026  2043 I LocationAccessPolicy: Allowing com.google.android.inputmethod.latin fine because it doesn't target API 29 yet. Please fix this app. Called from TelephonyRegistry push
03-06 15:54:13.612  2026  2043 I LocationAccessPolicy: Allowing com.google.android.apps.messaging fine because it doesn't target API 29 yet. Please fix this app. Called from TelephonyRegistry push
03-06 15:54:13.620  2476  2476 D ServiceStateProvider: subId=1
03-06 15:54:13.630  5804  5804 I AlarmClock: AlarmInitReceiver android.intent.action.TIMEZONE_CHANGED
03-06 15:54:13.631  5804  8154 I AlarmClock: Connected Dock: null
03-06 15:54:13.638  5804  8154 I AlarmClock: Removing AlarmClockInfo
03-06 15:54:13.641  5804  5804 I AlarmClock: DigitalAppWidgetProvider processing Intent { act=android.intent.action.TIMEZONE_CHANGED flg=0x21200010 cmp=com.google.android.deskclock/com.android.alarmclock.DigitalAppWidgetProvider (has extras) }
03-06 15:54:13.641  2026  4785 W ActivityManager: Background start not allowed: service Intent { cmp=com.google.android.apps.messaging/.shared.datamodel.action.execution.ActionExecutorImpl$EmptyService } to com.google.android.apps.messaging/.shared.datamodel.action.execution.ActionExecutorImpl$EmptyService from pid=4330 uid=10121 pkg=com.google.android.apps.messaging startFg?=false
03-06 15:54:13.642  4330  4330 W BugleDataModel: ActionExecutorImpl: Action started execution, but we can't guarantee it will complete, the app may be killed. Action: class com.google.android.apps.messaging.shared.datamodel.action.SelfParticipantsRefreshAction-SelfParticipantsRefreshAction:27590232
03-06 15:54:13.642  4330  4330 W BugleDataModel: java.lang.IllegalStateException: Not allowed to start service Intent { cmp=com.google.android.apps.messaging/.shared.datamodel.action.execution.ActionExecutorImpl$EmptyService }: app is in background uid UidRecord{ce230f7 u0a121 CEM  idle change:cached procs:1 seq(0,0,0)}
03-06 15:54:13.642  4330  4330 W BugleDataModel: 	at android.app.ContextImpl.startServiceCommon(ContextImpl.java:1616)
03-06 15:54:13.642  4330  4330 W BugleDataModel: 	at android.app.ContextImpl.startService(ContextImpl.java:1571)
03-06 15:54:13.642  4330  4330 W BugleDataModel: 	at android.content.ContextWrapper.startService(ContextWrapper.java:669)
03-06 15:54:13.642  4330  4330 W BugleDataModel: 	at com.google.android.apps.messaging.shared.datamodel.action.execution.ActionExecutorImpl.e(SourceFile:107)
03-06 15:54:13.642  4330  4330 W BugleDataModel: 	at com.google.android.apps.messaging.shared.datamodel.action.execution.ActionExecutorImpl.a(SourceFile:19)
03-06 15:54:13.642  4330  4330 W BugleDataModel: 	at com.google.android.apps.messaging.shared.datamodel.action.execution.ActionExecutorImpl.a(SourceFile:16)
03-06 15:54:13.642  4330  4330 W BugleDataModel: 	at dya.c(SourceFile:12)
03-06 15:54:13.642  4330  4330 W BugleDataModel: 	at dyb.run(Unknown Source:2)
03-06 15:54:13.642  4330  4330 W BugleDataModel: 	at android.os.Handler.handleCallback(Handler.java:883)
03-06 15:54:13.642  4330  4330 W BugleDataModel: 	at android.os.Handler.dispatchMessage(Handler.java:100)
03-06 15:54:13.642  4330  4330 W BugleDataModel: 	at android.os.Looper.loop(Looper.java:214)
03-06 15:54:13.642  4330  4330 W BugleDataModel: 	at android.app.ActivityThread.main(ActivityThread.java:7356)
03-06 15:54:13.642  4330  4330 W BugleDataModel: 	at java.lang.reflect.Method.invoke(Native Method)
03-06 15:54:13.642  4330  4330 W BugleDataModel: 	at com.android.internal.os.RuntimeInit$MethodAndArgsCaller.run(RuntimeInit.java:492)
03-06 15:54:13.642  4330  4330 W BugleDataModel: 	at com.android.internal.os.ZygoteInit.main(ZygoteInit.java:930)
03-06 15:54:13.643  4330  4542 I BugleDataModel: ParticipantRefresh: Start participant refresh. refreshMode: 1
03-06 15:54:13.648  4113  4113 D CellBroadcastReceiver: onReceive Intent { act=android.intent.action.SERVICE_STATE flg=0x1000010 cmp=com.android.cellbroadcastreceiver/.CellBroadcastReceiver (has extras) }
03-06 15:54:13.654  4165  4165 I CarrierServices: [2] ServiceStateReceiver.onReceive: Received SERVICE_STATE intent.
03-06 15:54:13.661  2476  4908 D IccSmsInterfaceManager: [IccSmsInterfaceManager] Failed to add cdma broadcast channels range 4098 to 4098
03-06 15:54:13.662  2476  4908 D IccSmsInterfaceManager: [IccSmsInterfaceManager] Calling setGsmBroadcastConfig with 1 configurations
03-06 15:54:13.666  2476  2476 D CallNotifier: updatePhoneStateListeners: update CF notifications.
03-06 15:54:13.666  2476  2476 I NotificationMgr: updateCfi: subId= 1, visible=N
03-06 15:54:13.666  2476  2476 I NotificationMgr: updateMwi(): subId 1 update to false
03-06 15:54:13.670  4030  4030 I Dialer  : LegacyVoicemailNotificationReceiver.onReceive - received legacy voicemail notification
03-06 15:54:13.670  4030  4030 I Dialer  : LegacyVoicemailNotificationReceiver.onReceive - isRefresh: false
03-06 15:54:13.670  4030  4030 I Dialer  : LegacyVoicemailNotificationReceiver.onReceive - clearing notification
03-06 15:54:13.670  4030  4030 I Dialer  : LegacyVoicemailNotifier.cancelNotification - enter
03-06 15:54:13.670  4030  4030 I Dialer  : LegacyVoicemailNotifier.cancelNotification - 'null' id, canceling all legacy voicemail notifications
03-06 15:54:13.675  2476  2476 D CallNotifier: updatePhoneStateListeners: update CF notifications.
03-06 15:54:13.675  2476  2476 I NotificationMgr: updateCfi: subId= 1, visible=N
03-06 15:54:13.675  2476  2476 I NotificationMgr: updateMwi(): subId 1 update to false
03-06 15:54:13.676  2476  2476 I TelecomFramework: : onSubscriptionsChanged - update accounts
03-06 15:54:13.676  2476  2476 I TelecomFramework: PstnIncomingCallNotifier: Unregistering: Handler (com.android.internal.telephony.GsmCdmaPhone) {b312827}
03-06 15:54:13.676  2476  2476 I TelecomFramework: TelecomAccountRegistry: setupAccounts: Found 1 phones.  Attempting to register.
03-06 15:54:13.676  2476  2476 I TelecomFramework: TelecomAccountRegistry: setupAccounts: Phone with subscription id 1
03-06 15:54:13.676  2476  2476 I TelecomFramework: TelecomAccountRegistry: setupAccounts: adding default
03-06 15:54:13.677  2476  2476 E PhoneInterfaceManager: [PhoneIntfMgr] getIccId: No UICC
03-06 15:54:13.678  4030  4030 I Dialer  : LegacyVoicemailNotificationReceiver.onReceive - received legacy voicemail notification
03-06 15:54:13.678  4030  4030 I Dialer  : LegacyVoicemailNotificationReceiver.onReceive - isRefresh: true
03-06 15:54:13.678  4030  4030 I Dialer  : LegacyVoicemailNotificationReceiver.onReceive - clearing notification
03-06 15:54:13.678  4030  4030 I Dialer  : LegacyVoicemailNotifier.cancelNotification - enter
03-06 15:54:13.678  4030  4030 I Dialer  : LegacyVoicemailNotifier.cancelNotification - 'null' id, canceling all legacy voicemail notifications
03-06 15:54:13.684  2026  7117 I Telecom : PhoneAccountRegistrar: New phone account registered: [[ ] PhoneAccount: ComponentInfo{com.android.phone/com.android.services.telephony.TelephonyConnectionService}, ***, UserHandle{0} Capabilities: CallProvider MultiUser PlaceEmerg SimSub  Audio Routes: BESW Schemes: tel voicemail  Extras: Bundle[{android.telecom.extra.SUPPORTS_VIDEO_CALLING_FALLBACK=true}] GroupId: ***]: TSI.rPA@BO8
03-06 15:54:13.685  2026  7117 I Telecom : CallsManager: Sending phone-account ComponentInfo{com.android.phone/com.android.services.telephony.TelephonyConnectionService}, ***, UserHandle{0} registered intent as user: TSI.rPA@BO8
03-06 15:54:13.685  2026  7117 I Telecom : CallsManager: Sending phone-account registered intent to default dialer: TSI.rPA@BO8
03-06 15:54:13.686  2476  2476 I TelecomFramework: AccountEntry: Registered phoneAccount: [[ ] PhoneAccount: ComponentInfo{com.android.phone/com.android.services.telephony.TelephonyConnectionService}, ***, UserHandle{0} Capabilities: CallProvider MultiUser PlaceEmerg SimSub  Audio Routes: BESW Schemes: tel voicemail  Extras: Bundle[{android.telecom.extra.SUPPORTS_VIDEO_CALLING_FALLBACK=true}] GroupId: ***] with handle: ComponentInfo{com.android.phone/com.android.services.telephony.TelephonyConnectionService}, ***, UserHandle{0}
03-06 15:54:13.686  2476  2476 I TelecomFramework: PstnIncomingCallNotifier: Registering: Handler (com.android.internal.telephony.GsmCdmaPhone) {b312827}
03-06 15:54:13.686  2476  2476 I TelecomFramework: TelecomAccountRegistry: Unregistering phone account ComponentInfo{com.android.phone/com.android.services.telephony.TelephonyConnectionService}, ***, UserHandle{0}.
03-06 15:54:13.687  2026  7117 I Telecom : CallsManager: Sending phone-account ComponentInfo{com.android.phone/com.android.services.telephony.TelephonyConnectionService}, ***, UserHandle{0} unregistered intent as user: TSI.uPA@BPE
03-06 15:54:13.687  2026  7117 I Telecom : CallsManager: Sending phone-account unregistered intent to default dialer: TSI.uPA@BPE
03-06 15:54:13.688  2476  2476 D MultiSimSettingController: onSubscriptionsChanged
03-06 15:54:13.688  2476  2476 D MultiSimSettingController: updateDefaults
03-06 15:54:13.688  2476  2476 D MultiSimSettingController: [updateDefaultValues] change: 0
03-06 15:54:13.690  1676  1676 I hwservicemanager: getTransport: Cannot find entry android.hardware.radio.config@1.1::IRadioConfig/default in either framework or device manifest.
03-06 15:54:13.690  1676  1676 I hwservicemanager: getTransport: Cannot find entry android.hardware.radio.config@1.0::IRadioConfig/default in either framework or device manifest.
03-06 15:54:13.693  1676  1676 I hwservicemanager: getTransport: Cannot find entry android.hardware.radio.config@1.1::IRadioConfig/default in either framework or device manifest.
03-06 15:54:13.693  1676  1676 I hwservicemanager: getTransport: Cannot find entry android.hardware.radio.config@1.0::IRadioConfig/default in either framework or device manifest.
03-06 15:54:13.694  1676  1676 I hwservicemanager: getTransport: Cannot find entry android.hardware.radio.config@1.1::IRadioConfig/default in either framework or device manifest.
03-06 15:54:13.694  1676  1676 I hwservicemanager: getTransport: Cannot find entry android.hardware.radio.config@1.0::IRadioConfig/default in either framework or device manifest.
03-06 15:54:13.696  2476  2476 D IntentBroadcaster: Broadcasting and adding intent for rebroadcast: android.intent.action.SIM_STATE_CHANGED UNKNOWN for slotId 0
03-06 15:54:13.697  2803  2803 I rcs     : [PresencePublication] onReceive intent=Intent { act=android.intent.action.SIM_STATE_CHANGED flg=0x5000010 (has extras) }
03-06 15:54:13.697  2803  2803 I rcs     : [PresencePublication] ACTION_SIM_STATE_CHANGED INTENT_KEY_ICC_STATE=UNKNOWN
03-06 15:54:13.697  2803  2803 I rcs     : [RcsService] onReceive intent=Intent { act=android.intent.action.SIM_STATE_CHANGED flg=0x5000010 (has extras) }
03-06 15:54:13.697  2184  2184 V KeyguardUpdateMonitor: action android.intent.action.SIM_STATE_CHANGED state: UNKNOWN slotId: 0 subid: 1
03-06 15:54:13.697  2184  2184 D KeyguardUpdateMonitor: handleSimStateChange(subId=1, slotId=0, state=UNKNOWN)
03-06 15:54:13.698  2476  2476 D CarrierConfigLoader: update config for phoneId: 0 simState: UNKNOWN
03-06 15:54:13.698  2476  2476 D CarrierSvcBindHelper: update binding for phoneId: 0 simState: UNKNOWN
03-06 15:54:13.702  2476  2476 D TelephonyProvider: match current APN size:  0
03-06 15:54:13.703  2476  2476 E TelephonyProvider: iccRecords is null
03-06 15:54:13.704  2476  2476 I TelecomFramework: PstnPhoneCapabilitiesNotifier: handleVideoCapabilitesChanged. Video capability - false
03-06 15:54:13.704  2476  2476 E PhoneInterfaceManager: [PhoneIntfMgr] getIccId: No UICC
03-06 15:54:13.708  2026  7117 I Telecom : PhoneAccountRegistrar: Modify account: [ComponentInfo{com.android.phone/com.android.services.telephony.TelephonyConnectionService}, ***, UserHandle{0}]: TSI.rPA@BPQ
03-06 15:54:13.709  2026  7117 I Telecom : CallsManager: handlePhoneAccountChanged: phoneAccount=[[X] PhoneAccount: ComponentInfo{com.android.phone/com.android.services.telephony.TelephonyConnectionService}, ***, UserHandle{0} Capabilities: CallProvider MultiUser PlaceEmerg SimSub  Audio Routes: BESW Schemes: tel voicemail  Extras: Bundle[{android.telecom.extra.SUPPORTS_VIDEO_CALLING_FALLBACK=true}] GroupId: ***]: TSI.rPA@BPQ
03-06 15:54:13.710  2476  2476 D CarrierConfigLoader: mHandler: 0 phoneId: 0
03-06 15:54:13.711  2476  2476 D CarrierConfigLoader: Broadcast CARRIER_CONFIG_CHANGED for phone 0
03-06 15:54:13.711  2476  2476 I VvmSimStateTracker: android.intent.action.SIM_STATE_CHANGED
03-06 15:54:13.712  4330  4330 I Bugle   : Carrier config changed. Reloading MMS config.
03-06 15:54:13.713  2026  7117 D AlarmManagerService: Kernel timezone updated to 0 minutes west of GMT
03-06 15:54:13.713  4113  4113 D CellBroadcastReceiver: onReceive Intent { act=android.telephony.action.CARRIER_CONFIG_CHANGED flg=0x15000010 cmp=com.android.cellbroadcastreceiver/.CellBroadcastReceiver (has extras) }
03-06 15:54:13.713  4113  4113 D CellBroadcastReceiver: initializeSharedPreference
03-06 15:54:13.714  2476  2493 E CarrierInfoManager: Invalid networkOperator: 
03-06 15:54:13.714  6392  6392 I Finsky  : [2] com.google.android.finsky.simhandler.SimStateReceiver.a(6): android.intent.action.SIM_STATE_CHANGED : simState = UNKNOWN
03-06 15:54:13.716  4113  4113 D CellBroadcastReceiver: Default interval 0 did not change.
03-06 15:54:13.716  4113  4113 D CellBroadcastReceiver: Start Cell Broadcast configuration.
03-06 15:54:13.718  2476  2476 I TelecomFramework: : Carrier-config changed, checking for phone account updates.
03-06 15:54:13.720  2026  2026 I Telecom : PhoneAccountRegistrar: getSimCallManager: SimCallManager for subId 1 queried, returning: null: CM.CCCR->CM.UECNT->CM.CCCR->CM.UECNT->CM.CCCR->CM.UECNT->CM.CCCR->CM.UECNT->CM.CCCR->CM.UECNT->CM.CCCR->CM.UECNT->CM.CCCR->CM.UECNT->CM.CCCR->CM.UECNT->CM.CCCR->CM.UECNT->CM.CCCR->CM.UECNT->CM.CCCR->CM.UECNT->CM.CCCR->CM.UECNT->CM.CCCR->CM.UECNT->CM.CCCR->CM.UECNT->CM.CCCR->CM.UECNT->CM.CCCR->CM.UECNT->CM.CCCR->CM.UECNT->CM.CCCR->CM.UECNT->CM.CCCR->CM.UECNT->CM.CCCR->CM.UECNT->CM.CCCR->CM.UECNT->CM.CCCR->CM.UECNT->CM.CCCR->CM.UECNT->CM.CCCR->CM.UECNT->CM.CCCR->CM.UECNT->CM.CCCR->CM.UECNT->CM.CCCR->CM.UECNT->CM.CCCR->CM.UECNT->CM.CCCR->CM.UECNT->CM.CCCR->CM.UECNT->CM.CCCR->CM.UECNT->CM.CCCR->CM.UECNT->CM.CCCR->CM.UECNT->CM.CCCR->CM.UECNT->CM.CCCR->CM.UECNT->CM.CCCR->CM.UECNT->CM.CCCR->CM.UECNT->CM.CCCR->CM.UECNT->CM.CCCR->CM.UECNT->CM.CCCR->CM.UECNT->CM.CCCR->CM.UECNT->CM.CCCR->CM.UECNT->CM.CCCR->CM.UECNT->CM.CCCR->CM.UECNT->CM.CCCR->CM.UECNT->CM.CCCR->CM.UECNT->CM.CCCR->CM.UECNT->CM.CCCR->CM.UECNT->CM.CCCR->CM.UECNT->CM.CCCR->CM.UECNT->CM.CCCR->CM.UECNT->CM.CCCR->CM.UECNT->CM.CCCR->CM.UECNT->CM.CCCR->CM.UECNT->CM.CCCR->CM.UECNT@AD4
03-06 15:54:13.722  2387  7815 I constellation: [sim_state_checker] sim state checker is disabled.
03-06 15:54:13.727  2476  2476 D TelephonyProvider: subIdString = 1 subId = 1
03-06 15:54:13.731  2476  2476 E PhoneInterfaceManager: [PhoneIntfMgr] getIccId: No UICC
03-06 15:54:13.733  2184  2184 V KeyguardUpdateMonitor: onSubscriptionInfoChanged()
03-06 15:54:13.735  6392  6422 I Finsky  : [491] fpw.a(10): onSubscriptionsChanged
03-06 15:54:13.735  6392  6422 I Finsky  : [491] fpt.c(15): notifySubscriptionInfoChangedListener: DataSubscriptionInfo=null
03-06 15:54:13.736  2184  2184 V KeyguardUpdateMonitor: SubInfo:{id=1, iccId=890141032[****] simSlotIndex=0 carrierId=1 displayName=T-Mobile carrierName=No service nameSource=3 iconTint=-16746133 mNumber=[****] dataRoaming=0 iconBitmap=android.graphics.Bitmap@8135786 mcc 310 mnc 260mCountryIso=us isEmbedded false accessRules null cardString=890141032[****] cardId=-1 isOpportunistic false mGroupUUID=null mIsGroupDisabled=false profileClass=-1 ehplmns = null hplmns = null subscriptionType=0 mGroupOwner=null}
03-06 15:54:13.737  2026  2123 E NetworkPolicy: Missing subscriberId for subId 1
03-06 15:54:13.737  2026  2872 I LocationAccessPolicy: Allowing com.google.android.inputmethod.latin fine because it doesn't target API 29 yet. Please fix this app. Called from TelephonyRegistry push
03-06 15:54:13.737  2026  2872 I LocationAccessPolicy: Allowing com.google.android.apps.messaging fine because it doesn't target API 29 yet. Please fix this app. Called from TelephonyRegistry push
03-06 15:54:13.738  2026  2123 W BestClock: java.time.DateTimeException: Missing NTP fix
03-06 15:54:13.738  2026  2123 W BestClock: java.time.DateTimeException: Missing NTP fix
03-06 15:54:13.738  1773  1773 I netd    : bandwidthSetGlobalAlert(2097152) <0.08ms>
03-06 15:54:13.739  2476  2476 D ServiceStateProvider: subId=1
03-06 15:54:13.739  2026  2053 I DropBoxManagerService: add tag=system_server_wtf isTagEnabled=true flags=0x2
03-06 15:54:13.740  2476  2476 D OtaspSimStateReceiver: Received intent: android.telephony.action.CARRIER_CONFIG_CHANGED
03-06 15:54:13.741  4113  4113 D CellBroadcastReceiver: onReceive Intent { act=android.intent.action.SERVICE_STATE flg=0x1000010 cmp=com.android.cellbroadcastreceiver/.CellBroadcastReceiver (has extras) }
03-06 15:54:13.744  2476  2476 D TelephonyProvider: match current APN size:  0
03-06 15:54:13.744  4165  4165 I CarrierServices: [2] ServiceStateReceiver.onReceive: Received SERVICE_STATE intent.
03-06 15:54:13.744  2476  2476 E TelephonyProvider: iccRecords is null
03-06 15:54:13.746  2476  2476 D CallNotifier: updatePhoneStateListeners: update CF notifications.
03-06 15:54:13.746  2476  2476 I NotificationMgr: updateCfi: subId= 1, visible=N
03-06 15:54:13.746  2476  2476 I NotificationMgr: updateMwi(): subId 1 update to false
03-06 15:54:13.746  6392  6392 I Finsky  : [2] pxd.b(7): Jobs in database: 12-1 21-333333333 28--559038737 31-305419896 
03-06 15:54:13.747  6392  6392 I Finsky  : [2] puk.a(113): ConstraintMapping: 12-1, 21-333333333, 28--559038737, 31-305419896,  -> L: 0ms, D: 82580371ms, C: false, I: false, N: 1
03-06 15:54:13.747  2476  2476 I TelecomFramework: : onSubscriptionsChanged - update accounts
03-06 15:54:13.747  2476  2476 I TelecomFramework: PstnIncomingCallNotifier: Unregistering: Handler (com.android.internal.telephony.GsmCdmaPhone) {b312827}
03-06 15:54:13.747  2476  2476 I TelecomFramework: TelecomAccountRegistry: setupAccounts: Found 1 phones.  Attempting to register.
03-06 15:54:13.747  2476  2476 I TelecomFramework: TelecomAccountRegistry: setupAccounts: Phone with subscription id 1
03-06 15:54:13.747  2476  2476 I TelecomFramework: TelecomAccountRegistry: setupAccounts: adding default
03-06 15:54:13.747  2476  2476 E PhoneInterfaceManager: [PhoneIntfMgr] getIccId: No UICC
03-06 15:54:13.749  6392  6392 I Finsky  : [2] com.google.android.finsky.scheduler.JobSchedulerEngine.a(42): Cancelling existing job with id: 9001
03-06 15:54:13.750  6392  6637 I Finsky  : [539] qjn.b(1): SIM removed, prefetching preloads
03-06 15:54:13.750  6392  6392 I Finsky  : [2] com.google.android.finsky.scheduler.JobSchedulerEngine.a(4): Scheduling job Id: 9000, L: 0, D: 82580371, C: false, I: false, N: 1
03-06 15:54:13.750  6392  6428 I Finsky  : [495] qjm.call(2): Prefetching preloads for account null
03-06 15:54:13.750  6392  6428 W Finsky  : [495] cwl.a(19): For unauth, use getDfeApiNonAuthenticated() instead!
03-06 15:54:13.750  6392  6428 I Finsky  : [495] qnu.a(19): No PAI stub found
03-06 15:54:13.751  6392  6428 E Finsky  : [495] qjm.call(31): Error prefetching preloads, using account=null, preloads=NULL, preloadRros=NULL, preloadGroups=NULL
03-06 15:54:13.751  6392  6428 E Finsky  : com.google.android.finsky.setup.fetchers.RawDocumentsFetchException[reason=pai_config, account=null]
03-06 15:54:13.751  6392  6428 E Finsky  : 	at qnu.a(SourceFile:19)
03-06 15:54:13.751  6392  6428 E Finsky  : 	at qjm.call(Unknown Source:2)
03-06 15:54:13.751  6392  6428 E Finsky  : 	at afxg.a(SourceFile:1)
03-06 15:54:13.751  6392  6428 E Finsky  : 	at afwi.run(SourceFile:3)
03-06 15:54:13.751  6392  6428 E Finsky  : 	at afxf.run(SourceFile:2)
03-06 15:54:13.751  6392  6428 E Finsky  : 	at java.util.concurrent.ThreadPoolExecutor.runWorker(ThreadPoolExecutor.java:1167)
03-06 15:54:13.751  6392  6428 E Finsky  : 	at java.util.concurrent.ThreadPoolExecutor$Worker.run(ThreadPoolExecutor.java:641)
03-06 15:54:13.751  6392  6428 E Finsky  : 	at unn.run(Unknown Source:7)
03-06 15:54:13.751  6392  6428 E Finsky  : 	at java.lang.Thread.run(Thread.java:919)
03-06 15:54:13.751  6392  6428 I Finsky  : [495] qjn.a(10): VpaSelectionActivity will be disabled
03-06 15:54:13.752  2026  2872 I Telecom : PhoneAccountRegistrar: Modify account: [ComponentInfo{com.android.phone/com.android.services.telephony.TelephonyConnectionService}, ***, UserHandle{0}]: TSI.rPA@BPU
03-06 15:54:13.752  2026  2872 I Telecom : CallsManager: handlePhoneAccountChanged: phoneAccount=[[X] PhoneAccount: ComponentInfo{com.android.phone/com.android.services.telephony.TelephonyConnectionService}, ***, UserHandle{0} Capabilities: CallProvider MultiUser PlaceEmerg SimSub  Audio Routes: BESW Schemes: tel voicemail  Extras: Bundle[{android.telecom.extra.SUPPORTS_VIDEO_CALLING_FALLBACK=true}] GroupId: ***]: TSI.rPA@BPU
03-06 15:54:13.752  6392  6637 I Finsky  : [539] fpy.a(5): notifySubscriptionInfoChangedListener success.
03-06 15:54:13.752  2476  2476 I TelecomFramework: AccountEntry: Registered phoneAccount: [[ ] PhoneAccount: ComponentInfo{com.android.phone/com.android.services.telephony.TelephonyConnectionService}, ***, UserHandle{0} Capabilities: CallProvider MultiUser PlaceEmerg SimSub  Audio Routes: BESW Schemes: tel voicemail  Extras: Bundle[{android.telecom.extra.SUPPORTS_VIDEO_CALLING_FALLBACK=true}] GroupId: ***] with handle: ComponentInfo{com.android.phone/com.android.services.telephony.TelephonyConnectionService}, ***, UserHandle{0}
03-06 15:54:13.752  2476  2476 I TelecomFramework: PstnIncomingCallNotifier: Registering: Handler (com.android.internal.telephony.GsmCdmaPhone) {b312827}
03-06 15:54:13.753  2476  2476 D MultiSimSettingController: onSubscriptionsChanged
03-06 15:54:13.753  2476  2476 D MultiSimSettingController: updateDefaults
03-06 15:54:13.753  2476  2476 D MultiSimSettingController: [updateDefaultValues] change: 0
03-06 15:54:13.754  2026  2872 D AlarmManagerService: Kernel timezone updated to 0 minutes west of GMT
03-06 15:54:13.755  4330  4542 I BugleDataModel: ParticipantRefresh: Number of participants refreshed: 2
03-06 15:54:13.755  2476  2476 I VvmSimStateTracker: android.telephony.action.CARRIER_CONFIG_CHANGED
03-06 15:54:13.755  2476  2476 I VvmSimStateTracker: Received SIM change for invalid subscription id.
03-06 15:54:13.757  2476  2476 I TelecomFramework: PstnPhoneCapabilitiesNotifier: handleVideoCapabilitesChanged. Video capability - false
03-06 15:54:13.757  2476  2476 E PhoneInterfaceManager: [PhoneIntfMgr] getIccId: No UICC
03-06 15:54:13.760  2026  2377 I Telecom : PhoneAccountRegistrar: Modify account: [ComponentInfo{com.android.phone/com.android.services.telephony.TelephonyConnectionService}, ***, UserHandle{0}]: TSI.rPA@BPg
03-06 15:54:13.761  2026  2377 I Telecom : CallsManager: handlePhoneAccountChanged: phoneAccount=[[X] PhoneAccount: ComponentInfo{com.android.phone/com.android.services.telephony.TelephonyConnectionService}, ***, UserHandle{0} Capabilities: CallProvider MultiUser PlaceEmerg SimSub  Audio Routes: BESW Schemes: tel voicemail  Extras: Bundle[{android.telecom.extra.SUPPORTS_VIDEO_CALLING_FALLBACK=true}] GroupId: ***]: TSI.rPA@BPg
03-06 15:54:13.764  4165  4218 I CarrierServices: [259] CarrierServicesReleaseApp.a: Initialized already, return.
03-06 15:54:13.771  4030  4030 I Dialer  : LegacyVoicemailNotificationReceiver.onReceive - received legacy voicemail notification
03-06 15:54:13.771  4030  4030 I Dialer  : LegacyVoicemailNotificationReceiver.onReceive - isRefresh: true
03-06 15:54:13.771  4030  4030 I Dialer  : LegacyVoicemailNotificationReceiver.onReceive - clearing notification
03-06 15:54:13.771  4030  4030 I Dialer  : LegacyVoicemailNotifier.cancelNotification - enter
03-06 15:54:13.771  4030  4030 I Dialer  : LegacyVoicemailNotifier.cancelNotification - 'null' id, canceling all legacy voicemail notifications
03-06 15:54:13.882  2026  2872 D AlarmManagerService: Kernel timezone updated to 0 minutes west of GMT
03-06 15:54:13.886  2476  4908 D IccSmsInterfaceManager: [IccSmsInterfaceManager] Failed to add GSM cell broadcast channels range 4386 to 4391
03-06 15:54:13.893  2476  4908 D IccSmsInterfaceManager: [IccSmsInterfaceManager] Calling setGsmBroadcastConfig with 1 configurations
03-06 15:54:13.911  2476  2476 D TelephonyProvider: subIdString = 1 subId = 1
03-06 15:54:13.917  2476  2476 E PhoneInterfaceManager: [PhoneIntfMgr] getIccId: ICC ID is null or empty.
03-06 15:54:13.919  2184  2184 V KeyguardUpdateMonitor: onSubscriptionInfoChanged()
03-06 15:54:13.920  2184  2184 V KeyguardUpdateMonitor: SubInfo:{id=1, iccId=890141032[****] simSlotIndex=0 carrierId=1 displayName=T-Mobile carrierName=Android nameSource=3 iconTint=-16746133 mNumber=[****] dataRoaming=0 iconBitmap=android.graphics.Bitmap@c8b4847 mcc 310 mnc 260mCountryIso=us isEmbedded false accessRules null cardString=890141032[****] cardId=-1 isOpportunistic false mGroupUUID=null mIsGroupDisabled=false profileClass=-1 ehplmns = null hplmns = null subscriptionType=0 mGroupOwner=null}
03-06 15:54:13.923  2184  2184 D KeyguardViewMediator: onSimStateChanged(subId=1, slotId=0,state=READY)
03-06 15:54:13.923  2184  2184 D KeyguardViewMediator: READY, reset state? false
03-06 15:54:13.923  2026  2123 E NetworkPolicy: Missing subscriberId for subId 1
03-06 15:54:13.924  2026  2053 I DropBoxManagerService: add tag=system_server_wtf isTagEnabled=true flags=0x2
03-06 15:54:13.925  2026  2377 I LocationAccessPolicy: Allowing com.google.android.inputmethod.latin fine because it doesn't target API 29 yet. Please fix this app. Called from TelephonyRegistry push
03-06 15:54:13.926  2026  2123 W BestClock: java.time.DateTimeException: Missing NTP fix
03-06 15:54:13.926  2026  2123 W BestClock: java.time.DateTimeException: Missing NTP fix
03-06 15:54:13.928  2026  2377 I LocationAccessPolicy: Allowing com.google.android.apps.messaging fine because it doesn't target API 29 yet. Please fix this app. Called from TelephonyRegistry push
03-06 15:54:13.928  1773  1773 I netd    : bandwidthSetGlobalAlert(2097152) <0.05ms>
03-06 15:54:13.934  4330  8274 W Bugle   : BuglePhoneNumberUtils: canonicalizeMccMnc: invalid mccmnc. mcc: null, mnc: null
03-06 15:54:13.935  2476  2490 W System  : A resource failed to call close. 
03-06 15:54:13.936  2476  2490 W System  : A resource failed to call close. 
03-06 15:54:13.936  6392  6423 I Finsky  : [492] fpw.a(10): onSubscriptionsChanged
03-06 15:54:13.936  6392  6423 I Finsky  : [492] fpt.c(15): notifySubscriptionInfoChangedListener: DataSubscriptionInfo=DataSubscriptionInfo{imsiAnonymized=Optional.absent(), imsiRaw=Optional.absent(), groupIdLevel1=Optional.absent(), mccMnc=Optional.absent(), serviceProviderName=Optional.absent()}
03-06 15:54:13.937  4330  8274 W Bugle   : Obsolete carrier config resource: maxMessageSize res: 1048576, sys: 307200
03-06 15:54:13.937  4330  8274 W Bugle   : Obsolete carrier config resource: maxImageHeight res: 1944, sys: 480
03-06 15:54:13.937  4330  8274 W Bugle   : Obsolete carrier config resource: maxImageWidth res: 2592, sys: 640
03-06 15:54:13.938  4330  8274 I Bugle   : Carrier configs loaded: Bundle[{carrier_volte_provisioned_bool=false, disable_charge_indication_bool=false, support_tdscdma_bool=false, httpSocketTimeout=60000, call_redirection_service_component_name_string=null, carrier_wfc_supports_wifi_only_bool=false, carrier_default_actions_on_default_network_available_string_array=[false: 7, true: 8], operator_selection_expand_bool=true, disable_cdma_activation_code_bool=false, simplified_network_settings_bool=false, support_tdscdma_roaming_networks_string_array=null, gps.lpp_profile=0, call_barring_visibility_bool=false, gps.es_extension_sec=0, enable_apps_string_array=null, carrier_default_wfc_ims_roaming_enabled_bool=false, cdma_nonroaming_networks_string_array=null, aliasMinChars=2, wfc_data_spn_format_idx_int=0, hide_sim_lock_settings_bool=false, drop_video_call_when_answering_audio_call_bool=false, ci_action_on_sys_update_bool=false, convert_cdma_caller_id_mmi_codes_while_roaming_on_3gpp_bool=false, support_enhanced_call_blocking_bool=true, vvm_port_number_int=0, carrier_default_wfc_ims_enabled_bool=false, dial_string_replace_string_array=null, opportunistic_network_entry_threshold_bandwidth_int=1024, gsm_nonroaming_networks_string_array=null, hide_ims_apn_bool=false, vvm_destination_number_string=, dtmf_type_enabled_bool=false, allow_video_calling_fallback_bool=true, config_ims_package_override_string=null, only_auto_select_in_home_network=false, smsToMmsTextThreshold=-1, disable_severe_when_extreme_disabled_bool=true, force_home_network_bool=false, spdi_override_string_array=null, show_wfc_location_privacy_policy_bool=false, gps.supl_es=1, enableSMSDeliveryReports=true, auto_retry_enabled_bool=false, opportunistic_network_entry_threshold_rssnr_int=45, play_call_recording_tone_bool=false, carrier_force_disable_etws_cmas_test_bool=false, call_waiting_service_class_int=1, allow_emergency_video_calls_bool=false, csp_enabled_bool=false, default_sim_call_manager_string=, wifi.passpoint_profiles_string_array=null, carrier_app_required_during_setup_bool=false, call_forwarding_blocks_while_roaming_string_array=null, emergency_notification_delay_int=-1, support_video_conference_call_bool=false, ims_dtmf_tone_delay_int=0, show_signal_strength_in_sim_status_bool=true, data_rapid_notification_bool=true, carrier_instant_lettering_escaped_chars_string=, carrier_default_wfc_ims_roaming_mode_int=2, editable_wfc_mode_bool=true, support_direct_fdn_dialing_bool=false, carrier_ut_provisioning_required_bool=false, carrier_wifi_string_array=null, treat_downgraded_video_calls_as_video_calls_bool=false, wifi_calls_can_be_hd_audio=true, support_downgrade_vt_to_audio_bool=true, cdma_enhanced_roaming_indicator_for_home_network_int_array=[1], notify_handover_video_from_lte_to_wifi_bool=false, use_otasp_for_provisioning_bool=false, always_play_remote_hold_tone_bool=false, opportunistic_network_data_switch_hysteresis_time_long=10000, maxMessageTextSize=-1, duration_blocking_disabled_after_emergency_int=7200, carrier_metered_roaming_apn_types_strings=[default, mms, dun, supl], additional_settings_call_waiting_visibility_bool=true, show_video_call_charges_alert_dialog_bool=false, carrier_network_service_wlan_package_override_string=, show_apn_setting_cdma_bool=false, use_usim_bool=false, carrier_instant_lettering_length_limit_int=64, operator_name_filter_pattern_string=, carrier_instant_lettering_invalid_chars_string=, carrier_setup_app_string=, editable_wfc_roaming_mode_bool=false, supportMmsContentDisposition=true, support_manage_ims_conference_call_bool=true, opportunistic_network_exit_threshold_rssnr_int=10, allow_non_emergency_calls_in_ecm_bool=true, allow_cdma_eri_bool=false, carrier_data_service_wlan_package_override_string=, show_carrier_data_icon_pattern_string=, use_rcs_presence_bool=false, config_telephony_use_own_number_for_voicemail_bool=false, cdma_dtmf_tone_delay_int=100, editable_voicemail_number_bool=false, carrier_data_call_apn_retry_after_disconnect_long=10000, filtered_cnap_names_string_array=null, enabledTransID=false, aliasEnabled=false, vvm_disabl
03-06 15:54:13.939  4113  4113 D CellBroadcastReceiver: onReceive Intent { act=android.intent.action.SERVICE_STATE flg=0x1000010 cmp=com.android.cellbroadcastreceiver/.CellBroadcastReceiver (has extras) }
03-06 15:54:13.940  2476  2476 D ServiceStateProvider: subId=1
03-06 15:54:13.945  4165  4165 I CarrierServices: [2] ServiceStateReceiver.onReceive: Received SERVICE_STATE intent.
03-06 15:54:13.949  6392  6392 I Finsky  : [2] pxd.b(7): Jobs in database: 12-1 21-333333333 28--559038737 31-305419896 
03-06 15:54:13.949  6392  6637 I Finsky  : [539] qjn.b(1): SIM loaded, prefetching preloads
03-06 15:54:13.949  6392  6392 I Finsky  : [2] puk.a(113): ConstraintMapping: 12-1, 21-333333333, 28--559038737, 31-305419896,  -> L: 0ms, D: 82580169ms, C: false, I: false, N: 1
03-06 15:54:13.949  6392  6428 I Finsky  : [495] qjm.call(2): Prefetching preloads for account null
03-06 15:54:13.949  6392  6428 W Finsky  : [495] cwl.a(19): For unauth, use getDfeApiNonAuthenticated() instead!
03-06 15:54:13.950  6392  6392 I Finsky  : [2] com.google.android.finsky.scheduler.JobSchedulerEngine.a(42): Cancelling existing job with id: 9000
03-06 15:54:13.951  6392  6428 I Finsky  : [495] qnu.a(19): No PAI stub found
03-06 15:54:13.951  6392  6392 I Finsky  : [2] com.google.android.finsky.scheduler.JobSchedulerEngine.a(4): Scheduling job Id: 9001, L: 0, D: 82580169, C: false, I: false, N: 1
03-06 15:54:13.951  6392  6428 E Finsky  : [495] qjm.call(31): Error prefetching preloads, using account=null, preloads=NULL, preloadRros=NULL, preloadGroups=NULL
03-06 15:54:13.951  6392  6428 E Finsky  : com.google.android.finsky.setup.fetchers.RawDocumentsFetchException[reason=pai_config, account=null]
03-06 15:54:13.951  6392  6428 E Finsky  : 	at qnu.a(SourceFile:19)
03-06 15:54:13.951  6392  6428 E Finsky  : 	at qjm.call(Unknown Source:2)
03-06 15:54:13.951  6392  6428 E Finsky  : 	at afxg.a(SourceFile:1)
03-06 15:54:13.951  6392  6428 E Finsky  : 	at afwi.run(SourceFile:3)
03-06 15:54:13.951  6392  6428 E Finsky  : 	at afxf.run(SourceFile:2)
03-06 15:54:13.951  6392  6428 E Finsky  : 	at java.util.concurrent.ThreadPoolExecutor.runWorker(ThreadPoolExecutor.java:1167)
03-06 15:54:13.951  6392  6428 E Finsky  : 	at java.util.concurrent.ThreadPoolExecutor$Worker.run(ThreadPoolExecutor.java:641)
03-06 15:54:13.951  6392  6428 E Finsky  : 	at unn.run(Unknown Source:7)
03-06 15:54:13.951  6392  6428 E Finsky  : 	at java.lang.Thread.run(Thread.java:919)
03-06 15:54:13.951  6392  6428 I Finsky  : [495] qjn.a(10): VpaSelectionActivity will be disabled
03-06 15:54:13.951  6392  6428 I Finsky  : [495] qoh.a(3): PAI late SIM : experiment enabled = false
03-06 15:54:13.953  6392  6637 I Finsky  : [539] fpy.a(5): notifySubscriptionInfoChangedListener success.
03-06 15:54:13.966  2476  4908 D IccSmsInterfaceManager: [IccSmsInterfaceManager] Failed to add GSM cell broadcast channels range 4379 to 4379
03-06 15:54:13.967  2476  4908 D IccSmsInterfaceManager: [IccSmsInterfaceManager] Calling setCdmaBroadcastConfig with 1 configurations
03-06 15:54:13.982  2476  2476 D IntentBroadcaster: Broadcasting and adding intent for rebroadcast: android.intent.action.SIM_STATE_CHANGED READY for slotId 0
03-06 15:54:13.982  2184  2184 V KeyguardUpdateMonitor: action android.intent.action.SIM_STATE_CHANGED state: READY slotId: 0 subid: 1
03-06 15:54:13.982  2184  2184 D KeyguardUpdateMonitor: handleSimStateChange(subId=1, slotId=0, state=READY)
03-06 15:54:13.983  2803  2803 I rcs     : [PresencePublication] onReceive intent=Intent { act=android.intent.action.SIM_STATE_CHANGED flg=0x5000010 (has extras) }
03-06 15:54:13.983  2803  2803 I rcs     : [PresencePublication] ACTION_SIM_STATE_CHANGED INTENT_KEY_ICC_STATE=READY
03-06 15:54:13.983  2803  2803 I rcs     : [RcsService] onReceive intent=Intent { act=android.intent.action.SIM_STATE_CHANGED flg=0x5000010 (has extras) }
03-06 15:54:13.993  2476  2476 D CallNotifier: updatePhoneStateListeners: update CF notifications.
03-06 15:54:13.993  2476  2476 I NotificationMgr: updateCfi: subId= 1, visible=N
03-06 15:54:13.994  2476  2476 I NotificationMgr: updateMwi(): subId 1 update to false
03-06 15:54:13.996  2476  2476 I TelecomFramework: : onSubscriptionsChanged - update accounts
03-06 15:54:13.996  2476  2476 I TelecomFramework: PstnIncomingCallNotifier: Unregistering: Handler (com.android.internal.telephony.GsmCdmaPhone) {b312827}
03-06 15:54:13.996  2476  2476 I TelecomFramework: TelecomAccountRegistry: setupAccounts: Found 1 phones.  Attempting to register.
03-06 15:54:13.996  2476  2476 I TelecomFramework: TelecomAccountRegistry: setupAccounts: Phone with subscription id 1
03-06 15:54:13.996  2476  2476 I TelecomFramework: TelecomAccountRegistry: setupAccounts: adding default
03-06 15:54:13.997  2476  2476 E PhoneInterfaceManager: [PhoneIntfMgr] getIccId: ICC ID is null or empty.
03-06 15:54:13.997  4030  4030 I Dialer  : LegacyVoicemailNotificationReceiver.onReceive - received legacy voicemail notification
03-06 15:54:13.997  4030  4030 I Dialer  : LegacyVoicemailNotificationReceiver.onReceive - isRefresh: true
03-06 15:54:13.997  4030  4030 I Dialer  : LegacyVoicemailNotificationReceiver.onReceive - clearing notification
03-06 15:54:13.997  4030  4030 I Dialer  : LegacyVoicemailNotifier.cancelNotification - enter
03-06 15:54:13.997  4030  4030 I Dialer  : LegacyVoicemailNotifier.cancelNotification - 'null' id, canceling all legacy voicemail notifications
03-06 15:54:14.005  2026  2377 I Telecom : PhoneAccountRegistrar: Modify account: [ComponentInfo{com.android.phone/com.android.services.telephony.TelephonyConnectionService}, ***, UserHandle{0}]: TSI.rPA@BPk
03-06 15:54:14.006  2026  2377 I Telecom : CallsManager: handlePhoneAccountChanged: phoneAccount=[[X] PhoneAccount: ComponentInfo{com.android.phone/com.android.services.telephony.TelephonyConnectionService}, ***, UserHandle{0} Capabilities: CallProvider MultiUser PlaceEmerg SimSub  Audio Routes: BESW Schemes: tel voicemail  Extras: Bundle[{android.telecom.extra.SUPPORTS_VIDEO_CALLING_FALLBACK=true}] GroupId: ***]: TSI.rPA@BPk
