--------- beginning of main
03-06 15:53:51.035  1791  2388 E GnssHAL_GnssInterface: gnssSvStatusCb: a: input svInfo.flags is 8
03-06 15:53:51.035  1791  2388 E GnssHAL_GnssInterface: gnssSvStatusCb: b: input svInfo.flags is 8
03-06 15:53:51.285  2476  2476 W ServiceManagement: Waited one second for android.hardware.radio@1.0::IRadio/slot1
03-06 15:53:51.285  2476  2476 I ServiceManagement: getService: Trying again for android.hardware.radio@1.0::IRadio/slot1...
03-06 15:53:52.035  1791  2388 E GnssHAL_GnssInterface: gnssSvStatusCb: a: input svInfo.flags is 8
03-06 15:53:52.035  1791  2388 E GnssHAL_GnssInterface: gnssSvStatusCb: b: input svInfo.flags is 8
03-06 15:53:52.287  2476  2476 W ServiceManagement: Waited one second for android.hardware.radio@1.0::IRadio/slot1
03-06 15:53:52.287  2476  2476 I ServiceManagement: getService: Trying again for android.hardware.radio@1.0::IRadio/slot1...
03-06 15:53:53.036  1791  2388 E GnssHAL_GnssInterface: gnssSvStatusCb: a: input svInfo.flags is 8
03-06 15:53:53.036  1791  2388 E GnssHAL_GnssInterface: gnssSvStatusCb: b: input svInfo.flags is 8
--------- beginning of system
03-06 15:53:53.168  2026  2873 I ActivityTaskManager: START u0 {act=android.intent.action.MAIN cat=[android.intent.category.LAUNCHER] flg=0x10000000 cmp=ru.iteco.fmhandroid.test/androidx.test.core.app.InstrumentationActivityInvoker$EmptyActivity} from uid 10134
03-06 15:53:53.172  7200  7200 D LifecycleMonitor: Lifecycle status change: ru.iteco.fmhandroid.ui.AppActivity@d73788a in: PAUSED
03-06 15:53:53.172  7200  7200 V ActivityScenario: Activity lifecycle changed event received but ignored because the reported transition was not ON_CREATE while the last known transition was DESTROYED
03-06 15:53:53.172  2026  2048 E system_server: Invalid ID 0x00000000.
03-06 15:53:53.172  7200  7200 V ActivityScenario: Update currentActivityStage to PAUSED, currentActivity=ru.iteco.fmhandroid.ui.AppActivity@d73788a
03-06 15:53:53.173  2026  2873 W InputReader: Device has associated, but no associated display id.
03-06 15:53:53.175  2026  2873 I chatty  : uid=1000(system) Binder:2026_F identical 48 lines
03-06 15:53:53.175  2026  2873 W InputReader: Device has associated, but no associated display id.
03-06 15:53:53.177  7353  7353 W ActivityThread: handleWindowVisibility: no activity for token android.os.BinderProxy@f15222f
03-06 15:53:53.201  1792  1969 D gralloc_ranchu: gralloc_alloc: Creating ashmem region of size 9592832
03-06 15:53:53.252  1792  1969 I chatty  : uid=1000(system) HwBinder:1792_2 identical 1 line
03-06 15:53:53.284  1792  1969 D gralloc_ranchu: gralloc_alloc: Creating ashmem region of size 9592832
03-06 15:53:53.289  2476  2476 W ServiceManagement: Waited one second for android.hardware.radio@1.0::IRadio/slot1
03-06 15:53:53.289  2476  2476 I ServiceManagement: getService: Trying again for android.hardware.radio@1.0::IRadio/slot1...
03-06 15:53:53.305  7353  7385 D EGL_emulation: eglMakeCurrent: 0xdb9591c0: ver 2 0 (tinfo 0xf2089d00)
03-06 15:53:53.311  1792  1969 D gralloc_ranchu: gralloc_alloc: Creating ashmem region of size 9592832
03-06 15:53:53.317  2026  2048 W InputReader: Device has associated, but no associated display id.
03-06 15:53:53.317  2026  2048 I chatty  : uid=1000(system) android.anim identical 18 lines
03-06 15:53:53.317  2026  2048 W InputReader: Device has associated, but no associated display id.
03-06 15:53:53.319  1792  3032 D gralloc_ranchu: gralloc_alloc: Creating ashmem region of size 6139904
03-06 15:53:53.364  7200  7276 D EGL_emulation: eglMakeCurrent: 0xdee1ae40: ver 2 0 (tinfo 0xc2e69120)
03-06 15:53:53.371  1792  1969 D gralloc_ranchu: gralloc_alloc: Creating ashmem region of size 9592832
03-06 15:53:53.373  2026  4785 W InputReader: Device has associated, but no associated display id.
03-06 15:53:53.373  2026  4785 I chatty  : uid=1000(system) Binder:2026_1C identical 8 lines
03-06 15:53:53.373  2026  4785 W InputReader: Device has associated, but no associated display id.
03-06 15:53:53.375  2026  2052 I ActivityTaskManager: Displayed ru.iteco.fmhandroid.test/androidx.test.core.app.InstrumentationActivityInvoker$EmptyActivity: +207ms
03-06 15:53:53.388  2026  3208 W InputReader: Device has associated, but no associated display id.
03-06 15:53:53.388  2026  3208 I chatty  : uid=1000(system) Binder:2026_11 identical 8 lines
03-06 15:53:53.388  2026  3208 W InputReader: Device has associated, but no associated display id.
03-06 15:53:53.400  7200  7200 D LifecycleMonitor: Lifecycle status change: ru.iteco.fmhandroid.ui.AppActivity@d73788a in: STOPPED
03-06 15:53:53.400  7200  7200 V ActivityScenario: Activity lifecycle changed event received but ignored because the reported transition was not ON_CREATE while the last known transition was DESTROYED
03-06 15:53:53.400  7200  7200 V ActivityScenario: Update currentActivityStage to STOPPED, currentActivity=ru.iteco.fmhandroid.ui.AppActivity@d73788a
03-06 15:53:53.411  1792  1969 D gralloc_ranchu: gralloc_alloc: Creating ashmem region of size 9592832
03-06 15:53:53.415  7200  7200 D LifecycleMonitor: Lifecycle status change: ru.iteco.fmhandroid.ui.AppActivity@d73788a in: DESTROYED
03-06 15:53:53.415  7200  7200 V ActivityScenario: Activity lifecycle changed event received but ignored because the reported transition was not ON_CREATE while the last known transition was DESTROYED
03-06 15:53:53.415  7200  7200 V ActivityScenario: Update currentActivityStage to DESTROYED, currentActivity=null
03-06 15:53:53.428  1792  3032 D gralloc_ranchu: gralloc_alloc: Creating ashmem region of size 9592832
03-06 15:53:53.432  2026  2026 W ActivityManager: Unable to start service Intent { act=android.service.appprediction.AppPredictionService cmp=com.google.android.as/com.google.android.apps.miphone.aiai.app.AiAiPredictionService } U=0: not found
03-06 15:53:53.432  2026  2026 W RemoteAppPredictionService: could not bind to Intent { act=android.service.appprediction.AppPredictionService cmp=com.google.android.as/com.google.android.apps.miphone.aiai.app.AiAiPredictionService } using flags 67108865
03-06 15:53:53.434  2634  2648 I s.nexuslaunche: NativeAlloc concurrent copying GC freed 6499(519KB) AllocSpace objects, 8(704KB) LOS objects, 49% free, 2828KB/5656KB, paused 8.851ms total 50.300ms
03-06 15:53:53.463  1792  3032 D gralloc_ranchu: gralloc_alloc: Creating ashmem region of size 9592832
03-06 15:53:53.473  2890  3240 D EGL_emulation: eglMakeCurrent: 0xdee1c2e0: ver 2 0 (tinfo 0xc1d14460)
03-06 15:53:53.474  1792  1969 D gralloc_ranchu: gralloc_alloc: Creating ashmem region of size 9592832
03-06 15:53:53.504  1792  1969 D gralloc_ranchu: gralloc_alloc: Creating ashmem region of size 9592832
03-06 15:53:53.527  1792  3032 D gralloc_ranchu: gralloc_alloc: Creating ashmem region of size 9592832
03-06 15:53:53.530  2634  3076 D EGL_emulation: eglMakeCurrent: 0xdee1a120: ver 2 0 (tinfo 0xdee0f3f0)
03-06 15:53:53.534  2890  2890 W ThreadPoolDumper: Queue length for executor EventBus is now 11. Perhaps some tasks are too long, or the pool is too small.
03-06 15:53:53.544  2890  3121 W SessionLifecycleManager: Handover failed. Creating new session controller.
03-06 15:53:53.546  1792  3032 D gralloc_ranchu: gralloc_alloc: Creating ashmem region of size 9592832
03-06 15:53:53.549  2026  2048 W InputReader: Device has associated, but no associated display id.
03-06 15:53:53.549  2026  2048 I chatty  : uid=1000(system) android.anim identical 8 lines
03-06 15:53:53.549  2026  2048 W InputReader: Device has associated, but no associated display id.
03-06 15:53:53.550  1792  1969 D gralloc_ranchu: gralloc_alloc: Creating ashmem region of size 6139904
03-06 15:53:53.564  2026  2038 I system_server: NativeAlloc concurrent copying GC freed 32252(1828KB) AllocSpace objects, 23(1680KB) LOS objects, 35% free, 11MB/17MB, paused 340us total 126.994ms
03-06 15:53:53.573  8530  8530 I ServiceManagement: Registered android.hardware.radio@1.1::IRadio/slot1 (start delay of 51ms)
03-06 15:53:53.575  8530  8530 I ServiceManagement: Registered android.hardware.radio.deprecated@1.0::IOemHook/slot1 (start delay of 53ms)
03-06 15:53:53.579  2476  2476 I android_os_HwBinder: HwBinder: Starting thread pool for getting: android.hardware.radio@1.0::IRadio/slot1
03-06 15:53:53.585  1676  1676 I hwservicemanager: getTransport: Cannot find entry android.hardware.radio.deprecated@1.0::IOemHook/slot1 in either framework or device manifest.
03-06 15:53:53.591  2634  2650 W System  : A resource failed to call release. 
03-06 15:53:53.592  2634  2650 W System  : A resource failed to call release. 
03-06 15:53:53.595  2476  2476 D TelephonyProvider: subIdString = 1 subId = 1
03-06 15:53:53.601  7200  7213 I teco.fmhandroi: NativeAlloc concurrent copying GC freed 79453(3362KB) AllocSpace objects, 12(432KB) LOS objects, 47% free, 6847KB/12MB, paused 532us total 109.839ms
03-06 15:53:53.609  2184  2184 V KeyguardUpdateMonitor: onSubscriptionInfoChanged()
03-06 15:53:53.610  2184  2184 V KeyguardUpdateMonitor: SubInfo:{id=1, iccId=890141032[****] simSlotIndex=0 carrierId=1 displayName=T-Mobile carrierName=No service nameSource=3 iconTint=-16746133 mNumber=[****] dataRoaming=0 iconBitmap=android.graphics.Bitmap@7ad016d mcc 310 mnc 260mCountryIso=us isEmbedded false accessRules null cardString=890141032[****] cardId=-1 isOpportunistic false mGroupUUID=null mIsGroupDisabled=false profileClass=-1 ehplmns = null hplmns = null subscriptionType=0 mGroupOwner=null}
03-06 15:53:53.613  2026  2123 W BestClock: java.time.DateTimeException: Missing NTP fix
03-06 15:53:53.615  2026  2123 W BestClock: java.time.DateTimeException: Missing NTP fix
03-06 15:53:53.615  1773  1773 I netd    : bandwidthSetGlobalAlert(2097152) <0.06ms>
03-06 15:53:53.620  2026  4785 D AlarmManagerService: Kernel timezone updated to 0 minutes west of GMT
03-06 15:53:53.622  2890  3206 W LocationOracle: No location history returned by ContextManager
03-06 15:53:53.624  4330  8274 W Bugle   : BuglePhoneNumberUtils: canonicalizeMccMnc: invalid mccmnc. mcc: null, mnc: null
03-06 15:53:53.624  2026  2026 D ConditionProviders.SCP: onReceive android.intent.action.TIMEZONE_CHANGED
03-06 15:53:53.625  2026  2026 D ConditionProviders.SCP: evaluateSubscriptionLocked cal=ScheduleCalendar[mDays={1, 2, 3, 4, 5, 6, 7}, mSchedule=ScheduleInfo{days=[1, 2, 3, 4, 5, 6, 7], startHour=22, startMinute=0, endHour=7, endMinute=0, exitAtAlarm=true, nextAlarm=Thu Jan 01 00:00:00 GMT 1970 (0)}], now=Wed Mar 06 20:53:53 GMT 2024 (1709758433625), nextUserAlarmTime=Thu Jan 01 00:00:00 GMT 1970 (0)
03-06 15:53:53.625  2026  2026 D ConditionProviders.SCP: notifyCondition condition://android/schedule?days=1.2.3.4.5.6.7&start=22.0&end=7.0&exitAtAlarm=true STATE_FALSE reason=!meetsSchedule
03-06 15:53:53.626  2026  2026 D ConditionProviders.SCP: Scheduling evaluate for Wed Mar 06 22:00:00 GMT 2024 (1709762400000), in +1h6m6s375ms, now=Wed Mar 06 20:53:53 GMT 2024 (1709758433625)
03-06 15:53:53.632  4330  8274 W Bugle   : Obsolete carrier config resource: maxMessageSize res: 1048576, sys: 307200
03-06 15:53:53.632  4330  8274 W Bugle   : Obsolete carrier config resource: maxImageHeight res: 1944, sys: 480
03-06 15:53:53.632  4330  8274 W Bugle   : Obsolete carrier config resource: maxImageWidth res: 2592, sys: 640
03-06 15:53:53.632  4330  8274 I Bugle   : Carrier configs loaded: Bundle[{carrier_volte_provisioned_bool=false, disable_charge_indication_bool=false, support_tdscdma_bool=false, httpSocketTimeout=60000, call_redirection_service_component_name_string=null, carrier_wfc_supports_wifi_only_bool=false, carrier_default_actions_on_default_network_available_string_array=[false: 7, true: 8], operator_selection_expand_bool=true, disable_cdma_activation_code_bool=false, simplified_network_settings_bool=false, support_tdscdma_roaming_networks_string_array=null, gps.lpp_profile=0, call_barring_visibility_bool=false, gps.es_extension_sec=0, enable_apps_string_array=null, carrier_default_wfc_ims_roaming_enabled_bool=false, cdma_nonroaming_networks_string_array=null, aliasMinChars=2, wfc_data_spn_format_idx_int=0, hide_sim_lock_settings_bool=false, drop_video_call_when_answering_audio_call_bool=false, ci_action_on_sys_update_bool=false, convert_cdma_caller_id_mmi_codes_while_roaming_on_3gpp_bool=false, support_enhanced_call_blocking_bool=true, vvm_port_number_int=0, carrier_default_wfc_ims_enabled_bool=false, dial_string_replace_string_array=null, opportunistic_network_entry_threshold_bandwidth_int=1024, gsm_nonroaming_networks_string_array=null, hide_ims_apn_bool=false, vvm_destination_number_string=, dtmf_type_enabled_bool=false, allow_video_calling_fallback_bool=true, config_ims_package_override_string=null, only_auto_select_in_home_network=false, smsToMmsTextThreshold=-1, disable_severe_when_extreme_disabled_bool=true, force_home_network_bool=false, spdi_override_string_array=null, show_wfc_location_privacy_policy_bool=false, gps.supl_es=1, enableSMSDeliveryReports=true, auto_retry_enabled_bool=false, opportunistic_network_entry_threshold_rssnr_int=45, play_call_recording_tone_bool=false, carrier_force_disable_etws_cmas_test_bool=false, call_waiting_service_class_int=1, allow_emergency_video_calls_bool=false, csp_enabled_bool=false, default_sim_call_manager_string=, wifi.passpoint_profiles_string_array=null, carrier_app_required_during_setup_bool=false, call_forwarding_blocks_while_roaming_string_array=null, emergency_notification_delay_int=-1, support_video_conference_call_bool=false, ims_dtmf_tone_delay_int=0, show_signal_strength_in_sim_status_bool=true, data_rapid_notification_bool=true, carrier_instant_lettering_escaped_chars_string=, carrier_default_wfc_ims_roaming_mode_int=2, editable_wfc_mode_bool=true, support_direct_fdn_dialing_bool=false, carrier_ut_provisioning_required_bool=false, carrier_wifi_string_array=null, treat_downgraded_video_calls_as_video_calls_bool=false, wifi_calls_can_be_hd_audio=true, support_downgrade_vt_to_audio_bool=true, cdma_enhanced_roaming_indicator_for_home_network_int_array=[1], notify_handover_video_from_lte_to_wifi_bool=false, use_otasp_for_provisioning_bool=false, always_play_remote_hold_tone_bool=false, opportunistic_network_data_switch_hysteresis_time_long=10000, maxMessageTextSize=-1, duration_blocking_disabled_after_emergency_int=7200, carrier_metered_roaming_apn_types_strings=[default, mms, dun, supl], additional_settings_call_waiting_visibility_bool=true, show_video_call_charges_alert_dialog_bool=false, carrier_network_service_wlan_package_override_string=, show_apn_setting_cdma_bool=false, use_usim_bool=false, carrier_instant_lettering_length_limit_int=64, operator_name_filter_pattern_string=, carrier_instant_lettering_invalid_chars_string=, carrier_setup_app_string=, editable_wfc_roaming_mode_bool=false, supportMmsContentDisposition=true, support_manage_ims_conference_call_bool=true, opportunistic_network_exit_threshold_rssnr_int=10, allow_non_emergency_calls_in_ecm_bool=true, allow_cdma_eri_bool=false, carrier_data_service_wlan_package_override_string=, show_carrier_data_icon_pattern_string=, use_rcs_presence_bool=false, config_telephony_use_own_number_for_voicemail_bool=false, cdma_dtmf_tone_delay_int=100, editable_voicemail_number_bool=false, carrier_data_call_apn_retry_after_disconnect_long=10000, filtered_cnap_names_string_array=null, enabledTransID=false, aliasEnabled=false, vvm_disabl
03-06 15:53:53.633  2026  2871 I LocationAccessPolicy: Allowing com.google.android.inputmethod.latin fine because it doesn't target API 29 yet. Please fix this app. Called from TelephonyRegistry push
03-06 15:53:53.635  2026  2871 I LocationAccessPolicy: Allowing com.google.android.apps.messaging fine because it doesn't target API 29 yet. Please fix this app. Called from TelephonyRegistry push
03-06 15:53:53.643  2164  3051 W GCoreFlp: No location to return for getLastLocation()
03-06 15:53:53.648  2476  2476 D ServiceStateProvider: subId=1
03-06 15:53:53.660  5804  5804 I AlarmClock: AlarmInitReceiver android.intent.action.TIMEZONE_CHANGED
03-06 15:53:53.661  5804  8154 I AlarmClock: Connected Dock: null
03-06 15:53:53.667  2476  2488 I m.android.phon: Background young concurrent copying GC freed 9167(1418KB) AllocSpace objects, 0(0B) LOS objects, 28% free, 3668KB/5118KB, paused 6.568ms total 33.530ms
03-06 15:53:53.669  2890  3121 I MicroDetectionWorker: #startMicroDetector [speakerMode: 0]
03-06 15:53:53.672  5804  8154 I AlarmClock: Removing AlarmClockInfo
03-06 15:53:53.675  5804  5804 I AlarmClock: DigitalAppWidgetProvider processing Intent { act=android.intent.action.TIMEZONE_CHANGED flg=0x21200010 cmp=com.google.android.deskclock/com.android.alarmclock.DigitalAppWidgetProvider (has extras) }
03-06 15:53:53.675  2890  3121 I AudioController: Created new AudioSource
03-06 15:53:53.676  2890  3121 I MicroDetectionWorker: onReady
03-06 15:53:53.680  2184  2197 I ndroid.systemu: NativeAlloc concurrent copying GC freed 1341(140KB) AllocSpace objects, 0(0B) LOS objects, 49% free, 5579KB/10MB, paused 287us total 106.322ms
03-06 15:53:53.680  2890  7559 I MicroRecognitionRunner: Starting detection.
03-06 15:53:53.680  2890  7559 I MultipleReaderAudioSrc: Using micInputStream
03-06 15:53:53.681  2890  3565 I MicrophoneInputStream: mic_starting  SR : 16000 CC : 16 SO : 1999
03-06 15:53:53.685  2026  2873 W AppOps  : Noting op not finished: uid 10099 pkg com.google.android.gms code 79 time=1709758422119 duration=-1709758167878
03-06 15:53:53.687  1803  8543 I AudioFlinger: AudioFlinger's thread 0xe2918640 tid=8543 ready to run
03-06 15:53:53.689  2026  7117 W AppOps  : Noting op not finished: uid 10099 pkg com.google.android.gms code 79 time=1709758433685 duration=0
03-06 15:53:53.697  2026  3208 I AudioService.RecordingActivityMonitor: rec update riid:119 uid:10105 session:105 src:HOTWORD pack:com.google.android.googlequicksearchbox
03-06 15:53:53.697  2890  3565 I MicrophoneInputStream: mic_started  SR : 16000 CC : 16 SO : 1999
03-06 15:53:53.700  2476  3541 D IccSmsInterfaceManager: [IccSmsInterfaceManager] Failed to add GSM cell broadcast channels range 4356 to 4356
03-06 15:53:53.707  2476  3541 D IccSmsInterfaceManager: [IccSmsInterfaceManager] Failed to remove GSM cell broadcast channels range 4355 to 4355
03-06 15:53:53.712  2476  3541 D IccSmsInterfaceManager: [IccSmsInterfaceManager] Calling setGsmBroadcastConfig with 1 configurations
03-06 15:53:53.720  2476  2476 I TelecomFramework: : onSubscriptionsChanged - update accounts
03-06 15:53:53.720  2476  2476 I TelecomFramework: PstnIncomingCallNotifier: Unregistering: Handler (com.android.internal.telephony.GsmCdmaPhone) {b312827}
03-06 15:53:53.720  2476  2476 I TelecomFramework: TelecomAccountRegistry: setupAccounts: Found 1 phones.  Attempting to register.
03-06 15:53:53.720  2476  2476 I TelecomFramework: TelecomAccountRegistry: setupAccounts: Phone with subscription id 1
03-06 15:53:53.720  2476  2476 I TelecomFramework: TelecomAccountRegistry: setupAccounts: adding default
03-06 15:53:53.721  2476  2476 E PhoneInterfaceManager: [PhoneIntfMgr] getIccId: No UICC
03-06 15:53:53.729  2890  7559 W SpeechLevelGenerator: Really low audio levels detected. The audio input may have issues.
03-06 15:53:53.730  2890  3121 I MicroDetectionWorker: onReady
03-06 15:53:53.730  4113  4113 D CellBroadcastReceiver: onReceive Intent { act=android.intent.action.SERVICE_STATE flg=0x1000010 cmp=com.android.cellbroadcastreceiver/.CellBroadcastReceiver (has extras) }
03-06 15:53:53.734  2026  2871 I Telecom : PhoneAccountRegistrar: New phone account registered: [[ ] PhoneAccount: ComponentInfo{com.android.phone/com.android.services.telephony.TelephonyConnectionService}, ***, UserHandle{0} Capabilities: CallProvider MultiUser PlaceEmerg SimSub  Audio Routes: BESW Schemes: tel voicemail  Extras: Bundle[{android.telecom.extra.SUPPORTS_VIDEO_CALLING_FALLBACK=true}] GroupId: ***]: TSI.rPA@BJE
03-06 15:53:53.735  2026  2871 I Telecom : CallsManager: Sending phone-account ComponentInfo{com.android.phone/com.android.services.telephony.TelephonyConnectionService}, ***, UserHandle{0} registered intent as user: TSI.rPA@BJE
03-06 15:53:53.735  2026  2871 I Telecom : CallsManager: Sending phone-account registered intent to default dialer: TSI.rPA@BJE
03-06 15:53:53.736  4165  4165 I CarrierServices: [2] ServiceStateReceiver.onReceive: Received SERVICE_STATE intent.
03-06 15:53:53.737  2476  2476 I TelecomFramework: AccountEntry: Registered phoneAccount: [[ ] PhoneAccount: ComponentInfo{com.android.phone/com.android.services.telephony.TelephonyConnectionService}, ***, UserHandle{0} Capabilities: CallProvider MultiUser PlaceEmerg SimSub  Audio Routes: BESW Schemes: tel voicemail  Extras: Bundle[{android.telecom.extra.SUPPORTS_VIDEO_CALLING_FALLBACK=true}] GroupId: ***] with handle: ComponentInfo{com.android.phone/com.android.services.telephony.TelephonyConnectionService}, ***, UserHandle{0}
03-06 15:53:53.737  2476  2476 I TelecomFramework: PstnIncomingCallNotifier: Registering: Handler (com.android.internal.telephony.GsmCdmaPhone) {b312827}
03-06 15:53:53.738  2476  2476 I TelecomFramework: TelecomAccountRegistry: Unregistering phone account ComponentInfo{com.android.phone/com.android.services.telephony.TelephonyConnectionService}, ***, UserHandle{0}.
03-06 15:53:53.739  2026  7117 I Telecom : CallsManager: Sending phone-account ComponentInfo{com.android.phone/com.android.services.telephony.TelephonyConnectionService}, ***, UserHandle{0} unregistered intent as user: TSI.uPA@BJM
03-06 15:53:53.739  2026  7117 I Telecom : CallsManager: Sending phone-account unregistered intent to default dialer: TSI.uPA@BJM
03-06 15:53:53.744  2476  2476 D CallNotifier: updatePhoneStateListeners: update CF notifications.
03-06 15:53:53.744  2476  2476 I NotificationMgr: updateCfi: subId= 1, visible=N
03-06 15:53:53.747  2026  2872 I WifiService: acquireWifiLock uid=10099 lockMode=2
03-06 15:53:53.748  2476  2476 I NotificationMgr: updateMwi(): subId 1 update to false
03-06 15:53:53.748  2164  3051 W GCoreFlp: No location to return for getLastLocation()
03-06 15:53:53.752  4030  4030 I Dialer  : LegacyVoicemailNotificationReceiver.onReceive - received legacy voicemail notification
03-06 15:53:53.752  4030  4030 I Dialer  : LegacyVoicemailNotificationReceiver.onReceive - isRefresh: true
03-06 15:53:53.752  4030  4030 I Dialer  : LegacyVoicemailNotificationReceiver.onReceive - clearing notification
03-06 15:53:53.752  4030  4030 I Dialer  : LegacyVoicemailNotifier.cancelNotification - enter
03-06 15:53:53.752  4030  4030 I Dialer  : LegacyVoicemailNotifier.cancelNotification - 'null' id, canceling all legacy voicemail notifications
03-06 15:53:53.753  2476  2476 D MultiSimSettingController: onSubscriptionsChanged
03-06 15:53:53.753  2476  2476 D MultiSimSettingController: updateDefaults
03-06 15:53:53.753  2476  2476 D MultiSimSettingController: [updateDefaultValues] change: 0
03-06 15:53:53.757  2164  3051 W GCoreFlp: No location to return for getLastLocation()
03-06 15:53:53.764  2164  3051 W GCoreFlp: No location to return for getLastLocation()
03-06 15:53:53.766  1676  1676 I hwservicemanager: getTransport: Cannot find entry android.hardware.radio.config@1.1::IRadioConfig/default in either framework or device manifest.
03-06 15:53:53.766  1676  1676 I hwservicemanager: getTransport: Cannot find entry android.hardware.radio.config@1.0::IRadioConfig/default in either framework or device manifest.
03-06 15:53:53.769  1676  1676 I hwservicemanager: getTransport: Cannot find entry android.hardware.radio.config@1.1::IRadioConfig/default in either framework or device manifest.
03-06 15:53:53.769  1676  1676 I hwservicemanager: getTransport: Cannot find entry android.hardware.radio.config@1.0::IRadioConfig/default in either framework or device manifest.
03-06 15:53:53.770  1676  1676 I hwservicemanager: getTransport: Cannot find entry android.hardware.radio.config@1.1::IRadioConfig/default in either framework or device manifest.
03-06 15:53:53.770  1676  1676 I hwservicemanager: getTransport: Cannot find entry android.hardware.radio.config@1.0::IRadioConfig/default in either framework or device manifest.
03-06 15:53:53.771  2026  4059 D AlarmManagerService: Kernel timezone updated to 0 minutes west of GMT
03-06 15:53:53.775  2476  2476 D IntentBroadcaster: Broadcasting and adding intent for rebroadcast: android.intent.action.SIM_STATE_CHANGED UNKNOWN for slotId 0
03-06 15:53:53.777  2476  2476 D CarrierConfigLoader: update config for phoneId: 0 simState: UNKNOWN
03-06 15:53:53.777  2476  2476 D CarrierSvcBindHelper: update binding for phoneId: 0 simState: UNKNOWN
03-06 15:53:53.778  2803  2803 I rcs     : [PresencePublication] onReceive intent=Intent { act=android.intent.action.SIM_STATE_CHANGED flg=0x5000010 (has extras) }
03-06 15:53:53.778  2803  2803 I rcs     : [PresencePublication] ACTION_SIM_STATE_CHANGED INTENT_KEY_ICC_STATE=UNKNOWN
03-06 15:53:53.778  2803  2803 I rcs     : [RcsService] onReceive intent=Intent { act=android.intent.action.SIM_STATE_CHANGED flg=0x5000010 (has extras) }
03-06 15:53:53.778  2184  2184 V KeyguardUpdateMonitor: action android.intent.action.SIM_STATE_CHANGED state: UNKNOWN slotId: 0 subid: 1
03-06 15:53:53.778  2184  2184 D KeyguardUpdateMonitor: handleSimStateChange(subId=1, slotId=0, state=UNKNOWN)
03-06 15:53:53.780  2476  2476 D TelephonyProvider: match current APN size:  0
03-06 15:53:53.783  2476  2476 E TelephonyProvider: iccRecords is null
03-06 15:53:53.784  2476  2476 I TelecomFramework: PstnPhoneCapabilitiesNotifier: handleVideoCapabilitesChanged. Video capability - false
03-06 15:53:53.784  2476  2476 E PhoneInterfaceManager: [PhoneIntfMgr] getIccId: No UICC
03-06 15:53:53.789  2026  4059 I Telecom : PhoneAccountRegistrar: Modify account: [ComponentInfo{com.android.phone/com.android.services.telephony.TelephonyConnectionService}, ***, UserHandle{0}]: TSI.rPA@BJU
03-06 15:53:53.789  2026  4059 I Telecom : CallsManager: handlePhoneAccountChanged: phoneAccount=[[X] PhoneAccount: ComponentInfo{com.android.phone/com.android.services.telephony.TelephonyConnectionService}, ***, UserHandle{0} Capabilities: CallProvider MultiUser PlaceEmerg SimSub  Audio Routes: BESW Schemes: tel voicemail  Extras: Bundle[{android.telecom.extra.SUPPORTS_VIDEO_CALLING_FALLBACK=true}] GroupId: ***]: TSI.rPA@BJU
03-06 15:53:53.792  2476  2476 D CarrierConfigLoader: mHandler: 0 phoneId: 0
03-06 15:53:53.793  2476  2476 D CarrierConfigLoader: Broadcast CARRIER_CONFIG_CHANGED for phone 0
03-06 15:53:53.797  4330  4330 I Bugle   : Carrier config changed. Reloading MMS config.
03-06 15:53:53.799  4113  4113 D CellBroadcastReceiver: onReceive Intent { act=android.telephony.action.CARRIER_CONFIG_CHANGED flg=0x15000010 cmp=com.android.cellbroadcastreceiver/.CellBroadcastReceiver (has extras) }
03-06 15:53:53.799  4113  4113 D CellBroadcastReceiver: initializeSharedPreference
03-06 15:53:53.799  2476  3532 E CarrierInfoManager: Invalid networkOperator: 
03-06 15:53:53.801  4113  4113 D CellBroadcastReceiver: Default interval 0 did not change.
03-06 15:53:53.801  4113  4113 D CellBroadcastReceiver: Start Cell Broadcast configuration.
03-06 15:53:53.807  2476  2476 I VvmSimStateTracker: android.intent.action.SIM_STATE_CHANGED
03-06 15:53:53.808  6392  6392 I Finsky  : [2] com.google.android.finsky.simhandler.SimStateReceiver.a(6): android.intent.action.SIM_STATE_CHANGED : simState = UNKNOWN
03-06 15:53:53.810  2026  2026 I Telecom : PhoneAccountRegistrar: getSimCallManager: SimCallManager for subId 1 queried, returning: null: CM.CCCR->CM.UECNT->CM.CCCR->CM.UECNT->CM.CCCR->CM.UECNT->CM.CCCR->CM.UECNT->CM.CCCR->CM.UECNT->CM.CCCR->CM.UECNT->CM.CCCR->CM.UECNT->CM.CCCR->CM.UECNT->CM.CCCR->CM.UECNT->CM.CCCR->CM.UECNT->CM.CCCR->CM.UECNT->CM.CCCR->CM.UECNT->CM.CCCR->CM.UECNT->CM.CCCR->CM.UECNT->CM.CCCR->CM.UECNT->CM.CCCR->CM.UECNT->CM.CCCR->CM.UECNT->CM.CCCR->CM.UECNT->CM.CCCR->CM.UECNT->CM.CCCR->CM.UECNT->CM.CCCR->CM.UECNT->CM.CCCR->CM.UECNT->CM.CCCR->CM.UECNT->CM.CCCR->CM.UECNT->CM.CCCR->CM.UECNT->CM.CCCR->CM.UECNT->CM.CCCR->CM.UECNT->CM.CCCR->CM.UECNT->CM.CCCR->CM.UECNT->CM.CCCR->CM.UECNT->CM.CCCR->CM.UECNT->CM.CCCR->CM.UECNT->CM.CCCR->CM.UECNT->CM.CCCR->CM.UECNT->CM.CCCR->CM.UECNT->CM.CCCR->CM.UECNT->CM.CCCR->CM.UECNT->CM.CCCR->CM.UECNT->CM.CCCR->CM.UECNT->CM.CCCR->CM.UECNT->CM.CCCR->CM.UECNT->CM.CCCR->CM.UECNT->CM.CCCR->CM.UECNT->CM.CCCR->CM.UECNT->CM.CCCR->CM.UECNT->CM.CCCR->CM.UECNT->CM.CCCR->CM.UECNT->CM.CCCR->CM.UECNT->CM.CCCR->CM.UECNT->CM.CCCR->CM.UECNT->CM.CCCR->CM.UECNT@AD4
03-06 15:53:53.814  2164  3051 W GCoreFlp: No location to return for getLastLocation()
03-06 15:53:53.815  2387  7815 I constellation: [sim_state_checker] sim state checker is disabled.
03-06 15:53:53.818  2164  8403 W ctxmgr  : [AclManager] No 3 for (accnt=account#-517948760#, com.google.android.gms(10099):UserVelocityProducer, vrsn=17786022, 0, 3pPkg = null ,  3pMdlId = null ,  pid = 2164). Was: 3 for 1, account#-517948760# [CONTEXT service_id=47 ]
03-06 15:53:53.823  2476  2476 I TelecomFramework: : Carrier-config changed, checking for phone account updates.
03-06 15:53:53.823  2476  2476 D OtaspSimStateReceiver: Received intent: android.telephony.action.CARRIER_CONFIG_CHANGED
03-06 15:53:53.832  2476  2476 D TelephonyProvider: subIdString = 1 subId = 1
03-06 15:53:53.841  2476  2476 E PhoneInterfaceManager: [PhoneIntfMgr] getIccId: No UICC
03-06 15:53:53.842  2164  8244 I Places  : ?: Couldn't find platform key file.
03-06 15:53:53.845  2184  2184 V KeyguardUpdateMonitor: onSubscriptionInfoChanged()
03-06 15:53:53.847  2184  2184 V KeyguardUpdateMonitor: SubInfo:{id=1, iccId=890141032[****] simSlotIndex=0 carrierId=1 displayName=T-Mobile carrierName=No service nameSource=3 iconTint=-16746133 mNumber=[****] dataRoaming=0 iconBitmap=android.graphics.Bitmap@715c11c mcc 310 mnc 260mCountryIso=us isEmbedded false accessRules null cardString=890141032[****] cardId=-1 isOpportunistic false mGroupUUID=null mIsGroupDisabled=false profileClass=-1 ehplmns = null hplmns = null subscriptionType=0 mGroupOwner=null}
03-06 15:53:53.851  6392  6424 I Finsky  : [493] fpw.a(10): onSubscriptionsChanged
03-06 15:53:53.851  6392  6424 I Finsky  : [493] fpt.c(15): notifySubscriptionInfoChangedListener: DataSubscriptionInfo=null
03-06 15:53:53.853  2026  2872 I LocationAccessPolicy: Allowing com.google.android.inputmethod.latin fine because it doesn't target API 29 yet. Please fix this app. Called from TelephonyRegistry push
03-06 15:53:53.853  2026  2872 I LocationAccessPolicy: Allowing com.google.android.apps.messaging fine because it doesn't target API 29 yet. Please fix this app. Called from TelephonyRegistry push
03-06 15:53:53.857  2476  2476 D ServiceStateProvider: subId=1
03-06 15:53:53.857  4113  4113 D CellBroadcastReceiver: onReceive Intent { act=android.intent.action.SERVICE_STATE flg=0x1000010 cmp=com.android.cellbroadcastreceiver/.CellBroadcastReceiver (has extras) }
03-06 15:53:53.858  2026  2123 E NetworkPolicy: Missing subscriberId for subId 1
03-06 15:53:53.858  2026  2123 W BestClock: java.time.DateTimeException: Missing NTP fix
03-06 15:53:53.858  2476  2476 I VvmSimStateTracker: android.telephony.action.CARRIER_CONFIG_CHANGED
03-06 15:53:53.858  2476  2476 I VvmSimStateTracker: Received SIM change for invalid subscription id.
03-06 15:53:53.858  2026  2053 I DropBoxManagerService: add tag=system_server_wtf isTagEnabled=true flags=0x2
03-06 15:53:53.859  2026  2123 W BestClock: java.time.DateTimeException: Missing NTP fix
03-06 15:53:53.859  1773  1773 I netd    : bandwidthSetGlobalAlert(2097152) <0.08ms>
03-06 15:53:53.870  4165  4165 I CarrierServices: [2] ServiceStateReceiver.onReceive: Received SERVICE_STATE intent.
03-06 15:53:53.873  2476  2476 I TelecomFramework: : onSubscriptionsChanged - update accounts
03-06 15:53:53.873  2476  2476 I TelecomFramework: PstnIncomingCallNotifier: Unregistering: Handler (com.android.internal.telephony.GsmCdmaPhone) {b312827}
03-06 15:53:53.873  2476  2476 I TelecomFramework: TelecomAccountRegistry: setupAccounts: Found 1 phones.  Attempting to register.
03-06 15:53:53.873  2476  2476 I TelecomFramework: TelecomAccountRegistry: setupAccounts: Phone with subscription id 1
03-06 15:53:53.873  2476  2476 I TelecomFramework: TelecomAccountRegistry: setupAccounts: adding default
03-06 15:53:53.873  2476  2476 E PhoneInterfaceManager: [PhoneIntfMgr] getIccId: No UICC
03-06 15:53:53.877  4165  4218 I CarrierServices: [259] CarrierServicesReleaseApp.a: Initialized already, return.
03-06 15:53:53.880  2026  4059 I Telecom : PhoneAccountRegistrar: Modify account: [ComponentInfo{com.android.phone/com.android.services.telephony.TelephonyConnectionService}, ***, UserHandle{0}]: TSI.rPA@BJc
03-06 15:53:53.880  2026  4059 I Telecom : CallsManager: handlePhoneAccountChanged: phoneAccount=[[X] PhoneAccount: ComponentInfo{com.android.phone/com.android.services.telephony.TelephonyConnectionService}, ***, UserHandle{0} Capabilities: CallProvider MultiUser PlaceEmerg SimSub  Audio Routes: BESW Schemes: tel voicemail  Extras: Bundle[{android.telecom.extra.SUPPORTS_VIDEO_CALLING_FALLBACK=true}] GroupId: ***]: TSI.rPA@BJc
03-06 15:53:53.881  2476  2476 I TelecomFramework: AccountEntry: Registered phoneAccount: [[ ] PhoneAccount: ComponentInfo{com.android.phone/com.android.services.telephony.TelephonyConnectionService}, ***, UserHandle{0} Capabilities: CallProvider MultiUser PlaceEmerg SimSub  Audio Routes: BESW Schemes: tel voicemail  Extras: Bundle[{android.telecom.extra.SUPPORTS_VIDEO_CALLING_FALLBACK=true}] GroupId: ***] with handle: ComponentInfo{com.android.phone/com.android.services.telephony.TelephonyConnectionService}, ***, UserHandle{0}
03-06 15:53:53.881  2476  2476 I TelecomFramework: PstnIncomingCallNotifier: Registering: Handler (com.android.internal.telephony.GsmCdmaPhone) {b312827}
03-06 15:53:53.883  6392  6392 I Finsky  : [2] pxd.b(7): Jobs in database: 12-1 21-333333333 28--559038737 31-305419896 
03-06 15:53:53.884  6392  6392 I Finsky  : [2] puk.a(113): ConstraintMapping: 12-1, 21-333333333, 28--559038737, 31-305419896,  -> L: 0ms, D: 82600235ms, C: false, I: false, N: 1
03-06 15:53:53.886  6392  6392 I Finsky  : [2] com.google.android.finsky.scheduler.JobSchedulerEngine.a(42): Cancelling existing job with id: 9001
03-06 15:53:53.887  6392  6637 I Finsky  : [539] qjn.b(1): SIM removed, prefetching preloads
03-06 15:53:53.887  6392  6428 I Finsky  : [495] qjm.call(2): Prefetching preloads for account null
03-06 15:53:53.887  6392  6428 W Finsky  : [495] cwl.a(19): For unauth, use getDfeApiNonAuthenticated() instead!
03-06 15:53:53.888  6392  6428 I Finsky  : [495] qnu.a(19): No PAI stub found
03-06 15:53:53.888  6392  6428 E Finsky  : [495] qjm.call(31): Error prefetching preloads, using account=null, preloads=NULL, preloadRros=NULL, preloadGroups=NULL
03-06 15:53:53.888  6392  6428 E Finsky  : com.google.android.finsky.setup.fetchers.RawDocumentsFetchException[reason=pai_config, account=null]
03-06 15:53:53.888  6392  6428 E Finsky  : 	at qnu.a(SourceFile:19)
03-06 15:53:53.888  6392  6428 E Finsky  : 	at qjm.call(Unknown Source:2)
03-06 15:53:53.888  6392  6428 E Finsky  : 	at afxg.a(SourceFile:1)
03-06 15:53:53.888  6392  6428 E Finsky  : 	at afwi.run(SourceFile:3)
03-06 15:53:53.888  6392  6428 E Finsky  : 	at afxf.run(SourceFile:2)
03-06 15:53:53.888  6392  6428 E Finsky  : 	at java.util.concurrent.ThreadPoolExecutor.runWorker(ThreadPoolExecutor.java:1167)
03-06 15:53:53.888  6392  6428 E Finsky  : 	at java.util.concurrent.ThreadPoolExecutor$Worker.run(ThreadPoolExecutor.java:641)
03-06 15:53:53.888  6392  6428 E Finsky  : 	at unn.run(Unknown Source:7)
03-06 15:53:53.888  6392  6428 E Finsky  : 	at java.lang.Thread.run(Thread.java:919)
03-06 15:53:53.888  6392  6428 I Finsky  : [495] qjn.a(10): VpaSelectionActivity will be disabled
03-06 15:53:53.888  6392  6392 I Finsky  : [2] com.google.android.finsky.scheduler.JobSchedulerEngine.a(4): Scheduling job Id: 9000, L: 0, D: 82600235, C: false, I: false, N: 1
03-06 15:53:53.889  6392  6637 I Finsky  : [539] fpy.a(5): notifySubscriptionInfoChangedListener success.
03-06 15:53:53.892  2476  2476 D TelephonyProvider: match current APN size:  0
03-06 15:53:53.892  2164  2164 I GeofencerStateMachine: removeGeofences: removeRequest=RemoveGeofencingRequest[REMOVE_BY_PENDING_INTENT pendingIntent=PendingIntent[creatorPackage=com.google.android.gms], packageName=com.google.android.gms]
03-06 15:53:53.892  2476  2476 E TelephonyProvider: iccRecords is null
03-06 15:53:53.893  2476  2476 D MultiSimSettingController: onSubscriptionsChanged
03-06 15:53:53.893  2476  2476 D MultiSimSettingController: updateDefaults
03-06 15:53:53.894  2476  2476 D MultiSimSettingController: [updateDefaultValues] change: 0
03-06 15:53:53.894  2476  2476 D CallNotifier: updatePhoneStateListeners: update CF notifications.
03-06 15:53:53.894  2476  2476 I NotificationMgr: updateCfi: subId= 1, visible=N
03-06 15:53:53.894  2476  2476 I NotificationMgr: updateMwi(): subId 1 update to false
03-06 15:53:53.895  2164  2164 I GeofencerStateMachine: removeGeofences: removeRequest=RemoveGeofencingRequest[REMOVE_BY_PENDING_INTENT pendingIntent=PendingIntent[creatorPackage=com.google.android.gms], packageName=com.google.android.gms]
03-06 15:53:53.898  2026  2871 D AlarmManagerService: Kernel timezone updated to 0 minutes west of GMT
03-06 15:53:53.901  2026  2872 D AlarmManagerService: Kernel timezone updated to 0 minutes west of GMT
03-06 15:53:53.903  2026  4785 W AppOps  : Noting op not finished: uid 10099 pkg com.google.android.gms code 79 time=1709758433689 duration=0
03-06 15:53:53.905  2164  3051 W GCoreFlp: No location to return for getLastLocation()
03-06 15:53:53.905  2164  8549 I PlaceInferenceEngine: [anon] Changed inference mode: 0
03-06 15:53:53.908  2026  7117 W AppOps  : Noting op not finished: uid 10099 pkg com.google.android.gms code 79 time=1709758433904 duration=0
03-06 15:53:53.910  2164  8548 I Places  : ?: Couldn't find platform key file.
03-06 15:53:53.912  2164  8550 I Places  : ?: Couldn't find platform key file.
03-06 15:53:53.913  2476  3541 D IccSmsInterfaceManager: [IccSmsInterfaceManager] Failed to add GSM cell broadcast channels range 4396 to 4396
03-06 15:53:53.914  2476  3541 D IccSmsInterfaceManager: [IccSmsInterfaceManager] Calling setGsmBroadcastConfig with 1 configurations
03-06 15:53:53.932  4030  4030 I Dialer  : LegacyVoicemailNotificationReceiver.onReceive - received legacy voicemail notification
03-06 15:53:53.933  4030  4030 I Dialer  : LegacyVoicemailNotificationReceiver.onReceive - isRefresh: true
03-06 15:53:53.933  4030  4030 I Dialer  : LegacyVoicemailNotificationReceiver.onReceive - clearing notification
03-06 15:53:53.933  4030  4030 I Dialer  : LegacyVoicemailNotifier.cancelNotification - enter
03-06 15:53:53.933  4030  4030 I Dialer  : LegacyVoicemailNotifier.cancelNotification - 'null' id, canceling all legacy voicemail notifications
03-06 15:53:53.934  2476  2476 I TelecomFramework: PstnPhoneCapabilitiesNotifier: handleVideoCapabilitesChanged. Video capability - false
03-06 15:53:53.934  2476  2476 E PhoneInterfaceManager: [PhoneIntfMgr] getIccId: ICC ID is null or empty.
03-06 15:53:53.938  2026  2872 I Telecom : PhoneAccountRegistrar: Modify account: [ComponentInfo{com.android.phone/com.android.services.telephony.TelephonyConnectionService}, ***, UserHandle{0}]: TSI.rPA@BJo
03-06 15:53:53.939  2026  2872 I Telecom : CallsManager: handlePhoneAccountChanged: phoneAccount=[[X] PhoneAccount: ComponentInfo{com.android.phone/com.android.services.telephony.TelephonyConnectionService}, ***, UserHandle{0} Capabilities: CallProvider MultiUser PlaceEmerg SimSub  Audio Routes: BESW Schemes: tel voicemail  Extras: Bundle[{android.telecom.extra.SUPPORTS_VIDEO_CALLING_FALLBACK=true}] GroupId: ***]: TSI.rPA@BJo
03-06 15:53:53.944  2476  2476 D TelephonyProvider: subIdString = 1 subId = 1
03-06 15:53:53.945  7200  7254 E TestRunner: failed: testToCancel(ru.netology.tests.ClaimsPageTests)
03-06 15:53:53.945  7200  7254 E TestRunner: ----- begin exception -----
03-06 15:53:53.945  7200  7254 E TestRunner: androidx.test.espresso.PerformException: Error performing 'wait for a specific view with attribute <an instance of android.widget.TextView and view.getText() with or without transformation to match: is "Claims"> during 5000 millis.' on view 'Animations or transitions are enabled on the target device.
03-06 15:53:53.945  7200  7254 E TestRunner: For more info check: https://developer.android.com/training/testing/espresso/setup#set-up-environment
03-06 15:53:53.945  7200  7254 E TestRunner: 
03-06 15:53:53.945  7200  7254 E TestRunner: view.getRootView() to equal view'.
03-06 15:53:53.945  7200  7254 E TestRunner: 	at androidx.test.espresso.PerformException$Builder.build(PerformException.java:1)
03-06 15:53:53.945  7200  7254 E TestRunner: 	at androidx.test.espresso.base.DefaultFailureHandler.getUserFriendlyError(DefaultFailureHandler.java:9)
03-06 15:53:53.945  7200  7254 E TestRunner: 	at androidx.test.espresso.base.DefaultFailureHandler.handle(DefaultFailureHandler.java:7)
03-06 15:53:53.945  7200  7254 E TestRunner: 	at androidx.test.espresso.ViewInteraction.waitForAndHandleInteractionResults(ViewInteraction.java:8)
03-06 15:53:53.945  7200  7254 E TestRunner: 	at androidx.test.espresso.ViewInteraction.desugaredPerform(ViewInteraction.java:11)
03-06 15:53:53.945  7200  7254 E TestRunner: 	at androidx.test.espresso.ViewInteraction.perform(ViewInteraction.java:4)
03-06 15:53:53.945  7200  7254 E TestRunner: 	at ru.netology.data.DataHelper.elementWaiting(DataHelper.java:323)
03-06 15:53:53.945  7200  7254 E TestRunner: 	at ru.netology.pages.ClaimsPage.checkClaimsScreenLoaded(ClaimsPage.java:36)
03-06 15:53:53.945  7200  7254 E TestRunner: 	at ru.netology.data.ReadyScreen.readyClaimsScreen(ReadyScreen.java:42)
03-06 15:53:53.945  7200  7254 E TestRunner: 	at ru.netology.tests.ClaimsPageTests.readyScreen(ClaimsPageTests.java:43)
03-06 15:53:53.945  7200  7254 E TestRunner: 	at java.lang.reflect.Method.invoke(Native Method)
03-06 15:53:53.945  7200  7254 E TestRunner: 	at org.junit.runners.model.FrameworkMethod$1.runReflectiveCall(FrameworkMethod.java:59)
03-06 15:53:53.945  7200  7254 E TestRunner: 	at org.junit.internal.runners.model.ReflectiveCallable.run(ReflectiveCallable.java:12)
03-06 15:53:53.945  7200  7254 E TestRunner: 	at org.junit.runners.model.FrameworkMethod.invokeExplosively(FrameworkMethod.java:56)
03-06 15:53:53.945  7200  7254 E TestRunner: 	at androidx.test.internal.runner.junit4.statement.RunBefores.evaluate(RunBefores.java:76)
03-06 15:53:53.945  7200  7254 E TestRunner: 	at org.junit.rules.ExternalResource$1.evaluate(ExternalResource.java:54)
03-06 15:53:53.945  7200  7254 E TestRunner: 	at io.qameta.allure.android.rules.ScreenshotRule$apply$1.evaluate(ScreenshotRule.kt:22)
03-06 15:53:53.945  7200  7254 E TestRunner: 	at org.junit.rules.ExternalResource$1.evaluate(ExternalResource.java:54)
03-06 15:53:53.945  7200  7254 E TestRunner: 	at io.qameta.allure.android.rules.LogcatRule$apply$1.evaluate(LogcatRule.kt:23)
03-06 15:53:53.945  7200  7254 E TestRunner: 	at org.junit.rules.RunRules.evaluate(RunRules.java:20)
03-06 15:53:53.945  7200  7254 E TestRunner: 	at org.junit.runners.ParentRunner$3.evaluate(ParentRunner.java:306)
03-06 15:53:53.945  7200  7254 E TestRunner: 	at org.junit.runners.BlockJUnit4ClassRunner$1.evaluate(BlockJUnit4ClassRunner.java:100)
03-06 15:53:53.945  7200  7254 E TestRunner: 	at org.junit.runners.ParentRunner.runLeaf(ParentRunner.java:366)
03-06 15:53:53.945  7200  7254 E TestRunner: 	at org.junit.runners.BlockJUnit4ClassRunner.runChild(BlockJUnit4ClassRunner.java:103)
03-06 15:53:53.945  7200  7254 E TestRunner: 	at org.junit.runners.BlockJUnit4ClassRunner.runChild(BlockJUnit4ClassRunner.java:63)
03-06 15:53:53.945  7200  7254 E TestRunner: 	at org.junit.runners.ParentRunner$4.run(ParentRunner.java:331)
03-06 15:53:53.945  7200  7254 E TestRunner: 	at org.junit.runners.ParentRunner$1.schedule(ParentRunner.java:79)
03-06 15:53:53.945  7200  7254 E TestRunner: 	at org.junit.runners.ParentRunner.runChildren(ParentRunner.java:329)
03-06 15:53:53.945  7200  7254 E TestRunner: 	at org.junit.runners.ParentRunner.access$100(ParentRunner.java:66)
03-06 15:53:53.945  7200  7254 E TestRunner: 	at org.junit.runners.ParentRunner$2.evaluate(ParentRunner.java:293)
03-06 15:53:53.945  7200  7254 E TestRunner: 	at org.junit.runners.ParentRunner$3.evaluate(ParentRunner.java:306)
03-06 15:53:53.945  7200  7254 E TestRunner: 	at org.junit.runners.ParentRunner.run(ParentRunner.java:413)
03-06 15:53:53.945  7200  7254 E TestRunner: 	at androidx.test.ext.junit.runners.AndroidJUnit4.run(AndroidJUnit4.java:162)
03-06 15:53:53.945  7200  7254 E TestRunner: 	at org.junit.runners.Suite.runChild(Suite.java:128)
03-06 15:53:53.945  7200  7254 E TestRunner: 	at org.junit.runners.Suite.runChild(Suite.java:27)
03-06 15:53:53.945  7200  7254 E TestRunner: 	at org.junit.runners.ParentRunner$4.run(ParentRunner.java:331)
03-06 15:53:53.945  7200  7254 E TestRunner: 	at org.junit.runners.ParentRunner$1.schedule(ParentRunner.java:79)
03-06 15:53:53.945  7200  7254 E TestRunner: 	at org.junit.runners.ParentRunner.runChildren(ParentRunner.java:329)
03-06 15:53:53.945  7200  7254 E TestRunner: 	at org.junit.runners.ParentRunner.access$100(ParentRunner.java:66)
03-06 15:53:53.945  7200  7254 E TestRunner: 	at org.junit.runners.ParentRunner$2.evaluate(ParentRunner.java:293)
03-06 15:53:53.945  7200  7254 E TestRunner: 	at org.junit.runners.ParentRunner$3.evaluate(ParentRunner.java:306)
03-06 15:53:53.945  7200  7254 E TestRunner: 	at org.junit.runners.ParentRunner.run(ParentRunner.java:413)
03-06 15:53:53.945  7200  7254 E TestRunner: 	at org.junit.runner.JUnitCore.run(JUnitCore.java:137)
03-06 15:53:53.945  7200  7254 E TestRunner: 	at org.junit.runner.JUnitCore.run(JUnitCore.java:115)
03-06 15:53:53.945  7200  7254 E TestRunner: 	at androidx.test.internal.runner.TestExecutor.execute(TestExecutor.java:65)
03-06 15:53:53.945  7200  7254 E TestRunner: 	at androidx.test.internal.runner.TestExecutor.execute(TestExecutor.java:56)
03-06 15:53:53.945  7200  7254 E TestRunner: 	at androidx.test.runner.AndroidJUnitRunner.onStart(AndroidJUnitRunner.java:471)
03-06 15:53:53.945  7200  7254 E TestRunner: 	at android.app.Instrumentation$InstrumentationThread.run(Instrumentation.java:2189)
03-06 15:53:53.945  7200  7254 E TestRunner: Caused by: java.util.concurrent.TimeoutException
03-06 15:53:53.945  7200  7254 E TestRunner: 	at
03-06 15:53:53.945  7200  7254 E TestRunner: ----- end exception -----
03-06 15:53:53.947  7200  7254 I TestRunner: finished: testToCancel(ru.netology.tests.ClaimsPageTests)
03-06 15:53:53.948  2164  8402 I Places  : ?: Couldn't find platform key file.
03-06 15:53:53.949  2164  8548 I Places  : ?: Couldn't find platform key file.
03-06 15:53:53.950  2164  8551 I Places  : ?: Couldn't find platform key file.
03-06 15:53:53.951  7200  7254 I TestRunner: started: testFilterExecuted(ru.netology.tests.ClaimsPageTests)
03-06 15:53:53.954  2164  8550 I Places  : ?: Couldn't find platform key file.
03-06 15:53:53.961  2476  2476 E PhoneInterfaceManager: [PhoneIntfMgr] getIccId: ICC ID is null or empty.
03-06 15:53:53.962  2164  8549 W Places  : ?: Failed to download inference model weights PlacesServer
03-06 15:53:53.962  2164  8549 W PlaceInferenceEngine: Failed to download model weights. Status code: 7
03-06 15:53:53.962  2164  8550 I Places  : ?: Couldn't find platform key file.
03-06 15:53:53.963  2164  8550 I Places  : ?: Couldn't find platform key file.
03-06 15:53:53.966  2184  2184 V KeyguardUpdateMonitor: onSubscriptionInfoChanged()
03-06 15:53:53.969  2026  2123 E NetworkPolicy: Missing subscriberId for subId 1
03-06 15:53:53.969  2026  2053 I DropBoxManagerService: add tag=system_server_wtf isTagEnabled=true flags=0x2
03-06 15:53:53.970  2026  2123 W BestClock: java.time.DateTimeException: Missing NTP fix
03-06 15:53:53.971  2026  2123 W BestClock: java.time.DateTimeException: Missing NTP fix
03-06 15:53:53.972  1773  1773 I netd    : bandwidthSetGlobalAlert(2097152) <0.07ms>
03-06 15:53:53.972  2184  2184 V KeyguardUpdateMonitor: SubInfo:{id=1, iccId=890141032[****] simSlotIndex=0 carrierId=1 displayName=T-Mobile carrierName=Android nameSource=3 iconTint=-16746133 mNumber=[****] dataRoaming=0 iconBitmap=android.graphics.Bitmap@cc1f125 mcc 310 mnc 260mCountryIso=us isEmbedded false accessRules null cardString=890141032[****] cardId=-1 isOpportunistic false mGroupUUID=null mIsGroupDisabled=false profileClass=-1 ehplmns = null hplmns = null subscriptionType=0 mGroupOwner=null}
03-06 15:53:53.974  2184  2184 D KeyguardViewMediator: onSimStateChanged(subId=1, slotId=0,state=READY)
03-06 15:53:53.974  2184  2184 D KeyguardViewMediator: READY, reset state? false
03-06 15:53:53.976  6392  6422 I Finsky  : [491] fpw.a(10): onSubscriptionsChanged
03-06 15:53:53.976  6392  6422 I Finsky  : [491] fpt.c(15): notifySubscriptionInfoChangedListener: DataSubscriptionInfo=DataSubscriptionInfo{imsiAnonymized=Optional.absent(), imsiRaw=Optional.absent(), groupIdLevel1=Optional.absent(), mccMnc=Optional.absent(), serviceProviderName=Optional.absent()}
03-06 15:53:53.977  2026  7117 I LocationAccessPolicy: Allowing com.google.android.inputmethod.latin fine because it doesn't target API 29 yet. Please fix this app. Called from TelephonyRegistry push
03-06 15:53:53.978  2026  7117 I LocationAccessPolicy: Allowing com.google.android.apps.messaging fine because it doesn't target API 29 yet. Please fix this app. Called from TelephonyRegistry push
03-06 15:53:53.982  4113  4113 D CellBroadcastReceiver: onReceive Intent { act=android.intent.action.SERVICE_STATE flg=0x1000010 cmp=com.android.cellbroadcastreceiver/.CellBroadcastReceiver (has extras) }
03-06 15:53:53.983  2476  2476 D ServiceStateProvider: subId=1
