--------- beginning of main
03-06 15:56:36.141  1791  2388 E GnssHAL_GnssInterface: gnssSvStatusCb: a: input svInfo.flags is 8
03-06 15:56:36.141  1791  2388 E GnssHAL_GnssInterface: gnssSvStatusCb: b: input svInfo.flags is 8
03-06 15:56:36.570  2476  3413 W ServiceManagement: Waited one second for android.hardware.radio@1.0::IRadio/slot1
03-06 15:56:36.571  2476  3413 I ServiceManagement: getService: Trying again for android.hardware.radio@1.0::IRadio/slot1...
03-06 15:56:37.142  1791  2388 E GnssHAL_GnssInterface: gnssSvStatusCb: a: input svInfo.flags is 8
03-06 15:56:37.142  1791  2388 E GnssHAL_GnssInterface: gnssSvStatusCb: b: input svInfo.flags is 8
03-06 15:56:37.573  2476  3413 W ServiceManagement: Waited one second for android.hardware.radio@1.0::IRadio/slot1
03-06 15:56:37.574  2476  3413 I ServiceManagement: getService: Trying again for android.hardware.radio@1.0::IRadio/slot1...
03-06 15:56:38.142  1791  2388 E GnssHAL_GnssInterface: gnssSvStatusCb: a: input svInfo.flags is 8
03-06 15:56:38.142  1791  2388 E GnssHAL_GnssInterface: gnssSvStatusCb: b: input svInfo.flags is 8
--------- beginning of system
03-06 15:56:38.172  2026  2042 I ActivityTaskManager: START u0 {act=android.intent.action.MAIN cat=[android.intent.category.LAUNCHER] flg=0x10000000 cmp=ru.iteco.fmhandroid.test/androidx.test.core.app.InstrumentationActivityInvoker$EmptyActivity} from uid 10134
03-06 15:56:38.179  2026  2048 E system_server: Invalid ID 0x00000000.
03-06 15:56:38.180  7200  7200 D LifecycleMonitor: Lifecycle status change: ru.iteco.fmhandroid.ui.AppActivity@20b9f3b in: PAUSED
03-06 15:56:38.180  7200  7200 V ActivityScenario: Activity lifecycle changed event received but ignored because the reported transition was not ON_CREATE while the last known transition was DESTROYED
03-06 15:56:38.180  7200  7200 V ActivityScenario: Update currentActivityStage to PAUSED, currentActivity=ru.iteco.fmhandroid.ui.AppActivity@20b9f3b
03-06 15:56:38.182  2026  2042 W InputReader: Device has associated, but no associated display id.
03-06 15:56:38.183  2026  2042 I chatty  : uid=1000(system) Binder:2026_1 identical 38 lines
03-06 15:56:38.183  2026  2042 W InputReader: Device has associated, but no associated display id.
03-06 15:56:38.183  7353  7353 W ActivityThread: handleWindowVisibility: no activity for token android.os.BinderProxy@42ba3f4
03-06 15:56:38.185  2026  2042 W InputReader: Device has associated, but no associated display id.
03-06 15:56:38.186  2026  2042 I chatty  : uid=1000(system) Binder:2026_1 identical 8 lines
03-06 15:56:38.186  2026  2042 W InputReader: Device has associated, but no associated display id.
03-06 15:56:38.192  1792  1887 D gralloc_ranchu: gralloc_alloc: Creating ashmem region of size 9592832
03-06 15:56:38.258  2026  3720 W InputReader: Device has associated, but no associated display id.
03-06 15:56:38.258  2026  3720 I chatty  : uid=1000(system) Binder:2026_15 identical 18 lines
03-06 15:56:38.258  2026  3720 W InputReader: Device has associated, but no associated display id.
03-06 15:56:38.259  1792  1887 D gralloc_ranchu: gralloc_alloc: Creating ashmem region of size 6139904
03-06 15:56:38.320  1792  1887 D gralloc_ranchu: gralloc_alloc: Creating ashmem region of size 9592832
03-06 15:56:38.327  2026  4070 D HostConnection: HostConnection::get() New Host Connection established 0xb73c2c60, tid 4070
03-06 15:56:38.329  2026  4070 D HostConnection: HostComposition ext ANDROID_EMU_CHECKSUM_HELPER_v1 ANDROID_EMU_dma_v1 ANDROID_EMU_direct_mem ANDROID_EMU_host_composition_v1 ANDROID_EMU_host_composition_v2 ANDROID_EMU_vulkan ANDROID_EMU_deferred_vulkan_commands ANDROID_EMU_vulkan_null_optional_strings ANDROID_EMU_vulkan_create_resources_with_requirements ANDROID_EMU_YUV420_888_to_NV21 ANDROID_EMU_YUV_Cache ANDROID_EMU_vulkan_free_memory_sync ANDROID_EMU_vulkan_shader_float16_int8 ANDROID_EMU_vulkan_async_queue_submit ANDROID_EMU_sync_buffer_data GL_OES_vertex_array_object GL_KHR_texture_compression_astc_ldr ANDROID_EMU_host_side_tracing ANDROID_EMU_gles_max_version_2 
03-06 15:56:38.338  2026  4070 W OpenGLRenderer: Failed to choose config with EGL_SWAP_BEHAVIOR_PRESERVED, retrying without...
03-06 15:56:38.348  1792  1887 D gralloc_ranchu: gralloc_alloc: Creating ashmem region of size 9592832
03-06 15:56:38.371  7353  7385 D EGL_emulation: eglMakeCurrent: 0xdb9591c0: ver 2 0 (tinfo 0xf2089d00)
03-06 15:56:38.372  1792  1887 D gralloc_ranchu: gralloc_alloc: Creating ashmem region of size 9592832
03-06 15:56:38.393  2026  4070 D eglCodecCommon: setVertexArrayObject: set vao to 0 (0) 0 0
03-06 15:56:38.393  2026  4070 D EGL_emulation: eglCreateContext: 0xc23d2720: maj 2 min 0 rcv 2
03-06 15:56:38.397  7200  7276 D EGL_emulation: eglMakeCurrent: 0xdee1ae40: ver 2 0 (tinfo 0xc2e69120)
03-06 15:56:38.418  2026  4070 D EGL_emulation: eglMakeCurrent: 0xc23d2720: ver 2 0 (tinfo 0xbd5c54c0)
03-06 15:56:38.423  2026  2052 I ActivityTaskManager: Displayed ru.iteco.fmhandroid.test/androidx.test.core.app.InstrumentationActivityInvoker$EmptyActivity: +250ms
03-06 15:56:38.424  2026  3720 W InputReader: Device has associated, but no associated display id.
03-06 15:56:38.431  2026  3720 I chatty  : uid=1000(system) Binder:2026_15 identical 18 lines
03-06 15:56:38.431  2026  3720 W InputReader: Device has associated, but no associated display id.
03-06 15:56:38.434  7200  7200 D LifecycleMonitor: Lifecycle status change: ru.iteco.fmhandroid.ui.AppActivity@20b9f3b in: STOPPED
03-06 15:56:38.434  7200  7200 V ActivityScenario: Activity lifecycle changed event received but ignored because the reported transition was not ON_CREATE while the last known transition was DESTROYED
03-06 15:56:38.434  7200  7200 V ActivityScenario: Update currentActivityStage to STOPPED, currentActivity=ru.iteco.fmhandroid.ui.AppActivity@20b9f3b
03-06 15:56:38.435  2026  4070 D eglCodecCommon: setVertexArrayObject: set vao to 0 (0) 1 0
03-06 15:56:38.459  7200  7200 D LifecycleMonitor: Lifecycle status change: ru.iteco.fmhandroid.ui.AppActivity@20b9f3b in: DESTROYED
03-06 15:56:38.459  7200  7200 V ActivityScenario: Activity lifecycle changed event received but ignored because the reported transition was not ON_CREATE while the last known transition was DESTROYED
03-06 15:56:38.459  7200  7200 V ActivityScenario: Update currentActivityStage to DESTROYED, currentActivity=null
03-06 15:56:38.475  1792  1887 D gralloc_ranchu: gralloc_alloc: Creating ashmem region of size 9592832
03-06 15:56:38.502  1792  1887 D gralloc_ranchu: gralloc_alloc: Creating ashmem region of size 9592832
03-06 15:56:38.505  1792  1792 D gralloc_ranchu: gralloc_alloc: Creating ashmem region of size 9592832
03-06 15:56:38.505  1792  1969 D gralloc_ranchu: gralloc_alloc: Creating ashmem region of size 9592832
03-06 15:56:38.543  2890  3240 D EGL_emulation: eglMakeCurrent: 0xdee1c2e0: ver 2 0 (tinfo 0xc1d14460)
03-06 15:56:38.574  2476  3413 W ServiceManagement: Waited one second for android.hardware.radio@1.0::IRadio/slot1
03-06 15:56:38.574  2476  3413 I ServiceManagement: getService: Trying again for android.hardware.radio@1.0::IRadio/slot1...
03-06 15:56:38.590  1792  1792 D gralloc_ranchu: gralloc_alloc: Creating ashmem region of size 9592832
03-06 15:56:38.611  2890  2890 W ThreadPoolDumper: Queue length for executor EventBus is now 11. Perhaps some tasks are too long, or the pool is too small.
03-06 15:56:38.632  2890  3121 W SessionLifecycleManager: Handover failed. Creating new session controller.
03-06 15:56:38.640  2890  3121 W ThreadPoolDumper: Queue length for executor Lightweight is now 11. Perhaps some tasks are too long, or the pool is too small.
03-06 15:56:38.645  2634  3076 D EGL_emulation: eglMakeCurrent: 0xdee1a120: ver 2 0 (tinfo 0xdee0f3f0)
03-06 15:56:38.645  1792  1792 D gralloc_ranchu: gralloc_alloc: Creating ashmem region of size 9592832
03-06 15:56:38.671  1792  1792 D gralloc_ranchu: gralloc_alloc: Creating ashmem region of size 9592832
03-06 15:56:38.678  9674  9674 I ServiceManagement: Registered android.hardware.radio@1.1::IRadio/slot1 (start delay of 17ms)
03-06 15:56:38.679  9674  9674 I ServiceManagement: Registered android.hardware.radio.deprecated@1.0::IOemHook/slot1 (start delay of 18ms)
03-06 15:56:38.679  2476  3413 I android_os_HwBinder: HwBinder: Starting thread pool for getting: android.hardware.radio@1.0::IRadio/slot1
03-06 15:56:38.682  1676  1676 I hwservicemanager: getTransport: Cannot find entry android.hardware.radio.deprecated@1.0::IOemHook/slot1 in either framework or device manifest.
03-06 15:56:38.696  2026  2048 W InputReader: Device has associated, but no associated display id.
03-06 15:56:38.696  2026  2048 I chatty  : uid=1000(system) android.anim identical 8 lines
03-06 15:56:38.696  2026  2048 W InputReader: Device has associated, but no associated display id.
03-06 15:56:38.697  1792  1792 D gralloc_ranchu: gralloc_alloc: Creating ashmem region of size 6139904
03-06 15:56:38.714  2890  3210 W LocationOracle: No location history returned by ContextManager
03-06 15:56:38.715  2476  2476 D CallNotifier: updatePhoneStateListeners: update CF notifications.
03-06 15:56:38.715  2476  2476 I NotificationMgr: updateCfi: subId= 1, visible=N
03-06 15:56:38.717  2476  2476 I NotificationMgr: updateMwi(): subId 1 update to false
03-06 15:56:38.720  2026  2026 W ActivityManager: Unable to start service Intent { act=android.service.appprediction.AppPredictionService cmp=com.google.android.as/com.google.android.apps.miphone.aiai.app.AiAiPredictionService } U=0: not found
03-06 15:56:38.720  2026  2026 W RemoteAppPredictionService: could not bind to Intent { act=android.service.appprediction.AppPredictionService cmp=com.google.android.as/com.google.android.apps.miphone.aiai.app.AiAiPredictionService } using flags 67108865
03-06 15:56:38.726  4030  4030 I Dialer  : LegacyVoicemailNotificationReceiver.onReceive - received legacy voicemail notification
03-06 15:56:38.726  4030  4030 I Dialer  : LegacyVoicemailNotificationReceiver.onReceive - isRefresh: true
03-06 15:56:38.726  4030  4030 I Dialer  : LegacyVoicemailNotificationReceiver.onReceive - clearing notification
03-06 15:56:38.726  4030  4030 I Dialer  : LegacyVoicemailNotifier.cancelNotification - enter
03-06 15:56:38.734  2476  2476 D MultiSimSettingController: onSubscriptionsChanged
03-06 15:56:38.734  2476  2476 D MultiSimSettingController: updateDefaults
03-06 15:56:38.734  2476  2476 D MultiSimSettingController: [updateDefaultValues] change: 0
03-06 15:56:38.734  2476  2476 D MultiSimSettingController: onDefaultDataSettingChanged
03-06 15:56:38.737  2476  2476 D MultiSimSettingController: onDefaultDataSettingChanged
03-06 15:56:38.740  2164  3051 W GCoreFlp: No location to return for getLastLocation()
03-06 15:56:38.741  2476  2476 I TelecomFramework: : onSubscriptionsChanged - update accounts
03-06 15:56:38.741  2476  2476 I TelecomFramework: PstnIncomingCallNotifier: Unregistering: Handler (com.android.internal.telephony.GsmCdmaPhone) {b312827}
03-06 15:56:38.742  2476  2476 I TelecomFramework: TelecomAccountRegistry: setupAccounts: Found 1 phones.  Attempting to register.
03-06 15:56:38.742  2476  2476 I TelecomFramework: TelecomAccountRegistry: setupAccounts: Phone with subscription id 1
03-06 15:56:38.754  2026  5390 I Telecom : PhoneAccountRegistrar: Modify account: [ComponentInfo{com.android.phone/com.android.services.telephony.TelephonyConnectionService}, ***, UserHandle{0}]: TSI.rPA@B6o
03-06 15:56:38.754  2890  3121 I MicroDetectionWorker: #startMicroDetector [speakerMode: 0]
03-06 15:56:38.755  2026  5390 I Telecom : CallsManager: handlePhoneAccountChanged: phoneAccount=[[X] PhoneAccount: ComponentInfo{com.android.phone/com.android.services.telephony.TelephonyConnectionService}, ***, UserHandle{0} Capabilities: CallProvider MultiUser PlaceEmerg SimSub  Audio Routes: BESW Schemes: tel voicemail  Extras: Bundle[{android.telecom.extra.SUPPORTS_VIDEO_CALLING_FALLBACK=true}] GroupId: ***]: TSI.rPA@B6o
03-06 15:56:38.755  2476  2476 I TelecomFramework: AccountEntry: Registered phoneAccount: [[ ] PhoneAccount: ComponentInfo{com.android.phone/com.android.services.telephony.TelephonyConnectionService}, ***, UserHandle{0} Capabilities: CallProvider MultiUser PlaceEmerg SimSub  Audio Routes: BESW Schemes: tel voicemail  Extras: Bundle[{android.telecom.extra.SUPPORTS_VIDEO_CALLING_FALLBACK=true}] GroupId: ***] with handle: ComponentInfo{com.android.phone/com.android.services.telephony.TelephonyConnectionService}, ***, UserHandle{0}
03-06 15:56:38.755  2476  2476 I TelecomFramework: PstnIncomingCallNotifier: Registering: Handler (com.android.internal.telephony.GsmCdmaPhone) {b312827}
03-06 15:56:38.758  2026  2377 W AppOps  : Noting op not finished: uid 10099 pkg com.google.android.gms code 79 time=1709758598434 duration=-1709758178377
03-06 15:56:38.759  2026  5390 W AppOps  : Noting op not finished: uid 10099 pkg com.google.android.gms code 79 time=1709758598758 duration=0
03-06 15:56:38.761  2476  2476 D CallNotifier: updatePhoneStateListeners: update CF notifications.
03-06 15:56:38.761  2476  2476 I NotificationMgr: updateCfi: subId= 1, visible=N
03-06 15:56:38.762  2476  2476 I NotificationMgr: updateMwi(): subId 1 update to false
03-06 15:56:38.764  2476  2476 D MultiSimSettingController: onSubscriptionsChanged
03-06 15:56:38.764  2476  2476 D MultiSimSettingController: updateDefaults
03-06 15:56:38.765  2890  3121 I AudioController: Created new AudioSource
03-06 15:56:38.765  2476  2476 D MultiSimSettingController: [updateDefaultValues] change: 0
03-06 15:56:38.766  4030  4030 I Dialer  : LegacyVoicemailNotificationReceiver.onReceive - received legacy voicemail notification
03-06 15:56:38.766  4030  4030 I Dialer  : LegacyVoicemailNotificationReceiver.onReceive - isRefresh: true
03-06 15:56:38.766  2634  2650 W System  : A resource failed to call release. 
03-06 15:56:38.766  4030  4030 I Dialer  : LegacyVoicemailNotificationReceiver.onReceive - clearing notification
03-06 15:56:38.766  2634  2650 W System  : A resource failed to call release. 
03-06 15:56:38.766  4030  4030 I Dialer  : LegacyVoicemailNotifier.cancelNotification - enter
03-06 15:56:38.768  2890  3121 I MicroDetectionWorker: onReady
03-06 15:56:38.768  2476  2476 D CallNotifier: updatePhoneStateListeners: update CF notifications.
03-06 15:56:38.768  2476  2476 I NotificationMgr: updateCfi: subId= 1, visible=N
03-06 15:56:38.770  2476  2476 I NotificationMgr: updateMwi(): subId 1 update to false
03-06 15:56:38.770  2890  3207 I MicroRecognitionRunner: Starting detection.
03-06 15:56:38.770  2890  3207 I MultipleReaderAudioSrc: Using micInputStream
03-06 15:56:38.771  2890  3566 I MicrophoneInputStream: mic_starting  SR : 16000 CC : 16 SO : 1999
03-06 15:56:38.772  2476  2476 I TelecomFramework: : onSubscriptionsChanged - update accounts
03-06 15:56:38.772  2476  2476 I TelecomFramework: PstnIncomingCallNotifier: Unregistering: Handler (com.android.internal.telephony.GsmCdmaPhone) {b312827}
03-06 15:56:38.772  2476  2476 I TelecomFramework: TelecomAccountRegistry: setupAccounts: Found 1 phones.  Attempting to register.
03-06 15:56:38.772  2476  2476 I TelecomFramework: TelecomAccountRegistry: setupAccounts: Phone with subscription id 1
03-06 15:56:38.779  4030  4030 I Dialer  : LegacyVoicemailNotificationReceiver.onReceive - received legacy voicemail notification
03-06 15:56:38.779  4030  4030 I Dialer  : LegacyVoicemailNotificationReceiver.onReceive - isRefresh: true
03-06 15:56:38.780  4030  4030 I Dialer  : LegacyVoicemailNotificationReceiver.onReceive - clearing notification
03-06 15:56:38.780  4030  4030 I Dialer  : LegacyVoicemailNotifier.cancelNotification - enter
03-06 15:56:38.783  1803  9686 I AudioFlinger: AudioFlinger's thread 0xe29778c0 tid=9686 ready to run
03-06 15:56:38.786  2026  4059 I Telecom : PhoneAccountRegistrar: Modify account: [ComponentInfo{com.android.phone/com.android.services.telephony.TelephonyConnectionService}, ***, UserHandle{0}]: TSI.rPA@B60
03-06 15:56:38.787  2026  4059 I Telecom : CallsManager: handlePhoneAccountChanged: phoneAccount=[[X] PhoneAccount: ComponentInfo{com.android.phone/com.android.services.telephony.TelephonyConnectionService}, ***, UserHandle{0} Capabilities: CallProvider MultiUser PlaceEmerg SimSub  Audio Routes: BESW Schemes: tel voicemail  Extras: Bundle[{android.telecom.extra.SUPPORTS_VIDEO_CALLING_FALLBACK=true}] GroupId: ***]: TSI.rPA@B60
03-06 15:56:38.787  2476  2476 I TelecomFramework: AccountEntry: Registered phoneAccount: [[ ] PhoneAccount: ComponentInfo{com.android.phone/com.android.services.telephony.TelephonyConnectionService}, ***, UserHandle{0} Capabilities: CallProvider MultiUser PlaceEmerg SimSub  Audio Routes: BESW Schemes: tel voicemail  Extras: Bundle[{android.telecom.extra.SUPPORTS_VIDEO_CALLING_FALLBACK=true}] GroupId: ***] with handle: ComponentInfo{com.android.phone/com.android.services.telephony.TelephonyConnectionService}, ***, UserHandle{0}
03-06 15:56:38.787  2476  2476 I TelecomFramework: PstnIncomingCallNotifier: Registering: Handler (com.android.internal.telephony.GsmCdmaPhone) {b312827}
03-06 15:56:38.789  2476  2476 D MultiSimSettingController: onSubscriptionsChanged
03-06 15:56:38.789  2476  2476 D MultiSimSettingController: updateDefaults
03-06 15:56:38.789  2890  3566 I MicrophoneInputStream: mic_started  SR : 16000 CC : 16 SO : 1999
03-06 15:56:38.789  2026  2873 I AudioService.RecordingActivityMonitor: rec update riid:175 uid:10105 session:161 src:HOTWORD pack:com.google.android.googlequicksearchbox
03-06 15:56:38.793  2476  2476 D MultiSimSettingController: [updateDefaultValues] change: 0
03-06 15:56:38.794  2476  2476 D CallNotifier: updatePhoneStateListeners: update CF notifications.
03-06 15:56:38.794  2476  2476 I NotificationMgr: updateCfi: subId= 1, visible=N
03-06 15:56:38.795  2476  2476 I NotificationMgr: updateMwi(): subId 1 update to false
03-06 15:56:38.798  4030  4030 I Dialer  : LegacyVoicemailNotificationReceiver.onReceive - received legacy voicemail notification
03-06 15:56:38.798  4030  4030 I Dialer  : LegacyVoicemailNotificationReceiver.onReceive - isRefresh: true
03-06 15:56:38.798  4030  4030 I Dialer  : LegacyVoicemailNotificationReceiver.onReceive - clearing notification
03-06 15:56:38.798  4030  4030 I Dialer  : LegacyVoicemailNotifier.cancelNotification - enter
03-06 15:56:38.801  2476  2476 I TelecomFramework: : onSubscriptionsChanged - update accounts
03-06 15:56:38.801  2476  2476 I TelecomFramework: PstnIncomingCallNotifier: Unregistering: Handler (com.android.internal.telephony.GsmCdmaPhone) {b312827}
03-06 15:56:38.801  2476  2476 I TelecomFramework: TelecomAccountRegistry: setupAccounts: Found 1 phones.  Attempting to register.
03-06 15:56:38.801  2476  2476 I TelecomFramework: TelecomAccountRegistry: setupAccounts: Phone with subscription id 1
03-06 15:56:38.820  2164  8881 W ctxmgr  : [AclManager] No 3 for (accnt=account#-517948760#, com.google.android.gms(10099):UserVelocityProducer, vrsn=17786022, 0, 3pPkg = null ,  3pMdlId = null ,  pid = 2164). Was: 3 for 1, account#-517948760# [CONTEXT service_id=47 ]
03-06 15:56:38.822  2890  3121 I MicroDetectionWorker: onReady
03-06 15:56:38.822  2890  3207 W SpeechLevelGenerator: Really low audio levels detected. The audio input may have issues.
03-06 15:56:38.823  2026  3203 I Telecom : PhoneAccountRegistrar: Modify account: [ComponentInfo{com.android.phone/com.android.services.telephony.TelephonyConnectionService}, ***, UserHandle{0}]: TSI.rPA@B7A
03-06 15:56:38.823  2026  3203 I Telecom : CallsManager: handlePhoneAccountChanged: phoneAccount=[[X] PhoneAccount: ComponentInfo{com.android.phone/com.android.services.telephony.TelephonyConnectionService}, ***, UserHandle{0} Capabilities: CallProvider MultiUser PlaceEmerg SimSub  Audio Routes: BESW Schemes: tel voicemail  Extras: Bundle[{android.telecom.extra.SUPPORTS_VIDEO_CALLING_FALLBACK=true}] GroupId: ***]: TSI.rPA@B7A
03-06 15:56:38.823  2476  2476 I TelecomFramework: AccountEntry: Registered phoneAccount: [[ ] PhoneAccount: ComponentInfo{com.android.phone/com.android.services.telephony.TelephonyConnectionService}, ***, UserHandle{0} Capabilities: CallProvider MultiUser PlaceEmerg SimSub  Audio Routes: BESW Schemes: tel voicemail  Extras: Bundle[{android.telecom.extra.SUPPORTS_VIDEO_CALLING_FALLBACK=true}] GroupId: ***] with handle: ComponentInfo{com.android.phone/com.android.services.telephony.TelephonyConnectionService}, ***, UserHandle{0}
03-06 15:56:38.823  2476  2476 I TelecomFramework: PstnIncomingCallNotifier: Registering: Handler (com.android.internal.telephony.GsmCdmaPhone) {b312827}
03-06 15:56:38.832  2476  2476 D MultiSimSettingController: onSubscriptionsChanged
03-06 15:56:38.832  2476  2476 D MultiSimSettingController: updateDefaults
03-06 15:56:38.832  2476  2476 D MultiSimSettingController: [updateDefaultValues] change: 0
03-06 15:56:38.833  2476  2476 D CallNotifier: updatePhoneStateListeners: update CF notifications.
03-06 15:56:38.833  2476  2476 I NotificationMgr: updateCfi: subId= 1, visible=N
03-06 15:56:38.833  2476  2476 I NotificationMgr: updateMwi(): subId 1 update to false
03-06 15:56:38.835  2476  2476 I TelecomFramework: : onSubscriptionsChanged - update accounts
03-06 15:56:38.836  2476  2476 I TelecomFramework: PstnIncomingCallNotifier: Unregistering: Handler (com.android.internal.telephony.GsmCdmaPhone) {b312827}
03-06 15:56:38.836  2476  2476 I TelecomFramework: TelecomAccountRegistry: setupAccounts: Found 1 phones.  Attempting to register.
03-06 15:56:38.836  2476  2476 I TelecomFramework: TelecomAccountRegistry: setupAccounts: Phone with subscription id 1
03-06 15:56:38.837  2164  3051 W GCoreFlp: No location to return for getLastLocation()
03-06 15:56:38.837  4030  4030 I Dialer  : LegacyVoicemailNotificationReceiver.onReceive - received legacy voicemail notification
03-06 15:56:38.837  4030  4030 I Dialer  : LegacyVoicemailNotificationReceiver.onReceive - isRefresh: true
03-06 15:56:38.837  4030  4030 I Dialer  : LegacyVoicemailNotificationReceiver.onReceive - clearing notification
03-06 15:56:38.837  4030  4030 I Dialer  : LegacyVoicemailNotifier.cancelNotification - enter
03-06 15:56:38.839  2026  4059 I WifiService: acquireWifiLock uid=10099 lockMode=2
03-06 15:56:38.848  2164  3051 W GCoreFlp: No location to return for getLastLocation()
03-06 15:56:38.851  2026  2873 I Telecom : PhoneAccountRegistrar: Modify account: [ComponentInfo{com.android.phone/com.android.services.telephony.TelephonyConnectionService}, ***, UserHandle{0}]: TSI.rPA@B7M
03-06 15:56:38.852  2026  2873 I Telecom : CallsManager: handlePhoneAccountChanged: phoneAccount=[[X] PhoneAccount: ComponentInfo{com.android.phone/com.android.services.telephony.TelephonyConnectionService}, ***, UserHandle{0} Capabilities: CallProvider MultiUser PlaceEmerg SimSub  Audio Routes: BESW Schemes: tel voicemail  Extras: Bundle[{android.telecom.extra.SUPPORTS_VIDEO_CALLING_FALLBACK=true}] GroupId: ***]: TSI.rPA@B7M
03-06 15:56:38.852  2476  2476 I TelecomFramework: AccountEntry: Registered phoneAccount: [[ ] PhoneAccount: ComponentInfo{com.android.phone/com.android.services.telephony.TelephonyConnectionService}, ***, UserHandle{0} Capabilities: CallProvider MultiUser PlaceEmerg SimSub  Audio Routes: BESW Schemes: tel voicemail  Extras: Bundle[{android.telecom.extra.SUPPORTS_VIDEO_CALLING_FALLBACK=true}] GroupId: ***] with handle: ComponentInfo{com.android.phone/com.android.services.telephony.TelephonyConnectionService}, ***, UserHandle{0}
03-06 15:56:38.852  2476  2476 I TelecomFramework: PstnIncomingCallNotifier: Registering: Handler (com.android.internal.telephony.GsmCdmaPhone) {b312827}
03-06 15:56:38.852  2164  3051 W GCoreFlp: No location to return for getLastLocation()
03-06 15:56:38.855  2476  2476 D MultiSimSettingController: onSubscriptionsChanged
03-06 15:56:38.855  2476  2476 D MultiSimSettingController: updateDefaults
03-06 15:56:38.855  2476  2476 D MultiSimSettingController: [updateDefaultValues] change: 0
03-06 15:56:38.855  2476  2476 I TelecomFramework: : onSubscriptionsChanged - update accounts
03-06 15:56:38.855  2476  2476 I TelecomFramework: PstnIncomingCallNotifier: Unregistering: Handler (com.android.internal.telephony.GsmCdmaPhone) {b312827}
03-06 15:56:38.855  2476  2476 I TelecomFramework: TelecomAccountRegistry: setupAccounts: Found 1 phones.  Attempting to register.
03-06 15:56:38.855  2476  2476 I TelecomFramework: TelecomAccountRegistry: setupAccounts: Phone with subscription id 1
03-06 15:56:38.867  2164  9344 I Places  : ?: Couldn't find platform key file.
03-06 15:56:38.868  2164  3051 W GCoreFlp: No location to return for getLastLocation()
03-06 15:56:38.869  2026  2873 I Telecom : PhoneAccountRegistrar: Modify account: [ComponentInfo{com.android.phone/com.android.services.telephony.TelephonyConnectionService}, ***, UserHandle{0}]: TSI.rPA@B7Y
03-06 15:56:38.869  2026  2873 I Telecom : CallsManager: handlePhoneAccountChanged: phoneAccount=[[X] PhoneAccount: ComponentInfo{com.android.phone/com.android.services.telephony.TelephonyConnectionService}, ***, UserHandle{0} Capabilities: CallProvider MultiUser PlaceEmerg SimSub  Audio Routes: BESW Schemes: tel voicemail  Extras: Bundle[{android.telecom.extra.SUPPORTS_VIDEO_CALLING_FALLBACK=true}] GroupId: ***]: TSI.rPA@B7Y
03-06 15:56:38.869  2476  2476 I TelecomFramework: AccountEntry: Registered phoneAccount: [[ ] PhoneAccount: ComponentInfo{com.android.phone/com.android.services.telephony.TelephonyConnectionService}, ***, UserHandle{0} Capabilities: CallProvider MultiUser PlaceEmerg SimSub  Audio Routes: BESW Schemes: tel voicemail  Extras: Bundle[{android.telecom.extra.SUPPORTS_VIDEO_CALLING_FALLBACK=true}] GroupId: ***] with handle: ComponentInfo{com.android.phone/com.android.services.telephony.TelephonyConnectionService}, ***, UserHandle{0}
03-06 15:56:38.869  2476  2476 I TelecomFramework: PstnIncomingCallNotifier: Registering: Handler (com.android.internal.telephony.GsmCdmaPhone) {b312827}
03-06 15:56:38.872  2476  2476 D CallNotifier: updatePhoneStateListeners: update CF notifications.
03-06 15:56:38.872  2476  2476 I NotificationMgr: updateCfi: subId= 1, visible=N
03-06 15:56:38.872  2476  2476 I NotificationMgr: updateMwi(): subId 1 update to false
03-06 15:56:38.875  2476  2476 D MultiSimSettingController: onSubscriptionsChanged
03-06 15:56:38.875  2476  2476 D MultiSimSettingController: updateDefaults
03-06 15:56:38.875  4030  4030 I Dialer  : LegacyVoicemailNotificationReceiver.onReceive - received legacy voicemail notification
03-06 15:56:38.875  4030  4030 I Dialer  : LegacyVoicemailNotificationReceiver.onReceive - isRefresh: true
03-06 15:56:38.875  4030  4030 I Dialer  : LegacyVoicemailNotificationReceiver.onReceive - clearing notification
03-06 15:56:38.875  4030  4030 I Dialer  : LegacyVoicemailNotifier.cancelNotification - enter
03-06 15:56:38.884  2476  2476 D MultiSimSettingController: [updateDefaultValues] change: 0
03-06 15:56:38.886  2476  2476 I VvmSimStateTracker: android.intent.action.SIM_STATE_CHANGED
03-06 15:56:38.886  2476  2476 D CallNotifier: updatePhoneStateListeners: update CF notifications.
03-06 15:56:38.886  2476  2476 I NotificationMgr: updateCfi: subId= 1, visible=N
03-06 15:56:38.887  6392  6392 I Finsky  : [2] com.google.android.finsky.simhandler.SimStateReceiver.a(6): android.intent.action.SIM_STATE_CHANGED : simState = LOADED
03-06 15:56:38.888  2476  2476 I NotificationMgr: updateMwi(): subId 1 update to false
03-06 15:56:38.899  4030  4030 I Dialer  : LegacyVoicemailNotificationReceiver.onReceive - received legacy voicemail notification
03-06 15:56:38.899  4030  4030 I Dialer  : LegacyVoicemailNotificationReceiver.onReceive - isRefresh: true
03-06 15:56:38.900  4030  4030 I Dialer  : LegacyVoicemailNotificationReceiver.onReceive - clearing notification
03-06 15:56:38.900  4030  4030 I Dialer  : LegacyVoicemailNotifier.cancelNotification - enter
03-06 15:56:38.901  2476  2476 I TelecomFramework: : onSubscriptionsChanged - update accounts
03-06 15:56:38.901  2476  2476 I TelecomFramework: PstnIncomingCallNotifier: Unregistering: Handler (com.android.internal.telephony.GsmCdmaPhone) {b312827}
03-06 15:56:38.901  2476  2476 I TelecomFramework: TelecomAccountRegistry: setupAccounts: Found 1 phones.  Attempting to register.
03-06 15:56:38.901  2476  2476 I TelecomFramework: TelecomAccountRegistry: setupAccounts: Phone with subscription id 1
03-06 15:56:38.914  2387  8508 I constellation: [sim_state_checker] sim state checker is disabled.
03-06 15:56:38.919  2026  2449 W BroadcastQueue: Background execution not allowed: receiving Intent { act=android.intent.action.DROPBOX_ENTRY_ADDED flg=0x10 (has extras) } to com.google.android.gms/.stats.service.DropBoxEntryAddedReceiver
03-06 15:56:38.919  2026  2053 W BroadcastQueue: Background execution not allowed: receiving Intent { act=android.intent.action.DROPBOX_ENTRY_ADDED flg=0x10 (has extras) } to com.google.android.gms/.chimera.GmsIntentOperationService$PersistentTrustedReceiver
03-06 15:56:38.920  2026  2873 W AppOps  : Noting op not finished: uid 10099 pkg com.google.android.gms code 79 time=1709758598759 duration=0
03-06 15:56:38.920  2164  9190 I Places  : ?: Couldn't find platform key file.
03-06 15:56:38.920  2164  9688 I PlaceInferenceEngine: [anon] Changed inference mode: 0
03-06 15:56:38.922  2164  9344 I Places  : ?: Couldn't find platform key file.
03-06 15:56:38.925  2026  2873 W AppOps  : Noting op not finished: uid 10099 pkg com.google.android.gms code 79 time=1709758598920 duration=0
03-06 15:56:38.932  2164  2164 I GeofencerStateMachine: removeGeofences: removeRequest=RemoveGeofencingRequest[REMOVE_BY_PENDING_INTENT pendingIntent=PendingIntent[creatorPackage=com.google.android.gms], packageName=com.google.android.gms]
03-06 15:56:38.934  2026  5390 I Telecom : PhoneAccountRegistrar: Modify account: [ComponentInfo{com.android.phone/com.android.services.telephony.TelephonyConnectionService}, ***, UserHandle{0}]: TSI.rPA@B7o
03-06 15:56:38.935  2026  5390 I Telecom : CallsManager: handlePhoneAccountChanged: phoneAccount=[[X] PhoneAccount: ComponentInfo{com.android.phone/com.android.services.telephony.TelephonyConnectionService}, ***, UserHandle{0} Capabilities: CallProvider MultiUser PlaceEmerg SimSub  Audio Routes: BESW Schemes: tel voicemail  Extras: Bundle[{android.telecom.extra.SUPPORTS_VIDEO_CALLING_FALLBACK=true}] GroupId: ***]: TSI.rPA@B7o
03-06 15:56:38.935  2476  2476 I TelecomFramework: AccountEntry: Registered phoneAccount: [[ ] PhoneAccount: ComponentInfo{com.android.phone/com.android.services.telephony.TelephonyConnectionService}, ***, UserHandle{0} Capabilities: CallProvider MultiUser PlaceEmerg SimSub  Audio Routes: BESW Schemes: tel voicemail  Extras: Bundle[{android.telecom.extra.SUPPORTS_VIDEO_CALLING_FALLBACK=true}] GroupId: ***] with handle: ComponentInfo{com.android.phone/com.android.services.telephony.TelephonyConnectionService}, ***, UserHandle{0}
03-06 15:56:38.935  2476  2476 I TelecomFramework: PstnIncomingCallNotifier: Registering: Handler (com.android.internal.telephony.GsmCdmaPhone) {b312827}
03-06 15:56:38.935  2164  2164 I GeofencerStateMachine: removeGeofences: removeRequest=RemoveGeofencingRequest[REMOVE_BY_PENDING_INTENT pendingIntent=PendingIntent[creatorPackage=com.google.android.gms], packageName=com.google.android.gms]
03-06 15:56:38.937  2476  2476 D MultiSimSettingController: onSubscriptionsChanged
03-06 15:56:38.937  2476  2476 D MultiSimSettingController: updateDefaults
03-06 15:56:38.937  2476  2476 D MultiSimSettingController: [updateDefaultValues] change: 0
03-06 15:56:38.937  2476  2476 D CarrierConfigLoader: mHandler: 7 phoneId: 0
03-06 15:56:38.939  2476  2476 D CarrierConfigLoader: Loaded config from XML. package=com.android.carrierconfig phoneId=0
03-06 15:56:38.939  2476  2476 D CarrierSvcBindHelper: mHandler: 0
03-06 15:56:38.939  2476  2476 D CarrierSvcBindHelper: Rebinding if necessary for phoneId: 0
03-06 15:56:38.940  2476  2476 D CarrierSvcBindHelper: No carrier app for: 0
03-06 15:56:38.942  2476  2490 W System  : A resource failed to call close. 
03-06 15:56:38.949  2164  3051 W GCoreFlp: No location to return for getLastLocation()
03-06 15:56:38.974  2387  3936 I FontsContentProvider: Received query Noto Color Emoji Compat, URI content://com.google.android.gms.fonts
03-06 15:56:38.974  2387  3936 I FontsContentProvider: Query [Noto Color Emoji Compat] resolved to {Noto Color Emoji Compat, wdth 100.0, wght 400, ital 0.0, bestEffort false}
03-06 15:56:38.977  2164  9493 I Places  : ?: Couldn't find platform key file.
03-06 15:56:38.977  2164  9344 I Places  : ?: Couldn't find platform key file.
03-06 15:56:38.984  2164  9693 I Places  : ?: Couldn't find platform key file.
03-06 15:56:38.986  2387  5388 E FontsHttpClientDL: Download https://fonts.gstatic.com/s/a/directory014.pb failed
03-06 15:56:38.986  2387  5388 W FontsServer: No resolver, short-circuit {Noto Color Emoji Compat, wdth 100.0, wght 400, ital 0.0, bestEffort false} for com.google.android.inputmethod.latin to failure
03-06 15:56:38.987  2387  3936 I FontsContentProvider: Fetch {Noto Color Emoji Compat, wdth 100.0, wght 400, ital 0.0, bestEffort false} end status Status{statusCode=Unavailable, resolution=null}
03-06 15:56:38.991  2164  9688 W Places  : ?: Failed to download inference model weights PlacesServer
03-06 15:56:38.991  2164  9688 W PlaceInferenceEngine: Failed to download model weights. Status code: 7
03-06 15:56:38.991  2164  9693 I Places  : ?: Couldn't find platform key file.
03-06 15:56:38.992  2164  9190 I Places  : ?: Couldn't find platform key file.
03-06 15:56:38.995  2476  3413 D IccSmsInterfaceManager: [IccSmsInterfaceManager] Failed to add cdma broadcast channels range 4099 to 4099
03-06 15:56:38.999  2476  3413 D IccSmsInterfaceManager: [IccSmsInterfaceManager] Calling setGsmBroadcastConfig with 1 configurations
03-06 15:56:39.002  2476  2476 I TelecomFramework: PstnPhoneCapabilitiesNotifier: handleVideoCapabilitesChanged. Video capability - false
03-06 15:56:39.003  2476  2476 I CallNotifier: onCallForwardingIndicatorChanged(): subId=1, visible=N
03-06 15:56:39.003  2476  2476 D CallNotifier: updatePhoneStateListeners: update CF notifications.
03-06 15:56:39.003  2476  2476 I NotificationMgr: updateCfi: subId= 1, visible=N
03-06 15:56:39.004  2476  2476 I NotificationMgr: updateMwi(): subId 1 update to false
03-06 15:56:39.009  4030  4030 I Dialer  : LegacyVoicemailNotificationReceiver.onReceive - received legacy voicemail notification
03-06 15:56:39.009  4030  4030 I Dialer  : LegacyVoicemailNotificationReceiver.onReceive - isRefresh: true
03-06 15:56:39.009  4030  4030 I Dialer  : LegacyVoicemailNotificationReceiver.onReceive - clearing notification
03-06 15:56:39.009  4030  4030 I Dialer  : LegacyVoicemailNotifier.cancelNotification - enter
03-06 15:56:39.009  4030  4030 I Dialer  : LegacyVoicemailNotifier.cancelNotification - 'null' id, canceling all legacy voicemail notifications
03-06 15:56:39.017  2476  2476 D CallNotifier: updatePhoneStateListeners: update CF notifications.
03-06 15:56:39.017  2476  2476 I NotificationMgr: updateCfi: subId= 1, visible=N
03-06 15:56:39.017  2476  2476 I NotificationMgr: updateMwi(): subId 1 update to false
03-06 15:56:39.019  2164  9691 I Places  : ?: Couldn't find platform key file.
03-06 15:56:39.021  4030  4030 I Dialer  : LegacyVoicemailNotificationReceiver.onReceive - received legacy voicemail notification
03-06 15:56:39.021  4030  4030 I Dialer  : LegacyVoicemailNotificationReceiver.onReceive - isRefresh: false
03-06 15:56:39.021  4030  4030 I Dialer  : LegacyVoicemailNotificationReceiver.onReceive - clearing notification
03-06 15:56:39.021  4030  4030 I Dialer  : LegacyVoicemailNotifier.cancelNotification - enter
03-06 15:56:39.021  4030  4030 I Dialer  : LegacyVoicemailNotifier.cancelNotification - 'null' id, canceling all legacy voicemail notifications
03-06 15:56:39.025  1676  1676 I hwservicemanager: getTransport: Cannot find entry android.hardware.radio.config@1.1::IRadioConfig/default in either framework or device manifest.
03-06 15:56:39.025  1676  1676 I hwservicemanager: getTransport: Cannot find entry android.hardware.radio.config@1.0::IRadioConfig/default in either framework or device manifest.
03-06 15:56:39.038  1676  1676 I hwservicemanager: getTransport: Cannot find entry android.hardware.radio.config@1.1::IRadioConfig/default in either framework or device manifest.
03-06 15:56:39.038  1676  1676 I hwservicemanager: getTransport: Cannot find entry android.hardware.radio.config@1.0::IRadioConfig/default in either framework or device manifest.
03-06 15:56:39.038  1676  1676 I hwservicemanager: getTransport: Cannot find entry android.hardware.radio.config@1.1::IRadioConfig/default in either framework or device manifest.
03-06 15:56:39.038  1676  1676 I hwservicemanager: getTransport: Cannot find entry android.hardware.radio.config@1.0::IRadioConfig/default in either framework or device manifest.
03-06 15:56:39.049  7200  7254 E TestRunner: failed: testFilterOpen(ru.netology.tests.ClaimsPageTests)
03-06 15:56:39.049  7200  7254 E TestRunner: ----- begin exception -----
03-06 15:56:39.050  7200  7254 E TestRunner: androidx.test.espresso.PerformException: Error performing 'wait for a specific view with attribute <an instance of android.widget.TextView and view.getText() with or without transformation to match: is "Claims"> during 5000 millis.' on view 'Animations or transitions are enabled on the target device.
03-06 15:56:39.050  7200  7254 E TestRunner: For more info check: https://developer.android.com/training/testing/espresso/setup#set-up-environment
03-06 15:56:39.050  7200  7254 E TestRunner: 
03-06 15:56:39.050  7200  7254 E TestRunner: view.getRootView() to equal view'.
03-06 15:56:39.050  7200  7254 E TestRunner: 	at androidx.test.espresso.PerformException$Builder.build(PerformException.java:1)
03-06 15:56:39.050  7200  7254 E TestRunner: 	at androidx.test.espresso.base.DefaultFailureHandler.getUserFriendlyError(DefaultFailureHandler.java:9)
03-06 15:56:39.050  7200  7254 E TestRunner: 	at androidx.test.espresso.base.DefaultFailureHandler.handle(DefaultFailureHandler.java:7)
03-06 15:56:39.050  7200  7254 E TestRunner: 	at androidx.test.espresso.ViewInteraction.waitForAndHandleInteractionResults(ViewInteraction.java:8)
03-06 15:56:39.050  7200  7254 E TestRunner: 	at androidx.test.espresso.ViewInteraction.desugaredPerform(ViewInteraction.java:11)
03-06 15:56:39.050  7200  7254 E TestRunner: 	at androidx.test.espresso.ViewInteraction.perform(ViewInteraction.java:4)
03-06 15:56:39.050  7200  7254 E TestRunner: 	at ru.netology.data.DataHelper.elementWaiting(DataHelper.java:323)
03-06 15:56:39.050  7200  7254 E TestRunner: 	at ru.netology.pages.ClaimsPage.checkClaimsScreenLoaded(ClaimsPage.java:36)
03-06 15:56:39.050  7200  7254 E TestRunner: 	at ru.netology.data.ReadyScreen.readyClaimsScreen(ReadyScreen.java:42)
03-06 15:56:39.050  7200  7254 E TestRunner: 	at ru.netology.tests.ClaimsPageTests.readyScreen(ClaimsPageTests.java:43)
03-06 15:56:39.050  7200  7254 E TestRunner: 	at java.lang.reflect.Method.invoke(Native Method)
03-06 15:56:39.050  7200  7254 E TestRunner: 	at org.junit.runners.model.FrameworkMethod$1.runReflectiveCall(FrameworkMethod.java:59)
03-06 15:56:39.050  7200  7254 E TestRunner: 	at org.junit.internal.runners.model.ReflectiveCallable.run(ReflectiveCallable.java:12)
03-06 15:56:39.050  7200  7254 E TestRunner: 	at org.junit.runners.model.FrameworkMethod.invokeExplosively(FrameworkMethod.java:56)
03-06 15:56:39.050  7200  7254 E TestRunner: 	at androidx.test.internal.runner.junit4.statement.RunBefores.evaluate(RunBefores.java:76)
03-06 15:56:39.050  7200  7254 E TestRunner: 	at org.junit.rules.ExternalResource$1.evaluate(ExternalResource.java:54)
03-06 15:56:39.050  7200  7254 E TestRunner: 	at io.qameta.allure.android.rules.ScreenshotRule$apply$1.evaluate(ScreenshotRule.kt:22)
03-06 15:56:39.050  7200  7254 E TestRunner: 	at org.junit.rules.ExternalResource$1.evaluate(ExternalResource.java:54)
03-06 15:56:39.050  7200  7254 E TestRunner: 	at io.qameta.allure.android.rules.LogcatRule$apply$1.evaluate(LogcatRule.kt:23)
03-06 15:56:39.050  7200  7254 E TestRunner: 	at org.junit.rules.RunRules.evaluate(RunRules.java:20)
03-06 15:56:39.050  7200  7254 E TestRunner: 	at org.junit.runners.ParentRunner$3.evaluate(ParentRunner.java:306)
03-06 15:56:39.050  7200  7254 E TestRunner: 	at org.junit.runners.BlockJUnit4ClassRunner$1.evaluate(BlockJUnit4ClassRunner.java:100)
03-06 15:56:39.050  7200  7254 E TestRunner: 	at org.junit.runners.ParentRunner.runLeaf(ParentRunner.java:366)
03-06 15:56:39.050  7200  7254 E TestRunner: 	at org.junit.runners.BlockJUnit4ClassRunner.runChild(BlockJUnit4ClassRunner.java:103)
03-06 15:56:39.050  7200  7254 E TestRunner: 	at org.junit.runners.BlockJUnit4ClassRunner.runChild(BlockJUnit4ClassRunner.java:63)
03-06 15:56:39.050  7200  7254 E TestRunner: 	at org.junit.runners.ParentRunner$4.run(ParentRunner.java:331)
03-06 15:56:39.050  7200  7254 E TestRunner: 	at org.junit.runners.ParentRunner$1.schedule(ParentRunner.java:79)
03-06 15:56:39.050  7200  7254 E TestRunner: 	at org.junit.runners.ParentRunner.runChildren(ParentRunner.java:329)
03-06 15:56:39.050  7200  7254 E TestRunner: 	at org.junit.runners.ParentRunner.access$100(ParentRunner.java:66)
03-06 15:56:39.050  7200  7254 E TestRunner: 	at org.junit.runners.ParentRunner$2.evaluate(ParentRunner.java:293)
03-06 15:56:39.050  7200  7254 E TestRunner: 	at org.junit.runners.ParentRunner$3.evaluate(ParentRunner.java:306)
03-06 15:56:39.050  7200  7254 E TestRunner: 	at org.junit.runners.ParentRunner.run(ParentRunner.java:413)
03-06 15:56:39.050  7200  7254 E TestRunner: 	at androidx.test.ext.junit.runners.AndroidJUnit4.run(AndroidJUnit4.java:162)
03-06 15:56:39.050  7200  7254 E TestRunner: 	at org.junit.runners.Suite.runChild(Suite.java:128)
03-06 15:56:39.050  7200  7254 E TestRunner: 	at org.junit.runners.Suite.runChild(Suite.java:27)
03-06 15:56:39.050  7200  7254 E TestRunner: 	at org.junit.runners.ParentRunner$4.run(ParentRunner.java:331)
03-06 15:56:39.050  7200  7254 E TestRunner: 	at org.junit.runners.ParentRunner$1.schedule(ParentRunner.java:79)
03-06 15:56:39.050  7200  7254 E TestRunner: 	at org.junit.runners.ParentRunner.runChildren(ParentRunner.java:329)
03-06 15:56:39.050  7200  7254 E TestRunner: 	at org.junit.runners.ParentRunner.access$100(ParentRunner.java:66)
03-06 15:56:39.050  7200  7254 E TestRunner: 	at org.junit.runners.ParentRunner$2.evaluate(ParentRunner.java:293)
03-06 15:56:39.050  7200  7254 E TestRunner: 	at org.junit.runners.ParentRunner$3.evaluate(ParentRunner.java:306)
03-06 15:56:39.050  7200  7254 E TestRunner: 	at org.junit.runners.ParentRunner.run(ParentRunner.java:413)
03-06 15:56:39.050  7200  7254 E TestRunner: 	at org.junit.runner.JUnitCore.run(JUnitCore.java:137)
03-06 15:56:39.050  7200  7254 E TestRunner: 	at org.junit.runner.JUnitCore.run(JUnitCore.java:115)
03-06 15:56:39.050  7200  7254 E TestRunner: 	at androidx.test.internal.runner.TestExecutor.execute(TestExecutor.java:65)
03-06 15:56:39.050  7200  7254 E TestRunner: 	at androidx.test.internal.runner.TestExecutor.execute(TestExecutor.java:56)
03-06 15:56:39.050  7200  7254 E TestRunner: 	at androidx.test.runner.AndroidJUnitRunner.onStart(AndroidJUnitRunner.java:471)
03-06 15:56:39.050  7200  7254 E TestRunner: 	at android.app.Instrumentation$InstrumentationThread.run(Instrumentation.java:2189)
03-06 15:56:39.050  7200  7254 E TestRunner: Caused by: java.util.concurrent.TimeoutException
03-06 15:56:39.050  7200  7254 E TestRunner: 	at
03-06 15:56:39.050  7200  7254 E TestRunner: ----- end exception -----
03-06 15:56:39.050  7418  7418 D CarrierDefaultBroadcastReceiver: onReceive intent: com.android.internal.telephony.CARRIER_SIGNAL_RESET
03-06 15:56:39.050  7200  7254 I TestRunner: finished: testFilterOpen(ru.netology.tests.ClaimsPageTests)
03-06 15:56:39.052  2476  2476 E PhoneInterfaceManager: [PhoneIntfMgr] getIccId: No UICC
03-06 15:56:39.053  7418  7418 D CarrierDefaultBroadcastReceiver: apply carrier action idx: 6
03-06 15:56:39.053  7418  7418 D CarrierActionUtils: onCancelAllNotifications
03-06 15:56:39.053  7418  7418 D CarrierDefaultBroadcastReceiver: apply carrier action idx: 8
03-06 15:56:39.053  7418  7418 D CarrierActionUtils: onDisableDefaultURLHandler
03-06 15:56:39.059  2164  8881 I ctxmgr  : [ProducerStatusImpl] updateStateForNewContextData: inactive, contextName=7 [CONTEXT service_id=47 ]
03-06 15:56:39.059  7200  7254 I TestRunner: started: testEditComment(ru.netology.tests.CreateEditClaimTests)
03-06 15:56:39.074  2164  3051 W GCoreFlp: No location to return for getLastLocation()
03-06 15:56:39.046  2476  2476 I chatty  : uid=1001(radio) com.android.phone identical 5 lines
03-06 15:56:39.051  2476  2476 I TelecomFramework: PstnPhoneCapabilitiesNotifier: handleVideoCapabilitesChanged. Video capability - false
03-06 15:56:39.075  2026  3203 I Telecom : PhoneAccountRegistrar: New phone account registered: [[ ] PhoneAccount: ComponentInfo{com.android.phone/com.android.services.telephony.TelephonyConnectionService}, ***, UserHandle{0} Capabilities: CallProvider MultiUser PlaceEmerg SimSub  Audio Routes: BESW Schemes: tel voicemail  Extras: Bundle[{android.telecom.extra.SUPPORTS_VIDEO_CALLING_FALLBACK=true}] GroupId: ***]: TSI.rPA@B70
03-06 15:56:39.076  2026  2449 W AppOps  : Noting op not finished: uid 10099 pkg com.google.android.gms code 79 time=1709758598925 duration=0
03-06 15:56:39.076  2026  3203 I Telecom : CallsManager: Sending phone-account ComponentInfo{com.android.phone/com.android.services.telephony.TelephonyConnectionService}, ***, UserHandle{0} registered intent as user: TSI.rPA@B70
03-06 15:56:39.076  2026  3203 I Telecom : CallsManager: Sending phone-account registered intent to default dialer: TSI.rPA@B70
03-06 15:56:39.077  2476  2476 D CarrierConfigLoader: mHandler: 5 phoneId: 0
03-06 15:56:39.077  2476  2476 E PhoneInterfaceManager: [PhoneIntfMgr] getCarrierPackageNamesForIntent: No UICC
03-06 15:56:39.078  2026  3203 W AppOps  : Noting op not finished: uid 10099 pkg com.google.android.gms code 79 time=1709758599076 duration=0
03-06 15:56:39.078  2476  2476 D IntentBroadcaster: Broadcasting and adding intent for rebroadcast: android.intent.action.SIM_STATE_CHANGED UNKNOWN for slotId 0
03-06 15:56:39.078  7200  7213 I teco.fmhandroi: Background young concurrent copying GC freed 5259(1100KB) AllocSpace objects, 6(1316KB) LOS objects, 9% free, 11MB/12MB, paused 5.090ms total 32.520ms
03-06 15:56:39.079  2184  2184 V KeyguardUpdateMonitor: action android.intent.action.SIM_STATE_CHANGED state: UNKNOWN slotId: 0 subid: 1
03-06 15:56:39.079  2184  2184 D KeyguardUpdateMonitor: handleSimStateChange(subId=1, slotId=0, state=UNKNOWN)
03-06 15:56:39.079  2803  2803 I rcs     : [PresencePublication] onReceive intent=Intent { act=android.intent.action.SIM_STATE_CHANGED flg=0x5000010 (has extras) }
03-06 15:56:39.079  2803  2803 I rcs     : [PresencePublication] ACTION_SIM_STATE_CHANGED INTENT_KEY_ICC_STATE=UNKNOWN
03-06 15:56:39.079  2803  2803 I rcs     : [RcsService] onReceive intent=Intent { act=android.intent.action.SIM_STATE_CHANGED flg=0x5000010 (has extras) }
03-06 15:56:39.081  2164  9691 I Places  : ?: Couldn't find platform key file.
03-06 15:56:39.082  2476  2476 D CarrierConfigLoader: update config for phoneId: 0 simState: UNKNOWN
03-06 15:56:39.082  2476  2476 D CarrierSvcBindHelper: update binding for phoneId: 0 simState: UNKNOWN
03-06 15:56:39.089  7200  7254 W Settings: Setting always_finish_activities has moved from android.provider.Settings.System to android.provider.Settings.Global, returning read-only value.
03-06 15:56:39.090  2476  2476 D TelephonyProvider: match current APN size:  0
03-06 15:56:39.091  2476  2476 E TelephonyProvider: iccRecords is null
03-06 15:56:39.093  2026  2377 I ActivityTaskManager: START u0 {act=android.intent.action.MAIN cat=[android.intent.category.LAUNCHER] flg=0x10008000 cmp=ru.iteco.fmhandroid/.ui.AppActivity} from uid 10134
03-06 15:56:39.096  2026  2449 D AlarmManagerService: Kernel timezone updated to 0 minutes west of GMT
03-06 15:56:39.096  2026  3203 W ActivityTaskManager: Finishing task with all activities already finished
03-06 15:56:39.096  2026  3203 W ActivityTaskManager: Duplicate finish request for ActivityRecord{9b876a9 u0 ru.iteco.fmhandroid.test/androidx.test.core.app.InstrumentationActivityInvoker$EmptyActivity t41 f}
03-06 15:56:39.097  2026  5390 W InputReader: Device has associated, but no associated display id.
03-06 15:56:39.098  2026  5390 I chatty  : uid=1000(system) Binder:2026_1D identical 28 lines
03-06 15:56:39.098  2026  5390 W InputReader: Device has associated, but no associated display id.
03-06 15:56:39.098  7200  7200 W ActivityThread: handleWindowVisibility: no activity for token android.os.BinderProxy@410d2d8
03-06 15:56:39.099  2026  5390 W InputReader: Device has associated, but no associated display id.
03-06 15:56:39.099  2026  5390 I chatty  : uid=1000(system) Binder:2026_1D identical 8 lines
03-06 15:56:39.099  2026  5390 W InputReader: Device has associated, but no associated display id.
03-06 15:56:39.102  2026  2048 E system_server: Invalid ID 0x00000000.
03-06 15:56:39.111  2026  2026 D ConditionProviders.SCP: onReceive android.intent.action.TIMEZONE_CHANGED
03-06 15:56:39.112  2026  2026 D ConditionProviders.SCP: evaluateSubscriptionLocked cal=ScheduleCalendar[mDays={1, 2, 3, 4, 5, 6, 7}, mSchedule=ScheduleInfo{days=[1, 2, 3, 4, 5, 6, 7], startHour=22, startMinute=0, endHour=7, endMinute=0, exitAtAlarm=true, nextAlarm=Thu Jan 01 00:00:00 GMT 1970 (0)}], now=Wed Mar 06 20:56:39 GMT 2024 (1709758599111), nextUserAlarmTime=Thu Jan 01 00:00:00 GMT 1970 (0)
