03-06 15:56:49.554  2890  3121 W ThreadPoolDumper: Queue length for executor EventBus is now 11. Perhaps some tasks are too long, or the pool is too small.
03-06 15:56:50.149  1791  2388 E GnssHAL_GnssInterface: gnssSvStatusCb: a: input svInfo.flags is 8
03-06 15:56:50.149  1791  2388 E GnssHAL_GnssInterface: gnssSvStatusCb: b: input svInfo.flags is 8
03-06 15:56:50.291  7200  7200 I ViewInteraction: Checking 'MatchesViewAssertion{viewMatcher=(view has effective visibility <VISIBLE> and view.getGlobalVisibleRect() to return non-empty rectangle)}' assertion on view (an instance of android.widget.TextView and view.getText() with or without transformation to match: is "Authorization" and view.getParent() view.getParent() view.getId() is <2131231186/ru.iteco.fmhandroid:id/nav_host_fragment>)
03-06 15:56:50.293  7200  7200 I ViewInteraction: Checking 'MatchesViewAssertion{viewMatcher=(view has effective visibility <VISIBLE> and view.getGlobalVisibleRect() to return non-empty rectangle)}' assertion on view (an instance of android.widget.TextView and view.getHint() matching: is "Login" and view.getParent() view.getParent() view.getId() is <2131231121/ru.iteco.fmhandroid:id/login_text_input_layout>)
03-06 15:56:50.296  7200  7200 I ViewInteraction: Checking 'MatchesViewAssertion{viewMatcher=(view has effective visibility <VISIBLE> and view.getGlobalVisibleRect() to return non-empty rectangle)}' assertion on view (an instance of android.widget.TextView and view.getHint() matching: is "Password" and view.getParent() view.getParent() view.getId() is <2131231264/ru.iteco.fmhandroid:id/password_text_input_layout>)
03-06 15:56:50.297  7200  7200 I ViewInteraction: Checking 'MatchesViewAssertion{viewMatcher=(view has effective visibility <VISIBLE> and view.getGlobalVisibleRect() to return non-empty rectangle)}' assertion on view (an instance of android.widget.TextView and view.getText() with or without transformation to match: is "Sign in" and view.getId() is <2131231039/ru.iteco.fmhandroid:id/enter_button>)
03-06 15:56:50.299  7200  7200 I ViewInteraction: Performing 'replace text(login2)' action on view (an instance of android.widget.TextView and view.getHint() matching: is "Login" and view.getParent() view.getParent() view.getId() is <2131231121/ru.iteco.fmhandroid:id/login_text_input_layout>)
03-06 15:56:50.310  7200  7200 I ViewInteraction: Performing 'close keyboard' action on view (an instance of android.widget.TextView and view.getHint() matching: is "Login" and view.getParent() view.getParent() view.getId() is <2131231121/ru.iteco.fmhandroid:id/login_text_input_layout>)
03-06 15:56:50.311  7200  7200 W CloseKeyboardAction: Attempting to close soft keyboard, while it is not shown.
03-06 15:56:50.312  7200  7200 I ViewInteraction: Performing 'replace text(password2)' action on view (an instance of android.widget.TextView and view.getHint() matching: is "Password" and view.getParent() view.getParent() view.getId() is <2131231264/ru.iteco.fmhandroid:id/password_text_input_layout>)
03-06 15:56:50.330  7200  7200 I ViewInteraction: Performing 'close keyboard' action on view (an instance of android.widget.TextView and view.getHint() matching: is "Password" and view.getParent() view.getParent() view.getId() is <2131231264/ru.iteco.fmhandroid:id/password_text_input_layout>)
03-06 15:56:50.331  7200  7200 W CloseKeyboardAction: Attempting to close soft keyboard, while it is not shown.
03-06 15:56:50.332  7200  7200 I ViewInteraction: Performing 'single click' action on view (an instance of android.widget.TextView and view.getText() with or without transformation to match: is "Sign in" and view.getId() is <2131231039/ru.iteco.fmhandroid:id/enter_button>)
03-06 15:56:50.378  7200  7351 I okhttp.OkHttpClient: --> POST http://www.981757-ca08998.tmweb.ru:8080/fmh/authentication/login
03-06 15:56:50.378  7200  7351 I okhttp.OkHttpClient: Content-Type: application/json; charset=UTF-8
03-06 15:56:50.378  7200  7351 I okhttp.OkHttpClient: Content-Length: 41
03-06 15:56:50.378  7200  7351 I okhttp.OkHttpClient: {"login":"login2","password":"password2"}
03-06 15:56:50.378  7200  7351 I okhttp.OkHttpClient: --> END POST (41-byte body)
03-06 15:56:50.383  1780  3960 W audio_hw_generic: Not supplying enough data to HAL, expected position 2519838 , only wrote 2519732
03-06 15:56:50.386  7200  7351 I okhttp.OkHttpClient: <-- HTTP FAILED: java.net.UnknownHostException: Unable to resolve host "www.981757-ca08998.tmweb.ru": No address associated with hostname
03-06 15:56:50.386  7200  7200 W System.err: ru.iteco.fmhandroid.exceptions.ServerException
03-06 15:56:50.386  7200  7200 W System.err: 	at ru.iteco.fmhandroid.utils.Utils.makeRequest(Utils.kt:119)
03-06 15:56:50.386  7200  7200 W System.err: 	at ru.iteco.fmhandroid.utils.Utils$makeRequest$1.invokeSuspend(Unknown Source:15)
03-06 15:56:50.387  7200  7200 W System.err: 	at kotlin.coroutines.jvm.internal.BaseContinuationImpl.resumeWith(ContinuationImpl.kt:33)
03-06 15:56:50.387  7200  7200 W System.err: 	at kotlinx.coroutines.DispatchedTask.run(DispatchedTask.kt:104)
03-06 15:56:50.387  7200  7200 W System.err: 	at android.os.Handler.handleCallback(Handler.java:883)
03-06 15:56:50.387  7200  7200 W System.err: 	at android.os.Handler.dispatchMessage(Handler.java:100)
03-06 15:56:50.387  7200  7200 W System.err: 	at androidx.test.espresso.base.Interrogator.loopAndInterrogate(Interrogator.java:14)
03-06 15:56:50.387  7200  7200 W System.err: 	at androidx.test.espresso.base.UiControllerImpl.loopUntil(UiControllerImpl.java:8)
03-06 15:56:50.387  7200  7200 W System.err: 	at androidx.test.espresso.base.UiControllerImpl.loopUntil(UiControllerImpl.java:1)
03-06 15:56:50.387  7200  7200 W System.err: 	at androidx.test.espresso.base.UiControllerImpl.loopMainThreadForAtLeast(UiControllerImpl.java:8)
03-06 15:56:50.387  7200  7200 W System.err: 	at androidx.test.espresso.action.Tap$1.sendTap(Tap.java:6)
03-06 15:56:50.387  7200  7200 W System.err: 	at androidx.test.espresso.action.GeneralClickAction.perform(GeneralClickAction.java:6)
03-06 15:56:50.387  7200  7200 W System.err: 	at androidx.test.espresso.ViewInteraction$SingleExecutionViewAction.perform(ViewInteraction.java:2)
03-06 15:56:50.387  7200  7200 W System.err: 	at androidx.test.espresso.ViewInteraction.doPerform(ViewInteraction.java:22)
03-06 15:56:50.387  7200  7200 W System.err: 	at androidx.test.espresso.ViewInteraction.access$100(ViewInteraction.java:1)
03-06 15:56:50.387  7200  7200 W System.err: 	at androidx.test.espresso.ViewInteraction$1.call(ViewInteraction.java:2)
03-06 15:56:50.387  7200  7200 W System.err: 	at androidx.test.espresso.ViewInteraction$1.call(ViewInteraction.java:1)
03-06 15:56:50.387  7200  7200 W System.err: 	at java.util.concurrent.FutureTask.run(FutureTask.java:266)
03-06 15:56:50.387  7200  7200 W System.err: 	at android.os.Handler.handleCallback(Handler.java:883)
03-06 15:56:50.387  7200  7200 W System.err: 	at android.os.Handler.dispatchMessage(Handler.java:100)
03-06 15:56:50.387  7200  7200 W System.err: 	at android.os.Looper.loop(Looper.java:214)
03-06 15:56:50.387  7200  7200 W System.err: 	at android.app.ActivityThread.main(ActivityThread.java:7356)
03-06 15:56:50.387  7200  7200 W System.err: 	at java.lang.reflect.Method.invoke(Native Method)
03-06 15:56:50.387  7200  7200 W System.err: 	at com.android.internal.os.RuntimeInit$MethodAndArgsCaller.run(RuntimeInit.java:492)
03-06 15:56:50.387  7200  7200 W System.err: 	at com.android.internal.os.ZygoteInit.main(ZygoteInit.java:930)
03-06 15:56:50.401  1792  1969 D gralloc_ranchu: gralloc_alloc: Creating ashmem region of size 438272
03-06 15:56:50.430  1792  1969 I chatty  : uid=1000(system) HwBinder:1792_2 identical 1 line
03-06 15:56:50.437  1792  1969 D gralloc_ranchu: gralloc_alloc: Creating ashmem region of size 438272
03-06 15:56:50.454  7200  7276 D EGL_emulation: eglMakeCurrent: 0xdee1ae40: ver 2 0 (tinfo 0xc2e69120)
03-06 15:56:50.459  7200  7276 D EGL_emulation: eglMakeCurrent: 0xdee1ae40: ver 2 0 (tinfo 0xc2e69120)
03-06 15:56:50.503  2476  2476 W ServiceManagement: Waited one second for android.hardware.radio@1.0::IRadio/slot1
03-06 15:56:50.504  2476  2476 I ServiceManagement: getService: Trying again for android.hardware.radio@1.0::IRadio/slot1...
03-06 15:56:50.607  7200  7200 I ViewInteraction: Performing 'wait for a specific view with attribute <an instance of android.widget.TextView and view.getText() with or without transformation to match: is "News"> during 5000 millis.' action on view view.getRootView() to equal view
03-06 15:56:51.150  1791  2388 E GnssHAL_GnssInterface: gnssSvStatusCb: a: input svInfo.flags is 8
03-06 15:56:51.150  1791  2388 E GnssHAL_GnssInterface: gnssSvStatusCb: b: input svInfo.flags is 8
03-06 15:56:51.504  2476  2476 W ServiceManagement: Waited one second for android.hardware.radio@1.0::IRadio/slot1
03-06 15:56:51.505  2476  2476 I ServiceManagement: getService: Trying again for android.hardware.radio@1.0::IRadio/slot1...
03-06 15:56:52.150  1791  2388 E GnssHAL_GnssInterface: gnssSvStatusCb: a: input svInfo.flags is 8
03-06 15:56:52.150  1791  2388 E GnssHAL_GnssInterface: gnssSvStatusCb: b: input svInfo.flags is 8
03-06 15:56:52.396  2026  3203 W NotificationService: Toast already killed. pkg=ru.iteco.fmhandroid callback=android.app.ITransientNotification$Stub$Proxy@4a69c0
03-06 15:56:52.505  2476  2476 W ServiceManagement: Waited one second for android.hardware.radio@1.0::IRadio/slot1
03-06 15:56:52.505  2476  2476 I ServiceManagement: getService: Trying again for android.hardware.radio@1.0::IRadio/slot1...
03-06 15:56:53.150  1791  2388 E GnssHAL_GnssInterface: gnssSvStatusCb: a: input svInfo.flags is 8
03-06 15:56:53.151  1791  2388 E GnssHAL_GnssInterface: gnssSvStatusCb: b: input svInfo.flags is 8
03-06 15:56:53.506  2476  2476 W ServiceManagement: Waited one second for android.hardware.radio@1.0::IRadio/slot1
03-06 15:56:53.507  2476  2476 I ServiceManagement: getService: Trying again for android.hardware.radio@1.0::IRadio/slot1...
03-06 15:56:53.532  1780  1780 W audio_hw_generic: Not supplying enough data to HAL, expected position 2795674 , only wrote 2658542
03-06 15:56:53.695  9826  9826 I ServiceManagement: Registered android.hardware.radio@1.1::IRadio/slot1 (start delay of 13ms)
03-06 15:56:53.695  9826  9826 I ServiceManagement: Registered android.hardware.radio.deprecated@1.0::IOemHook/slot1 (start delay of 13ms)
03-06 15:56:53.696  2476  2476 I android_os_HwBinder: HwBinder: Starting thread pool for getting: android.hardware.radio@1.0::IRadio/slot1
03-06 15:56:53.699  1676  1676 I hwservicemanager: getTransport: Cannot find entry android.hardware.radio.deprecated@1.0::IOemHook/slot1 in either framework or device manifest.
03-06 15:56:53.705  2476  2476 D CallNotifier: updatePhoneStateListeners: update CF notifications.
03-06 15:56:53.705  2476  2476 I NotificationMgr: updateCfi: subId= 1, visible=N
03-06 15:56:53.706  2476  2476 I NotificationMgr: updateMwi(): subId 1 update to false
03-06 15:56:53.708  2476  2476 I TelecomFramework: : onSubscriptionsChanged - update accounts
03-06 15:56:53.708  2476  2476 I TelecomFramework: PstnIncomingCallNotifier: Unregistering: Handler (com.android.internal.telephony.GsmCdmaPhone) {b312827}
03-06 15:56:53.708  2476  2476 I TelecomFramework: TelecomAccountRegistry: setupAccounts: Found 1 phones.  Attempting to register.
03-06 15:56:53.708  2476  2476 I TelecomFramework: TelecomAccountRegistry: setupAccounts: Phone with subscription id 1
03-06 15:56:53.710  4030  4030 I Dialer  : LegacyVoicemailNotificationReceiver.onReceive - received legacy voicemail notification
03-06 15:56:53.710  4030  4030 I Dialer  : LegacyVoicemailNotificationReceiver.onReceive - isRefresh: true
03-06 15:56:53.710  4030  4030 I Dialer  : LegacyVoicemailNotificationReceiver.onReceive - clearing notification
03-06 15:56:53.710  4030  4030 I Dialer  : LegacyVoicemailNotifier.cancelNotification - enter
03-06 15:56:53.713  2026  2449 I Telecom : PhoneAccountRegistrar: New phone account registered: [[ ] PhoneAccount: ComponentInfo{com.android.phone/com.android.services.telephony.TelephonyConnectionService}, ***, UserHandle{0} Capabilities: CallProvider MultiUser PlaceEmerg SimSub  Audio Routes: BESW Schemes: tel voicemail  Extras: Bundle[{android.telecom.extra.SUPPORTS_VIDEO_CALLING_FALLBACK=true}] GroupId: ***]: TSI.rPA@CA4
03-06 15:56:53.714  2026  2449 I Telecom : CallsManager: Sending phone-account ComponentInfo{com.android.phone/com.android.services.telephony.TelephonyConnectionService}, ***, UserHandle{0} registered intent as user: TSI.rPA@CA4
03-06 15:56:53.714  2026  2449 I Telecom : CallsManager: Sending phone-account registered intent to default dialer: TSI.rPA@CA4
03-06 15:56:53.714  2476  2476 I TelecomFramework: AccountEntry: Registered phoneAccount: [[ ] PhoneAccount: ComponentInfo{com.android.phone/com.android.services.telephony.TelephonyConnectionService}, ***, UserHandle{0} Capabilities: CallProvider MultiUser PlaceEmerg SimSub  Audio Routes: BESW Schemes: tel voicemail  Extras: Bundle[{android.telecom.extra.SUPPORTS_VIDEO_CALLING_FALLBACK=true}] GroupId: ***] with handle: ComponentInfo{com.android.phone/com.android.services.telephony.TelephonyConnectionService}, ***, UserHandle{0}
03-06 15:56:53.714  2476  2476 I TelecomFramework: PstnIncomingCallNotifier: Registering: Handler (com.android.internal.telephony.GsmCdmaPhone) {b312827}
03-06 15:56:53.715  2476  2476 I TelecomFramework: TelecomAccountRegistry: Unregistering phone account ComponentInfo{com.android.phone/com.android.services.telephony.TelephonyConnectionService}, ***, UserHandle{0}.
03-06 15:56:53.716  2026  2449 I Telecom : CallsManager: Sending phone-account ComponentInfo{com.android.phone/com.android.services.telephony.TelephonyConnectionService}, ***, UserHandle{0} unregistered intent as user: TSI.uPA@CBA
03-06 15:56:53.716  2026  2449 I Telecom : CallsManager: Sending phone-account unregistered intent to default dialer: TSI.uPA@CBA
03-06 15:56:53.716  2476  2476 D MultiSimSettingController: onSubscriptionsChanged
03-06 15:56:53.717  2476  2476 D MultiSimSettingController: updateDefaults
03-06 15:56:53.717  2476  2476 D MultiSimSettingController: [updateDefaultValues] change: 0
03-06 15:56:53.717  2476  2476 D MultiSimSettingController: onDefaultDataSettingChanged
03-06 15:56:53.721  2476  2476 I TelecomFramework: : onSubscriptionsChanged - update accounts
03-06 15:56:53.721  2476  2476 I TelecomFramework: PstnIncomingCallNotifier: Unregistering: Handler (com.android.internal.telephony.GsmCdmaPhone) {b312827}
03-06 15:56:53.721  2476  2476 I TelecomFramework: TelecomAccountRegistry: setupAccounts: Found 1 phones.  Attempting to register.
03-06 15:56:53.721  2476  2476 I TelecomFramework: TelecomAccountRegistry: setupAccounts: Phone with subscription id 1
03-06 15:56:53.728  2026  2449 I Telecom : PhoneAccountRegistrar: Modify account: [ComponentInfo{com.android.phone/com.android.services.telephony.TelephonyConnectionService}, ***, UserHandle{0}]: TSI.rPA@CBI
03-06 15:56:53.728  2026  2449 I Telecom : CallsManager: handlePhoneAccountChanged: phoneAccount=[[X] PhoneAccount: ComponentInfo{com.android.phone/com.android.services.telephony.TelephonyConnectionService}, ***, UserHandle{0} Capabilities: CallProvider MultiUser PlaceEmerg SimSub  Audio Routes: BESW Schemes: tel voicemail  Extras: Bundle[{android.telecom.extra.SUPPORTS_VIDEO_CALLING_FALLBACK=true}] GroupId: ***]: TSI.rPA@CBI
03-06 15:56:53.728  2476  2476 I TelecomFramework: AccountEntry: Registered phoneAccount: [[ ] PhoneAccount: ComponentInfo{com.android.phone/com.android.services.telephony.TelephonyConnectionService}, ***, UserHandle{0} Capabilities: CallProvider MultiUser PlaceEmerg SimSub  Audio Routes: BESW Schemes: tel voicemail  Extras: Bundle[{android.telecom.extra.SUPPORTS_VIDEO_CALLING_FALLBACK=true}] GroupId: ***] with handle: ComponentInfo{com.android.phone/com.android.services.telephony.TelephonyConnectionService}, ***, UserHandle{0}
03-06 15:56:53.728  2476  2476 I TelecomFramework: PstnIncomingCallNotifier: Registering: Handler (com.android.internal.telephony.GsmCdmaPhone) {b312827}
03-06 15:56:53.719  2476  2476 D MultiSimSettingController: onDefaultDataSettingChanged
03-06 15:56:53.730  2476  2476 D CallNotifier: updatePhoneStateListeners: update CF notifications.
03-06 15:56:53.730  2476  2476 I NotificationMgr: updateCfi: subId= 1, visible=N
03-06 15:56:53.731  2476  2476 I NotificationMgr: updateMwi(): subId 1 update to false
03-06 15:56:53.733  2476  2476 D MultiSimSettingController: onSubscriptionsChanged
03-06 15:56:53.733  2476  2476 D MultiSimSettingController: updateDefaults
03-06 15:56:53.733  2476  2476 D MultiSimSettingController: [updateDefaultValues] change: 0
03-06 15:56:53.736  2476  2476 I TelecomFramework: : onSubscriptionsChanged - update accounts
03-06 15:56:53.736  2476  2476 I TelecomFramework: PstnIncomingCallNotifier: Unregistering: Handler (com.android.internal.telephony.GsmCdmaPhone) {b312827}
03-06 15:56:53.736  2476  2476 I TelecomFramework: TelecomAccountRegistry: setupAccounts: Found 1 phones.  Attempting to register.
03-06 15:56:53.736  2476  2476 I TelecomFramework: TelecomAccountRegistry: setupAccounts: Phone with subscription id 1
03-06 15:56:53.736  4030  4030 I Dialer  : LegacyVoicemailNotificationReceiver.onReceive - received legacy voicemail notification
03-06 15:56:53.736  4030  4030 I Dialer  : LegacyVoicemailNotificationReceiver.onReceive - isRefresh: true
03-06 15:56:53.736  4030  4030 I Dialer  : LegacyVoicemailNotificationReceiver.onReceive - clearing notification
03-06 15:56:53.736  4030  4030 I Dialer  : LegacyVoicemailNotifier.cancelNotification - enter
03-06 15:56:53.741  2026  3203 I Telecom : PhoneAccountRegistrar: Modify account: [ComponentInfo{com.android.phone/com.android.services.telephony.TelephonyConnectionService}, ***, UserHandle{0}]: TSI.rPA@CBU
03-06 15:56:53.742  2026  3203 I Telecom : CallsManager: handlePhoneAccountChanged: phoneAccount=[[X] PhoneAccount: ComponentInfo{com.android.phone/com.android.services.telephony.TelephonyConnectionService}, ***, UserHandle{0} Capabilities: CallProvider MultiUser PlaceEmerg SimSub  Audio Routes: BESW Schemes: tel voicemail  Extras: Bundle[{android.telecom.extra.SUPPORTS_VIDEO_CALLING_FALLBACK=true}] GroupId: ***]: TSI.rPA@CBU
03-06 15:56:53.742  2476  2476 I TelecomFramework: AccountEntry: Registered phoneAccount: [[ ] PhoneAccount: ComponentInfo{com.android.phone/com.android.services.telephony.TelephonyConnectionService}, ***, UserHandle{0} Capabilities: CallProvider MultiUser PlaceEmerg SimSub  Audio Routes: BESW Schemes: tel voicemail  Extras: Bundle[{android.telecom.extra.SUPPORTS_VIDEO_CALLING_FALLBACK=true}] GroupId: ***] with handle: ComponentInfo{com.android.phone/com.android.services.telephony.TelephonyConnectionService}, ***, UserHandle{0}
03-06 15:56:53.742  2476  2476 I TelecomFramework: PstnIncomingCallNotifier: Registering: Handler (com.android.internal.telephony.GsmCdmaPhone) {b312827}
03-06 15:56:53.743  2476  2476 D CallNotifier: updatePhoneStateListeners: update CF notifications.
03-06 15:56:53.743  2476  2476 I NotificationMgr: updateCfi: subId= 1, visible=N
03-06 15:56:53.744  2476  2476 I NotificationMgr: updateMwi(): subId 1 update to false
03-06 15:56:53.745  2476  2476 D MultiSimSettingController: onSubscriptionsChanged
03-06 15:56:53.745  2476  2476 D MultiSimSettingController: updateDefaults
03-06 15:56:53.745  2476  2476 D MultiSimSettingController: [updateDefaultValues] change: 0
03-06 15:56:53.745  2476  2476 D CallNotifier: updatePhoneStateListeners: update CF notifications.
03-06 15:56:53.745  2476  2476 I NotificationMgr: updateCfi: subId= 1, visible=N
03-06 15:56:53.746  2476  2476 I NotificationMgr: updateMwi(): subId 1 update to false
03-06 15:56:53.747  4030  4030 I Dialer  : LegacyVoicemailNotificationReceiver.onReceive - received legacy voicemail notification
03-06 15:56:53.747  4030  4030 I Dialer  : LegacyVoicemailNotificationReceiver.onReceive - isRefresh: true
03-06 15:56:53.748  4030  4030 I Dialer  : LegacyVoicemailNotificationReceiver.onReceive - clearing notification
03-06 15:56:53.748  4030  4030 I Dialer  : LegacyVoicemailNotifier.cancelNotification - enter
03-06 15:56:53.748  2476  2476 I TelecomFramework: : onSubscriptionsChanged - update accounts
03-06 15:56:53.748  2476  2476 I TelecomFramework: PstnIncomingCallNotifier: Unregistering: Handler (com.android.internal.telephony.GsmCdmaPhone) {b312827}
03-06 15:56:53.748  2476  2476 I TelecomFramework: TelecomAccountRegistry: setupAccounts: Found 1 phones.  Attempting to register.
03-06 15:56:53.748  2476  2476 I TelecomFramework: TelecomAccountRegistry: setupAccounts: Phone with subscription id 1
03-06 15:56:53.749  4030  4030 I Dialer  : LegacyVoicemailNotificationReceiver.onReceive - received legacy voicemail notification
03-06 15:56:53.749  4030  4030 I Dialer  : LegacyVoicemailNotificationReceiver.onReceive - isRefresh: true
03-06 15:56:53.749  4030  4030 I Dialer  : LegacyVoicemailNotificationReceiver.onReceive - clearing notification
03-06 15:56:53.749  4030  4030 I Dialer  : LegacyVoicemailNotifier.cancelNotification - enter
03-06 15:56:53.754  2026  3203 I Telecom : PhoneAccountRegistrar: Modify account: [ComponentInfo{com.android.phone/com.android.services.telephony.TelephonyConnectionService}, ***, UserHandle{0}]: TSI.rPA@CBg
03-06 15:56:53.754  2026  3203 I Telecom : CallsManager: handlePhoneAccountChanged: phoneAccount=[[X] PhoneAccount: ComponentInfo{com.android.phone/com.android.services.telephony.TelephonyConnectionService}, ***, UserHandle{0} Capabilities: CallProvider MultiUser PlaceEmerg SimSub  Audio Routes: BESW Schemes: tel voicemail  Extras: Bundle[{android.telecom.extra.SUPPORTS_VIDEO_CALLING_FALLBACK=true}] GroupId: ***]: TSI.rPA@CBg
03-06 15:56:53.754  2476  2476 I TelecomFramework: AccountEntry: Registered phoneAccount: [[ ] PhoneAccount: ComponentInfo{com.android.phone/com.android.services.telephony.TelephonyConnectionService}, ***, UserHandle{0} Capabilities: CallProvider MultiUser PlaceEmerg SimSub  Audio Routes: BESW Schemes: tel voicemail  Extras: Bundle[{android.telecom.extra.SUPPORTS_VIDEO_CALLING_FALLBACK=true}] GroupId: ***] with handle: ComponentInfo{com.android.phone/com.android.services.telephony.TelephonyConnectionService}, ***, UserHandle{0}
03-06 15:56:53.754  2476  2476 I TelecomFramework: PstnIncomingCallNotifier: Registering: Handler (com.android.internal.telephony.GsmCdmaPhone) {b312827}
03-06 15:56:53.756  2476  2476 D MultiSimSettingController: onSubscriptionsChanged
03-06 15:56:53.756  2476  2476 D MultiSimSettingController: updateDefaults
03-06 15:56:53.756  2476  2476 D MultiSimSettingController: [updateDefaultValues] change: 0
03-06 15:56:53.757  2476  2476 D CallNotifier: updatePhoneStateListeners: update CF notifications.
03-06 15:56:53.757  2476  2476 I NotificationMgr: updateCfi: subId= 1, visible=N
03-06 15:56:53.757  2476  2476 I NotificationMgr: updateMwi(): subId 1 update to false
03-06 15:56:53.759  2476  2476 I TelecomFramework: : onSubscriptionsChanged - update accounts
03-06 15:56:53.759  2476  2476 I TelecomFramework: PstnIncomingCallNotifier: Unregistering: Handler (com.android.internal.telephony.GsmCdmaPhone) {b312827}
03-06 15:56:53.759  2476  2476 I TelecomFramework: TelecomAccountRegistry: setupAccounts: Found 1 phones.  Attempting to register.
03-06 15:56:53.759  2476  2476 I TelecomFramework: TelecomAccountRegistry: setupAccounts: Phone with subscription id 1
03-06 15:56:53.761  4030  4030 I Dialer  : LegacyVoicemailNotificationReceiver.onReceive - received legacy voicemail notification
03-06 15:56:53.761  4030  4030 I Dialer  : LegacyVoicemailNotificationReceiver.onReceive - isRefresh: true
03-06 15:56:53.761  4030  4030 I Dialer  : LegacyVoicemailNotificationReceiver.onReceive - clearing notification
03-06 15:56:53.761  4030  4030 I Dialer  : LegacyVoicemailNotifier.cancelNotification - enter
03-06 15:56:53.763  2026  2449 I Telecom : PhoneAccountRegistrar: Modify account: [ComponentInfo{com.android.phone/com.android.services.telephony.TelephonyConnectionService}, ***, UserHandle{0}]: TSI.rPA@CBs
03-06 15:56:53.764  2026  2449 I Telecom : CallsManager: handlePhoneAccountChanged: phoneAccount=[[X] PhoneAccount: ComponentInfo{com.android.phone/com.android.services.telephony.TelephonyConnectionService}, ***, UserHandle{0} Capabilities: CallProvider MultiUser PlaceEmerg SimSub  Audio Routes: BESW Schemes: tel voicemail  Extras: Bundle[{android.telecom.extra.SUPPORTS_VIDEO_CALLING_FALLBACK=true}] GroupId: ***]: TSI.rPA@CBs
03-06 15:56:53.764  2476  2476 I TelecomFramework: AccountEntry: Registered phoneAccount: [[ ] PhoneAccount: ComponentInfo{com.android.phone/com.android.services.telephony.TelephonyConnectionService}, ***, UserHandle{0} Capabilities: CallProvider MultiUser PlaceEmerg SimSub  Audio Routes: BESW Schemes: tel voicemail  Extras: Bundle[{android.telecom.extra.SUPPORTS_VIDEO_CALLING_FALLBACK=true}] GroupId: ***] with handle: ComponentInfo{com.android.phone/com.android.services.telephony.TelephonyConnectionService}, ***, UserHandle{0}
03-06 15:56:53.764  2476  2476 I TelecomFramework: PstnIncomingCallNotifier: Registering: Handler (com.android.internal.telephony.GsmCdmaPhone) {b312827}
03-06 15:56:53.766  2476  2476 D MultiSimSettingController: onSubscriptionsChanged
03-06 15:56:53.767  2476  2476 D MultiSimSettingController: updateDefaults
03-06 15:56:53.767  2476  2476 D MultiSimSettingController: [updateDefaultValues] change: 0
03-06 15:56:53.768  2476  2476 D CallNotifier: updatePhoneStateListeners: update CF notifications.
03-06 15:56:53.768  2476  2476 I NotificationMgr: updateCfi: subId= 1, visible=N
03-06 15:56:53.768  2476  2490 W System  : A resource failed to call close. 
03-06 15:56:53.769  2476  2476 I NotificationMgr: updateMwi(): subId 1 update to false
03-06 15:56:53.771  2476  2476 I TelecomFramework: : onSubscriptionsChanged - update accounts
03-06 15:56:53.771  2476  2476 I TelecomFramework: PstnIncomingCallNotifier: Unregistering: Handler (com.android.internal.telephony.GsmCdmaPhone) {b312827}
03-06 15:56:53.771  2476  2476 I TelecomFramework: TelecomAccountRegistry: setupAccounts: Found 1 phones.  Attempting to register.
03-06 15:56:53.771  2476  2476 I TelecomFramework: TelecomAccountRegistry: setupAccounts: Phone with subscription id 1
03-06 15:56:53.773  4030  4030 I Dialer  : LegacyVoicemailNotificationReceiver.onReceive - received legacy voicemail notification
03-06 15:56:53.773  4030  4030 I Dialer  : LegacyVoicemailNotificationReceiver.onReceive - isRefresh: true
03-06 15:56:53.773  4030  4030 I Dialer  : LegacyVoicemailNotificationReceiver.onReceive - clearing notification
03-06 15:56:53.773  4030  4030 I Dialer  : LegacyVoicemailNotifier.cancelNotification - enter
03-06 15:56:53.777  2026  3203 I Telecom : PhoneAccountRegistrar: Modify account: [ComponentInfo{com.android.phone/com.android.services.telephony.TelephonyConnectionService}, ***, UserHandle{0}]: TSI.rPA@CB4
03-06 15:56:53.777  2026  3203 I Telecom : CallsManager: handlePhoneAccountChanged: phoneAccount=[[X] PhoneAccount: ComponentInfo{com.android.phone/com.android.services.telephony.TelephonyConnectionService}, ***, UserHandle{0} Capabilities: CallProvider MultiUser PlaceEmerg SimSub  Audio Routes: BESW Schemes: tel voicemail  Extras: Bundle[{android.telecom.extra.SUPPORTS_VIDEO_CALLING_FALLBACK=true}] GroupId: ***]: TSI.rPA@CB4
03-06 15:56:53.778  2476  2476 I TelecomFramework: AccountEntry: Registered phoneAccount: [[ ] PhoneAccount: ComponentInfo{com.android.phone/com.android.services.telephony.TelephonyConnectionService}, ***, UserHandle{0} Capabilities: CallProvider MultiUser PlaceEmerg SimSub  Audio Routes: BESW Schemes: tel voicemail  Extras: Bundle[{android.telecom.extra.SUPPORTS_VIDEO_CALLING_FALLBACK=true}] GroupId: ***] with handle: ComponentInfo{com.android.phone/com.android.services.telephony.TelephonyConnectionService}, ***, UserHandle{0}
03-06 15:56:53.778  2476  2476 I TelecomFramework: PstnIncomingCallNotifier: Registering: Handler (com.android.internal.telephony.GsmCdmaPhone) {b312827}
03-06 15:56:53.779  2476  2476 D MultiSimSettingController: onSubscriptionsChanged
03-06 15:56:53.779  2476  2476 D MultiSimSettingController: updateDefaults
03-06 15:56:53.779  2476  2476 D MultiSimSettingController: [updateDefaultValues] change: 0
03-06 15:56:53.780  2476  2476 I VvmSimStateTracker: android.intent.action.SIM_STATE_CHANGED
03-06 15:56:53.780  2476  2476 D CallNotifier: updatePhoneStateListeners: update CF notifications.
03-06 15:56:53.781  6392  6392 I Finsky  : [2] com.google.android.finsky.simhandler.SimStateReceiver.a(6): android.intent.action.SIM_STATE_CHANGED : simState = LOADED
03-06 15:56:53.780  2476  2476 I NotificationMgr: updateCfi: subId= 1, visible=N
03-06 15:56:53.784  2476  2476 I NotificationMgr: updateMwi(): subId 1 update to false
03-06 15:56:53.785  2387  8508 I constellation: [sim_state_checker] sim state checker is disabled.
03-06 15:56:53.785  2476  2476 I TelecomFramework: : onSubscriptionsChanged - update accounts
03-06 15:56:53.785  2476  2476 I TelecomFramework: PstnIncomingCallNotifier: Unregistering: Handler (com.android.internal.telephony.GsmCdmaPhone) {b312827}
03-06 15:56:53.786  2476  2476 I TelecomFramework: TelecomAccountRegistry: setupAccounts: Found 1 phones.  Attempting to register.
03-06 15:56:53.786  2476  2476 I TelecomFramework: TelecomAccountRegistry: setupAccounts: Phone with subscription id 1
03-06 15:56:53.786  2026  2449 W BroadcastQueue: Background execution not allowed: receiving Intent { act=android.intent.action.DROPBOX_ENTRY_ADDED flg=0x10 (has extras) } to com.google.android.gms/.stats.service.DropBoxEntryAddedReceiver
03-06 15:56:53.788  2026  2053 W BroadcastQueue: Background execution not allowed: receiving Intent { act=android.intent.action.DROPBOX_ENTRY_ADDED flg=0x10 (has extras) } to com.google.android.gms/.chimera.GmsIntentOperationService$PersistentTrustedReceiver
03-06 15:56:53.789  4030  4030 I Dialer  : LegacyVoicemailNotificationReceiver.onReceive - received legacy voicemail notification
03-06 15:56:53.789  4030  4030 I Dialer  : LegacyVoicemailNotificationReceiver.onReceive - isRefresh: true
03-06 15:56:53.789  4030  4030 I Dialer  : LegacyVoicemailNotificationReceiver.onReceive - clearing notification
03-06 15:56:53.789  4030  4030 I Dialer  : LegacyVoicemailNotifier.cancelNotification - enter
03-06 15:56:53.794  2026  2449 I Telecom : PhoneAccountRegistrar: Modify account: [ComponentInfo{com.android.phone/com.android.services.telephony.TelephonyConnectionService}, ***, UserHandle{0}]: TSI.rPA@CCI
03-06 15:56:53.794  2026  2449 I Telecom : CallsManager: handlePhoneAccountChanged: phoneAccount=[[X] PhoneAccount: ComponentInfo{com.android.phone/com.android.services.telephony.TelephonyConnectionService}, ***, UserHandle{0} Capabilities: CallProvider MultiUser PlaceEmerg SimSub  Audio Routes: BESW Schemes: tel voicemail  Extras: Bundle[{android.telecom.extra.SUPPORTS_VIDEO_CALLING_FALLBACK=true}] GroupId: ***]: TSI.rPA@CCI
03-06 15:56:53.794  2476  2476 I TelecomFramework: AccountEntry: Registered phoneAccount: [[ ] PhoneAccount: ComponentInfo{com.android.phone/com.android.services.telephony.TelephonyConnectionService}, ***, UserHandle{0} Capabilities: CallProvider MultiUser PlaceEmerg SimSub  Audio Routes: BESW Schemes: tel voicemail  Extras: Bundle[{android.telecom.extra.SUPPORTS_VIDEO_CALLING_FALLBACK=true}] GroupId: ***] with handle: ComponentInfo{com.android.phone/com.android.services.telephony.TelephonyConnectionService}, ***, UserHandle{0}
03-06 15:56:53.794  2476  2476 I TelecomFramework: PstnIncomingCallNotifier: Registering: Handler (com.android.internal.telephony.GsmCdmaPhone) {b312827}
03-06 15:56:53.797  2476  2476 D MultiSimSettingController: onSubscriptionsChanged
03-06 15:56:53.797  2476  2476 D MultiSimSettingController: updateDefaults
03-06 15:56:53.797  2476  2476 D MultiSimSettingController: [updateDefaultValues] change: 0
03-06 15:56:53.797  2476  2476 D CarrierConfigLoader: mHandler: 7 phoneId: 0
03-06 15:56:53.798  2476  2476 D CarrierConfigLoader: Loaded config from XML. package=com.android.carrierconfig phoneId=0
03-06 15:56:53.798  2476  2476 D CarrierSvcBindHelper: mHandler: 0
03-06 15:56:53.798  2476  2476 D CarrierSvcBindHelper: Rebinding if necessary for phoneId: 0
03-06 15:56:53.799  2476  2476 D CarrierSvcBindHelper: No carrier app for: 0
03-06 15:56:53.800  2476  2476 I CallNotifier: onCallForwardingIndicatorChanged(): subId=1, visible=N
03-06 15:56:53.800  2476  2476 D CallNotifier: updatePhoneStateListeners: update CF notifications.
03-06 15:56:53.800  2476  2476 I NotificationMgr: updateCfi: subId= 1, visible=N
03-06 15:56:53.800  2476  2476 I NotificationMgr: updateMwi(): subId 1 update to false
03-06 15:56:53.804  4030  4030 I Dialer  : LegacyVoicemailNotificationReceiver.onReceive - received legacy voicemail notification
03-06 15:56:53.804  4030  4030 I Dialer  : LegacyVoicemailNotificationReceiver.onReceive - isRefresh: true
03-06 15:56:53.804  4030  4030 I Dialer  : LegacyVoicemailNotificationReceiver.onReceive - clearing notification
03-06 15:56:53.804  4030  4030 I Dialer  : LegacyVoicemailNotifier.cancelNotification - enter
03-06 15:56:53.822  2476  3771 D IccSmsInterfaceManager: [IccSmsInterfaceManager] Failed to add cdma broadcast channels range 4096 to 4096
03-06 15:56:53.823  2476  3771 D IccSmsInterfaceManager: [IccSmsInterfaceManager] Calling setGsmBroadcastConfig with 1 configurations
03-06 15:56:53.827  2476  2476 D CallNotifier: updatePhoneStateListeners: update CF notifications.
03-06 15:56:53.827  2476  2476 I NotificationMgr: updateCfi: subId= 1, visible=N
03-06 15:56:53.827  2476  2476 I NotificationMgr: updateMwi(): subId 1 update to false
03-06 15:56:53.829  2476  2476 I TelecomFramework: PstnPhoneCapabilitiesNotifier: handleVideoCapabilitesChanged. Video capability - false
03-06 15:56:53.831  4030  4030 I Dialer  : LegacyVoicemailNotificationReceiver.onReceive - received legacy voicemail notification
03-06 15:56:53.831  4030  4030 I Dialer  : LegacyVoicemailNotificationReceiver.onReceive - isRefresh: false
03-06 15:56:53.831  4030  4030 I Dialer  : LegacyVoicemailNotificationReceiver.onReceive - clearing notification
03-06 15:56:53.831  4030  4030 I Dialer  : LegacyVoicemailNotifier.cancelNotification - enter
03-06 15:56:53.831  4030  4030 I Dialer  : LegacyVoicemailNotifier.cancelNotification - 'null' id, canceling all legacy voicemail notifications
03-06 15:56:53.832  1676  1676 I hwservicemanager: getTransport: Cannot find entry android.hardware.radio.config@1.1::IRadioConfig/default in either framework or device manifest.
03-06 15:56:53.833  1676  1676 I hwservicemanager: getTransport: Cannot find entry android.hardware.radio.config@1.0::IRadioConfig/default in either framework or device manifest.
03-06 15:56:53.837  1676  1676 I hwservicemanager: getTransport: Cannot find entry android.hardware.radio.config@1.1::IRadioConfig/default in either framework or device manifest.
03-06 15:56:53.837  1676  1676 I hwservicemanager: getTransport: Cannot find entry android.hardware.radio.config@1.0::IRadioConfig/default in either framework or device manifest.
03-06 15:56:53.838  1676  1676 I hwservicemanager: getTransport: Cannot find entry android.hardware.radio.config@1.1::IRadioConfig/default in either framework or device manifest.
03-06 15:56:53.838  1676  1676 I hwservicemanager: getTransport: Cannot find entry android.hardware.radio.config@1.0::IRadioConfig/default in either framework or device manifest.
03-06 15:56:53.841  7418  7418 D CarrierDefaultBroadcastReceiver: onReceive intent: com.android.internal.telephony.CARRIER_SIGNAL_RESET
03-06 15:56:53.843  7418  7418 D CarrierDefaultBroadcastReceiver: apply carrier action idx: 6
03-06 15:56:53.843  7418  7418 D CarrierActionUtils: onCancelAllNotifications
03-06 15:56:53.843  2476  2476 E PhoneInterfaceManager: [PhoneIntfMgr] getIccId: No UICC
03-06 15:56:53.843  7418  7418 D CarrierDefaultBroadcastReceiver: apply carrier action idx: 8
03-06 15:56:53.843  7418  7418 D CarrierActionUtils: onDisableDefaultURLHandler
03-06 15:56:53.839  2476  2476 I chatty  : uid=1001(radio) com.android.phone identical 5 lines
03-06 15:56:53.842  2476  2476 I TelecomFramework: PstnPhoneCapabilitiesNotifier: handleVideoCapabilitesChanged. Video capability - false
03-06 15:56:53.849  2026  2377 I Telecom : PhoneAccountRegistrar: New phone account registered: [[ ] PhoneAccount: ComponentInfo{com.android.phone/com.android.services.telephony.TelephonyConnectionService}, ***, UserHandle{0} Capabilities: CallProvider MultiUser PlaceEmerg SimSub  Audio Routes: BESW Schemes: tel voicemail  Extras: Bundle[{android.telecom.extra.SUPPORTS_VIDEO_CALLING_FALLBACK=true}] GroupId: ***]: TSI.rPA@CCU
03-06 15:56:53.850  2026  2377 I Telecom : CallsManager: Sending phone-account ComponentInfo{com.android.phone/com.android.services.telephony.TelephonyConnectionService}, ***, UserHandle{0} registered intent as user: TSI.rPA@CCU
03-06 15:56:53.850  2026  2377 I Telecom : CallsManager: Sending phone-account registered intent to default dialer: TSI.rPA@CCU
03-06 15:56:53.850  2476  2476 D CarrierConfigLoader: mHandler: 5 phoneId: 0
03-06 15:56:53.851  2476  2476 E PhoneInterfaceManager: [PhoneIntfMgr] getCarrierPackageNamesForIntent: No UICC
03-06 15:56:53.851  2476  2476 D IntentBroadcaster: Broadcasting and adding intent for rebroadcast: android.intent.action.SIM_STATE_CHANGED UNKNOWN for slotId 0
03-06 15:56:53.854  2184  2184 V KeyguardUpdateMonitor: action android.intent.action.SIM_STATE_CHANGED state: UNKNOWN slotId: 0 subid: 1
03-06 15:56:53.854  2184  2184 D KeyguardUpdateMonitor: handleSimStateChange(subId=1, slotId=0, state=UNKNOWN)
03-06 15:56:53.854  2803  2803 I rcs     : [PresencePublication] onReceive intent=Intent { act=android.intent.action.SIM_STATE_CHANGED flg=0x5000010 (has extras) }
03-06 15:56:53.854  2803  2803 I rcs     : [PresencePublication] ACTION_SIM_STATE_CHANGED INTENT_KEY_ICC_STATE=UNKNOWN
03-06 15:56:53.854  2803  2803 I rcs     : [RcsService] onReceive intent=Intent { act=android.intent.action.SIM_STATE_CHANGED flg=0x5000010 (has extras) }
03-06 15:56:53.857  2476  2476 D CarrierConfigLoader: update config for phoneId: 0 simState: UNKNOWN
03-06 15:56:53.857  2476  2476 D CarrierSvcBindHelper: update binding for phoneId: 0 simState: UNKNOWN
03-06 15:56:53.861  2476  2476 D TelephonyProvider: match current APN size:  0
03-06 15:56:53.861  2476  2476 E TelephonyProvider: iccRecords is null
03-06 15:56:53.863  2476  2476 E PhoneInterfaceManager: [PhoneIntfMgr] getIccId: No UICC
03-06 15:56:53.865  2476  2476 I VvmSimStateTracker: android.intent.action.SIM_STATE_CHANGED
03-06 15:56:53.865  2476  2476 D CarrierConfigLoader: mHandler: 0 phoneId: 0
03-06 15:56:53.866  2476  2476 D CarrierConfigLoader: Broadcast CARRIER_CONFIG_CHANGED for phone 0
03-06 15:56:53.866  6392  6392 I Finsky  : [2] com.google.android.finsky.simhandler.SimStateReceiver.a(6): android.intent.action.SIM_STATE_CHANGED : simState = UNKNOWN
03-06 15:56:53.867  2476  2476 D CarrierSvcBindHelper: mHandler: 0
03-06 15:56:53.867  2476  2476 D CarrierSvcBindHelper: Rebinding if necessary for phoneId: 0
03-06 15:56:53.867  2476  2476 E PhoneInterfaceManager: [PhoneIntfMgr] getCarrierPackageNamesForIntent: No UICC
03-06 15:56:53.867  2476  2476 D CarrierSvcBindHelper: No carrier app for: 0
03-06 15:56:53.868  4330  4330 I Bugle   : Carrier config changed. Reloading MMS config.
03-06 15:56:53.868  2476  2476 D CarrierConfigLoader: mHandler: 16 phoneId: 0
03-06 15:56:53.868  2476  2476 D CarrierConfigLoader: Broadcast CARRIER_CONFIG_CHANGED for phone 0
03-06 15:56:53.869  4113  4113 D CellBroadcastReceiver: onReceive Intent { act=android.telephony.action.CARRIER_CONFIG_CHANGED flg=0x15000010 cmp=com.android.cellbroadcastreceiver/.CellBroadcastReceiver (has extras) }
03-06 15:56:53.869  4113  4113 D CellBroadcastReceiver: initializeSharedPreference
03-06 15:56:53.872  4330  4330 I Bugle   : Carrier config changed. Reloading MMS config.
03-06 15:56:53.873  4113  4113 D CellBroadcastReceiver: Default interval 0 did not change.
03-06 15:56:53.873  4113  4113 D CellBroadcastReceiver: Start Cell Broadcast configuration.
03-06 15:56:53.874  2476  3413 E CarrierInfoManager: Invalid networkOperator: 
03-06 15:56:53.874  2387  8508 I constellation: [sim_state_checker] sim state checker is disabled.
03-06 15:56:53.877  2026  2042 D AlarmManagerService: Kernel timezone updated to 0 minutes west of GMT
03-06 15:56:53.884  2026  2026 I Telecom : PhoneAccountRegistrar: getSimCallManager: SimCallManager for subId 1 queried, returning: null: CM.CCCR->CM.UECNT->CM.CCCR->CM.UECNT->CM.CCCR->CM.UECNT->CM.CCCR->CM.UECNT->CM.CCCR->CM.UECNT->CM.CCCR->CM.UECNT->CM.CCCR->CM.UECNT->CM.CCCR->CM.UECNT->CM.CCCR->CM.UECNT->CM.CCCR->CM.UECNT->CM.CCCR->CM.UECNT->CM.CCCR->CM.UECNT->CM.CCCR->CM.UECNT->CM.CCCR->CM.UECNT->CM.CCCR->CM.UECNT->CM.CCCR->CM.UECNT->CM.CCCR->CM.UECNT->CM.CCCR->CM.UECNT->CM.CCCR->CM.UECNT->CM.CCCR->CM.UECNT->CM.CCCR->CM.UECNT->CM.CCCR->CM.UECNT->CM.CCCR->CM.UECNT->CM.CCCR->CM.UECNT->CM.CCCR->CM.UECNT->CM.CCCR->CM.UECNT->CM.CCCR->CM.UECNT->CM.CCCR->CM.UECNT->CM.CCCR->CM.UECNT->CM.CCCR->CM.UECNT->CM.CCCR->CM.UECNT->CM.CCCR->CM.UECNT->CM.CCCR->CM.UECNT->CM.CCCR->CM.UECNT->CM.CCCR->CM.UECNT->CM.CCCR->CM.UECNT->CM.CCCR->CM.UECNT->CM.CCCR->CM.UECNT->CM.CCCR->CM.UECNT->CM.CCCR->CM.UECNT->CM.CCCR->CM.UECNT->CM.CCCR->CM.UECNT->CM.CCCR->CM.UECNT->CM.CCCR->CM.UECNT->CM.CCCR->CM.UECNT->CM.CCCR->CM.UECNT->CM.CCCR->CM.UECNT->CM.CCCR->CM.UECNT->CM.CCCR->CM.UECNT->CM.CCCR->CM.UECNT->CM.CCCR->CM.UECNT->CM.CCCR->CM.UECNT->CM.CCCR->CM.UECNT->CM.CCCR->CM.UECNT->CM.CCCR->CM.UECNT->CM.CCCR->CM.UECNT->CM.CCCR->CM.UECNT->CM.CCCR->CM.UECNT->CM.CCCR->CM.UECNT->CM.CCCR->CM.UECNT->CM.CCCR->CM.UECNT->CM.CCCR->CM.UECNT->CM.CCCR->CM.UECNT->CM.CCCR->CM.UECNT->CM.CCCR->CM.UECNT->CM.CCCR->CM.UECNT->CM.CCCR->CM.UECNT->CM.CCCR->CM.UECNT->CM.CCCR->CM.UECNT->CM.CCCR->CM.UECNT->CM.CCCR->CM.UECNT->CM.CCCR->CM.UECNT->CM.CCCR->CM.UECNT->CM.CCCR->CM.UECNT->CM.CCCR->CM.UECNT->CM.CCCR->CM.UECNT->CM.CCCR->CM.UECNT->CM.CCCR->CM.UECNT->CM.CCCR->CM.UECNT->CM.CCCR->CM.UECNT->CM.CCCR->CM.UECNT->CM.CCCR->CM.UECNT->CM.CCCR->CM.UECNT->CM.CCCR->CM.UECNT->CM.CCCR->CM.UECNT->CM.CCCR->CM.UECNT->CM.CCCR->CM.UECNT->CM.CCCR->CM.UECNT->CM.CCCR->CM.UECNT->CM.CCCR->CM.UECNT->CM.CCCR->CM.UECNT->CM.CCCR->CM.UECNT->CM.CCCR->CM.UECNT->CM.CCCR->CM.UECNT@AD4
03-06 15:56:53.889  2476  2476 I TelecomFramework: : Carrier-config changed, checking for phone account updates.
03-06 15:56:53.891  2476  2492 E CarrierInfoManager: Invalid networkOperator: 
03-06 15:56:53.895  2026  2047 W WindowManager: Unable to start animation, surface is null or no children.
03-06 15:56:53.897  2026  2026 I Telecom : PhoneAccountRegistrar: getSimCallManager: SimCallManager for subId 1 queried, returning: null: CM.CCCR->CM.UECNT->CM.CCCR->CM.UECNT->CM.CCCR->CM.UECNT->CM.CCCR->CM.UECNT->CM.CCCR->CM.UECNT->CM.CCCR->CM.UECNT->CM.CCCR->CM.UECNT->CM.CCCR->CM.UECNT->CM.CCCR->CM.UECNT->CM.CCCR->CM.UECNT->CM.CCCR->CM.UECNT->CM.CCCR->CM.UECNT->CM.CCCR->CM.UECNT->CM.CCCR->CM.UECNT->CM.CCCR->CM.UECNT->CM.CCCR->CM.UECNT->CM.CCCR->CM.UECNT->CM.CCCR->CM.UECNT->CM.CCCR->CM.UECNT->CM.CCCR->CM.UECNT->CM.CCCR->CM.UECNT->CM.CCCR->CM.UECNT->CM.CCCR->CM.UECNT->CM.CCCR->CM.UECNT->CM.CCCR->CM.UECNT->CM.CCCR->CM.UECNT->CM.CCCR->CM.UECNT->CM.CCCR->CM.UECNT->CM.CCCR->CM.UECNT->CM.CCCR->CM.UECNT->CM.CCCR->CM.UECNT->CM.CCCR->CM.UECNT->CM.CCCR->CM.UECNT->CM.CCCR->CM.UECNT->CM.CCCR->CM.UECNT->CM.CCCR->CM.UECNT->CM.CCCR->CM.UECNT->CM.CCCR->CM.UECNT->CM.CCCR->CM.UECNT->CM.CCCR->CM.UECNT->CM.CCCR->CM.UECNT->CM.CCCR->CM.UECNT->CM.CCCR->CM.UECNT->CM.CCCR->CM.UECNT->CM.CCCR->CM.UECNT->CM.CCCR->CM.UECNT->CM.CCCR->CM.UECNT->CM.CCCR->CM.UECNT->CM.CCCR->CM.UECNT->CM.CCCR->CM.UECNT->CM.CCCR->CM.UECNT->CM.CCCR->CM.UECNT->CM.CCCR->CM.UECNT->CM.CCCR->CM.UECNT->CM.CCCR->CM.UECNT->CM.CCCR->CM.UECNT->CM.CCCR->CM.UECNT->CM.CCCR->CM.UECNT->CM.CCCR->CM.UECNT->CM.CCCR->CM.UECNT->CM.CCCR->CM.UECNT->CM.CCCR->CM.UECNT->CM.CCCR->CM.UECNT->CM.CCCR->CM.UECNT->CM.CCCR->CM.UECNT->CM.CCCR->CM.UECNT->CM.CCCR->CM.UECNT->CM.CCCR->CM.UECNT->CM.CCCR->CM.UECNT->CM.CCCR->CM.UECNT->CM.CCCR->CM.UECNT->CM.CCCR->CM.UECNT->CM.CCCR->CM.UECNT->CM.CCCR->CM.UECNT->CM.CCCR->CM.UECNT->CM.CCCR->CM.UECNT->CM.CCCR->CM.UECNT->CM.CCCR->CM.UECNT->CM.CCCR->CM.UECNT->CM.CCCR->CM.UECNT->CM.CCCR->CM.UECNT->CM.CCCR->CM.UECNT->CM.CCCR->CM.UECNT->CM.CCCR->CM.UECNT->CM.CCCR->CM.UECNT->CM.CCCR->CM.UECNT->CM.CCCR->CM.UECNT->CM.CCCR->CM.UECNT->CM.CCCR->CM.UECNT->CM.CCCR->CM.UECNT->CM.CCCR->CM.UECNT->CM.CCCR->CM.UECNT->CM.CCCR->CM.UECNT->CM.CCCR->CM.UECNT->CM.CCCR->CM.UECNT@AD4
03-06 15:56:53.899  2476  2476 I TelecomFramework: : Carrier-config changed, checking for phone account updates.
03-06 15:56:53.900  2476  2476 D OtaspSimStateReceiver: Received intent: android.telephony.action.CARRIER_CONFIG_CHANGED
03-06 15:56:53.901  5804  5804 I AlarmClock: AlarmInitReceiver android.intent.action.TIMEZONE_CHANGED
03-06 15:56:53.902  2026  2026 D ConditionProviders.SCP: onReceive android.intent.action.TIMEZONE_CHANGED
03-06 15:56:53.902  2026  2026 D ConditionProviders.SCP: evaluateSubscriptionLocked cal=ScheduleCalendar[mDays={1, 2, 3, 4, 5, 6, 7}, mSchedule=ScheduleInfo{days=[1, 2, 3, 4, 5, 6, 7], startHour=22, startMinute=0, endHour=7, endMinute=0, exitAtAlarm=true, nextAlarm=Thu Jan 01 00:00:00 GMT 1970 (0)}], now=Wed Mar 06 20:56:53 GMT 2024 (1709758613902), nextUserAlarmTime=Thu Jan 01 00:00:00 GMT 1970 (0)
03-06 15:56:53.902  2026  2026 D ConditionProviders.SCP: notifyCondition condition://android/schedule?days=1.2.3.4.5.6.7&start=22.0&end=7.0&exitAtAlarm=true STATE_FALSE reason=!meetsSchedule
03-06 15:56:53.903  2026  2026 D ConditionProviders.SCP: Scheduling evaluate for Wed Mar 06 22:00:00 GMT 2024 (1709762400000), in +1h3m6s98ms, now=Wed Mar 06 20:56:53 GMT 2024 (1709758613902)
03-06 15:56:53.903  5804  9375 I AlarmClock: Connected Dock: null
03-06 15:56:53.905  5804  9375 I AlarmClock: Removing AlarmClockInfo
03-06 15:56:53.907  5804  5804 I AlarmClock: DigitalAppWidgetProvider processing Intent { act=android.intent.action.TIMEZONE_CHANGED flg=0x21200010 cmp=com.google.android.deskclock/com.android.alarmclock.DigitalAppWidgetProvider (has extras) }
03-06 15:56:53.914  2476  2476 D TelephonyProvider: subIdString = 1 subId = 1
03-06 15:56:53.931  2476  2476 E PhoneInterfaceManager: [PhoneIntfMgr] getIccId: No UICC
03-06 15:56:53.934  2184  2184 V KeyguardUpdateMonitor: onSubscriptionInfoChanged()
03-06 15:56:53.936  2184  2184 V KeyguardUpdateMonitor: SubInfo:{id=1, iccId=890141032[****] simSlotIndex=0 carrierId=1 displayName=T-Mobile carrierName=No service nameSource=3 iconTint=-16746133 mNumber=[****] dataRoaming=0 iconBitmap=android.graphics.Bitmap@5d12f99 mcc 310 mnc 260mCountryIso=us isEmbedded false accessRules null cardString=890141032[****] cardId=-1 isOpportunistic false mGroupUUID=null mIsGroupDisabled=false profileClass=-1 ehplmns = null hplmns = null subscriptionType=0 mGroupOwner=null}
03-06 15:56:53.937  6392  6424 I Finsky  : [493] fpw.a(10): onSubscriptionsChanged
03-06 15:56:53.937  6392  6424 I Finsky  : [493] fpt.c(15): notifySubscriptionInfoChangedListener: DataSubscriptionInfo=null
03-06 15:56:53.937  2026  2123 E NetworkPolicy: Missing subscriberId for subId 1
03-06 15:56:53.938  2026  2053 I DropBoxManagerService: add tag=system_server_wtf isTagEnabled=true flags=0x2
03-06 15:56:53.938  2026  3203 D AlarmManagerService: Kernel timezone updated to 0 minutes west of GMT
03-06 15:56:53.938  2026  2123 W BestClock: java.time.DateTimeException: Missing NTP fix
03-06 15:56:53.939  2026  2123 W BestClock: java.time.DateTimeException: Missing NTP fix
03-06 15:56:53.940  1773  1773 I netd    : bandwidthSetGlobalAlert(2097152) <0.06ms>
03-06 15:56:53.940  2026  2873 I LocationAccessPolicy: Allowing com.google.android.inputmethod.latin fine because it doesn't target API 29 yet. Please fix this app. Called from TelephonyRegistry push
03-06 15:56:53.941  2026  2873 I LocationAccessPolicy: Allowing com.google.android.apps.messaging fine because it doesn't target API 29 yet. Please fix this app. Called from TelephonyRegistry push
03-06 15:56:53.944  2476  2476 D ServiceStateProvider: subId=1
03-06 15:56:53.944  4113  4113 D CellBroadcastReceiver: onReceive Intent { act=android.intent.action.SERVICE_STATE flg=0x1000010 cmp=com.android.cellbroadcastreceiver/.CellBroadcastReceiver (has extras) }
03-06 15:56:53.946  4165  4165 I CarrierServices: [2] ServiceStateReceiver.onReceive: Received SERVICE_STATE intent.
03-06 15:56:53.947  6392  6392 I Finsky  : [2] pxd.b(7): Jobs in database: 12-1 21-333333333 28--559038737 31-305419896 
03-06 15:56:53.948  6392  6392 I Finsky  : [2] puk.a(113): ConstraintMapping: 12-1, 21-333333333, 28--559038737, 31-305419896,  -> L: 0ms, D: 82420171ms, C: false, I: false, N: 1
03-06 15:56:53.948  6392  6392 I Finsky  : [2] com.google.android.finsky.scheduler.JobSchedulerEngine.a(42): Cancelling existing job with id: 9000
03-06 15:56:53.949  6392  6637 I Finsky  : [539] qjn.b(1): SIM removed, prefetching preloads
03-06 15:56:53.949  6392  6392 I Finsky  : [2] com.google.android.finsky.scheduler.JobSchedulerEngine.a(4): Scheduling job Id: 9001, L: 0, D: 82420171, C: false, I: false, N: 1
03-06 15:56:53.949  6392  6428 I Finsky  : [495] qjm.call(2): Prefetching preloads for account null
03-06 15:56:53.949  6392  6428 W Finsky  : [495] cwl.a(19): For unauth, use getDfeApiNonAuthenticated() instead!
03-06 15:56:53.950  6392  6428 I Finsky  : [495] qnu.a(19): No PAI stub found
03-06 15:56:53.950  6392  6428 E Finsky  : [495] qjm.call(31): Error prefetching preloads, using account=null, preloads=NULL, preloadRros=NULL, preloadGroups=NULL
