--------- beginning of main
03-06 15:51:15.547  7071  7071 I ackageinstalle: The ClassLoaderContext is a special shared library.
03-06 15:51:15.575  2387  3862 I Icing   : IndexChimeraService.getServiceInterface callingPackage=com.google.android.gms componentName=AppsCorpus serviceId=32
03-06 15:51:15.576  2026  2038 I system_server: Background concurrent copying GC freed 33806(1954KB) AllocSpace objects, 18(1284KB) LOS objects, 35% free, 11MB/17MB, paused 296us total 123.851ms
03-06 15:51:15.587  2387  3498 I Icing   : IndexChimeraService.getServiceInterface callingPackage=com.google.android.gms componentName=AppsCorpus serviceId=36
03-06 15:51:15.587  2387  6921 I PeopleContactsSync: triggerPendingContactsCleanup: no accounts
--------- beginning of system
03-06 15:51:15.593  2026  2026 W Looper  : Slow dispatch took 130ms main h=android.app.ActivityThread$H c=android.app.-$$Lambda$LoadedApk$ReceiverDispatcher$Args$_BumDX2UKsnxLVrE6UJsJZkotuA@b016e05 m=0
03-06 15:51:15.626  2026  2026 I Telecom : DefaultDialerCache: Refreshing default dialer for user 0: now com.android.dialer: CM.CCCR->CM.UECNT->CM.CCCR->CM.UECNT->CM.CCCR->CM.UECNT->CM.CCCR->CM.UECNT->CM.CCCR->CM.UECNT->CM.CCCR->CM.UECNT->CM.CCCR->CM.UECNT->CM.CCCR->CM.UECNT->CM.CCCR->CM.UECNT->CM.CCCR->CM.UECNT->CM.CCCR->CM.UECNT->CM.CCCR->CM.UECNT->CM.CCCR->CM.UECNT->CM.CCCR->CM.UECNT->CM.CCCR->CM.UECNT->CM.CCCR->CM.UECNT->CM.CCCR->CM.UECNT@AD4
03-06 15:51:15.628  2387  7106 I Icing   : Usage reports ok 0, Failed Usage reports 0, indexed 0, rejected 0
03-06 15:51:15.630  2026  2026 V BackupManagerConstants: getFullBackupIntervalMilliseconds(...) returns 86400000
03-06 15:51:15.635  2026  2026 V BackupManagerConstants: getFullBackupRequiredNetworkType(...) returns 2
03-06 15:51:15.635  2026  2026 V BackupManagerConstants: getFullBackupRequireCharging(...) returns true
03-06 15:51:15.651  2026  2053 W BroadcastQueue: Background execution not allowed: receiving Intent { act=android.intent.action.DROPBOX_ENTRY_ADDED flg=0x10 (has extras) } to com.google.android.gms/.stats.service.DropBoxEntryAddedReceiver
03-06 15:51:15.651  2026  2053 W BroadcastQueue: Background execution not allowed: receiving Intent { act=android.intent.action.DROPBOX_ENTRY_ADDED flg=0x10 (has extras) } to com.google.android.gms/.chimera.GmsIntentOperationService$PersistentTrustedReceiver
03-06 15:51:15.787  2026  2053 I ActivityManager: Force stopping ru.iteco.fmhandroid appid=10134 user=-1: installPackageLI
03-06 15:51:15.788  2026  2068 I PackageManager: Update package ru.iteco.fmhandroid code path from /data/app/ru.iteco.fmhandroid-Z33GJrd9jyrvEsYJyN605w== to /data/app/ru.iteco.fmhandroid-IR5lt3I4uMCX8ZTfCJbxjA==; Retain data and using new
03-06 15:51:15.788  2026  2068 I PackageManager: Update package ru.iteco.fmhandroid resource path from /data/app/ru.iteco.fmhandroid-Z33GJrd9jyrvEsYJyN605w== to /data/app/ru.iteco.fmhandroid-IR5lt3I4uMCX8ZTfCJbxjA==; Retain data and using new
03-06 15:51:15.788  2026  2053 I ActivityManager: Killing 4437:ru.iteco.fmhandroid/u0a134 (adj 0): stop ru.iteco.fmhandroid
03-06 15:51:15.802  2026  2053 W ActivityTaskManager: Force removing ActivityRecord{67d29e4 u0 ru.iteco.fmhandroid/.ui.AppActivity t7 f}: app died, no saved state
03-06 15:51:15.817  2026  2068 I PackageManager: Un-granting permission android.permission.MANAGE_DOCUMENTS from package com.google.android.youtube (protectionLevel=262146 flags=0x30dbbe45)
03-06 15:51:15.818  2026  2068 I PackageManager: Un-granting permission com.google.android.googleapps.permission.GOOGLE_AUTH from package com.android.providers.calendar (protectionLevel=2 flags=0x30883e45)
03-06 15:51:15.818  2026  2068 I PackageManager: Un-granting permission com.google.android.googleapps.permission.GOOGLE_AUTH.cl from package com.android.providers.calendar (protectionLevel=2 flags=0x30883e45)
03-06 15:51:15.818  2026  2068 I PackageManager: Un-granting permission android.permission.WRITE_SECURE_SETTINGS from package com.google.android.apps.enterprise.dmagent (protectionLevel=50 flags=0x30883e05)
03-06 15:51:15.818  2026  2068 I PackageManager: Un-granting permission android.permission.CONNECTIVITY_INTERNAL from package com.google.android.apps.enterprise.dmagent (protectionLevel=18 flags=0x30883e05)
03-06 15:51:15.818  2026  2068 I PackageManager: Un-granting permission android.permission.MANAGE_USB from package com.google.android.apps.enterprise.dmagent (protectionLevel=18 flags=0x30883e05)
03-06 15:51:15.818  2026  2068 I PackageManager: Un-granting permission android.permission.CHANGE_COMPONENT_ENABLED_STATE from package com.google.android.apps.enterprise.dmagent (protectionLevel=18 flags=0x30883e05)
03-06 15:51:15.818  2026  2068 I PackageManager: Un-granting permission android.permission.MANAGE_CA_CERTIFICATES from package com.google.android.apps.enterprise.dmagent (protectionLevel=18 flags=0x30883e05)
03-06 15:51:15.818  2026  2068 I PackageManager: Un-granting permission android.permission.MANAGE_USERS from package com.google.android.apps.enterprise.dmagent (protectionLevel=18 flags=0x30883e05)
03-06 15:51:15.818  2026  2068 I PackageManager: Un-granting permission com.google.android.setupwizard.READ_DEVICE_ORIGIN from package com.google.android.apps.messaging (protectionLevel=18 flags=0x38cbbe45)
03-06 15:51:15.819  2026  2068 I PackageManager: Un-granting permission android.permission.SEND_DOWNLOAD_COMPLETED_INTENTS from package com.android.vending (protectionLevel=2 flags=0x38cabe45)
03-06 15:51:15.819  2026  2068 I PackageManager: Un-granting permission android.permission.BIND_WALLPAPER from package com.android.camera2 (protectionLevel=18 flags=0x20d8bc45)
03-06 15:51:15.819  2026  2068 I PackageManager: Un-granting permission android.permission.REQUEST_INSTALL_PACKAGES from package com.google.android.gm (protectionLevel=66 flags=0x38cbbe45)
03-06 15:51:15.819  2026  2068 I PackageManager: Un-granting permission android.permission.BIND_JOB_SERVICE from package com.google.android.music (protectionLevel=2 flags=0x38cbbe65)
03-06 15:51:15.819  2026  2068 I PackageManager: Un-granting permission android.permission.CONNECTIVITY_USE_RESTRICTED_NETWORKS from package com.google.android.captiveportallogin (protectionLevel=18 flags=0x38c8be45)
03-06 15:51:15.819  2026  2068 I PackageManager: Un-granting permission android.permission.NETWORK_BYPASS_PRIVATE_DNS from package com.google.android.captiveportallogin (protectionLevel=2 flags=0x38c8be45)
03-06 15:51:15.819  2026  2068 I PackageManager: Un-granting permission android.permission.REQUEST_INSTALL_PACKAGES from package com.google.android.apps.docs (protectionLevel=66 flags=0x38cbbe45)
03-06 15:51:15.820  2026  2068 I PackageManager: Un-granting permission android.permission.INTERACT_ACROSS_USERS from package com.google.android.syncadapters.contacts (protectionLevel=50 flags=0x20883e45)
03-06 15:51:15.820  2026  2068 I PackageManager: Un-granting permission android.permission.REQUEST_INSTALL_PACKAGES from package com.android.chrome (protectionLevel=66 flags=0xa0cbbe45)
03-06 15:51:15.820  2026  2068 I PackageManager: Un-granting permission android.permission.CAPTURE_VIDEO_OUTPUT from package com.google.android.gms (protectionLevel=2 flags=0xb0cabe45)
03-06 15:51:15.820  2026  2068 I PackageManager: Un-granting permission android.permission.MANAGE_DEVICE_ADMINS from package com.google.android.gms (protectionLevel=2 flags=0xb0cabe45)
03-06 15:51:15.820  2026  2068 I PackageManager: Un-granting permission android.permission.MANAGE_ACTIVITY_STACKS from package com.google.android.gms (protectionLevel=2 flags=0xb0cabe45)
03-06 15:51:15.820  2026  2068 I PackageManager: Un-granting permission android.permission.CAPTURE_SECURE_VIDEO_OUTPUT from package com.google.android.gms (protectionLevel=2 flags=0xb0cabe45)
03-06 15:51:15.820  2026  2068 I PackageManager: Un-granting permission com.google.android.googleapps.permission.GOOGLE_AUTH from package com.google.android.videos (protectionLevel=2 flags=0x30dbbe45)
03-06 15:51:15.821  2026  2068 I PackageManager: Un-granting permission android.permission.WRITE_MEDIA_STORAGE from package com.google.android.apps.photos (protectionLevel=18 flags=0x38d9be45)
03-06 15:51:15.642  2387  7106 I Icing   : Usage reports ok 0, Failed Usage reports 0, indexed 0, rejected 0
03-06 15:51:15.825  2026  2053 W InputReader: Device has associated, but no associated display id.
03-06 15:51:15.839  2026  2053 I chatty  : uid=1000(system) ActivityManager identical 18 lines
03-06 15:51:15.839  2026  2053 W InputReader: Device has associated, but no associated display id.
03-06 15:51:15.853  1774  1774 I Zygote  : Process 4437 exited due to signal 9 (Killed)
03-06 15:51:15.864  2026  2068 W PackageManager: Cannot whitelist unknown permission: com.google.android.gms.permission.AD_ID
03-06 15:51:15.869  2026  2047 W ActivityManager: setHasOverlayUi called on unknown pid: 4437
03-06 15:51:15.872  1840  1840 E         : Couldn't opendir /data/app/vmdl162638528.tmp: No such file or directory
03-06 15:51:15.872  2026  2055 I libprocessgroup: Successfully killed process cgroup uid 10134 pid 4437 in 83ms
03-06 15:51:15.872  1840  1840 E installd: Failed to delete /data/app/vmdl162638528.tmp: No such file or directory
03-06 15:51:15.879  1792  1969 D gralloc_ranchu: gralloc_alloc: Creating ashmem region of size 9592832
03-06 15:51:15.881  2026  2026 W ActivityManager: Unable to start service Intent { act=android.service.appprediction.AppPredictionService cmp=com.google.android.as/com.google.android.apps.miphone.aiai.app.AiAiPredictionService } U=0: not found
03-06 15:51:15.881  2026  2026 W RemoteAppPredictionService: could not bind to Intent { act=android.service.appprediction.AppPredictionService cmp=com.google.android.as/com.google.android.apps.miphone.aiai.app.AiAiPredictionService } using flags 67108865
03-06 15:51:15.908  1792  3032 D gralloc_ranchu: gralloc_alloc: Creating ashmem region of size 9592832
03-06 15:51:15.913  1792  1969 D gralloc_ranchu: gralloc_alloc: Creating ashmem region of size 9592832
03-06 15:51:15.913  2026  2068 I ActivityManager: Force stopping ru.iteco.fmhandroid appid=10134 user=0: pkg removed
03-06 15:51:15.921  2890  3240 D EGL_emulation: eglMakeCurrent: 0xdee1c2e0: ver 2 0 (tinfo 0xc1d14460)
03-06 15:51:15.924  2387  6920 I ChromeSync: [Persistence,AffiliationManager] Fetching affiliations from the server.
03-06 15:51:15.939  1791  2388 E GnssHAL_GnssInterface: gnssSvStatusCb: a: input svInfo.flags is 8
03-06 15:51:15.939  1791  2388 E GnssHAL_GnssInterface: gnssSvStatusCb: b: input svInfo.flags is 8
03-06 15:51:15.944  1792  1969 D gralloc_ranchu: gralloc_alloc: Creating ashmem region of size 9592832
03-06 15:51:15.945  2026  2117 I InputReader: Reconfiguring input devices.  changes=0x00000010
03-06 15:51:15.967  1792  1969 D gralloc_ranchu: gralloc_alloc: Creating ashmem region of size 9592832
03-06 15:51:15.971  2026  2053 W BroadcastQueue: Background execution not allowed: receiving Intent { act=android.intent.action.PACKAGE_REMOVED dat=package:ru.iteco.fmhandroid flg=0x4000010 (has extras) } to com.android.musicfx/.Compatibility$Receiver
03-06 15:51:15.971  2026  2053 W BroadcastQueue: Background execution not allowed: receiving Intent { act=android.intent.action.PACKAGE_REMOVED dat=package:ru.iteco.fmhandroid flg=0x4000010 (has extras) } to com.android.vending/com.google.android.finsky.packagemanager.impl.PackageMonitorReceiverImpl$RegisteredReceiver
03-06 15:51:15.971  2026  2053 W BroadcastQueue: Background execution not allowed: receiving Intent { act=android.intent.action.PACKAGE_REMOVED dat=package:ru.iteco.fmhandroid flg=0x4000010 (has extras) } to com.android.vending/com.google.android.finsky.instantapps.appmanagement.InstantAppRemoveMonitor
03-06 15:51:15.971  2026  2053 W BroadcastQueue: Background execution not allowed: receiving Intent { act=android.intent.action.PACKAGE_REMOVED dat=package:ru.iteco.fmhandroid flg=0x4000010 (has extras) } to com.google.android.gms/.games.chimera.GamesSystemBroadcastReceiverProxy
03-06 15:51:15.971  2026  2053 W BroadcastQueue: Background execution not allowed: receiving Intent { act=android.intent.action.PACKAGE_REMOVED dat=package:ru.iteco.fmhandroid flg=0x4000010 (has extras) } to com.google.android.gms/.chimera.GmsIntentOperationService$PersistentTrustedReceiver
03-06 15:51:15.979  1792  1969 D gralloc_ranchu: gralloc_alloc: Creating ashmem region of size 9592832
03-06 15:51:15.979  2634  3076 D EGL_emulation: eglMakeCurrent: 0xdee1a120: ver 2 0 (tinfo 0xdee0f3f0)
03-06 15:51:15.982  2026  2026 I RoleManagerService: Granting default permissions...
03-06 15:51:15.984  2026  2053 W BroadcastQueue: Background execution not allowed: receiving Intent { act=android.intent.action.PACKAGE_REMOVED dat=package:ru.iteco.fmhandroid flg=0x4000010 (has extras) } to com.google.android.googlequicksearchbox/com.google.android.apps.gsa.googlequicksearchbox.GelStubAppWatcher
03-06 15:51:15.985  2026  2117 I InputReader: Reconfiguring input devices.  changes=0x00000010
03-06 15:51:15.985  2026  2053 W BroadcastQueue: Background execution not allowed: receiving Intent { act=android.intent.action.PACKAGE_ADDED dat=package:ru.iteco.fmhandroid flg=0x4000010 (has extras) } to com.google.android.packageinstaller/com.android.packageinstaller.PackageInstalledReceiver
03-06 15:51:15.985  2026  2053 W BroadcastQueue: Background execution not allowed: receiving Intent { act=android.intent.action.PACKAGE_ADDED dat=package:ru.iteco.fmhandroid flg=0x4000010 (has extras) } to com.android.musicfx/.Compatibility$Receiver
03-06 15:51:15.986  2026  2053 W BroadcastQueue: Background execution not allowed: receiving Intent { act=android.intent.action.PACKAGE_ADDED dat=package:ru.iteco.fmhandroid flg=0x4000010 (has extras) } to com.android.vending/com.google.android.finsky.packagemanager.impl.PackageMonitorReceiverImpl$RegisteredReceiver
03-06 15:51:15.986  2026  2053 W BroadcastQueue: Background execution not allowed: receiving Intent { act=android.intent.action.PACKAGE_ADDED dat=package:ru.iteco.fmhandroid flg=0x4000010 (has extras) } to com.google.android.gms/.games.chimera.GamesSystemBroadcastReceiverProxy
03-06 15:51:16.003  2026  2053 W BroadcastQueue: Background execution not allowed: receiving Intent { act=android.intent.action.PACKAGE_ADDED dat=package:ru.iteco.fmhandroid flg=0x4000010 (has extras) } to com.google.android.gms/.gass.chimera.PackageChangeBroadcastReceiver
03-06 15:51:16.003  2026  2053 W BroadcastQueue: Background execution not allowed: receiving Intent { act=android.intent.action.PACKAGE_ADDED dat=package:ru.iteco.fmhandroid flg=0x4000010 (has extras) } to com.google.android.gms/.chimera.GmsIntentOperationService$PersistentTrustedReceiver
03-06 15:51:16.007  2026  2053 W BroadcastQueue: Background execution not allowed: receiving Intent { act=android.intent.action.PACKAGE_ADDED dat=package:ru.iteco.fmhandroid flg=0x4000010 (has extras) } to com.google.android.googlequicksearchbox/com.google.android.apps.gsa.googlequicksearchbox.GelStubAppWatcher
03-06 15:51:16.007  2026  2053 W BroadcastQueue: Background execution not allowed: receiving Intent { act=android.intent.action.PACKAGE_ADDED dat=package:ru.iteco.fmhandroid flg=0x4000010 (has extras) } to com.google.android.ims/.receivers.RcsAutoStartReceiver
03-06 15:51:16.003  2026  2117 I InputReader: Reconfiguring input devices.  changes=0x00000010
03-06 15:51:16.015  6392  6392 I Finsky  : [2] com.google.android.finsky.packagemanager.impl.PackageMonitorReceiverImpl.a(4): PackageMonitor received: android.intent.action.PACKAGE_ADDED
03-06 15:51:16.015  6392  6392 I Finsky  : [2] vrs.a(11): Do not start WearSupportService due to Wear service optimization
03-06 15:51:16.019  1774  1774 D Zygote  : Forked child process 7126
03-06 15:51:16.028  7126  7126 W ndroid.keychai: Unexpected CPU variant for X86 using defaults: x86
03-06 15:51:16.032  7126  7126 E ndroid.keychai: Not starting debugger since process cannot load the jdwp agent.
03-06 15:51:16.040  6392  6550 I Finsky  : [534] njx.run(16): Wrote row to frosting DB: 169
03-06 15:51:16.043  6392  6392 I Finsky  : [2] nju.b(2): Frosting ID looked up on UI thread. Caller should move to a background thread.
03-06 15:51:16.043  2387  6920 E ChromeSync: [Sync,SyncIntentOperation] Error handling the intent: Intent { act=android.intent.action.PACKAGE_ADDED dat=package:ru.iteco.fmhandroid.test flg=0x4000010 cmp=com.google.android.gms/.chimera.GmsIntentOperationService (has extras) }.
03-06 15:51:16.045  6392  6392 I Finsky  : [2] com.google.android.finsky.packagemanager.impl.PackageMonitorReceiverImpl.a(4): PackageMonitor received: android.intent.action.PACKAGE_ADDED
03-06 15:51:16.046  6392  6392 I Finsky  : [2] vrs.a(11): Do not start WearSupportService due to Wear service optimization
03-06 15:51:16.047  2026  2054 W ActivityManager: Slow operation: 70ms so far, now at startProcess: done updating battery stats
03-06 15:51:16.047  2026  2054 W ActivityManager: Slow operation: 70ms so far, now at startProcess: building log message
03-06 15:51:16.047  2026  2054 I ActivityManager: Start proc 7126:com.android.keychain/1000 for service {com.android.keychain/com.android.keychain.KeyChainService}
03-06 15:51:16.047  2026  2054 W ActivityManager: Slow operation: 70ms so far, now at startProcess: starting to update pids map
03-06 15:51:16.047  2026  2054 W ActivityManager: Slow operation: 70ms so far, now at startProcess: done updating pids map
03-06 15:51:16.049  2634  3367 E ActivityThread: Failed to find provider info for com.google.android.apps.wellbeing.api
03-06 15:51:16.050  6392  6392 I Finsky  : [2] nju.b(2): Frosting ID looked up on UI thread. Caller should move to a background thread.
03-06 15:51:16.052  2890  2890 W ThreadPoolDumper: Queue length for executor EventBus is now 11. Perhaps some tasks are too long, or the pool is too small.
03-06 15:51:16.054  6392  6392 I Finsky  : [2] com.google.android.finsky.packagemanager.impl.PackageMonitorReceiverImpl.a(4): PackageMonitor received: android.intent.action.PACKAGE_ADDED
03-06 15:51:16.056  6392  6392 I Finsky  : [2] vrs.a(11): Do not start WearSupportService due to Wear service optimization
03-06 15:51:16.066  2890  3121 W SessionLifecycleManager: Handover failed. Creating new session controller.
03-06 15:51:16.068  7126  7126 I ndroid.keychai: The ClassLoaderContext is a special shared library.
03-06 15:51:16.071  6392  6550 I Finsky  : [534] njx.run(16): Wrote row to frosting DB: 170
03-06 15:51:16.075  2026  2026 I Telecom : DefaultDialerCache: Refreshing default dialer for user 0: now com.android.dialer: CM.CCCR->CM.UECNT->CM.CCCR->CM.UECNT->CM.CCCR->CM.UECNT->CM.CCCR->CM.UECNT->CM.CCCR->CM.UECNT->CM.CCCR->CM.UECNT->CM.CCCR->CM.UECNT->CM.CCCR->CM.UECNT->CM.CCCR->CM.UECNT->CM.CCCR->CM.UECNT->CM.CCCR->CM.UECNT->CM.CCCR->CM.UECNT->CM.CCCR->CM.UECNT->CM.CCCR->CM.UECNT->CM.CCCR->CM.UECNT->CM.CCCR->CM.UECNT->CM.CCCR->CM.UECNT@AD4
03-06 15:51:16.076  6392  6392 I Finsky  : [2] nju.b(2): Frosting ID looked up on UI thread. Caller should move to a background thread.
03-06 15:51:16.097  6392  6392 I Finsky  : [2] ird.run(4): Package state data is missing for ru.iteco.fmhandroid
03-06 15:51:16.100  2026  4785 W BroadcastQueue: Background execution not allowed: receiving Intent { act=android.intent.action.PACKAGE_REPLACED dat=package:ru.iteco.fmhandroid flg=0x4000010 (has extras) } to com.android.musicfx/.Compatibility$Receiver
03-06 15:51:16.101  2026  2053 W BroadcastQueue: Background execution not allowed: receiving Intent { act=android.intent.action.PACKAGE_REPLACED dat=package:ru.iteco.fmhandroid flg=0x4000010 (has extras) } to com.google.android.apps.photos/.account.full.FetchAccountPropertiesAppUpgradeBroadcastReceiver
03-06 15:51:16.101  2026  2053 W BroadcastQueue: Background execution not allowed: receiving Intent { act=android.intent.action.PACKAGE_REPLACED dat=package:ru.iteco.fmhandroid flg=0x4000010 (has extras) } to com.google.android.apps.photos/.account.full.SyncAccountsForLoginBroadcastReceiver
03-06 15:51:16.101  2026  2053 W BroadcastQueue: Background execution not allowed: receiving Intent { act=android.intent.action.PACKAGE_REPLACED dat=package:ru.iteco.fmhandroid flg=0x4000010 (has extras) } to com.google.android.apps.photos/.experiments.phenotype.full.PhenotypeAppUpgradeBroadcastReceiver
03-06 15:51:16.101  2026  2053 W BroadcastQueue: Background execution not allowed: receiving Intent { act=android.intent.action.PACKAGE_REPLACED dat=package:ru.iteco.fmhandroid flg=0x4000010 (has extras) } to com.google.android.apps.photos/.notificationchannels.AppUpdateBroadcastReceiver
03-06 15:51:16.102  6392  6550 I Finsky  : [534] njx.run(16): Wrote row to frosting DB: 171
03-06 15:51:16.102  2026  2053 W BroadcastQueue: Background execution not allowed: receiving Intent { act=android.intent.action.PACKAGE_REPLACED dat=package:ru.iteco.fmhandroid flg=0x4000010 (has extras) } to com.google.android.gms/.gass.chimera.PackageChangeBroadcastReceiver
03-06 15:51:16.102  2026  2053 W BroadcastQueue: Background execution not allowed: receiving Intent { act=android.intent.action.PACKAGE_REPLACED dat=package:ru.iteco.fmhandroid flg=0x4000010 (has extras) } to com.google.android.gms/.chimera.GmsIntentOperationService$PersistentTrustedReceiver
03-06 15:51:16.102  2026  2053 W BroadcastQueue: Background execution not allowed: receiving Intent { act=android.intent.action.PACKAGE_REPLACED dat=package:ru.iteco.fmhandroid flg=0x4000010 (has extras) } to com.google.android.googlequicksearchbox/com.google.android.apps.gsa.googlequicksearchbox.GelStubAppWatcher
03-06 15:51:16.102  2026  2053 W BroadcastQueue: Background execution not allowed: receiving Intent { act=android.intent.action.PACKAGE_REPLACED dat=package:ru.iteco.fmhandroid flg=0x4000010 (has extras) } to com.google.android.ims/.receivers.RcsAutoStartReceiver
03-06 15:51:16.099  6392  6392 I Finsky  : [2] ird.run(4): Package state data is missing for ru.iteco.fmhandroid
03-06 15:51:16.106  2476  2476 W ServiceManagement: Waited one second for android.hardware.radio@1.0::IRadio/slot1
03-06 15:51:16.106  2476  2476 I ServiceManagement: getService: Trying again for android.hardware.radio@1.0::IRadio/slot1...
03-06 15:51:16.109  7126  7150 W KeyChain: Creating new DB.
03-06 15:51:16.117  6392  6392 I Finsky  : [2] ird.run(4): Package state data is missing for ru.iteco.fmhandroid
03-06 15:51:16.126  7126  7150 W KeyChain: Got Alias from KeyStore: WifiConfigStore.xml.encrypted-checksum.data-integrity-checker-key
03-06 15:51:16.126  7126  7150 W KeyChain: Existing alias: WifiConfigStore.xml.encrypted-checksum.data-integrity-checker-key
03-06 15:51:16.126  7126  7150 W KeyChain: Marking as selectable: WifiConfigStore.xml.encrypted-checksum.data-integrity-checker-key
03-06 15:51:16.128  2387  6920 I Auth    : [SupervisedAccountIntentOperation] onHandleIntent(): android.intent.action.PACKAGE_ADDED
03-06 15:51:16.128  2387  6920 I Auth    : [SupervisedAccountIntentOperation] This operation is disabled
03-06 15:51:16.128  2387  6920 I ChromeSync: [Sync,SyncIntentOperation] Handling the intent: Intent { act=android.intent.action.PACKAGE_ADDED dat=package:ru.iteco.fmhandroid flg=0x4000010 cmp=com.google.android.gms/.chimera.GmsIntentOperationService (has extras) }.
03-06 15:51:16.138  2026  4296 I ActivityManager: Killing 6350:com.google.android.videos/u0a122 (adj 985): empty #17
03-06 15:51:16.152  2387  7098 I PeopleContactsSync: triggerPendingContactsCleanup: no accounts
03-06 15:51:16.213  1774  1774 I Zygote  : Process 6350 exited due to signal 9 (Killed)
03-06 15:51:16.227  2026  2055 I libprocessgroup: Successfully killed process cgroup uid 10122 pid 6350 in 88ms
03-06 15:51:16.231  2026  2038 I system_server: Background young concurrent copying GC freed 72818(4010KB) AllocSpace objects, 34(1868KB) LOS objects, 28% free, 12MB/17MB, paused 328us total 209.566ms
03-06 15:51:16.249  2890  3185 W LocationOracle: No location history returned by ContextManager
03-06 15:51:16.273  2890  3121 I MicroDetectionWorker: #startMicroDetector [speakerMode: 0]
03-06 15:51:16.279  2890  3121 I AudioController: Created new AudioSource
03-06 15:51:16.282  2890  3121 I MicroDetectionWorker: onReady
03-06 15:51:16.283  2890  3240 D eglCodecCommon: setVertexArrayObject: set vao to 0 (0) 0 0
03-06 15:51:16.317  2890  3185 I MicroRecognitionRunner: Starting detection.
03-06 15:51:16.318  2890  3185 I MultipleReaderAudioSrc: Using micInputStream
03-06 15:51:16.318  2890  3570 I MicrophoneInputStream: mic_starting  SR : 16000 CC : 16 SO : 1999
03-06 15:51:16.322  2164  3051 W GCoreFlp: No location to return for getLastLocation()
03-06 15:51:16.323  2164  3051 W GCoreFlp: No location to return for getLastLocation()
03-06 15:51:16.327  2164  6098 E GCM     : Missing checkin config file
03-06 15:51:16.327  2164  6098 W GCM     : GCM FAILED TO INITIALIZE - missing checkin
03-06 15:51:16.338  2026  3230 W AppOps  : Noting op not finished: uid 10099 pkg com.google.android.gms code 79 time=1709758240344 duration=-1
03-06 15:51:16.346  2026  4296 W AppOps  : Noting op not finished: uid 10099 pkg com.google.android.gms code 79 time=1709758276338 duration=0
03-06 15:51:16.375  1803  7186 I AudioFlinger: AudioFlinger's thread 0xe2dd4940 tid=7186 ready to run
03-06 15:51:16.390  2890  3570 I MicrophoneInputStream: mic_started  SR : 16000 CC : 16 SO : 1999
03-06 15:51:16.391  2164  3051 W GCoreFlp: No location to return for getLastLocation()
03-06 15:51:16.391  2026  4059 I AudioService.RecordingActivityMonitor: rec update riid:47 uid:10105 session:33 src:HOTWORD pack:com.google.android.googlequicksearchbox
03-06 15:51:16.393  2026  2052 I RoleUserState: Wrote roles.xml successfully
03-06 15:51:16.401  2164  3051 W GCoreFlp: No location to return for getLastLocation()
03-06 15:51:16.408  2164  3051 W GCoreFlp: No location to return for getLastLocation()
03-06 15:51:16.431  2890  3185 W SpeechLevelGenerator: Really low audio levels detected. The audio input may have issues.
03-06 15:51:16.432  2890  3121 I MicroDetectionWorker: onReady
03-06 15:51:16.465  2387  4779 I Icing   : IndexChimeraService.getServiceInterface callingPackage=com.google.android.gms componentName=AppsCorpus serviceId=32
03-06 15:51:16.474  2387  3862 I Icing   : IndexChimeraService.getServiceInterface callingPackage=com.google.android.gms componentName=AppsCorpus serviceId=36
03-06 15:51:16.491  2387  7105 I Icing   : Usage reports ok 0, Failed Usage reports 0, indexed 0, rejected 0
03-06 15:51:16.504  2387  7105 I Icing   : Usage reports ok 0, Failed Usage reports 0, indexed 0, rejected 0
03-06 15:51:16.559  7182  7182 D AndroidRuntime: >>>>>> START com.android.internal.os.RuntimeInit uid 2000 <<<<<<
03-06 15:51:16.566  7182  7182 E libc    : Access denied finding property "persist.device_config.runtime_native_boot.enable_apex_image"
03-06 15:51:16.566  7182  7182 I AndroidRuntime: Using default boot image
03-06 15:51:16.567  7182  7182 E libc    : Access denied finding property "persist.device_config.runtime_native_boot.disable_lock_profiling"
03-06 15:51:16.567  7182  7182 I AndroidRuntime: Leaving lock profiling enabled
03-06 15:51:16.568  7182  7182 E libc    : Access denied finding property "persist.device_config.runtime_native_boot.enable_generational_cc"
03-06 15:51:16.575  7182  7182 W app_process: Could not reserve sentinel fault page
03-06 15:51:16.560  7182  7182 W app_process: type=1400 audit(0.0:34): avc: denied { read } for name="u:object_r:device_config_runtime_native_boot_prop:s0" dev="tmpfs" ino=7294 scontext=u:r:shell:s0 tcontext=u:object_r:device_config_runtime_native_boot_prop:s0 tclass=file permissive=0
03-06 15:51:16.560  7182  7182 W app_process: type=1400 audit(0.0:35): avc: denied { read } for name="u:object_r:device_config_runtime_native_boot_prop:s0" dev="tmpfs" ino=7294 scontext=u:r:shell:s0 tcontext=u:object_r:device_config_runtime_native_boot_prop:s0 tclass=file permissive=0
03-06 15:51:16.560  7182  7182 W app_process: type=1400 audit(0.0:36): avc: denied { read } for name="u:object_r:device_config_runtime_native_boot_prop:s0" dev="tmpfs" ino=7294 scontext=u:r:shell:s0 tcontext=u:object_r:device_config_runtime_native_boot_prop:s0 tclass=file permissive=0
03-06 15:51:16.645  2387  7105 I Icing   : Indexing com.google.android.gms-apps from com.google.android.gms
03-06 15:51:16.661  2387  3862 I Icing   : IndexChimeraService.getServiceInterface callingPackage=com.google.android.gms componentName=AppsCorpus serviceId=32
03-06 15:51:16.663  2387  3498 I Icing   : IndexChimeraService.getServiceInterface callingPackage=com.google.android.gms componentName=AppsCorpus serviceId=36
03-06 15:51:16.685  2387  6920 I ChromeSync: [Persistence,AffiliationManager] Fetching affiliations from the server.
03-06 15:51:16.689  2387  6920 E ChromeSync: [Sync,SyncIntentOperation] Error handling the intent: Intent { act=android.intent.action.PACKAGE_ADDED dat=package:ru.iteco.fmhandroid flg=0x4000010 cmp=com.google.android.gms/.chimera.GmsIntentOperationService (has extras) }.
03-06 15:51:16.694  7182  7182 D ICU     : Time zone APEX file found: /apex/com.android.tzdata/etc/icu/icu_tzdata.dat
03-06 15:51:16.702  7182  7182 W app_process: Unexpected CPU variant for X86 using defaults: x86
03-06 15:51:16.706  7182  7182 I app_process: The ClassLoaderContext is a special shared library.
03-06 15:51:16.720  7182  7182 W app_process: JNI RegisterNativeMethods: attempt to register 0 native methods for android.media.AudioAttributes
03-06 15:51:16.723  7182  7182 D AndroidRuntime: Calling main entry com.android.commands.am.Am
03-06 15:51:16.727  2026  3203 I ActivityManager: Force stopping ru.iteco.fmhandroid appid=10134 user=0: start instr
03-06 15:51:16.729  2026  2052 E memtrack: Couldn't load memtrack module
03-06 15:51:16.729  2026  2052 W android.os.Debug: failed to get memory consumption info: -1
03-06 15:51:16.734  1774  1774 D Zygote  : Forked child process 7200
03-06 15:51:16.739  2026  2054 I ActivityManager: Start proc 7200:ru.iteco.fmhandroid/u0a134 for added application ru.iteco.fmhandroid
03-06 15:51:16.740  7200  7200 I teco.fmhandroi: Late-enabling -Xcheck:jni
03-06 15:51:16.749  2164  6098 W ctxmgr  : [AclManager] No 3 for (accnt=account#-517948760#, com.google.android.gms(10099):UserVelocityProducer, vrsn=17786022, 0, 3pPkg = null ,  3pMdlId = null ,  pid = 2164). Was: 3 for 1, account#-517948760# [CONTEXT service_id=47 ]
03-06 15:51:16.749  7200  7200 E teco.fmhandroi: Unknown bits set in runtime_flags: 0x8000
03-06 15:51:16.750  7200  7200 W teco.fmhandroi: Unexpected CPU variant for X86 using defaults: x86
03-06 15:51:16.751  2164  3051 W GCoreFlp: No location to return for getLastLocation()
03-06 15:51:16.796  7200  7200 I teco.fmhandroi: The ClassLoaderContext is a special shared library.
03-06 15:51:16.799  7200  7200 I teco.fmhandroi: The ClassLoaderContext is a special shared library.
03-06 15:51:16.805  2164  3836 I Places  : ?: Couldn't find platform key file.
03-06 15:51:16.853  2387  7105 I Icing   : Usage reports ok 0, Failed Usage reports 0, indexed 0, rejected 0
03-06 15:51:16.857  2164  6098 I ctxmgr  : [ProducerStatusImpl] updateStateForNewContextData: inactive, contextName=7 [CONTEXT service_id=47 ]
03-06 15:51:16.859  2026  3203 W AppOps  : Noting op not finished: uid 10099 pkg com.google.android.gms code 79 time=1709758276346 duration=0
03-06 15:51:16.863  2026  3203 W AppOps  : Noting op not finished: uid 10099 pkg com.google.android.gms code 79 time=1709758276859 duration=0
03-06 15:51:16.869  2164  2164 I GeofencerStateMachine: removeGeofences: removeRequest=RemoveGeofencingRequest[REMOVE_BY_PENDING_INTENT pendingIntent=PendingIntent[creatorPackage=com.google.android.gms], packageName=com.google.android.gms]
03-06 15:51:16.873  2164  2164 I GeofencerStateMachine: removeGeofences: removeRequest=RemoveGeofencingRequest[REMOVE_BY_PENDING_INTENT pendingIntent=PendingIntent[creatorPackage=com.google.android.gms], packageName=com.google.android.gms]
03-06 15:51:16.874  2164  3049 I Places  : ?: Couldn't find platform key file.
03-06 15:51:16.877  2164  7230 I PlaceInferenceEngine: [anon] Changed inference mode: 0
03-06 15:51:16.880  2164  7232 I Places  : ?: Couldn't find platform key file.
03-06 15:51:16.883  2164  3051 W GCoreFlp: No location to return for getLastLocation()
03-06 15:51:16.883  2387  7105 I Icing   : Usage reports ok 0, Failed Usage reports 0, indexed 0, rejected 0
03-06 15:51:16.884  2387  7105 I Icing   : Indexing done com.google.android.gms-apps
03-06 15:51:16.900  2164  7232 I Places  : ?: Couldn't find platform key file.
03-06 15:51:16.900  2164  2604 I Places  : ?: Couldn't find platform key file.
03-06 15:51:16.905  2164  2604 I Places  : ?: Couldn't find platform key file.
03-06 15:51:16.905  2164  3836 I Places  : ?: Couldn't find platform key file.
03-06 15:51:16.906  2164  3051 W GCoreFlp: No location to return for getLastLocation()
03-06 15:51:16.912  2164  7230 W Places  : ?: Failed to download inference model weights PlacesServer
03-06 15:51:16.913  2164  7230 W PlaceInferenceEngine: Failed to download model weights. Status code: 7
03-06 15:51:16.913  2164  7231 I Places  : ?: Couldn't find platform key file.
03-06 15:51:16.914  2164  2604 I Places  : ?: Couldn't find platform key file.
03-06 15:51:16.929  2026  2042 W AppOps  : Noting op not finished: uid 10099 pkg com.google.android.gms code 79 time=1709758276863 duration=0
03-06 15:51:16.931  2026  2042 W AppOps  : Noting op not finished: uid 10099 pkg com.google.android.gms code 79 time=1709758276929 duration=0
03-06 15:51:16.932  2164  7231 I Places  : ?: Couldn't find platform key file.
03-06 15:51:16.939  1791  2388 E GnssHAL_GnssInterface: gnssSvStatusCb: a: input svInfo.flags is 8
03-06 15:51:16.939  1791  2388 E GnssHAL_GnssInterface: gnssSvStatusCb: b: input svInfo.flags is 8
03-06 15:51:16.950  2164  7230 I Places  : ?: PlacesBleScanner start() with priority 2
03-06 15:51:16.951  2164  7230 I PlaceInferenceEngine: [anon] Changed inference mode: 1
03-06 15:51:16.952  2164  3051 W GCoreFlp: No location to return for getLastLocation()
03-06 15:51:16.958  2026  2042 W AppOps  : Noting op not finished: uid 10099 pkg com.google.android.gms code 79 time=1709758276931 duration=0
03-06 15:51:16.960  2026  2042 W AppOps  : Noting op not finished: uid 10099 pkg com.google.android.gms code 79 time=1709758276958 duration=0
03-06 15:51:16.953  2164  3051 I chatty  : uid=10099(com.google.android.gms) FlpThread identical 1 line
03-06 15:51:16.971  2164  3051 W GCoreFlp: No location to return for getLastLocation()
03-06 15:51:17.076  7200  7200 I teco.fmhandroi: The ClassLoaderContext is a special shared library.
03-06 15:51:17.076  7200  7200 I teco.fmhandroi: The ClassLoaderContext is a special shared library.
03-06 15:51:17.108  2476  2476 W ServiceManagement: Waited one second for android.hardware.radio@1.0::IRadio/slot1
03-06 15:51:17.109  2476  2476 I ServiceManagement: getService: Trying again for android.hardware.radio@1.0::IRadio/slot1...
03-06 15:51:17.164  2026  2052 E memtrack: Couldn't load memtrack module
03-06 15:51:17.164  2026  2052 W android.os.Debug: failed to get memory consumption info: -1
03-06 15:51:17.331  7200  7200 W teco.fmhandroi: Accessing hidden method Landroid/app/Instrumentation;->execStartActivity(Landroid/content/Context;Landroid/os/IBinder;Landroid/os/IBinder;Landroid/app/Activity;Landroid/content/Intent;ILandroid/os/Bundle;)Landroid/app/Instrumentation$ActivityResult; (greylist, linking, allowed)
03-06 15:51:17.332  7200  7200 W teco.fmhandroi: Accessing hidden method Landroid/app/Instrumentation;->execStartActivity(Landroid/content/Context;Landroid/os/IBinder;Landroid/os/IBinder;Ljava/lang/String;Landroid/content/Intent;ILandroid/os/Bundle;)Landroid/app/Instrumentation$ActivityResult; (greylist, linking, allowed)
03-06 15:51:17.337  7200  7200 I AndroidJUnitRunner: newApplication ru.iteco.fmhandroid.application.FhmApplication
03-06 15:51:17.364  7200  7200 I FirebaseApp: Device unlocked: initializing all Firebase APIs for app [DEFAULT]
03-06 15:51:17.386  7200  7200 I FirebaseCrashlytics: Initializing Firebase Crashlytics 18.2.6 for ru.iteco.fmhandroid
03-06 15:51:17.389  7200  7238 I DynamiteModule: Considering local module com.google.android.gms.measurement.dynamite:55 and remote module com.google.android.gms.measurement.dynamite:8
03-06 15:51:17.389  7200  7238 I DynamiteModule: Selected local version of com.google.android.gms.measurement.dynamite
03-06 15:51:17.400  7200  7200 W FA      : Failed to register event listener on calling thread. Trying again on the dynamite thread.
03-06 15:51:17.447  7200  7243 D NetworkSecurityConfig: No Network Security Config specified, using platform default
03-06 15:51:17.450  7200  7243 E FirebaseCrashlytics: Settings request failed.
03-06 15:51:17.464  7200  7200 I FirebaseInitProvider: FirebaseApp initialization successful
03-06 15:51:17.482  7200  7200 I AndroidJUnitRunner: onCreate Bundle[mParcelledData.dataSize=268]
03-06 15:51:17.483  7200  7200 D AndroidJUnitRunner: Use the raw file system for managing file I/O.
03-06 15:51:17.495  7200  7200 V TestEventClient: No service name argument was given (testDiscoveryService, testRunEventService or orchestratorService)
03-06 15:51:17.498  7200  7254 D AndroidJUnitRunner: onStart is called.
03-06 15:51:17.500  7200  7247 I FA      : App measurement initialized, version: 46000
03-06 15:51:17.500  7200  7247 I FA      : To enable debug logging run: adb shell setprop log.tag.FA VERBOSE
03-06 15:51:17.500  7200  7247 I FA      : To enable faster debug mode event logging run:
03-06 15:51:17.500  7200  7247 I FA      :   adb shell setprop debug.firebase.analytics.app ru.iteco.fmhandroid
03-06 15:51:17.514  2387  7105 I Icing   : Indexing com.google.android.gms-apps from com.google.android.gms
03-06 15:51:17.515  2387  7105 I Icing   : Indexing done com.google.android.gms-apps
03-06 15:51:17.515  7200  7254 D TestRequestBuilder: Using class path scanning to discover tests
03-06 15:51:17.515  7200  7254 I TestRequestBuilder: Scanning classpath to find tests in paths [/data/app/ru.iteco.fmhandroid.test-Re-8HP4MNStVeBduKxn_0g==/base.apk]
03-06 15:51:17.516  7200  7254 W teco.fmhandroi: Opening an oat file without a class loader. Are you using the deprecated DexFile APIs?
03-06 15:51:17.798  7200  7254 W ScanningTestLoader: Could not load class: annotator.find.TreeFinder
03-06 15:51:17.798  7200  7254 W ScanningTestLoader: java.lang.ClassNotFoundException: annotator.find.TreeFinder
03-06 15:51:17.798  7200  7254 W ScanningTestLoader: 	at java.lang.Class.classForName(Native Method)
03-06 15:51:17.798  7200  7254 W ScanningTestLoader: 	at java.lang.Class.forName(Class.java:454)
03-06 15:51:17.798  7200  7254 W ScanningTestLoader: 	at androidx.test.internal.runner.ScanningTestLoader.doCreateRunner(ScanningTestLoader.java:45)
03-06 15:51:17.798  7200  7254 W ScanningTestLoader: 	at androidx.test.internal.runner.TestLoader.getRunnersFor(TestLoader.java:64)
03-06 15:51:17.798  7200  7254 W ScanningTestLoader: 	at androidx.test.internal.runner.TestRequestBuilder.build(TestRequestBuilder.java:833)
03-06 15:51:17.798  7200  7254 W ScanningTestLoader: 	at androidx.test.runner.AndroidJUnitRunner.buildRequest(AndroidJUnitRunner.java:675)
03-06 15:51:17.798  7200  7254 W ScanningTestLoader: 	at androidx.test.runner.AndroidJUnitRunner.onStart(AndroidJUnitRunner.java:445)
03-06 15:51:17.798  7200  7254 W ScanningTestLoader: 	at android.app.Instrumentation$InstrumentationThread.run(Instrumentation.java:2189)
03-06 15:51:17.798  7200  7254 W ScanningTestLoader: Caused by: java.lang.ClassNotFoundException: annotator.find.TreeFinder
03-06 15:51:17.798  7200  7254 W ScanningTestLoader: 	at java.lang.VMClassLoader.findLoadedClass(Native Method)
03-06 15:51:17.798  7200  7254 W ScanningTestLoader: 	at java.lang.ClassLoader.findLoadedClass(ClassLoader.java:738)
03-06 15:51:17.798  7200  7254 W ScanningTestLoader: 	at java.lang.ClassLoader.loadClass(ClassLoader.java:363)
03-06 15:51:17.798  7200  7254 W ScanningTestLoader: 	at java.lang.ClassLoader.loadClass(ClassLoader.java:312)
03-06 15:51:17.798  7200  7254 W ScanningTestLoader: 	... 8 more
03-06 15:51:17.798  7200  7254 W ScanningTestLoader: Caused by: java.lang.NoClassDefFoundError: Failed resolution of: Lcom/sun/source/util/TreeScanner;
03-06 15:51:17.798  7200  7254 W ScanningTestLoader: 	... 8 more
03-06 15:51:17.798  7200  7254 W ScanningTestLoader: Caused by: java.lang.ClassNotFoundException: Didn't find class "com.sun.source.util.TreeScanner" on path: DexPathList[[zip file "/system/framework/android.test.runner.jar", zip file "/system/framework/android.test.mock.jar", zip file "/data/app/ru.iteco.fmhandroid.test-Re-8HP4MNStVeBduKxn_0g==/base.apk", zip file "/data/app/ru.iteco.fmhandroid-IR5lt3I4uMCX8ZTfCJbxjA==/base.apk"],nativeLibraryDirectories=[/data/app/ru.iteco.fmhandroid.test-Re-8HP4MNStVeBduKxn_0g==/lib/x86, /data/app/ru.iteco.fmhandroid-IR5lt3I4uMCX8ZTfCJbxjA==/lib/x86, /system/lib, /system/product/lib]]
03-06 15:51:17.798  7200  7254 W ScanningTestLoader: 	at dalvik.system.BaseDexClassLoader.findClass(BaseDexClassLoader.java:196)
03-06 15:51:17.798  7200  7254 W ScanningTestLoader: 	at java.lang.ClassLoader.loadClass(ClassLoader.java:379)
03-06 15:51:17.798  7200  7254 W ScanningTestLoader: 	at java.lang.ClassLoader.loadClass(ClassLoader.java:312)
03-06 15:51:17.798  7200  7254 W ScanningTestLoader: 	... 8 more
03-06 15:51:17.799  7200  7254 W ScanningTestLoader: Could not load class: annotator.scanner.AnonymousClassScanner
03-06 15:51:17.799  7200  7254 W ScanningTestLoader: java.lang.ClassNotFoundException: annotator.scanner.AnonymousClassScanner
03-06 15:51:17.799  7200  7254 W ScanningTestLoader: 	at java.lang.Class.classForName(Native Method)
03-06 15:51:17.799  7200  7254 W ScanningTestLoader: 	at java.lang.Class.forName(Class.java:454)
03-06 15:51:17.799  7200  7254 W ScanningTestLoader: 	at androidx.test.internal.runner.ScanningTestLoader.doCreateRunner(ScanningTestLoader.java:45)
03-06 15:51:17.799  7200  7254 W ScanningTestLoader: 	at androidx.test.internal.runner.TestLoader.getRunnersFor(TestLoader.java:64)
03-06 15:51:17.799  7200  7254 W ScanningTestLoader: 	at androidx.test.internal.runner.TestRequestBuilder.build(TestRequestBuilder.java:833)
03-06 15:51:17.799  7200  7254 W ScanningTestLoader: 	at androidx.test.runner.AndroidJUnitRunner.buildRequest(AndroidJUnitRunner.java:675)
03-06 15:51:17.799  7200  7254 W ScanningTestLoader: 	at androidx.test.runner.AndroidJUnitRunner.onStart(AndroidJUnitRunner.java:445)
03-06 15:51:17.799  7200  7254 W ScanningTestLoader: 	at android.app.Instrumentation$InstrumentationThread.run(Instrumentation.java:2189)
03-06 15:51:17.799  7200  7254 W ScanningTestLoader: Caused by: java.lang.ClassNotFoundException: annotator.scanner.AnonymousClassScanner
03-06 15:51:17.799  7200  7254 W ScanningTestLoader: 	at java.lang.VMClassLoader.findLoadedClass(Native Method)
03-06 15:51:17.799  7200  7254 W ScanningTestLoader: 	at java.lang.ClassLoader.findLoadedClass(ClassLoader.java:738)
03-06 15:51:17.799  7200  7254 W ScanningTestLoader: 	at java.lang.ClassLoader.loadClass(ClassLoader.java:363)
03-06 15:51:17.799  7200  7254 W ScanningTestLoader: 	at java.lang.ClassLoader.loadClass(ClassLoader.java:312)
03-06 15:51:17.799  7200  7254 W ScanningTestLoader: 	... 8 more
03-06 15:51:17.799  7200  7254 W ScanningTestLoader: Caused by: java.lang.NoClassDefFoundError: Failed resolution of: Lcom/sun/source/util/TreePathScanner;
03-06 15:51:17.799  7200  7254 W ScanningTestLoader: 	... 8 more
03-06 15:51:17.799  7200  7254 W ScanningTestLoader: Caused by: java.lang.ClassNotFoundException: Didn't find class "com.sun.source.util.TreePathScanner" on path: DexPathList[[zip file "/system/framework/android.test.runner.jar", zip file "/system/framework/android.test.mock.jar", zip file "/data/app/ru.iteco.fmhandroid.test-Re-8HP4MNStVeBduKxn_0g==/base.apk", zip file "/data/app/ru.iteco.fmhandroid-IR5lt3I4uMCX8ZTfCJbxjA==/base.apk"],nativeLibraryDirectories=[/data/app/ru.iteco.fmhandroid.test-Re-8HP4MNStVeBduKxn_0g==/lib/x86, /data/app/ru.iteco.fmhandroid-IR5lt3I4uMCX8ZTfCJbxjA==/lib/x86, /system/lib, /system/product/lib]]
03-06 15:51:17.799  7200  7254 W ScanningTestLoader: 	at dalvik.system.BaseDexClassLoader.findClass(BaseDexClassLoader.java:196)
03-06 15:51:17.799  7200  7254 W ScanningTestLoader: 	at java.lang.ClassLoader.loadClass(ClassLoader.java:379)
03-06 15:51:17.799  7200  7254 W ScanningTestLoader: 	at java.lang.ClassLoader.loadClass(ClassLoader.java:312)
03-06 15:51:17.799  7200  7254 W ScanningTestLoader: 	... 8 more
03-06 15:51:17.800  7200  7254 W ScanningTestLoader: Could not load class: annotator.scanner.CastScanner
03-06 15:51:17.800  7200  7254 W ScanningTestLoader: java.lang.ClassNotFoundException: annotator.scanner.CastScanner
03-06 15:51:17.800  7200  7254 W ScanningTestLoader: 	at java.lang.Class.classForName(Native Method)
03-06 15:51:17.800  7200  7254 W ScanningTestLoader: 	at java.lang.Class.forName(Class.java:454)
03-06 15:51:17.800  7200  7254 W ScanningTestLoader: 	at androidx.test.internal.runner.ScanningTestLoader.doCreateRunner(ScanningTestLoader.java:45)
03-06 15:51:17.800  7200  7254 W ScanningTestLoader: 	at androidx.test.internal.runner.TestLoader.getRunnersFor(TestLoader.java:64)
03-06 15:51:17.800  7200  7254 W ScanningTestLoader: 	at androidx.test.internal.runner.TestRequestBuilder.build(TestRequestBuilder.java:833)
03-06 15:51:17.800  7200  7254 W ScanningTestLoader: 	at androidx.test.runner.AndroidJUnitRunner.buildRequest(AndroidJUnitRunner.java:675)
03-06 15:51:17.800  7200  7254 W ScanningTestLoader: 	at androidx.test.runner.AndroidJUnitRunner.onStart(AndroidJUnitRunner.java:445)
03-06 15:51:17.800  7200  7254 W ScanningTestLoader: 	at android.app.Instrumentation$InstrumentationThread.run(Instrumentation.java:2189)
03-06 15:51:17.800  7200  7254 W ScanningTestLoader: Caused by: java.lang.ClassNotFoundException: annotator.scanner.CastScanner
03-06 15:51:17.800  7200  7254 W ScanningTestLoader: 	at java.lang.VMClassLoader.findLoadedClass(Native Method)
03-06 15:51:17.800  7200  7254 W ScanningTestLoader: 	at java.lang.ClassLoader.findLoadedClass(ClassLoader.java:738)
03-06 15:51:17.800  7200  7254 W ScanningTestLoader: 	at java.lang.ClassLoader.loadClass(ClassLoader.java:363)
03-06 15:51:17.800  7200  7254 W ScanningTestLoader: 	at java.lang.ClassLoader.loadClass(ClassLoader.java:312)
03-06 15:51:17.800  7200  7254 W ScanningTestLoader: 	... 8 more
03-06 15:51:17.800  7200  7254 W ScanningTestLoader: Caused by: java.lang.NoClassDefFoundError: Failed resolution of: Lannotator/scanner/CommonScanner;
03-06 15:51:17.800  7200  7254 W ScanningTestLoader: 	... 8 more
03-06 15:51:17.800  7200  7254 W ScanningTestLoader: Caused by: java.lang.ClassNotFoundException: annotator.scanner.CommonScanner
03-06 15:51:17.800  7200  7254 W ScanningTestLoader: 	at java.lang.VMClassLoader.findLoadedClass(Native Method)
03-06 15:51:17.800  7200  7254 W ScanningTestLoader: 	at java.lang.ClassLoader.findLoadedClass(ClassLoader.java:738)
03-06 15:51:17.800  7200  7254 W ScanningTestLoader: 	at java.lang.ClassLoader.loadClass(ClassLoader.java:363)
03-06 15:51:17.800  7200  7254 W ScanningTestLoader: 	at java.lang.ClassLoader.loadClass(ClassLoader.java:312)
03-06 15:51:17.800  7200  7254 W ScanningTestLoader: 	... 8 more
03-06 15:51:17.800  7200  7254 W ScanningTestLoader: Caused by: java.lang.NoClassDefFoundError: Failed resolution of: Lcom/sun/source/util/TreePathScanner;
03-06 15:51:17.800  7200  7254 W ScanningTestLoader: 	... 8 more
03-06 15:51:17.800  7200  7254 W ScanningTestLoader: Caused by: java.lang.ClassNotFoundException: Didn't find class "com.sun.source.util.TreePathScanner" on path: DexPathList[[zip file "/system/framework/android.test.runner.jar", zip file "/system/framework/android.test.mock.jar", zip file "/data/app/ru.iteco.fmhandroid.test-Re-8HP4MNStVeBduKxn_0g==/base.apk", zip file "/data/app/ru.iteco.fmhandroid-IR5lt3I4uMCX8ZTfCJbxjA==/base.apk"],nativeLibraryDirectories=[/data/app/ru.iteco.fmhandroid.test-Re-8HP4MNStVeBduKxn_0g==/lib/x86, /data/app/ru.iteco.fmhandroid-IR5lt3I4uMCX8ZTfCJbxjA==/lib/x86, /system/lib, /system/product/lib]]
03-06 15:51:17.800  7200  7254 W ScanningTestLoader: 	at dalvik.system.BaseDexClassLoader.findClass(BaseDexClassLoader.java:196)
03-06 15:51:17.800  7200  7254 W ScanningTestLoader: 	at java.lang.ClassLoader.loadClass(ClassLoader.java:379)
03-06 15:51:17.800  7200  7254 W ScanningTestLoader: 	at java.lang.ClassLoader.loadClass(ClassLoader.java:312)
03-06 15:51:17.800  7200  7254 W ScanningTestLoader: 	... 8 more
03-06 15:51:17.800  7200  7254 W ScanningTestLoader: Could not load class: annotator.scanner.CommonScanner
03-06 15:51:17.800  7200  7254 W ScanningTestLoader: java.lang.NoClassDefFoundError: Failed resolution of: Lcom/sun/source/util/TreePathScanner;
03-06 15:51:17.800  7200  7254 W ScanningTestLoader: 	at java.lang.Class.classForName(Native Method)
03-06 15:51:17.800  7200  7254 W ScanningTestLoader: 	at java.lang.Class.forName(Class.java:454)
03-06 15:51:17.800  7200  7254 W ScanningTestLoader: 	at androidx.test.internal.runner.ScanningTestLoader.doCreateRunner(ScanningTestLoader.java:45)
03-06 15:51:17.800  7200  7254 W ScanningTestLoader: 	at androidx.test.internal.runner.TestLoader.getRunnersFor(TestLoader.java:64)
03-06 15:51:17.800  7200  7254 W ScanningTestLoader: 	at androidx.test.internal.runner.TestRequestBuilder.build(TestRequestBuilder.java:833)
03-06 15:51:17.800  7200  7254 W ScanningTestLoader: 	at androidx.test.runner.AndroidJUnitRunner.buildRequest(AndroidJUnitRunner.java:675)
03-06 15:51:17.800  7200  7254 W ScanningTestLoader: 	at androidx.test.runner.AndroidJUnitRunner.onStart(AndroidJUnitRunner.java:445)
