03-06 15:51:36.341  7200  7254 E TestRunner: 	at org.junit.runners.BlockJUnit4ClassRunner$1.evaluate(BlockJUnit4ClassRunner.java:100)
03-06 15:51:36.341  7200  7254 E TestRunner: 	at org.junit.runners.ParentRunner.runLeaf(ParentRunner.java:366)
03-06 15:51:36.341  7200  7254 E TestRunner: 	at org.junit.runners.BlockJUnit4ClassRunner.runChild(BlockJUnit4ClassRunner.java:103)
03-06 15:51:36.341  7200  7254 E TestRunner: 	at org.junit.runners.BlockJUnit4ClassRunner.runChild(BlockJUnit4ClassRunner.java:63)
03-06 15:51:36.341  7200  7254 E TestRunner: 	at org.junit.runners.ParentRunner$4.run(ParentRunner.java:331)
03-06 15:51:36.341  7200  7254 E TestRunner: 	at org.junit.runners.ParentRunner$1.schedule(ParentRunner.java:79)
03-06 15:51:36.341  7200  7254 E TestRunner: 	at org.junit.runners.ParentRunner.runChildren(ParentRunner.java:329)
03-06 15:51:36.341  7200  7254 E TestRunner: 	at org.junit.runners.ParentRunner.access$100(ParentRunner.java:66)
03-06 15:51:36.341  7200  7254 E TestRunner: 	at org.junit.runners.ParentRunner$2.evaluate(ParentRunner.java:293)
03-06 15:51:36.341  7200  7254 E TestRunner: 	at org.junit.runners.ParentRunner$3.evaluate(ParentRunner.java:306)
03-06 15:51:36.341  7200  7254 E TestRunner: 	at org.junit.runners.ParentRunner.run(ParentRunner.java:413)
03-06 15:51:36.341  7200  7254 E TestRunner: 	at androidx.test.ext.junit.runners.AndroidJUnit4.run(AndroidJUnit4.java:162)
03-06 15:51:36.341  7200  7254 E TestRunner: 	at io.qameta.allure.android.runners.AllureAndroidJUnit4.run(AllureAndroidJUnitRunners.kt:29)
03-06 15:51:36.341  7200  7254 E TestRunner: 	at org.junit.runners.Suite.runChild(Suite.java:128)
03-06 15:51:36.341  7200  7254 E TestRunner: 	at org.junit.runners.Suite.runChild(Suite.java:27)
03-06 15:51:36.341  7200  7254 E TestRunner: 	at org.junit.runners.ParentRunner$4.run(ParentRunner.java:331)
03-06 15:51:36.341  7200  7254 E TestRunner: 	at org.junit.runners.ParentRunner$1.schedule(ParentRunner.
03-06 15:51:36.341  7200  7254 E TestRunner: ----- end exception -----
03-06 15:51:36.342  7200  7254 I TestRunner: finished: testAuthInvalidPassword(ru.netology.tests.AuthTest)
03-06 15:51:36.346  7200  7254 I TestRunner: started: testLogout(ru.netology.tests.AuthTest)
03-06 15:51:36.350  2164  6098 I Places  : ?: Couldn't find platform key file.
03-06 15:51:36.377  7200  7254 W Settings: Setting always_finish_activities has moved from android.provider.Settings.System to android.provider.Settings.Global, returning read-only value.
03-06 15:51:36.380  2026  2043 W ActivityTaskManager: Finishing task with all activities already finished
03-06 15:51:36.380  2026  2043 W ActivityTaskManager: Duplicate finish request for ActivityRecord{7e86c3a u0 ru.iteco.fmhandroid.test/androidx.test.core.app.InstrumentationActivityInvoker$EmptyActivity t11 f}
03-06 15:51:36.380  2164  2164 I GeofencerStateMachine: removeGeofences: removeRequest=RemoveGeofencingRequest[REMOVE_BY_PENDING_INTENT pendingIntent=PendingIntent[creatorPackage=com.google.android.gms], packageName=com.google.android.gms]
03-06 15:51:36.381  2026  4171 I ActivityTaskManager: START u0 {act=android.intent.action.MAIN cat=[android.intent.category.LAUNCHER] flg=0x10008000 cmp=ru.iteco.fmhandroid/.ui.AppActivity} from uid 10134
03-06 15:51:36.382  2164  2604 I Places  : ?: Couldn't find platform key file.
03-06 15:51:36.382  2164  7513 I PlaceInferenceEngine: [anon] Changed inference mode: 0
03-06 15:51:36.383  2164  2164 I GeofencerStateMachine: removeGeofences: removeRequest=RemoveGeofencingRequest[REMOVE_BY_PENDING_INTENT pendingIntent=PendingIntent[creatorPackage=com.google.android.gms], packageName=com.google.android.gms]
03-06 15:51:36.386  2164  7232 I Places  : ?: Couldn't find platform key file.
03-06 15:51:36.390  2164  3051 W GCoreFlp: No location to return for getLastLocation()
03-06 15:51:36.390  2026  3230 W InputReader: Device has associated, but no associated display id.
03-06 15:51:36.392  2026  3230 I chatty  : uid=1000(system) Binder:2026_12 identical 38 lines
03-06 15:51:36.392  2026  3230 W InputReader: Device has associated, but no associated display id.
03-06 15:51:36.392  7200  7200 W ActivityThread: handleWindowVisibility: no activity for token android.os.BinderProxy@a0b9e7b
03-06 15:51:36.394  2026  2048 E system_server: Invalid ID 0x00000000.
03-06 15:51:36.400  7200  7200 D LifecycleMonitor: Lifecycle status change: ru.iteco.fmhandroid.ui.AppActivity@5aba757 in: PRE_ON_CREATE
03-06 15:51:36.400  7200  7200 V ActivityScenario: Activity lifecycle changed event received but ignored because the reported transition was not ON_CREATE while the last known transition was PRE_ON_CREATE
03-06 15:51:36.411  1792  1792 D gralloc_ranchu: gralloc_alloc: Creating ashmem region of size 9592832
03-06 15:51:36.412  2026  4171 W AppOps  : Noting op not finished: uid 10099 pkg com.google.android.gms code 79 time=1709758296395 duration=-1
03-06 15:51:36.413  2164  7231 I Places  : ?: Couldn't find platform key file.
03-06 15:51:36.413  2026  4171 W AppOps  : Noting op not finished: uid 10099 pkg com.google.android.gms code 79 time=1709758296412 duration=0
03-06 15:51:36.413  2164  6098 I Places  : ?: Couldn't find platform key file.
03-06 15:51:36.413  2164  2604 I Places  : ?: Couldn't find platform key file.
03-06 15:51:36.419  2164  7519 I Places  : ?: Couldn't find platform key file.
03-06 15:51:36.425  7200  7200 D LifecycleMonitor: Lifecycle status change: ru.iteco.fmhandroid.ui.AppActivity@5aba757 in: CREATED
03-06 15:51:36.425  7200  7200 V ActivityScenario: Update currentActivityStage to CREATED, currentActivity=ru.iteco.fmhandroid.ui.AppActivity@5aba757
03-06 15:51:36.438  2164  7513 W Places  : ?: Failed to download inference model weights PlacesServer
03-06 15:51:36.438  2164  7513 W PlaceInferenceEngine: Failed to download model weights. Status code: 7
03-06 15:51:36.439  2164  7519 I Places  : ?: Couldn't find platform key file.
03-06 15:51:36.439  2164  2604 I Places  : ?: Couldn't find platform key file.
03-06 15:51:36.452  2026  2048 W InputReader: Device has associated, but no associated display id.
03-06 15:51:36.452  2026  2048 I chatty  : uid=1000(system) android.anim identical 8 lines
03-06 15:51:36.452  2026  2048 W InputReader: Device has associated, but no associated display id.
03-06 15:51:36.453  7200  7200 D LifecycleMonitor: Lifecycle status change: ru.iteco.fmhandroid.ui.AppActivity@5aba757 in: STARTED
03-06 15:51:36.453  7200  7200 V ActivityScenario: Update currentActivityStage to STARTED, currentActivity=ru.iteco.fmhandroid.ui.AppActivity@5aba757
03-06 15:51:36.454  7200  7200 D LifecycleMonitor: Lifecycle status change: ru.iteco.fmhandroid.ui.AppActivity@5aba757 in: RESUMED
03-06 15:51:36.454  7200  7200 V ActivityScenario: Update currentActivityStage to RESUMED, currentActivity=ru.iteco.fmhandroid.ui.AppActivity@5aba757
03-06 15:51:36.456  7200  7213 I teco.fmhandroi: NativeAlloc concurrent copying GC freed 55986(3235KB) AllocSpace objects, 23(2472KB) LOS objects, 47% free, 6711KB/12MB, paused 323us total 108.547ms
03-06 15:51:36.458  1807  1807 E Layer   : [Surface(name=AppWindowToken{340b291 token=Token{1b234b8 ActivityRecord{7235b1b u0 com.google.android.apps.nexuslauncher/.NexusLauncherActivity t5}}})/@0xaa55df9 - animation-leash#0] No local sync point found
03-06 15:51:36.471  1792  1792 D gralloc_ranchu: gralloc_alloc: Creating ashmem region of size 9592832
03-06 15:51:36.476  1807  1807 E Layer   : [Surface(name=AppWindowToken{340b291 token=Token{1b234b8 ActivityRecord{7235b1b u0 com.google.android.apps.nexuslauncher/.NexusLauncherActivity t5}}})/@0xaa55df9 - animation-leash#0] No local sync point found
03-06 15:51:36.489  1792  1792 D gralloc_ranchu: gralloc_alloc: Creating ashmem region of size 9592832
03-06 15:51:36.493  1807  1807 E Layer   : [Surface(name=AppWindowToken{340b291 token=Token{1b234b8 ActivityRecord{7235b1b u0 com.google.android.apps.nexuslauncher/.NexusLauncherActivity t5}}})/@0xaa55df9 - animation-leash#0] No local sync point found
03-06 15:51:36.498  2890  3121 I MicroDetector: Keeping mic open: false
03-06 15:51:36.499  2890  3190 I DeviceStateChecker: DeviceStateChecker cancelled
03-06 15:51:36.500  1792  3032 D gralloc_ranchu: gralloc_alloc: Creating ashmem region of size 9592832
03-06 15:51:36.500  2890  3215 I MicroRecognitionRunner: Stopping hotword detection.
03-06 15:51:36.502  2890  3204 I MicroRecognitionRunner: Detection finished
03-06 15:51:36.503  7200  7276 D EGL_emulation: eglMakeCurrent: 0xdee1ae40: ver 2 0 (tinfo 0xc2e69120)
03-06 15:51:36.505  2890  3212 I AudioController: internalShutdown
03-06 15:51:36.511  1807  1807 E Layer   : [Surface(name=AppWindowToken{340b291 token=Token{1b234b8 ActivityRecord{7235b1b u0 com.google.android.apps.nexuslauncher/.NexusLauncherActivity t5}}})/@0xaa55df9 - animation-leash#0] No local sync point found
03-06 15:51:36.527  2890  3212 I MicrophoneInputStream: mic_close  SR : 16000 CC : 16 SO : 1999
03-06 15:51:36.527  2890  3212 E AudioSource: Stop listening is called on already closed AudioSource
03-06 15:51:36.532  2026  2052 I ActivityTaskManager: Displayed ru.iteco.fmhandroid/.ui.AppActivity: +151ms
03-06 15:51:36.541  2164  3049 I ctxmgr  : [ProducerStatusImpl] updateStateForNewContextData: inactive, contextName=7 [CONTEXT service_id=47 ]
03-06 15:51:36.552  2164  3051 W GCoreFlp: No location to return for getLastLocation()
03-06 15:51:36.563  2164  7232 I Places  : ?: Couldn't find platform key file.
03-06 15:51:36.565  2026  3230 W AppOps  : Noting op not finished: uid 10099 pkg com.google.android.gms code 79 time=1709758296413 duration=0
03-06 15:51:36.570  2026  3230 W AppOps  : Noting op not finished: uid 10099 pkg com.google.android.gms code 79 time=1709758296565 duration=0
03-06 15:51:36.576  2164  7513 I Places  : ?: PlacesBleScanner start() with priority 2
03-06 15:51:36.576  2164  7513 I PlaceInferenceEngine: [anon] Changed inference mode: 1
03-06 15:51:36.579  2164  3051 W GCoreFlp: No location to return for getLastLocation()
03-06 15:51:36.585  2026  3230 W AppOps  : Noting op not finished: uid 10099 pkg com.google.android.gms code 79 time=1709758296570 duration=0
03-06 15:51:36.589  2026  4059 W AppOps  : Noting op not finished: uid 10099 pkg com.google.android.gms code 79 time=1709758296585 duration=0
03-06 15:51:36.580  2164  3051 I chatty  : uid=10099(com.google.android.gms) FlpThread identical 1 line
03-06 15:51:36.602  2164  3051 W GCoreFlp: No location to return for getLastLocation()
03-06 15:51:36.691  7353  7385 D EGL_emulation: eglMakeCurrent: 0xdb9591c0: ver 2 0 (tinfo 0xf2089d00)
03-06 15:51:36.734  7200  7254 W Settings: Setting always_finish_activities has moved from android.provider.Settings.System to android.provider.Settings.Global, returning read-only value.
03-06 15:51:36.735  2026  2052 E memtrack: Couldn't load memtrack module
03-06 15:51:36.735  2026  2052 W android.os.Debug: failed to get memory consumption info: -1
03-06 15:51:36.736  2026  3230 I ActivityTaskManager: START u0 {act=android.intent.action.MAIN cat=[android.intent.category.LAUNCHER] flg=0x10008000 cmp=ru.iteco.fmhandroid/.ui.AppActivity} from uid 10134
03-06 15:51:36.737  2026  3230 W InputReader: Device has associated, but no associated display id.
03-06 15:51:36.737  2026  3230 I chatty  : uid=1000(system) Binder:2026_12 identical 8 lines
03-06 15:51:36.737  2026  3230 W InputReader: Device has associated, but no associated display id.
03-06 15:51:36.742  2890  3240 D EGL_emulation: eglMakeCurrent: 0xdee1c2e0: ver 2 0 (tinfo 0xc1d14460)
03-06 15:51:36.743  7200  7200 D LifecycleMonitor: Lifecycle status change: ru.iteco.fmhandroid.ui.AppActivity@5aba757 in: PAUSED
03-06 15:51:36.743  7200  7200 V ActivityScenario: Update currentActivityStage to PAUSED, currentActivity=ru.iteco.fmhandroid.ui.AppActivity@5aba757
03-06 15:51:36.743  7200  7200 V ActivityScenario: Activity lifecycle changed event received but ignored because the reported transition was not ON_CREATE while the last known transition was PRE_ON_CREATE
03-06 15:51:36.744  2026  3230 W InputReader: Device has associated, but no associated display id.
03-06 15:51:36.746  2026  3230 I chatty  : uid=1000(system) Binder:2026_12 identical 38 lines
03-06 15:51:36.746  2026  3230 W InputReader: Device has associated, but no associated display id.
03-06 15:51:36.748  7200  7200 W ActivityThread: handleWindowVisibility: no activity for token android.os.BinderProxy@ee5ed7e
03-06 15:51:36.750  2634  3076 D EGL_emulation: eglMakeCurrent: 0xdee1a120: ver 2 0 (tinfo 0xdee0f3f0)
03-06 15:51:36.754  7200  7200 D LifecycleMonitor: Lifecycle status change: ru.iteco.fmhandroid.ui.AppActivity@96f638a in: PRE_ON_CREATE
03-06 15:51:36.754  7200  7200 V ActivityScenario: Activity lifecycle changed event received but ignored because the activity instance does not match. currentActivity=ru.iteco.fmhandroid.ui.AppActivity@5aba757, receivedActivity=ru.iteco.fmhandroid.ui.AppActivity@96f638a
03-06 15:51:36.754  7200  7200 V ActivityScenario: Activity lifecycle changed event received but ignored because the reported transition was not ON_CREATE while the last known transition was PRE_ON_CREATE
03-06 15:51:36.765  1792  3032 D gralloc_ranchu: gralloc_alloc: Creating ashmem region of size 9592832
03-06 15:51:36.780  2890  3212 I PBSessionCacheImpl: Deleted sessionId[85817059499] from persistence.
03-06 15:51:36.791  7200  7200 D LifecycleMonitor: Lifecycle status change: ru.iteco.fmhandroid.ui.AppActivity@96f638a in: CREATED
03-06 15:51:36.795  7200  7200 V ActivityScenario: Activity lifecycle changed event received but ignored because the activity instance does not match. currentActivity=ru.iteco.fmhandroid.ui.AppActivity@5aba757, receivedActivity=ru.iteco.fmhandroid.ui.AppActivity@96f638a
03-06 15:51:36.797  7200  7200 V ActivityScenario: Update currentActivityStage to CREATED, currentActivity=ru.iteco.fmhandroid.ui.AppActivity@96f638a
03-06 15:51:36.816  2026  2048 W InputReader: Device has associated, but no associated display id.
03-06 15:51:36.817  2026  2048 I chatty  : uid=1000(system) android.anim identical 18 lines
03-06 15:51:36.818  2026  2048 W InputReader: Device has associated, but no associated display id.
03-06 15:51:36.826  7200  7200 D LifecycleMonitor: Lifecycle status change: ru.iteco.fmhandroid.ui.AppActivity@96f638a in: STARTED
03-06 15:51:36.826  7200  7200 V ActivityScenario: Activity lifecycle changed event received but ignored because the activity instance does not match. currentActivity=ru.iteco.fmhandroid.ui.AppActivity@5aba757, receivedActivity=ru.iteco.fmhandroid.ui.AppActivity@96f638a
03-06 15:51:36.826  7200  7200 V ActivityScenario: Update currentActivityStage to STARTED, currentActivity=ru.iteco.fmhandroid.ui.AppActivity@96f638a
03-06 15:51:36.827  7200  7200 D LifecycleMonitor: Lifecycle status change: ru.iteco.fmhandroid.ui.AppActivity@96f638a in: RESUMED
03-06 15:51:36.827  7200  7200 V ActivityScenario: Activity lifecycle changed event received but ignored because the activity instance does not match. currentActivity=ru.iteco.fmhandroid.ui.AppActivity@5aba757, receivedActivity=ru.iteco.fmhandroid.ui.AppActivity@96f638a
03-06 15:51:36.827  7200  7200 V ActivityScenario: Update currentActivityStage to RESUMED, currentActivity=ru.iteco.fmhandroid.ui.AppActivity@96f638a
03-06 15:51:36.839  2890  3121 W SearchServiceCore: Abort, client detached.
03-06 15:51:36.843  1792  3032 D gralloc_ranchu: gralloc_alloc: Creating ashmem region of size 9592832
03-06 15:51:36.866  1792  3032 D gralloc_ranchu: gralloc_alloc: Creating ashmem region of size 9592832
03-06 15:51:36.877  7200  7276 D EGL_emulation: eglMakeCurrent: 0xdee1ae40: ver 2 0 (tinfo 0xc2e69120)
03-06 15:51:36.882  1792  3032 D gralloc_ranchu: gralloc_alloc: Creating ashmem region of size 9592832
03-06 15:51:36.893  2026  3203 W AppOps  : Noting op not finished: uid 10099 pkg com.google.android.gms code 79 time=1709758296589 duration=0
03-06 15:51:36.899  2026  4171 W AppOps  : Noting op not finished: uid 10099 pkg com.google.android.gms code 79 time=1709758296893 duration=0
03-06 15:51:36.909  2026  4171 W AppOps  : Noting op not finished: uid 10099 pkg com.google.android.gms code 79 time=1709758296899 duration=0
03-06 15:51:36.910  7200  7276 D EGL_emulation: eglMakeCurrent: 0xdee1ae40: ver 2 0 (tinfo 0xc2e69120)
03-06 15:51:36.912  2026  4171 W AppOps  : Noting op not finished: uid 10099 pkg com.google.android.gms code 79 time=1709758296909 duration=0
03-06 15:51:36.938  7200  7276 I chatty  : uid=10134(ru.iteco.fmhandroid) RenderThread identical 3 lines
03-06 15:51:36.941  7200  7276 D EGL_emulation: eglMakeCurrent: 0xdee1ae40: ver 2 0 (tinfo 0xc2e69120)
03-06 15:51:36.948  2026  2052 E memtrack: Couldn't load memtrack module
03-06 15:51:36.948  2026  2052 W android.os.Debug: failed to get memory consumption info: -1
03-06 15:51:36.952  1791  2388 E GnssHAL_GnssInterface: gnssSvStatusCb: a: input svInfo.flags is 8
03-06 15:51:36.952  1791  2388 E GnssHAL_GnssInterface: gnssSvStatusCb: b: input svInfo.flags is 8
03-06 15:51:36.956  7200  7276 D EGL_emulation: eglMakeCurrent: 0xdee1ae40: ver 2 0 (tinfo 0xc2e69120)
03-06 15:51:36.991  7200  7276 I chatty  : uid=10134(ru.iteco.fmhandroid) RenderThread identical 4 lines
03-06 15:51:36.995  7200  7276 D EGL_emulation: eglMakeCurrent: 0xdee1ae40: ver 2 0 (tinfo 0xc2e69120)
03-06 15:51:37.002  2476  2476 W ServiceManagement: Waited one second for android.hardware.radio@1.0::IRadio/slot1
03-06 15:51:37.003  2476  2476 I ServiceManagement: getService: Trying again for android.hardware.radio@1.0::IRadio/slot1...
03-06 15:51:37.011  7200  7276 D EGL_emulation: eglMakeCurrent: 0xdee1ae40: ver 2 0 (tinfo 0xc2e69120)
03-06 15:51:37.438  2026  3203 W NotificationService: Toast already killed. pkg=ru.iteco.fmhandroid callback=android.app.ITransientNotification$Stub$Proxy@83f9ee8
03-06 15:51:37.453  7200  7276 I chatty  : uid=10134(ru.iteco.fmhandroid) RenderThread identical 49 lines
03-06 15:51:37.468  7200  7276 D EGL_emulation: eglMakeCurrent: 0xdee1ae40: ver 2 0 (tinfo 0xc2e69120)
03-06 15:51:37.502  7200  7200 D LifecycleMonitor: Lifecycle status change: ru.iteco.fmhandroid.ui.AppActivity@5aba757 in: STOPPED
03-06 15:51:37.502  7200  7200 V ActivityScenario: Update currentActivityStage to STOPPED, currentActivity=ru.iteco.fmhandroid.ui.AppActivity@5aba757
03-06 15:51:37.502  7200  7200 V ActivityScenario: Activity lifecycle changed event received but ignored because the activity instance does not match. currentActivity=ru.iteco.fmhandroid.ui.AppActivity@96f638a, receivedActivity=ru.iteco.fmhandroid.ui.AppActivity@5aba757
03-06 15:51:37.507  7200  7200 D LifecycleMonitor: Lifecycle status change: ru.iteco.fmhandroid.ui.AppActivity@5aba757 in: DESTROYED
03-06 15:51:37.508  7200  7200 V ActivityScenario: Update currentActivityStage to DESTROYED, currentActivity=null
03-06 15:51:37.508  7200  7200 V ActivityScenario: Activity lifecycle changed event received but ignored because the activity instance does not match. currentActivity=ru.iteco.fmhandroid.ui.AppActivity@96f638a, receivedActivity=ru.iteco.fmhandroid.ui.AppActivity@5aba757
03-06 15:51:37.953  1791  2388 E GnssHAL_GnssInterface: gnssSvStatusCb: a: input svInfo.flags is 8
03-06 15:51:37.953  1791  2388 E GnssHAL_GnssInterface: gnssSvStatusCb: b: input svInfo.flags is 8
03-06 15:51:38.003  2476  2476 W ServiceManagement: Waited one second for android.hardware.radio@1.0::IRadio/slot1
03-06 15:51:38.004  2476  2476 I ServiceManagement: getService: Trying again for android.hardware.radio@1.0::IRadio/slot1...
03-06 15:51:38.107  2026  4070 D HostConnection: HostConnection::get() New Host Connection established 0xb73c2c60, tid 4070
03-06 15:51:38.108  2026  4070 D HostConnection: HostComposition ext ANDROID_EMU_CHECKSUM_HELPER_v1 ANDROID_EMU_dma_v1 ANDROID_EMU_direct_mem ANDROID_EMU_host_composition_v1 ANDROID_EMU_host_composition_v2 ANDROID_EMU_vulkan ANDROID_EMU_deferred_vulkan_commands ANDROID_EMU_vulkan_null_optional_strings ANDROID_EMU_vulkan_create_resources_with_requirements ANDROID_EMU_YUV420_888_to_NV21 ANDROID_EMU_YUV_Cache ANDROID_EMU_vulkan_free_memory_sync ANDROID_EMU_vulkan_shader_float16_int8 ANDROID_EMU_vulkan_async_queue_submit ANDROID_EMU_sync_buffer_data GL_OES_vertex_array_object GL_KHR_texture_compression_astc_ldr ANDROID_EMU_host_side_tracing ANDROID_EMU_gles_max_version_2 
03-06 15:51:38.109  2026  4070 W OpenGLRenderer: Failed to choose config with EGL_SWAP_BEHAVIOR_PRESERVED, retrying without...
03-06 15:51:38.116  2026  4070 D eglCodecCommon: setVertexArrayObject: set vao to 0 (0) 0 0
03-06 15:51:38.116  2026  4070 D EGL_emulation: eglCreateContext: 0xc23d2660: maj 2 min 0 rcv 2
03-06 15:51:38.147  2026  4070 D EGL_emulation: eglMakeCurrent: 0xc23d2660: ver 2 0 (tinfo 0xbd5c54c0)
03-06 15:51:38.158  2026  4070 D eglCodecCommon: setVertexArrayObject: set vao to 0 (0) 1 0
03-06 15:51:38.419  7527  7527 I ServiceManagement: Registered android.hardware.radio@1.1::IRadio/slot1 (start delay of 18ms)
03-06 15:51:38.419  7527  7527 I ServiceManagement: Registered android.hardware.radio.deprecated@1.0::IOemHook/slot1 (start delay of 18ms)
03-06 15:51:38.420  2476  2476 I android_os_HwBinder: HwBinder: Starting thread pool for getting: android.hardware.radio@1.0::IRadio/slot1
03-06 15:51:38.422  1676  1676 I hwservicemanager: getTransport: Cannot find entry android.hardware.radio.deprecated@1.0::IOemHook/slot1 in either framework or device manifest.
03-06 15:51:38.423  2476  2476 I CallNotifier: onCallForwardingIndicatorChanged(): subId=1, visible=N
03-06 15:51:38.423  2476  2476 D CallNotifier: updatePhoneStateListeners: update CF notifications.
03-06 15:51:38.423  2476  2476 I NotificationMgr: updateCfi: subId= 1, visible=N
03-06 15:51:38.423  2476  2476 I NotificationMgr: updateMwi(): subId 1 update to false
03-06 15:51:38.426  2476  2476 D CallNotifier: updatePhoneStateListeners: update CF notifications.
03-06 15:51:38.426  2476  2476 I NotificationMgr: updateCfi: subId= 1, visible=N
03-06 15:51:38.426  4030  4030 I Dialer  : LegacyVoicemailNotificationReceiver.onReceive - received legacy voicemail notification
03-06 15:51:38.426  4030  4030 I Dialer  : LegacyVoicemailNotificationReceiver.onReceive - isRefresh: true
03-06 15:51:38.426  4030  4030 I Dialer  : LegacyVoicemailNotificationReceiver.onReceive - clearing notification
03-06 15:51:38.426  4030  4030 I Dialer  : LegacyVoicemailNotifier.cancelNotification - enter
03-06 15:51:38.426  2476  2476 I NotificationMgr: updateMwi(): subId 1 update to false
03-06 15:51:38.431  4030  4030 I Dialer  : LegacyVoicemailNotificationReceiver.onReceive - received legacy voicemail notification
03-06 15:51:38.431  4030  4030 I Dialer  : LegacyVoicemailNotificationReceiver.onReceive - isRefresh: false
03-06 15:51:38.431  4030  4030 I Dialer  : LegacyVoicemailNotificationReceiver.onReceive - clearing notification
03-06 15:51:38.431  4030  4030 I Dialer  : LegacyVoicemailNotifier.cancelNotification - enter
03-06 15:51:38.434  2476  2476 I TelecomFramework: PstnPhoneCapabilitiesNotifier: handleVideoCapabilitesChanged. Video capability - false
03-06 15:51:38.437  2026  3203 I Telecom : PhoneAccountRegistrar: Modify account: [ComponentInfo{com.android.phone/com.android.services.telephony.TelephonyConnectionService}, ***, UserHandle{0}]: TSI.rPA@Ago
03-06 15:51:38.438  2026  3203 I Telecom : CallsManager: handlePhoneAccountChanged: phoneAccount=[[X] PhoneAccount: ComponentInfo{com.android.phone/com.android.services.telephony.TelephonyConnectionService}, ***, UserHandle{0} Capabilities: CallProvider MultiUser PlaceEmerg SimSub  Audio Routes: BESW Schemes: tel voicemail  Extras: Bundle[{android.telecom.extra.SUPPORTS_VIDEO_CALLING_FALLBACK=true}] GroupId: ***]: TSI.rPA@Ago
03-06 15:51:38.442  2476  2476 D TelephonyProvider: subIdString = 1 subId = 1
03-06 15:51:38.445  2026  2113 W ActivityManager: Unable to start service Intent { act=com.google.android.gms.drive.ApiService.RESET_AFTER_BOOT flg=0x4 cmp=com.google.android.gms/.drive.api.ApiService (has extras) } U=0: not found
03-06 15:51:38.453  1774  1774 D Zygote  : Forked child process 7530
03-06 15:51:38.456  7530  7530 W .apps.wallpape: Unexpected CPU variant for X86 using defaults: x86
03-06 15:51:38.457  2890  2890 I BgTaskExecutorImpl: Starting EXCLUSIVE background task INTERNAL_PERIODIC_TASK_SYNC.
03-06 15:51:38.457  2026  3203 W ActivityManager: Background start not allowed: service Intent { cmp=com.google.android.apps.messaging/.shared.datamodel.action.execution.ActionExecutorImpl$EmptyService } to com.google.android.apps.messaging/.shared.datamodel.action.execution.ActionExecutorImpl$EmptyService from pid=4330 uid=10121 pkg=com.google.android.apps.messaging startFg?=false
03-06 15:51:38.457  2026  2054 I ActivityManager: Start proc 7530:com.google.android.apps.wallpaper/u0a96 for broadcast {com.google.android.apps.wallpaper/com.android.wallpaper.module.DailyLoggingAlarmReceiver}
03-06 15:51:38.460  4330  4542 I Bugle   : CountryCodeDetector: updateMainDeviceCountry from default subscription network country. detected country: us
03-06 15:51:38.462  2184  2184 V KeyguardUpdateMonitor: onSubscriptionInfoChanged()
03-06 15:51:38.467  2184  2184 V KeyguardUpdateMonitor: SubInfo:{id=1, iccId=890141032[****] simSlotIndex=0 carrierId=1 displayName=T-Mobile carrierName=No service nameSource=3 iconTint=-16746133 mNumber=[****] dataRoaming=0 iconBitmap=android.graphics.Bitmap@2813aa8 mcc 310 mnc 260mCountryIso=us isEmbedded false accessRules null cardString=890141032[****] cardId=-1 isOpportunistic false mGroupUUID=null mIsGroupDisabled=false profileClass=-1 ehplmns = null hplmns = null subscriptionType=0 mGroupOwner=null}
03-06 15:51:38.470  2026  3230 D AlarmManagerService: Kernel timezone updated to 0 minutes west of GMT
03-06 15:51:38.471  2026  2123 W BestClock: java.time.DateTimeException: Missing NTP fix
03-06 15:51:38.474  2026  2026 D ConditionProviders.SCP: onReceive android.intent.action.TIMEZONE_CHANGED
03-06 15:51:38.474  2026  2026 D ConditionProviders.SCP: evaluateSubscriptionLocked cal=ScheduleCalendar[mDays={1, 2, 3, 4, 5, 6, 7}, mSchedule=ScheduleInfo{days=[1, 2, 3, 4, 5, 6, 7], startHour=22, startMinute=0, endHour=7, endMinute=0, exitAtAlarm=true, nextAlarm=Thu Jan 01 00:00:00 GMT 1970 (0)}], now=Wed Mar 06 20:51:38 GMT 2024 (1709758298474), nextUserAlarmTime=Thu Jan 01 00:00:00 GMT 1970 (0)
03-06 15:51:38.474  2890  2890 I BgTaskExecutorImpl: Starting PERIODIC background task AWARE_TIP_WORKER_PROCESS_TIPS.
03-06 15:51:38.474  2026  2026 D ConditionProviders.SCP: notifyCondition condition://android/schedule?days=1.2.3.4.5.6.7&start=22.0&end=7.0&exitAtAlarm=true STATE_FALSE reason=!meetsSchedule
03-06 15:51:38.475  2026  2123 W BestClock: java.time.DateTimeException: Missing NTP fix
03-06 15:51:38.475  1773  1773 I netd    : bandwidthSetGlobalAlert(2097152) <0.06ms>
03-06 15:51:38.475  2026  2026 D ConditionProviders.SCP: Scheduling evaluate for Wed Mar 06 22:00:00 GMT 2024 (1709762400000), in +1h8m21s526ms, now=Wed Mar 06 20:51:38 GMT 2024 (1709758298474)
03-06 15:51:38.476  2890  3121 W SearchServiceCore: Abort, client detached.
03-06 15:51:38.477  2890  2890 I BgTaskExecutorImpl: Starting PERIODIC background task BACKGROUNDRETRY_CACHE_SWEEP.
03-06 15:51:38.478  6208  6208 I SetupWizard: [bea] Network time not available. java.lang.reflect.InvocationTargetException
03-06 15:51:38.487  6208  6208 I SetupWizard: [bea] Network time not available. java.lang.reflect.InvocationTargetException
03-06 15:51:38.487  7530  7530 E .apps.wallpape: Not starting debugger since process cannot load the jdwp agent.
03-06 15:51:38.493  2026  4059 I LocationAccessPolicy: Allowing com.google.android.inputmethod.latin fine because it doesn't target API 29 yet. Please fix this app. Called from TelephonyRegistry push
03-06 15:51:38.493  2026  4059 I LocationAccessPolicy: Allowing com.google.android.apps.messaging fine because it doesn't target API 29 yet. Please fix this app. Called from TelephonyRegistry push
03-06 15:51:38.494  2026  4059 I LocationAccessPolicy: com.google.android.setupwizard is aware of coarse but the app-ops permission is specifically denied.
03-06 15:51:38.500  2890  3121 W SearchServiceCore: Abort, client detached.
03-06 15:51:38.502  4330  7437 W Bugle   : BuglePhoneNumberUtils: canonicalizeMccMnc: invalid mccmnc. mcc: null, mnc: null
03-06 15:51:38.507  2476  2476 D ServiceStateProvider: subId=1
03-06 15:51:38.509  7530  7530 D ApplicationLoaders: Returning zygote-cached class loader: /system/framework/android.hidl.base-V1.0-java.jar
03-06 15:51:38.509  7530  7530 D ApplicationLoaders: Returning zygote-cached class loader: /system/framework/android.hidl.manager-V1.0-java.jar
03-06 15:51:38.509  7530  7530 D ApplicationLoaders: Returning zygote-cached class loader: /system/framework/android.hidl.base-V1.0-java.jar
03-06 15:51:38.511  7530  7530 I .apps.wallpape: The ClassLoaderContext is a special shared library.
03-06 15:51:38.511  4330  7437 W Bugle   : Obsolete carrier config resource: maxMessageSize res: 1048576, sys: 307200
03-06 15:51:38.511  4330  7437 W Bugle   : Obsolete carrier config resource: maxImageHeight res: 1944, sys: 480
03-06 15:51:38.511  4330  7437 W Bugle   : Obsolete carrier config resource: maxImageWidth res: 2592, sys: 640
03-06 15:51:38.512  4330  7437 I Bugle   : Carrier configs loaded: Bundle[{carrier_volte_provisioned_bool=false, disable_charge_indication_bool=false, support_tdscdma_bool=false, httpSocketTimeout=60000, call_redirection_service_component_name_string=null, carrier_wfc_supports_wifi_only_bool=false, carrier_default_actions_on_default_network_available_string_array=[false: 7, true: 8], operator_selection_expand_bool=true, disable_cdma_activation_code_bool=false, simplified_network_settings_bool=false, support_tdscdma_roaming_networks_string_array=null, gps.lpp_profile=0, call_barring_visibility_bool=false, gps.es_extension_sec=0, enable_apps_string_array=null, carrier_default_wfc_ims_roaming_enabled_bool=false, cdma_nonroaming_networks_string_array=null, aliasMinChars=2, wfc_data_spn_format_idx_int=0, hide_sim_lock_settings_bool=false, drop_video_call_when_answering_audio_call_bool=false, ci_action_on_sys_update_bool=false, convert_cdma_caller_id_mmi_codes_while_roaming_on_3gpp_bool=false, support_enhanced_call_blocking_bool=true, vvm_port_number_int=0, carrier_default_wfc_ims_enabled_bool=false, dial_string_replace_string_array=null, opportunistic_network_entry_threshold_bandwidth_int=1024, gsm_nonroaming_networks_string_array=null, hide_ims_apn_bool=false, vvm_destination_number_string=, dtmf_type_enabled_bool=false, allow_video_calling_fallback_bool=true, config_ims_package_override_string=null, only_auto_select_in_home_network=false, smsToMmsTextThreshold=-1, disable_severe_when_extreme_disabled_bool=true, force_home_network_bool=false, spdi_override_string_array=null, show_wfc_location_privacy_policy_bool=false, gps.supl_es=1, enableSMSDeliveryReports=true, auto_retry_enabled_bool=false, opportunistic_network_entry_threshold_rssnr_int=45, play_call_recording_tone_bool=false, carrier_force_disable_etws_cmas_test_bool=false, call_waiting_service_class_int=1, allow_emergency_video_calls_bool=false, csp_enabled_bool=false, default_sim_call_manager_string=, wifi.passpoint_profiles_string_array=null, carrier_app_required_during_setup_bool=false, call_forwarding_blocks_while_roaming_string_array=null, emergency_notification_delay_int=-1, support_video_conference_call_bool=false, ims_dtmf_tone_delay_int=0, show_signal_strength_in_sim_status_bool=true, data_rapid_notification_bool=true, carrier_instant_lettering_escaped_chars_string=, carrier_default_wfc_ims_roaming_mode_int=2, editable_wfc_mode_bool=true, support_direct_fdn_dialing_bool=false, carrier_ut_provisioning_required_bool=false, carrier_wifi_string_array=null, treat_downgraded_video_calls_as_video_calls_bool=false, wifi_calls_can_be_hd_audio=true, support_downgrade_vt_to_audio_bool=true, cdma_enhanced_roaming_indicator_for_home_network_int_array=[1], notify_handover_video_from_lte_to_wifi_bool=false, use_otasp_for_provisioning_bool=false, always_play_remote_hold_tone_bool=false, opportunistic_network_data_switch_hysteresis_time_long=10000, maxMessageTextSize=-1, duration_blocking_disabled_after_emergency_int=7200, carrier_metered_roaming_apn_types_strings=[default, mms, dun, supl], additional_settings_call_waiting_visibility_bool=true, show_video_call_charges_alert_dialog_bool=false, carrier_network_service_wlan_package_override_string=, show_apn_setting_cdma_bool=false, use_usim_bool=false, carrier_instant_lettering_length_limit_int=64, operator_name_filter_pattern_string=, carrier_instant_lettering_invalid_chars_string=, carrier_setup_app_string=, editable_wfc_roaming_mode_bool=false, supportMmsContentDisposition=true, support_manage_ims_conference_call_bool=true, opportunistic_network_exit_threshold_rssnr_int=10, allow_non_emergency_calls_in_ecm_bool=true, allow_cdma_eri_bool=false, carrier_data_service_wlan_package_override_string=, show_carrier_data_icon_pattern_string=, use_rcs_presence_bool=false, config_telephony_use_own_number_for_voicemail_bool=false, cdma_dtmf_tone_delay_int=100, editable_voicemail_number_bool=false, carrier_data_call_apn_retry_after_disconnect_long=10000, filtered_cnap_names_string_array=null, enabledTransID=false, aliasEnabled=false, vvm_disabl
03-06 15:51:38.512  7530  7530 I .apps.wallpape: The ClassLoaderContext is a special shared library.
03-06 15:51:38.518  2890  2890 I BgTaskExecutorImpl: Starting PERIODIC background task CLEAR_DATA_DETECTOR.
03-06 15:51:38.519  2890  2890 I BgTaskExecutorImpl: Starting PERIODIC background task FETCH_ADVERTISING_INFO.
03-06 15:51:38.525  7530  7530 I MultiDex: VM with version 2.1.0 has multidex support
03-06 15:51:38.525  7530  7530 I MultiDex: install
03-06 15:51:38.525  7530  7530 I MultiDex: VM has multidex support, MultiDex support library is disabled.
03-06 15:51:38.527  2890  3181 I FirstRunClassifier: First run of com.google.android.googlequicksearchbox on this device detected
03-06 15:51:38.528  2890  3121 W SearchServiceCore: Abort, client detached.
03-06 15:51:38.528  2890  3121 W SearchServiceCore: Abort, client detached.
03-06 15:51:38.529  2476  3366 D IccSmsInterfaceManager: [IccSmsInterfaceManager] Failed to add cdma broadcast channels range 4099 to 4099
03-06 15:51:38.529  2476  3366 D IccSmsInterfaceManager: [IccSmsInterfaceManager] Calling setGsmBroadcastConfig with 1 configurations
03-06 15:51:38.541  1676  1676 I hwservicemanager: getTransport: Cannot find entry android.hardware.radio.config@1.1::IRadioConfig/default in either framework or device manifest.
03-06 15:51:38.542  1676  1676 I hwservicemanager: getTransport: Cannot find entry android.hardware.radio.config@1.0::IRadioConfig/default in either framework or device manifest.
03-06 15:51:38.543  2890  3121 W SearchServiceCore: Abort, client detached.
03-06 15:51:38.544  1780  1780 W audio_hw_generic: Not supplying enough data to HAL, expected position 579946 , only wrote 442870
03-06 15:51:38.550  1676  1676 I hwservicemanager: getTransport: Cannot find entry android.hardware.radio.config@1.1::IRadioConfig/default in either framework or device manifest.
03-06 15:51:38.550  1676  1676 I hwservicemanager: getTransport: Cannot find entry android.hardware.radio.config@1.0::IRadioConfig/default in either framework or device manifest.
03-06 15:51:38.552  1676  1676 I hwservicemanager: getTransport: Cannot find entry android.hardware.radio.config@1.1::IRadioConfig/default in either framework or device manifest.
03-06 15:51:38.552  1676  1676 I hwservicemanager: getTransport: Cannot find entry android.hardware.radio.config@1.0::IRadioConfig/default in either framework or device manifest.
03-06 15:51:38.553  2476  2476 D CallNotifier: updatePhoneStateListeners: update CF notifications.
03-06 15:51:38.553  2476  2476 I NotificationMgr: updateCfi: subId= 1, visible=N
03-06 15:51:38.554  2476  2476 I NotificationMgr: updateMwi(): subId 1 update to false
03-06 15:51:38.556  4030  4030 I Dialer  : LegacyVoicemailNotificationReceiver.onReceive - received legacy voicemail notification
03-06 15:51:38.556  4030  4030 I Dialer  : LegacyVoicemailNotificationReceiver.onReceive - isRefresh: true
03-06 15:51:38.556  4030  4030 I Dialer  : LegacyVoicemailNotificationReceiver.onReceive - clearing notification
03-06 15:51:38.556  4030  4030 I Dialer  : LegacyVoicemailNotifier.cancelNotification - enter
03-06 15:51:38.556  4030  4030 I Dialer  : LegacyVoicemailNotifier.cancelNotification - 'null' id, canceling all legacy voicemail notifications
03-06 15:51:38.556  2476  2476 I TelecomFramework: : onSubscriptionsChanged - update accounts
03-06 15:51:38.557  2476  2476 I TelecomFramework: PstnIncomingCallNotifier: Unregistering: Handler (com.android.internal.telephony.GsmCdmaPhone) {b312827}
03-06 15:51:38.557  2476  2476 I TelecomFramework: TelecomAccountRegistry: setupAccounts: Found 1 phones.  Attempting to register.
03-06 15:51:38.557  2476  2476 I TelecomFramework: TelecomAccountRegistry: setupAccounts: Phone with subscription id 1
03-06 15:51:38.557  2476  2476 I TelecomFramework: TelecomAccountRegistry: setupAccounts: adding default
03-06 15:51:38.557  2476  2476 E PhoneInterfaceManager: [PhoneIntfMgr] getIccId: No UICC
03-06 15:51:38.561  2026  4059 I Telecom : PhoneAccountRegistrar: New phone account registered: [[ ] PhoneAccount: ComponentInfo{com.android.phone/com.android.services.telephony.TelephonyConnectionService}, ***, UserHandle{0} Capabilities: CallProvider MultiUser PlaceEmerg SimSub  Audio Routes: BESW Schemes: tel voicemail  Extras: Bundle[{android.telecom.extra.SUPPORTS_VIDEO_CALLING_FALLBACK=true}] GroupId: ***]: TSI.rPA@Ags
03-06 15:51:38.562  2026  4059 I Telecom : CallsManager: Sending phone-account ComponentInfo{com.android.phone/com.android.services.telephony.TelephonyConnectionService}, ***, UserHandle{0} registered intent as user: TSI.rPA@Ags
03-06 15:51:38.563  2026  4059 I Telecom : CallsManager: Sending phone-account registered intent to default dialer: TSI.rPA@Ags
03-06 15:51:38.563  2476  2476 I TelecomFramework: AccountEntry: Registered phoneAccount: [[ ] PhoneAccount: ComponentInfo{com.android.phone/com.android.services.telephony.TelephonyConnectionService}, ***, UserHandle{0} Capabilities: CallProvider MultiUser PlaceEmerg SimSub  Audio Routes: BESW Schemes: tel voicemail  Extras: Bundle[{android.telecom.extra.SUPPORTS_VIDEO_CALLING_FALLBACK=true}] GroupId: ***] with handle: ComponentInfo{com.android.phone/com.android.services.telephony.TelephonyConnectionService}, ***, UserHandle{0}
03-06 15:51:38.563  2476  2476 I TelecomFramework: PstnIncomingCallNotifier: Registering: Handler (com.android.internal.telephony.GsmCdmaPhone) {b312827}
03-06 15:51:38.564  2476  2476 I TelecomFramework: TelecomAccountRegistry: Unregistering phone account ComponentInfo{com.android.phone/com.android.services.telephony.TelephonyConnectionService}, ***, UserHandle{0}.
03-06 15:51:38.565  2026  4785 I Telecom : CallsManager: Sending phone-account ComponentInfo{com.android.phone/com.android.services.telephony.TelephonyConnectionService}, ***, UserHandle{0} unregistered intent as user: TSI.uPA@Ag0
03-06 15:51:38.571  2026  4785 I Telecom : CallsManager: Sending phone-account unregistered intent to default dialer: TSI.uPA@Ag0
03-06 15:51:38.572  2476  2476 D MultiSimSettingController: onSubscriptionsChanged
03-06 15:51:38.572  2476  2476 D MultiSimSettingController: updateDefaults
03-06 15:51:38.572  2476  2476 D MultiSimSettingController: [updateDefaultValues] change: 0
03-06 15:51:38.574  2026  4059 D AlarmManagerService: Kernel timezone updated to 0 minutes west of GMT
03-06 15:51:38.576  2890  2890 I BgTaskExecutorImpl: Starting PERIODIC background task UPDATE_LAUNCHER_SHORTCUT.
03-06 15:51:38.576  2476  2476 D IntentBroadcaster: Broadcasting and adding intent for rebroadcast: android.intent.action.SIM_STATE_CHANGED UNKNOWN for slotId 0
03-06 15:51:38.577  2184  2184 V KeyguardUpdateMonitor: action android.intent.action.SIM_STATE_CHANGED state: UNKNOWN slotId: 0 subid: 1
03-06 15:51:38.577  2184  2184 D KeyguardUpdateMonitor: handleSimStateChange(subId=1, slotId=0, state=UNKNOWN)
03-06 15:51:38.577  2803  2803 I rcs     : [PresencePublication] onReceive intent=Intent { act=android.intent.action.SIM_STATE_CHANGED flg=0x5000010 (has extras) }
03-06 15:51:38.577  2803  2803 I rcs     : [PresencePublication] ACTION_SIM_STATE_CHANGED INTENT_KEY_ICC_STATE=UNKNOWN
03-06 15:51:38.577  2803  2803 I rcs     : [RcsService] onReceive intent=Intent { act=android.intent.action.SIM_STATE_CHANGED flg=0x5000010 (has extras) }
03-06 15:51:38.578  2476  2476 D CarrierConfigLoader: update config for phoneId: 0 simState: UNKNOWN
03-06 15:51:38.578  2476  2476 D CarrierSvcBindHelper: update binding for phoneId: 0 simState: UNKNOWN
03-06 15:51:38.584  2476  2476 D TelephonyProvider: match current APN size:  0
03-06 15:51:38.585  2476  2476 E TelephonyProvider: iccRecords is null
03-06 15:51:38.587  2476  2476 I TelecomFramework: PstnPhoneCapabilitiesNotifier: handleVideoCapabilitesChanged. Video capability - false
03-06 15:51:38.588  2890  3121 W SearchServiceCore: Abort, client detached.
03-06 15:51:38.588  2476  2476 E PhoneInterfaceManager: [PhoneIntfMgr] getIccId: No UICC
03-06 15:51:38.592  2026  4785 I Telecom : PhoneAccountRegistrar: Modify account: [ComponentInfo{com.android.phone/com.android.services.telephony.TelephonyConnectionService}, ***, UserHandle{0}]: TSI.rPA@Ag8
03-06 15:51:38.593  2026  4785 I Telecom : CallsManager: handlePhoneAccountChanged: phoneAccount=[[X] PhoneAccount: ComponentInfo{com.android.phone/com.android.services.telephony.TelephonyConnectionService}, ***, UserHandle{0} Capabilities: CallProvider MultiUser PlaceEmerg SimSub  Audio Routes: BESW Schemes: tel voicemail  Extras: Bundle[{android.telecom.extra.SUPPORTS_VIDEO_CALLING_FALLBACK=true}] GroupId: ***]: TSI.rPA@Ag8
03-06 15:51:38.609  2476  2476 D CarrierConfigLoader: mHandler: 0 phoneId: 0
03-06 15:51:38.609  2476  2476 D CarrierConfigLoader: Broadcast CARRIER_CONFIG_CHANGED for phone 0
03-06 15:51:38.611  4330  4330 I Bugle   : Carrier config changed. Reloading MMS config.
03-06 15:51:38.612  4113  4113 D CellBroadcastReceiver: onReceive Intent { act=android.telephony.action.CARRIER_CONFIG_CHANGED flg=0x15000010 cmp=com.android.cellbroadcastreceiver/.CellBroadcastReceiver (has extras) }
03-06 15:51:38.612  4113  4113 D CellBroadcastReceiver: initializeSharedPreference
03-06 15:51:38.614  2476  3412 E CarrierInfoManager: Invalid networkOperator: 
03-06 15:51:38.615  4113  4113 D CellBroadcastReceiver: Default interval 0 did not change.
03-06 15:51:38.615  4113  4113 D CellBroadcastReceiver: Start Cell Broadcast configuration.
03-06 15:51:38.616  5804  5804 I AlarmClock: AlarmInitReceiver android.intent.action.TIMEZONE_CHANGED
03-06 15:51:38.619  5804  5831 I AlarmClock: Connected Dock: null
03-06 15:51:38.620  2026  2026 I Telecom : PhoneAccountRegistrar: getSimCallManager: SimCallManager for subId 1 queried, returning: null: CM.CCCR->CM.UECNT->CM.CCCR->CM.UECNT->CM.CCCR->CM.UECNT->CM.CCCR->CM.UECNT->CM.CCCR->CM.UECNT->CM.CCCR->CM.UECNT->CM.CCCR->CM.UECNT->CM.CCCR->CM.UECNT->CM.CCCR->CM.UECNT->CM.CCCR->CM.UECNT->CM.CCCR->CM.UECNT->CM.CCCR->CM.UECNT->CM.CCCR->CM.UECNT->CM.CCCR->CM.UECNT->CM.CCCR->CM.UECNT->CM.CCCR->CM.UECNT->CM.CCCR->CM.UECNT->CM.CCCR->CM.UECNT->CM.CCCR->CM.UECNT->CM.CCCR->CM.UECNT->CM.CCCR->CM.UECNT->CM.CCCR->CM.UECNT@AD4
03-06 15:51:38.623  5804  5831 I AlarmClock: Removing AlarmClockInfo
03-06 15:51:38.625  5804  5804 I AlarmClock: DigitalAppWidgetProvider processing Intent { act=android.intent.action.TIMEZONE_CHANGED flg=0x21200010 cmp=com.google.android.deskclock/com.android.alarmclock.DigitalAppWidgetProvider (has extras) }
03-06 15:51:38.628  2026  4785 I ActivityManager: Killing 6433:com.google.android.youtube/u0a132 (adj 985): empty #17
03-06 15:51:38.631  4113  4113 D CellBroadcastReceiver: onReceive Intent { act=android.intent.action.SERVICE_STATE flg=0x1000010 cmp=com.android.cellbroadcastreceiver/.CellBroadcastReceiver (has extras) }
03-06 15:51:38.642  2476  2476 I TelecomFramework: : Carrier-config changed, checking for phone account updates.
03-06 15:51:38.643  4165  4165 I CarrierServices: [2] ServiceStateReceiver.onReceive: Received SERVICE_STATE intent.
03-06 15:51:38.654  2476  2476 D TelephonyProvider: subIdString = 1 subId = 1
03-06 15:51:38.660  2476  2476 E PhoneInterfaceManager: [PhoneIntfMgr] getIccId: No UICC
03-06 15:51:38.662  2184  2184 V KeyguardUpdateMonitor: onSubscriptionInfoChanged()
03-06 15:51:38.663  2026  2123 E NetworkPolicy: Missing subscriberId for subId 1
03-06 15:51:38.664  2026  2123 W BestClock: java.time.DateTimeException: Missing NTP fix
03-06 15:51:38.664  2184  2184 V KeyguardUpdateMonitor: SubInfo:{id=1, iccId=890141032[****] simSlotIndex=0 carrierId=1 displayName=T-Mobile carrierName=No service nameSource=3 iconTint=-16746133 mNumber=[****] dataRoaming=0 iconBitmap=android.graphics.Bitmap@e000043 mcc 310 mnc 260mCountryIso=us isEmbedded false accessRules null cardString=890141032[****] cardId=-1 isOpportunistic false mGroupUUID=null mIsGroupDisabled=false profileClass=-1 ehplmns = null hplmns = null subscriptionType=0 mGroupOwner=null}
03-06 15:51:38.664  2026  2053 I DropBoxManagerService: add tag=system_server_wtf isTagEnabled=true flags=0x2
03-06 15:51:38.665  6392  6424 I Finsky  : [493] fpw.a(10): onSubscriptionsChanged
03-06 15:51:38.665  6392  6424 I Finsky  : [493] fpt.c(15): notifySubscriptionInfoChangedListener: DataSubscriptionInfo=null
03-06 15:51:38.665  2026  2123 W BestClock: java.time.DateTimeException: Missing NTP fix
03-06 15:51:38.665  1773  1773 I netd    : bandwidthSetGlobalAlert(2097152) <0.06ms>
03-06 15:51:38.667  2026  4785 I LocationAccessPolicy: Allowing com.google.android.inputmethod.latin fine because it doesn't target API 29 yet. Please fix this app. Called from TelephonyRegistry push
03-06 15:51:38.668  2026  4785 I LocationAccessPolicy: Allowing com.google.android.apps.messaging fine because it doesn't target API 29 yet. Please fix this app. Called from TelephonyRegistry push
03-06 15:51:38.668  2026  4785 I LocationAccessPolicy: com.google.android.setupwizard is aware of coarse but the app-ops permission is specifically denied.
03-06 15:51:38.670  2476  2476 D ServiceStateProvider: subId=1
03-06 15:51:38.672  2476  2476 D OtaspSimStateReceiver: Received intent: android.telephony.action.CARRIER_CONFIG_CHANGED
03-06 15:51:38.676  6392  6392 I Finsky  : [2] pxd.b(7): Jobs in database: 12-1 21-333333333 28--559038737 31-305419896 
03-06 15:51:38.677  6392  6392 I Finsky  : [2] puk.a(113): ConstraintMapping: 12-1, 21-333333333, 28--559038737, 31-305419896,  -> L: 0ms, D: 82735442ms, C: false, I: false, N: 1
03-06 15:51:38.677  6392  6637 I Finsky  : [539] qjn.b(1): SIM removed, prefetching preloads
03-06 15:51:38.677  6392  6392 I Finsky  : [2] com.google.android.finsky.scheduler.JobSchedulerEngine.a(42): Cancelling existing job with id: 9000
03-06 15:51:38.677  6392  6428 I Finsky  : [495] qjm.call(2): Prefetching preloads for account null
03-06 15:51:38.677  6392  6428 W Finsky  : [495] cwl.a(19): For unauth, use getDfeApiNonAuthenticated() instead!
03-06 15:51:38.678  6392  6392 I Finsky  : [2] com.google.android.finsky.scheduler.JobSchedulerEngine.a(4): Scheduling job Id: 9001, L: 0, D: 82735442, C: false, I: false, N: 1
03-06 15:51:38.678  6392  6428 I Finsky  : [495] qnu.a(19): No PAI stub found
03-06 15:51:38.678  6392  6428 E Finsky  : [495] qjm.call(31): Error prefetching preloads, using account=null, preloads=NULL, preloadRros=NULL, preloadGroups=NULL
03-06 15:51:38.678  6392  6428 E Finsky  : com.google.android.finsky.setup.fetchers.RawDocumentsFetchException[reason=pai_config, account=null]
03-06 15:51:38.678  6392  6428 E Finsky  : 	at qnu.a(SourceFile:19)
03-06 15:51:38.678  6392  6428 E Finsky  : 	at qjm.call(Unknown Source:2)
03-06 15:51:38.678  6392  6428 E Finsky  : 	at afxg.a(SourceFile:1)
03-06 15:51:38.678  6392  6428 E Finsky  : 	at afwi.run(SourceFile:3)
03-06 15:51:38.678  6392  6428 E Finsky  : 	at afxf.run(SourceFile:2)
03-06 15:51:38.678  6392  6428 E Finsky  : 	at java.util.concurrent.ThreadPoolExecutor.runWorker(ThreadPoolExecutor.java:1167)
03-06 15:51:38.678  6392  6428 E Finsky  : 	at java.util.concurrent.ThreadPoolExecutor$Worker.run(ThreadPoolExecutor.java:641)
03-06 15:51:38.678  6392  6428 E Finsky  : 	at unn.run(Unknown Source:7)
03-06 15:51:38.678  6392  6428 E Finsky  : 	at java.lang.Thread.run(Thread.java:919)
03-06 15:51:38.678  6392  6428 I Finsky  : [495] qjn.a(10): VpaSelectionActivity will be disabled
03-06 15:51:38.679  6392  6637 I Finsky  : [539] fpy.a(5): notifySubscriptionInfoChangedListener success.
03-06 15:51:38.680  2476  2476 D TelephonyProvider: match current APN size:  0
03-06 15:51:38.681  2476  2476 E TelephonyProvider: iccRecords is null
03-06 15:51:38.682  2476  2476 D CallNotifier: updatePhoneStateListeners: update CF notifications.
03-06 15:51:38.682  2476  2476 I NotificationMgr: updateCfi: subId= 1, visible=N
03-06 15:51:38.682  2476  2476 I NotificationMgr: updateMwi(): subId 1 update to false
03-06 15:51:38.683  2476  2476 I TelecomFramework: : onSubscriptionsChanged - update accounts
03-06 15:51:38.683  2476  2476 I TelecomFramework: PstnIncomingCallNotifier: Unregistering: Handler (com.android.internal.telephony.GsmCdmaPhone) {b312827}
03-06 15:51:38.683  2476  2476 I TelecomFramework: TelecomAccountRegistry: setupAccounts: Found 1 phones.  Attempting to register.
03-06 15:51:38.683  2476  2476 I TelecomFramework: TelecomAccountRegistry: setupAccounts: Phone with subscription id 1
03-06 15:51:38.683  2476  2476 I TelecomFramework: TelecomAccountRegistry: setupAccounts: adding default
