03-06 15:51:44.222  1676  1676 I hwservicemanager: getTransport: Cannot find entry android.hardware.radio@1.2::IRadio/slot1 in either framework or device manifest.
03-06 15:51:44.222  1676  1676 I hwservicemanager: getTransport: Cannot find entry android.hardware.radio@1.1::IRadio/slot1 in either framework or device manifest.
03-06 15:51:44.227  2476  2476 I ServiceManagement: getService: Trying again for android.hardware.radio@1.0::IRadio/slot1...
03-06 15:51:44.263  7200  7200 I ViewInteraction: Performing 'wait for a specific view with attribute <an instance of android.widget.TextView and view.getText() with or without transformation to match: is "News"> during 5000 millis.' action on view view.getRootView() to equal view
03-06 15:51:44.263  7200  7346 W teco.fmhandroi: Accessing hidden method Lsun/misc/Unsafe;->compareAndSwapObject(Ljava/lang/Object;JLjava/lang/Object;Ljava/lang/Object;)Z (greylist, linking, allowed)
03-06 15:51:44.957  1791  2388 E GnssHAL_GnssInterface: gnssSvStatusCb: a: input svInfo.flags is 8
03-06 15:51:44.957  1791  2388 E GnssHAL_GnssInterface: gnssSvStatusCb: b: input svInfo.flags is 8
03-06 15:51:45.228  2476  2476 W ServiceManagement: Waited one second for android.hardware.radio@1.0::IRadio/slot1
03-06 15:51:45.229  2476  2476 I ServiceManagement: getService: Trying again for android.hardware.radio@1.0::IRadio/slot1...
03-06 15:51:45.355  2026  3718 W AppOps  : Noting op not finished: uid 10099 pkg com.google.android.gms code 79 time=1709758301969 duration=0
03-06 15:51:45.357  2026  3208 W AppOps  : Noting op not finished: uid 10099 pkg com.google.android.gms code 79 time=1709758305355 duration=0
03-06 15:51:45.611  2026  2053 W BroadcastQueue: Background execution not allowed: receiving Intent { act=android.intent.action.DROPBOX_ENTRY_ADDED flg=0x10 (has extras) } to com.google.android.gms/.stats.service.DropBoxEntryAddedReceiver
03-06 15:51:45.611  2026  2053 W BroadcastQueue: Background execution not allowed: receiving Intent { act=android.intent.action.DROPBOX_ENTRY_ADDED flg=0x10 (has extras) } to com.google.android.gms/.chimera.GmsIntentOperationService$PersistentTrustedReceiver
03-06 15:51:45.947  2026  2872 W NotificationService: Toast already killed. pkg=ru.iteco.fmhandroid callback=android.app.ITransientNotification$Stub$Proxy@17f8d8d
03-06 15:51:45.958  1791  2388 E GnssHAL_GnssInterface: gnssSvStatusCb: a: input svInfo.flags is 8
03-06 15:51:45.958  1791  2388 E GnssHAL_GnssInterface: gnssSvStatusCb: b: input svInfo.flags is 8
03-06 15:51:46.231  2476  2476 W ServiceManagement: Waited one second for android.hardware.radio@1.0::IRadio/slot1
03-06 15:51:46.231  2476  2476 I ServiceManagement: getService: Trying again for android.hardware.radio@1.0::IRadio/slot1...
03-06 15:51:46.277  1922  1922 E netmgr  : Failed to open QEMU pipe 'qemud:network': Invalid argument
03-06 15:51:46.312  1927  1927 E wifi_forwarder: RemoteConnection failed to initialize: RemoteConnection failed to open pipe
03-06 15:51:46.958  1791  2388 E GnssHAL_GnssInterface: gnssSvStatusCb: a: input svInfo.flags is 8
03-06 15:51:46.958  1791  2388 E GnssHAL_GnssInterface: gnssSvStatusCb: b: input svInfo.flags is 8
03-06 15:51:47.067  1780  1780 W audio_hw_generic: Not supplying enough data to HAL, expected position 717465 , only wrote 581019
03-06 15:51:47.233  2476  2476 W ServiceManagement: Waited one second for android.hardware.radio@1.0::IRadio/slot1
03-06 15:51:47.236  2476  2476 I ServiceManagement: getService: Trying again for android.hardware.radio@1.0::IRadio/slot1...
03-06 15:51:47.444  2026  2047 W WindowManager: Unable to start animation, surface is null or no children.
03-06 15:51:47.958  1791  2388 E GnssHAL_GnssInterface: gnssSvStatusCb: a: input svInfo.flags is 8
03-06 15:51:47.958  1791  2388 E GnssHAL_GnssInterface: gnssSvStatusCb: b: input svInfo.flags is 8
03-06 15:51:48.237  2476  2476 W ServiceManagement: Waited one second for android.hardware.radio@1.0::IRadio/slot1
03-06 15:51:48.238  2476  2476 I ServiceManagement: getService: Trying again for android.hardware.radio@1.0::IRadio/slot1...
03-06 15:51:48.415  2026  2026 W WindowManager: removeWindowToken: Attempted to remove non-existing token: android.os.Binder@e609683
03-06 15:51:48.430  7627  7627 I ServiceManagement: Registered android.hardware.radio@1.1::IRadio/slot1 (start delay of 18ms)
03-06 15:51:48.430  7627  7627 I ServiceManagement: Registered android.hardware.radio.deprecated@1.0::IOemHook/slot1 (start delay of 19ms)
03-06 15:51:48.431  2476  2476 I android_os_HwBinder: HwBinder: Starting thread pool for getting: android.hardware.radio@1.0::IRadio/slot1
03-06 15:51:48.435  1676  1676 I hwservicemanager: getTransport: Cannot find entry android.hardware.radio.deprecated@1.0::IOemHook/slot1 in either framework or device manifest.
03-06 15:51:48.440  2476  2476 D TelephonyProvider: subIdString = 1 subId = 1
03-06 15:51:48.448  2184  2184 V KeyguardUpdateMonitor: onSubscriptionInfoChanged()
03-06 15:51:48.449  2184  2184 V KeyguardUpdateMonitor: SubInfo:{id=1, iccId=890141032[****] simSlotIndex=0 carrierId=1 displayName=T-Mobile carrierName=No service nameSource=3 iconTint=-16746133 mNumber=[****] dataRoaming=0 iconBitmap=android.graphics.Bitmap@f3adc23 mcc 310 mnc 260mCountryIso=us isEmbedded false accessRules null cardString=890141032[****] cardId=-1 isOpportunistic false mGroupUUID=null mIsGroupDisabled=false profileClass=-1 ehplmns = null hplmns = null subscriptionType=0 mGroupOwner=null}
03-06 15:51:48.453  2026  2123 W BestClock: java.time.DateTimeException: Missing NTP fix
03-06 15:51:48.453  2026  4059 D AlarmManagerService: Kernel timezone updated to 0 minutes west of GMT
03-06 15:51:48.455  2026  2026 D ConditionProviders.SCP: onReceive android.intent.action.TIMEZONE_CHANGED
03-06 15:51:48.456  2026  2026 D ConditionProviders.SCP: evaluateSubscriptionLocked cal=ScheduleCalendar[mDays={1, 2, 3, 4, 5, 6, 7}, mSchedule=ScheduleInfo{days=[1, 2, 3, 4, 5, 6, 7], startHour=22, startMinute=0, endHour=7, endMinute=0, exitAtAlarm=true, nextAlarm=Thu Jan 01 00:00:00 GMT 1970 (0)}], now=Wed Mar 06 20:51:48 GMT 2024 (1709758308455), nextUserAlarmTime=Thu Jan 01 00:00:00 GMT 1970 (0)
03-06 15:51:48.456  2026  2026 D ConditionProviders.SCP: notifyCondition condition://android/schedule?days=1.2.3.4.5.6.7&start=22.0&end=7.0&exitAtAlarm=true STATE_FALSE reason=!meetsSchedule
03-06 15:51:48.458  6208  6208 I SetupWizard: [bea] Network time not available. java.lang.reflect.InvocationTargetException
03-06 15:51:48.459  2026  2872 I LocationAccessPolicy: Allowing com.google.android.inputmethod.latin fine because it doesn't target API 29 yet. Please fix this app. Called from TelephonyRegistry push
03-06 15:51:48.459  2026  2872 I LocationAccessPolicy: Allowing com.google.android.apps.messaging fine because it doesn't target API 29 yet. Please fix this app. Called from TelephonyRegistry push
03-06 15:51:48.459  2026  2872 I LocationAccessPolicy: com.google.android.setupwizard is aware of coarse but the app-ops permission is specifically denied.
03-06 15:51:48.460  2026  2026 D ConditionProviders.SCP: Scheduling evaluate for Wed Mar 06 22:00:00 GMT 2024 (1709762400000), in +1h8m11s545ms, now=Wed Mar 06 20:51:48 GMT 2024 (1709758308455)
03-06 15:51:48.460  2476  2476 D ServiceStateProvider: subId=1
03-06 15:51:48.461  6208  6208 I SetupWizard: [bea] Network time not available. java.lang.reflect.InvocationTargetException
03-06 15:51:48.465  2026  2123 W BestClock: java.time.DateTimeException: Missing NTP fix
03-06 15:51:48.465  1773  1773 I netd    : bandwidthSetGlobalAlert(2097152) <0.06ms>
03-06 15:51:48.472  4330  7437 W Bugle   : BuglePhoneNumberUtils: canonicalizeMccMnc: invalid mccmnc. mcc: null, mnc: null
03-06 15:51:48.477  4330  7437 W Bugle   : Obsolete carrier config resource: maxMessageSize res: 1048576, sys: 307200
03-06 15:51:48.477  4330  7437 W Bugle   : Obsolete carrier config resource: maxImageHeight res: 1944, sys: 480
03-06 15:51:48.477  4330  7437 W Bugle   : Obsolete carrier config resource: maxImageWidth res: 2592, sys: 640
03-06 15:51:48.478  4330  7437 I Bugle   : Carrier configs loaded: Bundle[{carrier_volte_provisioned_bool=false, disable_charge_indication_bool=false, support_tdscdma_bool=false, httpSocketTimeout=60000, call_redirection_service_component_name_string=null, carrier_wfc_supports_wifi_only_bool=false, carrier_default_actions_on_default_network_available_string_array=[false: 7, true: 8], operator_selection_expand_bool=true, disable_cdma_activation_code_bool=false, simplified_network_settings_bool=false, support_tdscdma_roaming_networks_string_array=null, gps.lpp_profile=0, call_barring_visibility_bool=false, gps.es_extension_sec=0, enable_apps_string_array=null, carrier_default_wfc_ims_roaming_enabled_bool=false, cdma_nonroaming_networks_string_array=null, aliasMinChars=2, wfc_data_spn_format_idx_int=0, hide_sim_lock_settings_bool=false, drop_video_call_when_answering_audio_call_bool=false, ci_action_on_sys_update_bool=false, convert_cdma_caller_id_mmi_codes_while_roaming_on_3gpp_bool=false, support_enhanced_call_blocking_bool=true, vvm_port_number_int=0, carrier_default_wfc_ims_enabled_bool=false, dial_string_replace_string_array=null, opportunistic_network_entry_threshold_bandwidth_int=1024, gsm_nonroaming_networks_string_array=null, hide_ims_apn_bool=false, vvm_destination_number_string=, dtmf_type_enabled_bool=false, allow_video_calling_fallback_bool=true, config_ims_package_override_string=null, only_auto_select_in_home_network=false, smsToMmsTextThreshold=-1, disable_severe_when_extreme_disabled_bool=true, force_home_network_bool=false, spdi_override_string_array=null, show_wfc_location_privacy_policy_bool=false, gps.supl_es=1, enableSMSDeliveryReports=true, auto_retry_enabled_bool=false, opportunistic_network_entry_threshold_rssnr_int=45, play_call_recording_tone_bool=false, carrier_force_disable_etws_cmas_test_bool=false, call_waiting_service_class_int=1, allow_emergency_video_calls_bool=false, csp_enabled_bool=false, default_sim_call_manager_string=, wifi.passpoint_profiles_string_array=null, carrier_app_required_during_setup_bool=false, call_forwarding_blocks_while_roaming_string_array=null, emergency_notification_delay_int=-1, support_video_conference_call_bool=false, ims_dtmf_tone_delay_int=0, show_signal_strength_in_sim_status_bool=true, data_rapid_notification_bool=true, carrier_instant_lettering_escaped_chars_string=, carrier_default_wfc_ims_roaming_mode_int=2, editable_wfc_mode_bool=true, support_direct_fdn_dialing_bool=false, carrier_ut_provisioning_required_bool=false, carrier_wifi_string_array=null, treat_downgraded_video_calls_as_video_calls_bool=false, wifi_calls_can_be_hd_audio=true, support_downgrade_vt_to_audio_bool=true, cdma_enhanced_roaming_indicator_for_home_network_int_array=[1], notify_handover_video_from_lte_to_wifi_bool=false, use_otasp_for_provisioning_bool=false, always_play_remote_hold_tone_bool=false, opportunistic_network_data_switch_hysteresis_time_long=10000, maxMessageTextSize=-1, duration_blocking_disabled_after_emergency_int=7200, carrier_metered_roaming_apn_types_strings=[default, mms, dun, supl], additional_settings_call_waiting_visibility_bool=true, show_video_call_charges_alert_dialog_bool=false, carrier_network_service_wlan_package_override_string=, show_apn_setting_cdma_bool=false, use_usim_bool=false, carrier_instant_lettering_length_limit_int=64, operator_name_filter_pattern_string=, carrier_instant_lettering_invalid_chars_string=, carrier_setup_app_string=, editable_wfc_roaming_mode_bool=false, supportMmsContentDisposition=true, support_manage_ims_conference_call_bool=true, opportunistic_network_exit_threshold_rssnr_int=10, allow_non_emergency_calls_in_ecm_bool=true, allow_cdma_eri_bool=false, carrier_data_service_wlan_package_override_string=, show_carrier_data_icon_pattern_string=, use_rcs_presence_bool=false, config_telephony_use_own_number_for_voicemail_bool=false, cdma_dtmf_tone_delay_int=100, editable_voicemail_number_bool=false, carrier_data_call_apn_retry_after_disconnect_long=10000, filtered_cnap_names_string_array=null, enabledTransID=false, aliasEnabled=false, vvm_disabl
03-06 15:51:48.482  5804  5804 I AlarmClock: AlarmInitReceiver android.intent.action.TIMEZONE_CHANGED
03-06 15:51:48.483  5804  5831 I AlarmClock: Connected Dock: null
03-06 15:51:48.485  5804  5831 I AlarmClock: Removing AlarmClockInfo
03-06 15:51:48.490  5804  5804 I AlarmClock: DigitalAppWidgetProvider processing Intent { act=android.intent.action.TIMEZONE_CHANGED flg=0x21200010 cmp=com.google.android.deskclock/com.android.alarmclock.DigitalAppWidgetProvider (has extras) }
03-06 15:51:48.493  2476  4908 D IccSmsInterfaceManager: [IccSmsInterfaceManager] Failed to add cdma broadcast channels range 4099 to 4099
03-06 15:51:48.494  2476  4908 D IccSmsInterfaceManager: [IccSmsInterfaceManager] Calling setGsmBroadcastConfig with 1 configurations
03-06 15:51:48.500  4113  4113 D CellBroadcastReceiver: onReceive Intent { act=android.intent.action.SERVICE_STATE flg=0x1000010 cmp=com.android.cellbroadcastreceiver/.CellBroadcastReceiver (has extras) }
03-06 15:51:48.503  4165  4165 I CarrierServices: [2] ServiceStateReceiver.onReceive: Received SERVICE_STATE intent.
03-06 15:51:48.507  2476  2476 D CallNotifier: updatePhoneStateListeners: update CF notifications.
03-06 15:51:48.507  2476  2476 I NotificationMgr: updateCfi: subId= 1, visible=N
03-06 15:51:48.507  2476  2476 I NotificationMgr: updateMwi(): subId 1 update to false
03-06 15:51:48.508  2476  2476 I TelecomFramework: : onSubscriptionsChanged - update accounts
03-06 15:51:48.508  2476  2476 I TelecomFramework: PstnIncomingCallNotifier: Unregistering: Handler (com.android.internal.telephony.GsmCdmaPhone) {b312827}
03-06 15:51:48.508  2476  2476 I TelecomFramework: TelecomAccountRegistry: setupAccounts: Found 1 phones.  Attempting to register.
03-06 15:51:48.508  2476  2476 I TelecomFramework: TelecomAccountRegistry: setupAccounts: Phone with subscription id 1
03-06 15:51:48.508  2476  2476 I TelecomFramework: TelecomAccountRegistry: setupAccounts: adding default
03-06 15:51:48.509  2476  2476 E PhoneInterfaceManager: [PhoneIntfMgr] getIccId: No UICC
03-06 15:51:48.510  4030  4030 I Dialer  : LegacyVoicemailNotificationReceiver.onReceive - received legacy voicemail notification
03-06 15:51:48.510  4030  4030 I Dialer  : LegacyVoicemailNotificationReceiver.onReceive - isRefresh: true
03-06 15:51:48.510  4030  4030 I Dialer  : LegacyVoicemailNotificationReceiver.onReceive - clearing notification
03-06 15:51:48.510  4030  4030 I Dialer  : LegacyVoicemailNotifier.cancelNotification - enter
03-06 15:51:48.510  4030  4030 I Dialer  : LegacyVoicemailNotifier.cancelNotification - 'null' id, canceling all legacy voicemail notifications
03-06 15:51:48.513  2026  2872 I Telecom : PhoneAccountRegistrar: New phone account registered: [[ ] PhoneAccount: ComponentInfo{com.android.phone/com.android.services.telephony.TelephonyConnectionService}, ***, UserHandle{0} Capabilities: CallProvider MultiUser PlaceEmerg SimSub  Audio Routes: BESW Schemes: tel voicemail  Extras: Bundle[{android.telecom.extra.SUPPORTS_VIDEO_CALLING_FALLBACK=true}] GroupId: ***]: TSI.rPA@Ajk
03-06 15:51:48.513  2026  2872 I Telecom : CallsManager: Sending phone-account ComponentInfo{com.android.phone/com.android.services.telephony.TelephonyConnectionService}, ***, UserHandle{0} registered intent as user: TSI.rPA@Ajk
03-06 15:51:48.515  2026  2872 I Telecom : CallsManager: Sending phone-account registered intent to default dialer: TSI.rPA@Ajk
03-06 15:51:48.515  2476  2476 I TelecomFramework: AccountEntry: Registered phoneAccount: [[ ] PhoneAccount: ComponentInfo{com.android.phone/com.android.services.telephony.TelephonyConnectionService}, ***, UserHandle{0} Capabilities: CallProvider MultiUser PlaceEmerg SimSub  Audio Routes: BESW Schemes: tel voicemail  Extras: Bundle[{android.telecom.extra.SUPPORTS_VIDEO_CALLING_FALLBACK=true}] GroupId: ***] with handle: ComponentInfo{com.android.phone/com.android.services.telephony.TelephonyConnectionService}, ***, UserHandle{0}
03-06 15:51:48.515  2476  2476 I TelecomFramework: PstnIncomingCallNotifier: Registering: Handler (com.android.internal.telephony.GsmCdmaPhone) {b312827}
03-06 15:51:48.516  2476  2476 I TelecomFramework: TelecomAccountRegistry: Unregistering phone account ComponentInfo{com.android.phone/com.android.services.telephony.TelephonyConnectionService}, ***, UserHandle{0}.
03-06 15:51:48.516  2026  2872 I Telecom : CallsManager: Sending phone-account ComponentInfo{com.android.phone/com.android.services.telephony.TelephonyConnectionService}, ***, UserHandle{0} unregistered intent as user: TSI.uPA@Ajs
03-06 15:51:48.516  2026  2872 I Telecom : CallsManager: Sending phone-account unregistered intent to default dialer: TSI.uPA@Ajs
03-06 15:51:48.517  2476  2476 D MultiSimSettingController: onSubscriptionsChanged
03-06 15:51:48.517  2476  2476 D MultiSimSettingController: updateDefaults
03-06 15:51:48.517  2476  2476 D MultiSimSettingController: [updateDefaultValues] change: 0
03-06 15:51:48.521  2476  2476 D IntentBroadcaster: Broadcasting and adding intent for rebroadcast: android.intent.action.SIM_STATE_CHANGED UNKNOWN for slotId 0
03-06 15:51:48.522  2803  2803 I rcs     : [PresencePublication] onReceive intent=Intent { act=android.intent.action.SIM_STATE_CHANGED flg=0x5000010 (has extras) }
03-06 15:51:48.522  2803  2803 I rcs     : [PresencePublication] ACTION_SIM_STATE_CHANGED INTENT_KEY_ICC_STATE=UNKNOWN
03-06 15:51:48.522  2803  2803 I rcs     : [RcsService] onReceive intent=Intent { act=android.intent.action.SIM_STATE_CHANGED flg=0x5000010 (has extras) }
03-06 15:51:48.522  2184  2184 V KeyguardUpdateMonitor: action android.intent.action.SIM_STATE_CHANGED state: UNKNOWN slotId: 0 subid: 1
03-06 15:51:48.522  2184  2184 D KeyguardUpdateMonitor: handleSimStateChange(subId=1, slotId=0, state=UNKNOWN)
03-06 15:51:48.524  2476  2476 D CarrierConfigLoader: update config for phoneId: 0 simState: UNKNOWN
03-06 15:51:48.524  2476  2476 D CarrierSvcBindHelper: update binding for phoneId: 0 simState: UNKNOWN
03-06 15:51:48.527  2476  2476 D TelephonyProvider: match current APN size:  0
03-06 15:51:48.527  2476  2476 E TelephonyProvider: iccRecords is null
03-06 15:51:48.530  1676  1676 I hwservicemanager: getTransport: Cannot find entry android.hardware.radio.config@1.1::IRadioConfig/default in either framework or device manifest.
03-06 15:51:48.530  1676  1676 I hwservicemanager: getTransport: Cannot find entry android.hardware.radio.config@1.0::IRadioConfig/default in either framework or device manifest.
03-06 15:51:48.533  1676  1676 I hwservicemanager: getTransport: Cannot find entry android.hardware.radio.config@1.1::IRadioConfig/default in either framework or device manifest.
03-06 15:51:48.533  1676  1676 I hwservicemanager: getTransport: Cannot find entry android.hardware.radio.config@1.0::IRadioConfig/default in either framework or device manifest.
03-06 15:51:48.534  1676  1676 I hwservicemanager: getTransport: Cannot find entry android.hardware.radio.config@1.1::IRadioConfig/default in either framework or device manifest.
03-06 15:51:48.534  1676  1676 I hwservicemanager: getTransport: Cannot find entry android.hardware.radio.config@1.0::IRadioConfig/default in either framework or device manifest.
03-06 15:51:48.537  2476  2476 I TelecomFramework: PstnPhoneCapabilitiesNotifier: handleVideoCapabilitesChanged. Video capability - false
03-06 15:51:48.537  2476  2476 E PhoneInterfaceManager: [PhoneIntfMgr] getIccId: No UICC
03-06 15:51:48.541  2026  2872 I Telecom : PhoneAccountRegistrar: Modify account: [ComponentInfo{com.android.phone/com.android.services.telephony.TelephonyConnectionService}, ***, UserHandle{0}]: TSI.rPA@Aj4
03-06 15:51:48.542  2026  2872 I Telecom : CallsManager: handlePhoneAccountChanged: phoneAccount=[[X] PhoneAccount: ComponentInfo{com.android.phone/com.android.services.telephony.TelephonyConnectionService}, ***, UserHandle{0} Capabilities: CallProvider MultiUser PlaceEmerg SimSub  Audio Routes: BESW Schemes: tel voicemail  Extras: Bundle[{android.telecom.extra.SUPPORTS_VIDEO_CALLING_FALLBACK=true}] GroupId: ***]: TSI.rPA@Aj4
03-06 15:51:48.543  2476  2476 D CarrierConfigLoader: mHandler: 0 phoneId: 0
03-06 15:51:48.544  2476  2476 D CarrierConfigLoader: Broadcast CARRIER_CONFIG_CHANGED for phone 0
03-06 15:51:48.545  4330  4330 I Bugle   : Carrier config changed. Reloading MMS config.
03-06 15:51:48.545  2476  2476 I VvmSimStateTracker: android.intent.action.SIM_STATE_CHANGED
03-06 15:51:48.547  2476  4039 E CarrierInfoManager: Invalid networkOperator: 
03-06 15:51:48.548  4113  4113 D CellBroadcastReceiver: onReceive Intent { act=android.telephony.action.CARRIER_CONFIG_CHANGED flg=0x15000010 cmp=com.android.cellbroadcastreceiver/.CellBroadcastReceiver (has extras) }
03-06 15:51:48.548  4113  4113 D CellBroadcastReceiver: initializeSharedPreference
03-06 15:51:48.549  6392  6392 I Finsky  : [2] com.google.android.finsky.simhandler.SimStateReceiver.a(6): android.intent.action.SIM_STATE_CHANGED : simState = UNKNOWN
03-06 15:51:48.552  2026  2872 D AlarmManagerService: Kernel timezone updated to 0 minutes west of GMT
03-06 15:51:48.553  4113  4113 D CellBroadcastReceiver: Default interval 0 did not change.
03-06 15:51:48.553  4113  4113 D CellBroadcastReceiver: Start Cell Broadcast configuration.
03-06 15:51:48.554  2387  7465 I constellation: [sim_state_checker] sim state checker is disabled.
03-06 15:51:48.556  2026  2026 I Telecom : PhoneAccountRegistrar: getSimCallManager: SimCallManager for subId 1 queried, returning: null: CM.CCCR->CM.UECNT->CM.CCCR->CM.UECNT->CM.CCCR->CM.UECNT->CM.CCCR->CM.UECNT->CM.CCCR->CM.UECNT->CM.CCCR->CM.UECNT->CM.CCCR->CM.UECNT->CM.CCCR->CM.UECNT->CM.CCCR->CM.UECNT->CM.CCCR->CM.UECNT->CM.CCCR->CM.UECNT->CM.CCCR->CM.UECNT->CM.CCCR->CM.UECNT->CM.CCCR->CM.UECNT->CM.CCCR->CM.UECNT->CM.CCCR->CM.UECNT->CM.CCCR->CM.UECNT->CM.CCCR->CM.UECNT->CM.CCCR->CM.UECNT->CM.CCCR->CM.UECNT->CM.CCCR->CM.UECNT->CM.CCCR->CM.UECNT->CM.CCCR->CM.UECNT->CM.CCCR->CM.UECNT@AD4
03-06 15:51:48.557  2476  2476 I TelecomFramework: : Carrier-config changed, checking for phone account updates.
03-06 15:51:48.558  2476  2476 D OtaspSimStateReceiver: Received intent: android.telephony.action.CARRIER_CONFIG_CHANGED
03-06 15:51:48.566  2476  2490 W System  : A resource failed to call close. 
03-06 15:51:48.569  2476  2476 D TelephonyProvider: subIdString = 1 subId = 1
03-06 15:51:48.575  2476  2476 E PhoneInterfaceManager: [PhoneIntfMgr] getIccId: No UICC
03-06 15:51:48.578  2184  2184 V KeyguardUpdateMonitor: onSubscriptionInfoChanged()
03-06 15:51:48.579  2184  2184 V KeyguardUpdateMonitor: SubInfo:{id=1, iccId=890141032[****] simSlotIndex=0 carrierId=1 displayName=T-Mobile carrierName=No service nameSource=3 iconTint=-16746133 mNumber=[****] dataRoaming=0 iconBitmap=android.graphics.Bitmap@47208aa mcc 310 mnc 260mCountryIso=us isEmbedded false accessRules null cardString=890141032[****] cardId=-1 isOpportunistic false mGroupUUID=null mIsGroupDisabled=false profileClass=-1 ehplmns = null hplmns = null subscriptionType=0 mGroupOwner=null}
03-06 15:51:48.580  6392  6423 I Finsky  : [492] fpw.a(10): onSubscriptionsChanged
03-06 15:51:48.580  6392  6423 I Finsky  : [492] fpt.c(15): notifySubscriptionInfoChangedListener: DataSubscriptionInfo=null
03-06 15:51:48.583  2026  2123 E NetworkPolicy: Missing subscriberId for subId 1
03-06 15:51:48.583  2026  4059 I LocationAccessPolicy: Allowing com.google.android.inputmethod.latin fine because it doesn't target API 29 yet. Please fix this app. Called from TelephonyRegistry push
03-06 15:51:48.583  2026  2053 I DropBoxManagerService: add tag=system_server_wtf isTagEnabled=true flags=0x2
03-06 15:51:48.583  2026  4059 I LocationAccessPolicy: Allowing com.google.android.apps.messaging fine because it doesn't target API 29 yet. Please fix this app. Called from TelephonyRegistry push
03-06 15:51:48.583  2026  4059 I LocationAccessPolicy: com.google.android.setupwizard is aware of coarse but the app-ops permission is specifically denied.
03-06 15:51:48.584  2026  2123 W BestClock: java.time.DateTimeException: Missing NTP fix
03-06 15:51:48.584  2026  2123 W BestClock: java.time.DateTimeException: Missing NTP fix
03-06 15:51:48.585  1773  1773 I netd    : bandwidthSetGlobalAlert(2097152) <0.08ms>
03-06 15:51:48.587  2476  2476 D ServiceStateProvider: subId=1
03-06 15:51:48.589  4113  4113 D CellBroadcastReceiver: onReceive Intent { act=android.intent.action.SERVICE_STATE flg=0x1000010 cmp=com.android.cellbroadcastreceiver/.CellBroadcastReceiver (has extras) }
03-06 15:51:48.591  6392  6392 I Finsky  : [2] pxd.b(7): Jobs in database: 12-1 21-333333333 28--559038737 31-305419896 
03-06 15:51:48.592  4165  4165 I CarrierServices: [2] ServiceStateReceiver.onReceive: Received SERVICE_STATE intent.
03-06 15:51:48.592  6392  6392 I Finsky  : [2] puk.a(113): ConstraintMapping: 12-1, 21-333333333, 28--559038737, 31-305419896,  -> L: 0ms, D: 82725527ms, C: false, I: false, N: 1
03-06 15:51:48.593  6392  6392 I Finsky  : [2] com.google.android.finsky.scheduler.JobSchedulerEngine.a(42): Cancelling existing job with id: 9000
03-06 15:51:48.593  6392  6392 I Finsky  : [2] com.google.android.finsky.scheduler.JobSchedulerEngine.a(4): Scheduling job Id: 9001, L: 0, D: 82725527, C: false, I: false, N: 1
03-06 15:51:48.593  2476  2476 I VvmSimStateTracker: android.telephony.action.CARRIER_CONFIG_CHANGED
03-06 15:51:48.593  2476  2476 I VvmSimStateTracker: Received SIM change for invalid subscription id.
03-06 15:51:48.594  6392  6637 I Finsky  : [539] qjn.b(1): SIM removed, prefetching preloads
03-06 15:51:48.594  6392  6428 I Finsky  : [495] qjm.call(2): Prefetching preloads for account null
03-06 15:51:48.594  6392  6428 W Finsky  : [495] cwl.a(19): For unauth, use getDfeApiNonAuthenticated() instead!
03-06 15:51:48.595  6392  6428 I Finsky  : [495] qnu.a(19): No PAI stub found
03-06 15:51:48.595  6392  6428 E Finsky  : [495] qjm.call(31): Error prefetching preloads, using account=null, preloads=NULL, preloadRros=NULL, preloadGroups=NULL
03-06 15:51:48.595  6392  6428 E Finsky  : com.google.android.finsky.setup.fetchers.RawDocumentsFetchException[reason=pai_config, account=null]
03-06 15:51:48.595  6392  6428 E Finsky  : 	at qnu.a(SourceFile:19)
03-06 15:51:48.595  6392  6428 E Finsky  : 	at qjm.call(Unknown Source:2)
03-06 15:51:48.595  6392  6428 E Finsky  : 	at afxg.a(SourceFile:1)
03-06 15:51:48.595  6392  6428 E Finsky  : 	at afwi.run(SourceFile:3)
03-06 15:51:48.595  6392  6428 E Finsky  : 	at afxf.run(SourceFile:2)
03-06 15:51:48.595  6392  6428 E Finsky  : 	at java.util.concurrent.ThreadPoolExecutor.runWorker(ThreadPoolExecutor.java:1167)
03-06 15:51:48.595  6392  6428 E Finsky  : 	at java.util.concurrent.ThreadPoolExecutor$Worker.run(ThreadPoolExecutor.java:641)
03-06 15:51:48.595  6392  6428 E Finsky  : 	at unn.run(Unknown Source:7)
03-06 15:51:48.595  6392  6428 E Finsky  : 	at java.lang.Thread.run(Thread.java:919)
03-06 15:51:48.595  6392  6428 I Finsky  : [495] qjn.a(10): VpaSelectionActivity will be disabled
03-06 15:51:48.595  2476  2476 D CallNotifier: updatePhoneStateListeners: update CF notifications.
03-06 15:51:48.595  2476  2476 I NotificationMgr: updateCfi: subId= 1, visible=N
03-06 15:51:48.595  2476  2476 I NotificationMgr: updateMwi(): subId 1 update to false
03-06 15:51:48.598  6392  6637 I Finsky  : [539] fpy.a(5): notifySubscriptionInfoChangedListener success.
03-06 15:51:48.598  4165  4218 I CarrierServices: [259] CarrierServicesReleaseApp.a: Initialized already, return.
03-06 15:51:48.599  2476  2476 I TelecomFramework: : onSubscriptionsChanged - update accounts
03-06 15:51:48.599  2476  2476 I TelecomFramework: PstnIncomingCallNotifier: Unregistering: Handler (com.android.internal.telephony.GsmCdmaPhone) {b312827}
03-06 15:51:48.599  2476  2476 I TelecomFramework: TelecomAccountRegistry: setupAccounts: Found 1 phones.  Attempting to register.
03-06 15:51:48.599  2476  2476 I TelecomFramework: TelecomAccountRegistry: setupAccounts: Phone with subscription id 1
03-06 15:51:48.599  2476  2476 I TelecomFramework: TelecomAccountRegistry: setupAccounts: adding default
03-06 15:51:48.599  2476  2476 E PhoneInterfaceManager: [PhoneIntfMgr] getIccId: No UICC
03-06 15:51:48.599  2026  2052 E memtrack: Couldn't load memtrack module
03-06 15:51:48.599  2026  2052 W android.os.Debug: failed to get memory consumption info: -1
03-06 15:51:48.604  2026  3208 I Telecom : PhoneAccountRegistrar: Modify account: [ComponentInfo{com.android.phone/com.android.services.telephony.TelephonyConnectionService}, ***, UserHandle{0}]: TSI.rPA@Aj8
03-06 15:51:48.605  4030  4030 I Dialer  : LegacyVoicemailNotificationReceiver.onReceive - received legacy voicemail notification
03-06 15:51:48.605  4030  4030 I Dialer  : LegacyVoicemailNotificationReceiver.onReceive - isRefresh: true
03-06 15:51:48.605  4030  4030 I Dialer  : LegacyVoicemailNotificationReceiver.onReceive - clearing notification
03-06 15:51:48.605  4030  4030 I Dialer  : LegacyVoicemailNotifier.cancelNotification - enter
03-06 15:51:48.605  4030  4030 I Dialer  : LegacyVoicemailNotifier.cancelNotification - 'null' id, canceling all legacy voicemail notifications
03-06 15:51:48.605  2026  3208 I Telecom : CallsManager: handlePhoneAccountChanged: phoneAccount=[[X] PhoneAccount: ComponentInfo{com.android.phone/com.android.services.telephony.TelephonyConnectionService}, ***, UserHandle{0} Capabilities: CallProvider MultiUser PlaceEmerg SimSub  Audio Routes: BESW Schemes: tel voicemail  Extras: Bundle[{android.telecom.extra.SUPPORTS_VIDEO_CALLING_FALLBACK=true}] GroupId: ***]: TSI.rPA@Aj8
03-06 15:51:48.605  2476  2476 I TelecomFramework: AccountEntry: Registered phoneAccount: [[ ] PhoneAccount: ComponentInfo{com.android.phone/com.android.services.telephony.TelephonyConnectionService}, ***, UserHandle{0} Capabilities: CallProvider MultiUser PlaceEmerg SimSub  Audio Routes: BESW Schemes: tel voicemail  Extras: Bundle[{android.telecom.extra.SUPPORTS_VIDEO_CALLING_FALLBACK=true}] GroupId: ***] with handle: ComponentInfo{com.android.phone/com.android.services.telephony.TelephonyConnectionService}, ***, UserHandle{0}
03-06 15:51:48.605  2476  2476 I TelecomFramework: PstnIncomingCallNotifier: Registering: Handler (com.android.internal.telephony.GsmCdmaPhone) {b312827}
03-06 15:51:48.609  2476  2476 D TelephonyProvider: match current APN size:  0
03-06 15:51:48.609  2476  2476 E TelephonyProvider: iccRecords is null
03-06 15:51:48.611  2476  2476 D MultiSimSettingController: onSubscriptionsChanged
03-06 15:51:48.611  2476  2476 D MultiSimSettingController: updateDefaults
03-06 15:51:48.611  2476  2476 D MultiSimSettingController: [updateDefaultValues] change: 0
03-06 15:51:48.613  2026  2043 D AlarmManagerService: Kernel timezone updated to 0 minutes west of GMT
03-06 15:51:48.614  2476  2476 I TelecomFramework: PstnPhoneCapabilitiesNotifier: handleVideoCapabilitesChanged. Video capability - false
03-06 15:51:48.614  2476  2476 E PhoneInterfaceManager: [PhoneIntfMgr] getIccId: No UICC
03-06 15:51:48.619  2026  2043 I Telecom : PhoneAccountRegistrar: Modify account: [ComponentInfo{com.android.phone/com.android.services.telephony.TelephonyConnectionService}, ***, UserHandle{0}]: TSI.rPA@AkI
03-06 15:51:48.620  2026  2043 I Telecom : CallsManager: handlePhoneAccountChanged: phoneAccount=[[X] PhoneAccount: ComponentInfo{com.android.phone/com.android.services.telephony.TelephonyConnectionService}, ***, UserHandle{0} Capabilities: CallProvider MultiUser PlaceEmerg SimSub  Audio Routes: BESW Schemes: tel voicemail  Extras: Bundle[{android.telecom.extra.SUPPORTS_VIDEO_CALLING_FALLBACK=true}] GroupId: ***]: TSI.rPA@AkI
03-06 15:51:48.745  2476  4908 D IccSmsInterfaceManager: [IccSmsInterfaceManager] Failed to add GSM cell broadcast channels range 4392 to 4392
03-06 15:51:48.753  2476  4908 D IccSmsInterfaceManager: [IccSmsInterfaceManager] Failed to remove GSM cell broadcast channels range 4380 to 4380
03-06 15:51:48.753  2476  4908 D IccSmsInterfaceManager: [IccSmsInterfaceManager] Failed to remove cdma broadcast channels range 4100 to 4100
03-06 15:51:48.754  2476  4908 D IccSmsInterfaceManager: [IccSmsInterfaceManager] Failed to remove GSM cell broadcast channels range 4393 to 4393
03-06 15:51:48.757  2026  3208 D AlarmManagerService: Kernel timezone updated to 0 minutes west of GMT
03-06 15:51:48.758  2476  4908 D IccSmsInterfaceManager: [IccSmsInterfaceManager] Failed to remove GSM cell broadcast channels range 4381 to 4381
03-06 15:51:48.759  2476  4908 D IccSmsInterfaceManager: [IccSmsInterfaceManager] Failed to remove GSM cell broadcast channels range 4394 to 4394
03-06 15:51:48.763  2476  4908 D IccSmsInterfaceManager: [IccSmsInterfaceManager] Failed to remove GSM cell broadcast channels range 4382 to 4382
03-06 15:51:48.764  2476  4908 D IccSmsInterfaceManager: [IccSmsInterfaceManager] Failed to remove GSM cell broadcast channels range 4395 to 4395
03-06 15:51:48.771  2476  4908 D IccSmsInterfaceManager: [IccSmsInterfaceManager] Calling setGsmBroadcastConfig with 1 configurations
03-06 15:51:48.780  2476  2476 D TelephonyProvider: subIdString = 1 subId = 1
03-06 15:51:48.786  2476  2476 E PhoneInterfaceManager: [PhoneIntfMgr] getIccId: ICC ID is null or empty.
03-06 15:51:48.789  2184  2184 V KeyguardUpdateMonitor: onSubscriptionInfoChanged()
03-06 15:51:48.791  2184  2184 V KeyguardUpdateMonitor: SubInfo:{id=1, iccId=890141032[****] simSlotIndex=0 carrierId=1 displayName=T-Mobile carrierName=Android nameSource=3 iconTint=-16746133 mNumber=[****] dataRoaming=0 iconBitmap=android.graphics.Bitmap@adac9b mcc 310 mnc 260mCountryIso=us isEmbedded false accessRules null cardString=890141032[****] cardId=-1 isOpportunistic false mGroupUUID=null mIsGroupDisabled=false profileClass=-1 ehplmns = null hplmns = null subscriptionType=0 mGroupOwner=null}
03-06 15:51:48.792  2184  2184 D KeyguardViewMediator: onSimStateChanged(subId=1, slotId=0,state=READY)
03-06 15:51:48.792  2184  2184 D KeyguardViewMediator: READY, reset state? false
03-06 15:51:48.793  2026  2123 E NetworkPolicy: Missing subscriberId for subId 1
03-06 15:51:48.793  2026  2123 W BestClock: java.time.DateTimeException: Missing NTP fix
03-06 15:51:48.793  2026  2053 I DropBoxManagerService: add tag=system_server_wtf isTagEnabled=true flags=0x2
03-06 15:51:48.793  2026  2123 W BestClock: java.time.DateTimeException: Missing NTP fix
03-06 15:51:48.794  1773  1773 I netd    : bandwidthSetGlobalAlert(2097152) <0.06ms>
03-06 15:51:48.796  6392  6424 I Finsky  : [493] fpw.a(10): onSubscriptionsChanged
03-06 15:51:48.796  6392  6424 I Finsky  : [493] fpt.c(15): notifySubscriptionInfoChangedListener: DataSubscriptionInfo=DataSubscriptionInfo{imsiAnonymized=Optional.absent(), imsiRaw=Optional.absent(), groupIdLevel1=Optional.absent(), mccMnc=Optional.absent(), serviceProviderName=Optional.absent()}
03-06 15:51:48.799  2026  3208 I LocationAccessPolicy: Allowing com.google.android.inputmethod.latin fine because it doesn't target API 29 yet. Please fix this app. Called from TelephonyRegistry push
03-06 15:51:48.799  4330  7437 W Bugle   : BuglePhoneNumberUtils: canonicalizeMccMnc: invalid mccmnc. mcc: null, mnc: null
03-06 15:51:48.800  2026  3208 I LocationAccessPolicy: Allowing com.google.android.apps.messaging fine because it doesn't target API 29 yet. Please fix this app. Called from TelephonyRegistry push
03-06 15:51:48.800  2026  3208 I LocationAccessPolicy: com.google.android.setupwizard is aware of coarse but the app-ops permission is specifically denied.
03-06 15:51:48.803  4330  7437 W Bugle   : Obsolete carrier config resource: maxMessageSize res: 1048576, sys: 307200
03-06 15:51:48.804  2476  2476 D ServiceStateProvider: subId=1
03-06 15:51:48.803  4330  7437 W Bugle   : Obsolete carrier config resource: maxImageHeight res: 1944, sys: 480
03-06 15:51:48.806  4330  7437 W Bugle   : Obsolete carrier config resource: maxImageWidth res: 2592, sys: 640
03-06 15:51:48.806  4113  4113 D CellBroadcastReceiver: onReceive Intent { act=android.intent.action.SERVICE_STATE flg=0x1000010 cmp=com.android.cellbroadcastreceiver/.CellBroadcastReceiver (has extras) }
03-06 15:51:48.806  2026  2052 E memtrack: Couldn't load memtrack module
03-06 15:51:48.806  2026  2052 W android.os.Debug: failed to get memory consumption info: -1
03-06 15:51:48.806  4330  7437 I Bugle   : Carrier configs loaded: Bundle[{carrier_volte_provisioned_bool=false, disable_charge_indication_bool=false, support_tdscdma_bool=false, httpSocketTimeout=60000, call_redirection_service_component_name_string=null, carrier_wfc_supports_wifi_only_bool=false, carrier_default_actions_on_default_network_available_string_array=[false: 7, true: 8], operator_selection_expand_bool=true, disable_cdma_activation_code_bool=false, simplified_network_settings_bool=false, support_tdscdma_roaming_networks_string_array=null, gps.lpp_profile=0, call_barring_visibility_bool=false, gps.es_extension_sec=0, enable_apps_string_array=null, carrier_default_wfc_ims_roaming_enabled_bool=false, cdma_nonroaming_networks_string_array=null, aliasMinChars=2, wfc_data_spn_format_idx_int=0, hide_sim_lock_settings_bool=false, drop_video_call_when_answering_audio_call_bool=false, ci_action_on_sys_update_bool=false, convert_cdma_caller_id_mmi_codes_while_roaming_on_3gpp_bool=false, support_enhanced_call_blocking_bool=true, vvm_port_number_int=0, carrier_default_wfc_ims_enabled_bool=false, dial_string_replace_string_array=null, opportunistic_network_entry_threshold_bandwidth_int=1024, gsm_nonroaming_networks_string_array=null, hide_ims_apn_bool=false, vvm_destination_number_string=, dtmf_type_enabled_bool=false, allow_video_calling_fallback_bool=true, config_ims_package_override_string=null, only_auto_select_in_home_network=false, smsToMmsTextThreshold=-1, disable_severe_when_extreme_disabled_bool=true, force_home_network_bool=false, spdi_override_string_array=null, show_wfc_location_privacy_policy_bool=false, gps.supl_es=1, enableSMSDeliveryReports=true, auto_retry_enabled_bool=false, opportunistic_network_entry_threshold_rssnr_int=45, play_call_recording_tone_bool=false, carrier_force_disable_etws_cmas_test_bool=false, call_waiting_service_class_int=1, allow_emergency_video_calls_bool=false, csp_enabled_bool=false, default_sim_call_manager_string=, wifi.passpoint_profiles_string_array=null, carrier_app_required_during_setup_bool=false, call_forwarding_blocks_while_roaming_string_array=null, emergency_notification_delay_int=-1, support_video_conference_call_bool=false, ims_dtmf_tone_delay_int=0, show_signal_strength_in_sim_status_bool=true, data_rapid_notification_bool=true, carrier_instant_lettering_escaped_chars_string=, carrier_default_wfc_ims_roaming_mode_int=2, editable_wfc_mode_bool=true, support_direct_fdn_dialing_bool=false, carrier_ut_provisioning_required_bool=false, carrier_wifi_string_array=null, treat_downgraded_video_calls_as_video_calls_bool=false, wifi_calls_can_be_hd_audio=true, support_downgrade_vt_to_audio_bool=true, cdma_enhanced_roaming_indicator_for_home_network_int_array=[1], notify_handover_video_from_lte_to_wifi_bool=false, use_otasp_for_provisioning_bool=false, always_play_remote_hold_tone_bool=false, opportunistic_network_data_switch_hysteresis_time_long=10000, maxMessageTextSize=-1, duration_blocking_disabled_after_emergency_int=7200, carrier_metered_roaming_apn_types_strings=[default, mms, dun, supl], additional_settings_call_waiting_visibility_bool=true, show_video_call_charges_alert_dialog_bool=false, carrier_network_service_wlan_package_override_string=, show_apn_setting_cdma_bool=false, use_usim_bool=false, carrier_instant_lettering_length_limit_int=64, operator_name_filter_pattern_string=, carrier_instant_lettering_invalid_chars_string=, carrier_setup_app_string=, editable_wfc_roaming_mode_bool=false, supportMmsContentDisposition=true, support_manage_ims_conference_call_bool=true, opportunistic_network_exit_threshold_rssnr_int=10, allow_non_emergency_calls_in_ecm_bool=true, allow_cdma_eri_bool=false, carrier_data_service_wlan_package_override_string=, show_carrier_data_icon_pattern_string=, use_rcs_presence_bool=false, config_telephony_use_own_number_for_voicemail_bool=false, cdma_dtmf_tone_delay_int=100, editable_voicemail_number_bool=false, carrier_data_call_apn_retry_after_disconnect_long=10000, filtered_cnap_names_string_array=null, enabledTransID=false, aliasEnabled=false, vvm_disabl
03-06 15:51:48.808  6392  6392 I Finsky  : [2] pxd.b(7): Jobs in database: 12-1 21-333333333 28--559038737 31-305419896 
03-06 15:51:48.809  6392  6392 I Finsky  : [2] puk.a(113): ConstraintMapping: 12-1, 21-333333333, 28--559038737, 31-305419896,  -> L: 0ms, D: 82725309ms, C: false, I: false, N: 1
03-06 15:51:48.809  6392  6392 I Finsky  : [2] com.google.android.finsky.scheduler.JobSchedulerEngine.a(42): Cancelling existing job with id: 9001
03-06 15:51:48.810  6392  6392 I Finsky  : [2] com.google.android.finsky.scheduler.JobSchedulerEngine.a(4): Scheduling job Id: 9000, L: 0, D: 82725309, C: false, I: false, N: 1
03-06 15:51:48.811  4165  4165 I CarrierServices: [2] ServiceStateReceiver.onReceive: Received SERVICE_STATE intent.
03-06 15:51:48.813  6392  6637 I Finsky  : [539] qjn.b(1): SIM loaded, prefetching preloads
03-06 15:51:48.813  6392  6428 I Finsky  : [495] qjm.call(2): Prefetching preloads for account null
03-06 15:51:48.813  6392  6428 W Finsky  : [495] cwl.a(19): For unauth, use getDfeApiNonAuthenticated() instead!
03-06 15:51:48.814  6392  6428 I Finsky  : [495] qnu.a(19): No PAI stub found
03-06 15:51:48.814  6392  6428 E Finsky  : [495] qjm.call(31): Error prefetching preloads, using account=null, preloads=NULL, preloadRros=NULL, preloadGroups=NULL
03-06 15:51:48.814  6392  6428 E Finsky  : com.google.android.finsky.setup.fetchers.RawDocumentsFetchException[reason=pai_config, account=null]
03-06 15:51:48.814  6392  6428 E Finsky  : 	at qnu.a(SourceFile:19)
03-06 15:51:48.814  6392  6428 E Finsky  : 	at qjm.call(Unknown Source:2)
03-06 15:51:48.814  6392  6428 E Finsky  : 	at afxg.a(SourceFile:1)
03-06 15:51:48.814  6392  6428 E Finsky  : 	at afwi.run(SourceFile:3)
03-06 15:51:48.814  6392  6428 E Finsky  : 	at afxf.run(SourceFile:2)
03-06 15:51:48.814  6392  6428 E Finsky  : 	at java.util.concurrent.ThreadPoolExecutor.runWorker(ThreadPoolExecutor.java:1167)
03-06 15:51:48.814  6392  6428 E Finsky  : 	at java.util.concurrent.ThreadPoolExecutor$Worker.run(ThreadPoolExecutor.java:641)
03-06 15:51:48.814  6392  6428 E Finsky  : 	at unn.run(Unknown Source:7)
03-06 15:51:48.814  6392  6428 E Finsky  : 	at java.lang.Thread.run(Thread.java:919)
03-06 15:51:48.814  6392  6428 I Finsky  : [495] qjn.a(10): VpaSelectionActivity will be disabled
03-06 15:51:48.814  6392  6428 I Finsky  : [495] qoh.a(3): PAI late SIM : experiment enabled = false
03-06 15:51:48.815  6392  6637 I Finsky  : [539] fpy.a(5): notifySubscriptionInfoChangedListener success.
03-06 15:51:48.835  2476  2476 D IntentBroadcaster: Broadcasting and adding intent for rebroadcast: android.intent.action.SIM_STATE_CHANGED READY for slotId 0
03-06 15:51:48.836  2184  2184 V KeyguardUpdateMonitor: action android.intent.action.SIM_STATE_CHANGED state: READY slotId: 0 subid: 1
03-06 15:51:48.836  2184  2184 D KeyguardUpdateMonitor: handleSimStateChange(subId=1, slotId=0, state=READY)
03-06 15:51:48.836  2803  2803 I rcs     : [PresencePublication] onReceive intent=Intent { act=android.intent.action.SIM_STATE_CHANGED flg=0x5000010 (has extras) }
03-06 15:51:48.836  2803  2803 I rcs     : [PresencePublication] ACTION_SIM_STATE_CHANGED INTENT_KEY_ICC_STATE=READY
03-06 15:51:48.839  2803  2803 I rcs     : [RcsService] onReceive intent=Intent { act=android.intent.action.SIM_STATE_CHANGED flg=0x5000010 (has extras) }
03-06 15:51:48.840  2476  4908 D IccSmsInterfaceManager: [IccSmsInterfaceManager] Failed to add GSM cell broadcast channels range 4352 to 4354
03-06 15:51:48.842  2476  3978 D IccSmsInterfaceManager: [IccSmsInterfaceManager] Calling setGsmBroadcastConfig with 1 configurations
03-06 15:51:48.847  2476  2476 D CallNotifier: updatePhoneStateListeners: update CF notifications.
03-06 15:51:48.847  2476  2476 I NotificationMgr: updateCfi: subId= 1, visible=N
03-06 15:51:48.847  2476  2476 I NotificationMgr: updateMwi(): subId 1 update to false
03-06 15:51:48.848  2476  2476 I TelecomFramework: : onSubscriptionsChanged - update accounts
03-06 15:51:48.848  2476  2476 I TelecomFramework: PstnIncomingCallNotifier: Unregistering: Handler (com.android.internal.telephony.GsmCdmaPhone) {b312827}
03-06 15:51:48.848  2476  2476 I TelecomFramework: TelecomAccountRegistry: setupAccounts: Found 1 phones.  Attempting to register.
03-06 15:51:48.848  2476  2476 I TelecomFramework: TelecomAccountRegistry: setupAccounts: Phone with subscription id 1
03-06 15:51:48.848  2476  2476 I TelecomFramework: TelecomAccountRegistry: setupAccounts: adding default
03-06 15:51:48.849  2476  2476 E PhoneInterfaceManager: [PhoneIntfMgr] getIccId: ICC ID is null or empty.
03-06 15:51:48.850  4030  4030 I Dialer  : LegacyVoicemailNotificationReceiver.onReceive - received legacy voicemail notification
03-06 15:51:48.851  4030  4030 I Dialer  : LegacyVoicemailNotificationReceiver.onReceive - isRefresh: true
03-06 15:51:48.851  4030  4030 I Dialer  : LegacyVoicemailNotificationReceiver.onReceive - clearing notification
03-06 15:51:48.851  4030  4030 I Dialer  : LegacyVoicemailNotifier.cancelNotification - enter
03-06 15:51:48.851  4030  4030 I Dialer  : LegacyVoicemailNotifier.cancelNotification - 'null' id, canceling all legacy voicemail notifications
03-06 15:51:48.852  2026  3208 I Telecom : PhoneAccountRegistrar: Modify account: [ComponentInfo{com.android.phone/com.android.services.telephony.TelephonyConnectionService}, ***, UserHandle{0}]: TSI.rPA@AkM
03-06 15:51:48.853  2026  3208 I Telecom : CallsManager: handlePhoneAccountChanged: phoneAccount=[[X] PhoneAccount: ComponentInfo{com.android.phone/com.android.services.telephony.TelephonyConnectionService}, ***, UserHandle{0} Capabilities: CallProvider MultiUser PlaceEmerg SimSub  Audio Routes: BESW Schemes: tel voicemail  Extras: Bundle[{android.telecom.extra.SUPPORTS_VIDEO_CALLING_FALLBACK=true}] GroupId: ***]: TSI.rPA@AkM
03-06 15:51:48.853  2476  2476 I TelecomFramework: AccountEntry: Registered phoneAccount: [[ ] PhoneAccount: ComponentInfo{com.android.phone/com.android.services.telephony.TelephonyConnectionService}, ***, UserHandle{0} Capabilities: CallProvider MultiUser PlaceEmerg SimSub  Audio Routes: BESW Schemes: tel voicemail  Extras: Bundle[{android.telecom.extra.SUPPORTS_VIDEO_CALLING_FALLBACK=true}] GroupId: ***] with handle: ComponentInfo{com.android.phone/com.android.services.telephony.TelephonyConnectionService}, ***, UserHandle{0}
03-06 15:51:48.853  2476  2476 I TelecomFramework: PstnIncomingCallNotifier: Registering: Handler (com.android.internal.telephony.GsmCdmaPhone) {b312827}
03-06 15:51:48.854  2476  2476 D MultiSimSettingController: onSubscriptionsChanged
03-06 15:51:48.854  2476  2476 D MultiSimSettingController: updateDefaults
03-06 15:51:48.854  2476  2476 D MultiSimSettingController: [updateDefaultValues] change: 0
03-06 15:51:48.855  2476  2476 I TelecomFramework: PstnIncomingCallNotifier: Unregistering: Handler (com.android.internal.telephony.GsmCdmaPhone) {b312827}
03-06 15:51:48.855  2476  2476 I TelecomFramework: TelecomAccountRegistry: setupAccounts: Found 1 phones.  Attempting to register.
03-06 15:51:48.855  2476  2476 I TelecomFramework: TelecomAccountRegistry: setupAccounts: Phone with subscription id 1
03-06 15:51:48.855  2476  2476 I TelecomFramework: TelecomAccountRegistry: setupAccounts: adding default
03-06 15:51:48.855  2476  2476 E PhoneInterfaceManager: [PhoneIntfMgr] getIccId: ICC ID is null or empty.
03-06 15:51:48.858  2026  3208 I Telecom : PhoneAccountRegistrar: Modify account: [ComponentInfo{com.android.phone/com.android.services.telephony.TelephonyConnectionService}, ***, UserHandle{0}]: TSI.rPA@AkY
03-06 15:51:48.859  2026  3208 I Telecom : CallsManager: handlePhoneAccountChanged: phoneAccount=[[X] PhoneAccount: ComponentInfo{com.android.phone/com.android.services.telephony.TelephonyConnectionService}, ***, UserHandle{0} Capabilities: CallProvider MultiUser PlaceEmerg SimSub  Audio Routes: BESW Schemes: tel voicemail  Extras: Bundle[{android.telecom.extra.SUPPORTS_VIDEO_CALLING_FALLBACK=true}] GroupId: ***]: TSI.rPA@AkY
03-06 15:51:48.859  2476  2476 I TelecomFramework: AccountEntry: Registered phoneAccount: [[ ] PhoneAccount: ComponentInfo{com.android.phone/com.android.services.telephony.TelephonyConnectionService}, ***, UserHandle{0} Capabilities: CallProvider MultiUser PlaceEmerg SimSub  Audio Routes: BESW Schemes: tel voicemail  Extras: Bundle[{android.telecom.extra.SUPPORTS_VIDEO_CALLING_FALLBACK=true}] GroupId: ***] with handle: ComponentInfo{com.android.phone/com.android.services.telephony.TelephonyConnectionService}, ***, UserHandle{0}
03-06 15:51:48.859  2476  2476 I TelecomFramework: PstnIncomingCallNotifier: Registering: Handler (com.android.internal.telephony.GsmCdmaPhone) {b312827}
03-06 15:51:48.870  2476  2490 W System  : A resource failed to call close. 
03-06 15:51:48.882  2476  2476 I VvmSimStateTracker: android.intent.action.SIM_STATE_CHANGED
03-06 15:51:48.883  6392  6392 I Finsky  : [2] com.google.android.finsky.simhandler.SimStateReceiver.a(6): android.intent.action.SIM_STATE_CHANGED : simState = READY
03-06 15:51:48.887  2476  2476 E PhoneInterfaceManager: [PhoneIntfMgr] getIccId: ICC ID is null or empty.
03-06 15:51:48.888  2476  2476 I TelecomFramework: PstnPhoneCapabilitiesNotifier: handleVideoCapabilitesChanged. Video capability - false
03-06 15:51:48.888  2476  3978 D IccSmsInterfaceManager: [IccSmsInterfaceManager] Failed to add GSM cell broadcast channels range 4356 to 4356
