03-06 15:51:39.094  4030  4030 I Dialer  : LegacyVoicemailNotificationReceiver.onReceive - isRefresh: true
03-06 15:51:39.094  4030  4030 I Dialer  : LegacyVoicemailNotificationReceiver.onReceive - clearing notification
03-06 15:51:39.094  4030  4030 I Dialer  : LegacyVoicemailNotifier.cancelNotification - enter
03-06 15:51:39.098  2476  2476 I NotificationMgr: updateMwi(): subId 1 update to false
03-06 15:51:39.102  2476  2476 D CallNotifier: updatePhoneStateListeners: update CF notifications.
03-06 15:51:39.102  2476  2476 I NotificationMgr: updateCfi: subId= 1, visible=N
03-06 15:51:39.103  2476  2476 I NotificationMgr: updateMwi(): subId 1 update to false
03-06 15:51:39.105  4030  4030 I Dialer  : LegacyVoicemailNotificationReceiver.onReceive - received legacy voicemail notification
03-06 15:51:39.105  4030  4030 I Dialer  : LegacyVoicemailNotificationReceiver.onReceive - isRefresh: true
03-06 15:51:39.105  4030  4030 I Dialer  : LegacyVoicemailNotificationReceiver.onReceive - clearing notification
03-06 15:51:39.105  4030  4030 I Dialer  : LegacyVoicemailNotifier.cancelNotification - enter
03-06 15:51:39.106  2476  2476 I TelecomFramework: PstnPhoneCapabilitiesNotifier: handleVideoCapabilitesChanged. Video capability - false
03-06 15:51:39.108  4030  4030 I Dialer  : LegacyVoicemailNotificationReceiver.onReceive - received legacy voicemail notification
03-06 15:51:39.108  4030  4030 I Dialer  : LegacyVoicemailNotificationReceiver.onReceive - isRefresh: false
03-06 15:51:39.109  4030  4030 I Dialer  : LegacyVoicemailNotificationReceiver.onReceive - clearing notification
03-06 15:51:39.109  4030  4030 I Dialer  : LegacyVoicemailNotifier.cancelNotification - enter
03-06 15:51:39.112  2026  2043 I Telecom : PhoneAccountRegistrar: Modify account: [ComponentInfo{com.android.phone/com.android.services.telephony.TelephonyConnectionService}, ***, UserHandle{0}]: TSI.rPA@AiE
03-06 15:51:39.113  2026  2043 I Telecom : CallsManager: handlePhoneAccountChanged: phoneAccount=[[X] PhoneAccount: ComponentInfo{com.android.phone/com.android.services.telephony.TelephonyConnectionService}, ***, UserHandle{0} Capabilities: CallProvider MultiUser PlaceEmerg SimSub  Audio Routes: BESW Schemes: tel voicemail  Extras: Bundle[{android.telecom.extra.SUPPORTS_VIDEO_CALLING_FALLBACK=true}] GroupId: ***]: TSI.rPA@AiE
03-06 15:51:39.172  1676  1676 I hwservicemanager: getTransport: Cannot find entry android.hardware.radio@1.4::IRadio/slot1 in either framework or device manifest.
03-06 15:51:39.172  1676  1676 I hwservicemanager: getTransport: Cannot find entry android.hardware.radio@1.3::IRadio/slot1 in either framework or device manifest.
03-06 15:51:39.172  1676  1676 I hwservicemanager: getTransport: Cannot find entry android.hardware.radio@1.2::IRadio/slot1 in either framework or device manifest.
03-06 15:51:39.172  1676  1676 I hwservicemanager: getTransport: Cannot find entry android.hardware.radio@1.1::IRadio/slot1 in either framework or device manifest.
03-06 15:51:39.173  2476  2476 I ServiceManagement: getService: Trying again for android.hardware.radio@1.0::IRadio/slot1...
03-06 15:51:39.553  2026  2026 I RoleManagerService: Granting default permissions...
03-06 15:51:39.576  2026  2117 I InputReader: Reconfiguring input devices.  changes=0x00000010
03-06 15:51:39.579  2890  3121 I EngineIdGenerator: Refusing EXCLUSIVE task NOW_UPDATE_GCM_REGISTRATION, it is already pending. Try again in 7443 seconds.
03-06 15:51:39.617  2026  2026 I Telecom : DefaultDialerCache: Refreshing default dialer for user 0: now com.android.dialer: CM.CCCR->CM.UECNT->CM.CCCR->CM.UECNT->CM.CCCR->CM.UECNT->CM.CCCR->CM.UECNT->CM.CCCR->CM.UECNT->CM.CCCR->CM.UECNT->CM.CCCR->CM.UECNT->CM.CCCR->CM.UECNT->CM.CCCR->CM.UECNT->CM.CCCR->CM.UECNT->CM.CCCR->CM.UECNT->CM.CCCR->CM.UECNT->CM.CCCR->CM.UECNT->CM.CCCR->CM.UECNT->CM.CCCR->CM.UECNT->CM.CCCR->CM.UECNT->CM.CCCR->CM.UECNT->CM.CCCR->CM.UECNT->CM.CCCR->CM.UECNT->CM.CCCR->CM.UECNT->CM.CCCR->CM.UECNT->CM.CCCR->CM.UECNT->CM.CCCR->CM.UECNT@AD4
03-06 15:51:39.622  2890  7558 I GsaConfigFlagsSyncer: Flags not sync'ed yet, syncing.
03-06 15:51:39.628  2890  2890 I BgTaskExecutorImpl: Starting EXCLUSIVE background task SEND_GSA_HOME_REQUEST.
03-06 15:51:39.659  2634  3160 W QsbUiManager: Doodle is not valid.
03-06 15:51:39.659  2634  3160 W QsbUiManager: Doodle bitmap is not valid.
03-06 15:51:39.705  2026  2026 W WindowManager: removeWindowToken: Attempted to remove non-existing token: android.os.Binder@2a0057e
03-06 15:51:39.759  2164  3265 W aohm    : Sync failed for '' [CONTEXT service_id=51 ]
03-06 15:51:39.801  2164  3265 E aofp    : Phenotype API error. Event # bybz@ef00e342, EventCode: 17 [CONTEXT service_id=51 ]
03-06 15:51:39.802  2164  3265 E AsyncOperation: serviceID=51, operation=RegisterSyncOperationCall
03-06 15:51:39.802  2164  3265 E AsyncOperation: OperationException[Status{statusCode=Network error, resolution=null}]
03-06 15:51:39.802  2164  3265 E AsyncOperation: 	at aofp.a(:com.google.android.gms@17786022@17.7.86 (040700-256199907):100)
03-06 15:51:39.802  2164  3265 E AsyncOperation: 	at aofp.a(:com.google.android.gms@17786022@17.7.86 (040700-256199907):79)
03-06 15:51:39.802  2164  3265 E AsyncOperation: 	at aale.run(:com.google.android.gms@17786022@17.7.86 (040700-256199907):19)
03-06 15:51:39.802  2164  3265 E AsyncOperation: 	at bkdz.run(:com.google.android.gms@17786022@17.7.86 (040700-256199907):2)
03-06 15:51:39.802  2164  3265 E AsyncOperation: 	at squ.b(:com.google.android.gms@17786022@17.7.86 (040700-256199907):37)
03-06 15:51:39.802  2164  3265 E AsyncOperation: 	at squ.run(:com.google.android.gms@17786022@17.7.86 (040700-256199907):21)
03-06 15:51:39.802  2164  3265 E AsyncOperation: 	at java.util.concurrent.ThreadPoolExecutor.runWorker(ThreadPoolExecutor.java:1167)
03-06 15:51:39.802  2164  3265 E AsyncOperation: 	at java.util.concurrent.ThreadPoolExecutor$Worker.run(ThreadPoolExecutor.java:641)
03-06 15:51:39.802  2164  3265 E AsyncOperation: 	at swz.run(Unknown Source:7)
03-06 15:51:39.802  2164  3265 E AsyncOperation: 	at java.lang.Thread.run(Thread.java:919)
03-06 15:51:39.803  2890  3126 W PhenotypeController: Calling registerSyncInternal api failed.
03-06 15:51:39.805  2890  3121 W SearchServiceCore: Abort, client detached.
03-06 15:51:39.805  2890  3121 I chatty  : uid=10105(com.google.android.googlequicksearchbox) EventBus0 identical 1 line
03-06 15:51:39.805  2890  3121 W SearchServiceCore: Abort, client detached.
03-06 15:51:39.824  2387  3498 I Icing   : IndexChimeraService.getServiceInterface callingPackage=com.google.android.gms componentName=AppsCorpus serviceId=32
03-06 15:51:39.825  2387  3900 I Icing   : IndexChimeraService.getServiceInterface callingPackage=com.google.android.gms componentName=AppsCorpus serviceId=36
03-06 15:51:39.943  2387  7461 I Icing   : Usage reports ok 1, Failed Usage reports 0, indexed 0, rejected 0
03-06 15:51:39.948  2387  7461 I Icing   : Usage reports ok 0, Failed Usage reports 0, indexed 0, rejected 0
03-06 15:51:39.954  1791  2388 E GnssHAL_GnssInterface: gnssSvStatusCb: a: input svInfo.flags is 8
03-06 15:51:39.954  1791  2388 E GnssHAL_GnssInterface: gnssSvStatusCb: b: input svInfo.flags is 8
03-06 15:51:40.145  2026  2052 I RoleUserState: Wrote roles.xml successfully
03-06 15:51:40.174  2476  2476 W ServiceManagement: Waited one second for android.hardware.radio@1.0::IRadio/slot1
03-06 15:51:40.174  2476  2476 I ServiceManagement: getService: Trying again for android.hardware.radio@1.0::IRadio/slot1...
03-06 15:51:40.291  6392  6420 I Finsky  : [490] ikw.run(3): Stats for Executor: BlockingExecutor imf@c754cd5[Running, pool size = 2, active threads = 0, queued tasks = 0, completed tasks = 42]
03-06 15:51:40.292  6392  6420 I Finsky  : [490] ikw.run(3): Stats for Executor: LightweightExecutor imf@d18ccea[Running, pool size = 3, active threads = 0, queued tasks = 0, completed tasks = 110]
03-06 15:51:40.434  6392  6420 I Finsky  : [490] ikw.run(3): Stats for Executor: bgExecutor imf@8fabbdb[Running, pool size = 4, active threads = 0, queued tasks = 0, completed tasks = 52]
03-06 15:51:40.548  2387  4697 I FontsContentProvider: Received query Noto Color Emoji Compat, URI content://com.google.android.gms.fonts
03-06 15:51:40.548  2387  4697 I FontsContentProvider: Query [Noto Color Emoji Compat] resolved to {Noto Color Emoji Compat, wdth 100.0, wght 400, ital 0.0, bestEffort false}
03-06 15:51:40.554  2387  7105 E FontsHttpClientDL: Download https://fonts.gstatic.com/s/a/directory014.pb failed
03-06 15:51:40.555  2387  7105 W FontsServer: No resolver, short-circuit {Noto Color Emoji Compat, wdth 100.0, wght 400, ital 0.0, bestEffort false} for com.google.android.inputmethod.latin to failure
03-06 15:51:40.557  2387  4697 I FontsContentProvider: Fetch {Noto Color Emoji Compat, wdth 100.0, wght 400, ital 0.0, bestEffort false} end status Status{statusCode=Unavailable, resolution=null}
03-06 15:51:40.668  2026  2053 W BroadcastQueue: Background execution not allowed: receiving Intent { act=android.intent.action.DROPBOX_ENTRY_ADDED flg=0x10 (has extras) } to com.google.android.gms/.stats.service.DropBoxEntryAddedReceiver
03-06 15:51:40.668  2026  2053 W BroadcastQueue: Background execution not allowed: receiving Intent { act=android.intent.action.DROPBOX_ENTRY_ADDED flg=0x10 (has extras) } to com.google.android.gms/.chimera.GmsIntentOperationService$PersistentTrustedReceiver
03-06 15:51:40.670  2634  3171 D ProtoStore: deleting smartspace_current
03-06 15:51:40.671  2634  3171 D ProtoStore: no cached data
03-06 15:51:40.671  2634  3171 D ProtoStore: no cached data
03-06 15:51:40.955  1791  2388 E GnssHAL_GnssInterface: gnssSvStatusCb: a: input svInfo.flags is 8
03-06 15:51:40.955  1791  2388 E GnssHAL_GnssInterface: gnssSvStatusCb: b: input svInfo.flags is 8
03-06 15:51:40.955  2387  7105 I Icing   : Indexing com.google.android.gms-apps from com.google.android.gms
03-06 15:51:41.025  2387  7105 I Icing   : Indexing done com.google.android.gms-apps
03-06 15:51:41.175  2476  2476 W ServiceManagement: Waited one second for android.hardware.radio@1.0::IRadio/slot1
03-06 15:51:41.176  2476  2476 I ServiceManagement: getService: Trying again for android.hardware.radio@1.0::IRadio/slot1...
03-06 15:51:41.884  2026  2872 W AppOps  : Noting op not finished: uid 10099 pkg com.google.android.gms code 79 time=1709758296912 duration=0
03-06 15:51:41.889  2026  2872 W AppOps  : Noting op not finished: uid 10099 pkg com.google.android.gms code 79 time=1709758301884 duration=0
03-06 15:51:41.892  2164  2604 I Places  : ?: Couldn't find platform key file.
03-06 15:51:41.896  2164  7231 I Places  : ?: Couldn't find platform key file.
03-06 15:51:41.908  2164  7513 I PlaceInferenceEngine: [anon] Changed inference mode: 0
03-06 15:51:41.912  2164  3051 W GCoreFlp: No location to return for getLastLocation()
03-06 15:51:41.916  2026  4059 W AppOps  : Noting op not finished: uid 10099 pkg com.google.android.gms code 79 time=1709758301889 duration=0
03-06 15:51:41.920  2026  4059 W AppOps  : Noting op not finished: uid 10099 pkg com.google.android.gms code 79 time=1709758301916 duration=0
03-06 15:51:41.932  2164  7519 I Places  : ?: Couldn't find platform key file.
03-06 15:51:41.933  2164  7232 I Places  : ?: Couldn't find platform key file.
03-06 15:51:41.942  2026  2043 W AppOps  : Noting op not finished: uid 10099 pkg com.google.android.gms code 79 time=1709758301920 duration=0
03-06 15:51:41.944  2026  2043 W AppOps  : Noting op not finished: uid 10099 pkg com.google.android.gms code 79 time=1709758301942 duration=0
03-06 15:51:41.956  1791  2388 E GnssHAL_GnssInterface: gnssSvStatusCb: a: input svInfo.flags is 8
03-06 15:51:41.956  1791  2388 E GnssHAL_GnssInterface: gnssSvStatusCb: b: input svInfo.flags is 8
03-06 15:51:41.959  2164  3051 W GCoreFlp: No location to return for getLastLocation()
03-06 15:51:41.965  2026  2872 W AppOps  : Noting op not finished: uid 10099 pkg com.google.android.gms code 79 time=1709758301944 duration=0
03-06 15:51:41.969  2026  2872 W AppOps  : Noting op not finished: uid 10099 pkg com.google.android.gms code 79 time=1709758301965 duration=0
03-06 15:51:41.985  2164  3051 I chatty  : uid=10099(com.google.android.gms) FlpThread identical 2 lines
03-06 15:51:41.989  2164  3051 W GCoreFlp: No location to return for getLastLocation()
03-06 15:51:41.990  2164  2164 I GeofencerStateMachine: removeGeofences: removeRequest=RemoveGeofencingRequest[REMOVE_BY_PENDING_INTENT pendingIntent=PendingIntent[creatorPackage=com.google.android.gms], packageName=com.google.android.gms]
03-06 15:51:41.999  2164  3051 W GCoreFlp: No location to return for getLastLocation()
03-06 15:51:42.003  2164  3051 W GCoreFlp: No location to return for getLastLocation()
03-06 15:51:42.177  2476  2476 W ServiceManagement: Waited one second for android.hardware.radio@1.0::IRadio/slot1
03-06 15:51:42.178  2476  2476 I ServiceManagement: getService: Trying again for android.hardware.radio@1.0::IRadio/slot1...
03-06 15:51:42.488  7200  7254 W teco.fmhandroi: Accessing hidden method Lsun/misc/Unsafe;->compareAndSwapObject(Ljava/lang/Object;JLjava/lang/Object;Ljava/lang/Object;)Z (greylist, linking, allowed)
03-06 15:51:42.490  7200  7200 I ViewInteraction: Performing 'wait for a specific view with attribute <view.getId() is <2131231039>> during 10000 millis.' action on view view.getRootView() to equal view
03-06 15:51:42.491  7200  7346 W teco.fmhandroi: Accessing hidden method Lsun/misc/Unsafe;->compareAndSwapObject(Ljava/lang/Object;JLjava/lang/Object;Ljava/lang/Object;)Z (greylist, linking, allowed)
03-06 15:51:42.956  1791  2388 E GnssHAL_GnssInterface: gnssSvStatusCb: a: input svInfo.flags is 8
03-06 15:51:42.957  1791  2388 E GnssHAL_GnssInterface: gnssSvStatusCb: b: input svInfo.flags is 8
03-06 15:51:43.179  2476  2476 W ServiceManagement: Waited one second for android.hardware.radio@1.0::IRadio/slot1
03-06 15:51:43.181  2476  2476 I ServiceManagement: getService: Trying again for android.hardware.radio@1.0::IRadio/slot1...
03-06 15:51:43.430  7596  7596 I ServiceManagement: Registered android.hardware.radio@1.1::IRadio/slot1 (start delay of 18ms)
03-06 15:51:43.430  7596  7596 I ServiceManagement: Registered android.hardware.radio.deprecated@1.0::IOemHook/slot1 (start delay of 19ms)
03-06 15:51:43.431  2476  2476 I android_os_HwBinder: HwBinder: Starting thread pool for getting: android.hardware.radio@1.0::IRadio/slot1
03-06 15:51:43.435  1676  1676 I hwservicemanager: getTransport: Cannot find entry android.hardware.radio.deprecated@1.0::IOemHook/slot1 in either framework or device manifest.
03-06 15:51:43.440  2476  2476 D TelephonyProvider: subIdString = 1 subId = 1
03-06 15:51:43.447  2184  2184 V KeyguardUpdateMonitor: onSubscriptionInfoChanged()
03-06 15:51:43.449  2184  2184 V KeyguardUpdateMonitor: SubInfo:{id=1, iccId=890141032[****] simSlotIndex=0 carrierId=1 displayName=T-Mobile carrierName=No service nameSource=3 iconTint=-16746133 mNumber=[****] dataRoaming=0 iconBitmap=android.graphics.Bitmap@e918033 mcc 310 mnc 260mCountryIso=us isEmbedded false accessRules null cardString=890141032[****] cardId=-1 isOpportunistic false mGroupUUID=null mIsGroupDisabled=false profileClass=-1 ehplmns = null hplmns = null subscriptionType=0 mGroupOwner=null}
03-06 15:51:43.452  2026  2123 W BestClock: java.time.DateTimeException: Missing NTP fix
03-06 15:51:43.455  2026  2123 W BestClock: java.time.DateTimeException: Missing NTP fix
03-06 15:51:43.455  2026  2872 D AlarmManagerService: Kernel timezone updated to 0 minutes west of GMT
03-06 15:51:43.455  1773  1773 I netd    : bandwidthSetGlobalAlert(2097152) <0.06ms>
03-06 15:51:43.459  2026  2026 D ConditionProviders.SCP: onReceive android.intent.action.TIMEZONE_CHANGED
03-06 15:51:43.459  6208  6208 I SetupWizard: [bea] Network time not available. java.lang.reflect.InvocationTargetException
03-06 15:51:43.459  2026  2026 D ConditionProviders.SCP: evaluateSubscriptionLocked cal=ScheduleCalendar[mDays={1, 2, 3, 4, 5, 6, 7}, mSchedule=ScheduleInfo{days=[1, 2, 3, 4, 5, 6, 7], startHour=22, startMinute=0, endHour=7, endMinute=0, exitAtAlarm=true, nextAlarm=Thu Jan 01 00:00:00 GMT 1970 (0)}], now=Wed Mar 06 20:51:43 GMT 2024 (1709758303459), nextUserAlarmTime=Thu Jan 01 00:00:00 GMT 1970 (0)
03-06 15:51:43.459  2026  2026 D ConditionProviders.SCP: notifyCondition condition://android/schedule?days=1.2.3.4.5.6.7&start=22.0&end=7.0&exitAtAlarm=true STATE_FALSE reason=!meetsSchedule
03-06 15:51:43.460  2026  2026 D ConditionProviders.SCP: Scheduling evaluate for Wed Mar 06 22:00:00 GMT 2024 (1709762400000), in +1h8m16s541ms, now=Wed Mar 06 20:51:43 GMT 2024 (1709758303459)
03-06 15:51:43.459  6208  6208 I SetupWizard: [bea] Network time not available. java.lang.reflect.InvocationTargetException
03-06 15:51:43.463  2026  4059 I LocationAccessPolicy: Allowing com.google.android.inputmethod.latin fine because it doesn't target API 29 yet. Please fix this app. Called from TelephonyRegistry push
03-06 15:51:43.464  2026  4059 I LocationAccessPolicy: Allowing com.google.android.apps.messaging fine because it doesn't target API 29 yet. Please fix this app. Called from TelephonyRegistry push
03-06 15:51:43.464  2026  4059 I LocationAccessPolicy: com.google.android.setupwizard is aware of coarse but the app-ops permission is specifically denied.
03-06 15:51:43.464  4330  7437 W Bugle   : BuglePhoneNumberUtils: canonicalizeMccMnc: invalid mccmnc. mcc: null, mnc: null
03-06 15:51:43.469  2476  2476 D ServiceStateProvider: subId=1
03-06 15:51:43.470  4330  7437 W Bugle   : Obsolete carrier config resource: maxMessageSize res: 1048576, sys: 307200
03-06 15:51:43.470  4330  7437 W Bugle   : Obsolete carrier config resource: maxImageHeight res: 1944, sys: 480
03-06 15:51:43.470  4330  7437 W Bugle   : Obsolete carrier config resource: maxImageWidth res: 2592, sys: 640
03-06 15:51:43.471  4330  7437 I Bugle   : Carrier configs loaded: Bundle[{carrier_volte_provisioned_bool=false, disable_charge_indication_bool=false, support_tdscdma_bool=false, httpSocketTimeout=60000, call_redirection_service_component_name_string=null, carrier_wfc_supports_wifi_only_bool=false, carrier_default_actions_on_default_network_available_string_array=[false: 7, true: 8], operator_selection_expand_bool=true, disable_cdma_activation_code_bool=false, simplified_network_settings_bool=false, support_tdscdma_roaming_networks_string_array=null, gps.lpp_profile=0, call_barring_visibility_bool=false, gps.es_extension_sec=0, enable_apps_string_array=null, carrier_default_wfc_ims_roaming_enabled_bool=false, cdma_nonroaming_networks_string_array=null, aliasMinChars=2, wfc_data_spn_format_idx_int=0, hide_sim_lock_settings_bool=false, drop_video_call_when_answering_audio_call_bool=false, ci_action_on_sys_update_bool=false, convert_cdma_caller_id_mmi_codes_while_roaming_on_3gpp_bool=false, support_enhanced_call_blocking_bool=true, vvm_port_number_int=0, carrier_default_wfc_ims_enabled_bool=false, dial_string_replace_string_array=null, opportunistic_network_entry_threshold_bandwidth_int=1024, gsm_nonroaming_networks_string_array=null, hide_ims_apn_bool=false, vvm_destination_number_string=, dtmf_type_enabled_bool=false, allow_video_calling_fallback_bool=true, config_ims_package_override_string=null, only_auto_select_in_home_network=false, smsToMmsTextThreshold=-1, disable_severe_when_extreme_disabled_bool=true, force_home_network_bool=false, spdi_override_string_array=null, show_wfc_location_privacy_policy_bool=false, gps.supl_es=1, enableSMSDeliveryReports=true, auto_retry_enabled_bool=false, opportunistic_network_entry_threshold_rssnr_int=45, play_call_recording_tone_bool=false, carrier_force_disable_etws_cmas_test_bool=false, call_waiting_service_class_int=1, allow_emergency_video_calls_bool=false, csp_enabled_bool=false, default_sim_call_manager_string=, wifi.passpoint_profiles_string_array=null, carrier_app_required_during_setup_bool=false, call_forwarding_blocks_while_roaming_string_array=null, emergency_notification_delay_int=-1, support_video_conference_call_bool=false, ims_dtmf_tone_delay_int=0, show_signal_strength_in_sim_status_bool=true, data_rapid_notification_bool=true, carrier_instant_lettering_escaped_chars_string=, carrier_default_wfc_ims_roaming_mode_int=2, editable_wfc_mode_bool=true, support_direct_fdn_dialing_bool=false, carrier_ut_provisioning_required_bool=false, carrier_wifi_string_array=null, treat_downgraded_video_calls_as_video_calls_bool=false, wifi_calls_can_be_hd_audio=true, support_downgrade_vt_to_audio_bool=true, cdma_enhanced_roaming_indicator_for_home_network_int_array=[1], notify_handover_video_from_lte_to_wifi_bool=false, use_otasp_for_provisioning_bool=false, always_play_remote_hold_tone_bool=false, opportunistic_network_data_switch_hysteresis_time_long=10000, maxMessageTextSize=-1, duration_blocking_disabled_after_emergency_int=7200, carrier_metered_roaming_apn_types_strings=[default, mms, dun, supl], additional_settings_call_waiting_visibility_bool=true, show_video_call_charges_alert_dialog_bool=false, carrier_network_service_wlan_package_override_string=, show_apn_setting_cdma_bool=false, use_usim_bool=false, carrier_instant_lettering_length_limit_int=64, operator_name_filter_pattern_string=, carrier_instant_lettering_invalid_chars_string=, carrier_setup_app_string=, editable_wfc_roaming_mode_bool=false, supportMmsContentDisposition=true, support_manage_ims_conference_call_bool=true, opportunistic_network_exit_threshold_rssnr_int=10, allow_non_emergency_calls_in_ecm_bool=true, allow_cdma_eri_bool=false, carrier_data_service_wlan_package_override_string=, show_carrier_data_icon_pattern_string=, use_rcs_presence_bool=false, config_telephony_use_own_number_for_voicemail_bool=false, cdma_dtmf_tone_delay_int=100, editable_voicemail_number_bool=false, carrier_data_call_apn_retry_after_disconnect_long=10000, filtered_cnap_names_string_array=null, enabledTransID=false, aliasEnabled=false, vvm_disabl
03-06 15:51:43.491  5804  5804 I AlarmClock: AlarmInitReceiver android.intent.action.TIMEZONE_CHANGED
03-06 15:51:43.491  5804  5831 I AlarmClock: Connected Dock: null
03-06 15:51:43.493  5804  5831 I AlarmClock: Removing AlarmClockInfo
03-06 15:51:43.495  5804  5804 I AlarmClock: DigitalAppWidgetProvider processing Intent { act=android.intent.action.TIMEZONE_CHANGED flg=0x21200010 cmp=com.google.android.deskclock/com.android.alarmclock.DigitalAppWidgetProvider (has extras) }
03-06 15:51:43.503  4113  4113 D CellBroadcastReceiver: onReceive Intent { act=android.intent.action.SERVICE_STATE flg=0x1000010 cmp=com.android.cellbroadcastreceiver/.CellBroadcastReceiver (has extras) }
03-06 15:51:43.507  4165  4165 I CarrierServices: [2] ServiceStateReceiver.onReceive: Received SERVICE_STATE intent.
03-06 15:51:43.510  2476  4908 D IccSmsInterfaceManager: [IccSmsInterfaceManager] Failed to add cdma broadcast channels range 4096 to 4096
03-06 15:51:43.510  2476  4908 D IccSmsInterfaceManager: [IccSmsInterfaceManager] Calling setGsmBroadcastConfig with 1 configurations
03-06 15:51:43.526  2476  2476 E PhoneInterfaceManager: [PhoneIntfMgr] getCarrierPackageNamesForIntent: No UICC
03-06 15:51:43.526  2476  2476 D CarrierSvcBindHelper: No carrier app for: 0
03-06 15:51:43.529  2476  2476 D CallNotifier: updatePhoneStateListeners: update CF notifications.
03-06 15:51:43.529  2476  2476 I NotificationMgr: updateCfi: subId= 1, visible=N
03-06 15:51:43.530  2476  2476 I NotificationMgr: updateMwi(): subId 1 update to false
03-06 15:51:43.531  2476  2476 I TelecomFramework: : onSubscriptionsChanged - update accounts
03-06 15:51:43.531  2476  2476 I TelecomFramework: PstnIncomingCallNotifier: Unregistering: Handler (com.android.internal.telephony.GsmCdmaPhone) {b312827}
03-06 15:51:43.531  2476  2476 I TelecomFramework: TelecomAccountRegistry: setupAccounts: Found 1 phones.  Attempting to register.
03-06 15:51:43.531  2476  2476 I TelecomFramework: TelecomAccountRegistry: setupAccounts: Phone with subscription id 1
03-06 15:51:43.531  2476  2476 I TelecomFramework: TelecomAccountRegistry: setupAccounts: adding default
03-06 15:51:43.531  2476  2476 E PhoneInterfaceManager: [PhoneIntfMgr] getIccId: No UICC
03-06 15:51:43.533  4030  4030 I Dialer  : LegacyVoicemailNotificationReceiver.onReceive - received legacy voicemail notification
03-06 15:51:43.533  4030  4030 I Dialer  : LegacyVoicemailNotificationReceiver.onReceive - isRefresh: true
03-06 15:51:43.533  4030  4030 I Dialer  : LegacyVoicemailNotificationReceiver.onReceive - clearing notification
03-06 15:51:43.533  4030  4030 I Dialer  : LegacyVoicemailNotifier.cancelNotification - enter
03-06 15:51:43.533  4030  4030 I Dialer  : LegacyVoicemailNotifier.cancelNotification - 'null' id, canceling all legacy voicemail notifications
03-06 15:51:43.536  2026  3208 I Telecom : PhoneAccountRegistrar: New phone account registered: [[ ] PhoneAccount: ComponentInfo{com.android.phone/com.android.services.telephony.TelephonyConnectionService}, ***, UserHandle{0} Capabilities: CallProvider MultiUser PlaceEmerg SimSub  Audio Routes: BESW Schemes: tel voicemail  Extras: Bundle[{android.telecom.extra.SUPPORTS_VIDEO_CALLING_FALLBACK=true}] GroupId: ***]: TSI.rPA@AiI
03-06 15:51:43.537  2026  3208 I Telecom : CallsManager: Sending phone-account ComponentInfo{com.android.phone/com.android.services.telephony.TelephonyConnectionService}, ***, UserHandle{0} registered intent as user: TSI.rPA@AiI
03-06 15:51:43.537  2026  3208 I Telecom : CallsManager: Sending phone-account registered intent to default dialer: TSI.rPA@AiI
03-06 15:51:43.537  2476  2476 I TelecomFramework: AccountEntry: Registered phoneAccount: [[ ] PhoneAccount: ComponentInfo{com.android.phone/com.android.services.telephony.TelephonyConnectionService}, ***, UserHandle{0} Capabilities: CallProvider MultiUser PlaceEmerg SimSub  Audio Routes: BESW Schemes: tel voicemail  Extras: Bundle[{android.telecom.extra.SUPPORTS_VIDEO_CALLING_FALLBACK=true}] GroupId: ***] with handle: ComponentInfo{com.android.phone/com.android.services.telephony.TelephonyConnectionService}, ***, UserHandle{0}
03-06 15:51:43.537  2476  2476 I TelecomFramework: PstnIncomingCallNotifier: Registering: Handler (com.android.internal.telephony.GsmCdmaPhone) {b312827}
03-06 15:51:43.538  2476  2476 I TelecomFramework: TelecomAccountRegistry: Unregistering phone account ComponentInfo{com.android.phone/com.android.services.telephony.TelephonyConnectionService}, ***, UserHandle{0}.
03-06 15:51:43.539  2026  3208 I Telecom : CallsManager: Sending phone-account ComponentInfo{com.android.phone/com.android.services.telephony.TelephonyConnectionService}, ***, UserHandle{0} unregistered intent as user: TSI.uPA@AiQ
03-06 15:51:43.539  2026  3208 I Telecom : CallsManager: Sending phone-account unregistered intent to default dialer: TSI.uPA@AiQ
03-06 15:51:43.540  2476  2476 D MultiSimSettingController: onSubscriptionsChanged
03-06 15:51:43.540  2476  2476 D MultiSimSettingController: updateDefaults
03-06 15:51:43.540  2476  2476 D MultiSimSettingController: [updateDefaultValues] change: 0
03-06 15:51:43.544  1676  1676 I hwservicemanager: getTransport: Cannot find entry android.hardware.radio.config@1.1::IRadioConfig/default in either framework or device manifest.
03-06 15:51:43.544  1676  1676 I hwservicemanager: getTransport: Cannot find entry android.hardware.radio.config@1.0::IRadioConfig/default in either framework or device manifest.
03-06 15:51:43.548  1676  1676 I hwservicemanager: getTransport: Cannot find entry android.hardware.radio.config@1.1::IRadioConfig/default in either framework or device manifest.
03-06 15:51:43.548  1676  1676 I hwservicemanager: getTransport: Cannot find entry android.hardware.radio.config@1.0::IRadioConfig/default in either framework or device manifest.
03-06 15:51:43.548  1676  1676 I hwservicemanager: getTransport: Cannot find entry android.hardware.radio.config@1.1::IRadioConfig/default in either framework or device manifest.
03-06 15:51:43.548  1676  1676 I hwservicemanager: getTransport: Cannot find entry android.hardware.radio.config@1.0::IRadioConfig/default in either framework or device manifest.
03-06 15:51:43.550  2476  2476 D IntentBroadcaster: Broadcasting and adding intent for rebroadcast: android.intent.action.SIM_STATE_CHANGED UNKNOWN for slotId 0
03-06 15:51:43.551  2803  2803 I rcs     : [PresencePublication] onReceive intent=Intent { act=android.intent.action.SIM_STATE_CHANGED flg=0x5000010 (has extras) }
03-06 15:51:43.551  2803  2803 I rcs     : [PresencePublication] ACTION_SIM_STATE_CHANGED INTENT_KEY_ICC_STATE=UNKNOWN
03-06 15:51:43.551  2803  2803 I rcs     : [RcsService] onReceive intent=Intent { act=android.intent.action.SIM_STATE_CHANGED flg=0x5000010 (has extras) }
03-06 15:51:43.551  2476  2476 D CarrierConfigLoader: update config for phoneId: 0 simState: UNKNOWN
03-06 15:51:43.551  2476  2476 D CarrierSvcBindHelper: update binding for phoneId: 0 simState: UNKNOWN
03-06 15:51:43.551  2184  2184 V KeyguardUpdateMonitor: action android.intent.action.SIM_STATE_CHANGED state: UNKNOWN slotId: 0 subid: 1
03-06 15:51:43.551  2184  2184 D KeyguardUpdateMonitor: handleSimStateChange(subId=1, slotId=0, state=UNKNOWN)
03-06 15:51:43.555  2476  2476 D TelephonyProvider: match current APN size:  0
03-06 15:51:43.556  2476  2476 E TelephonyProvider: iccRecords is null
03-06 15:51:43.557  2476  2476 I TelecomFramework: PstnPhoneCapabilitiesNotifier: handleVideoCapabilitesChanged. Video capability - false
03-06 15:51:43.558  2476  2476 E PhoneInterfaceManager: [PhoneIntfMgr] getIccId: No UICC
03-06 15:51:43.565  2026  2829 I Telecom : PhoneAccountRegistrar: Modify account: [ComponentInfo{com.android.phone/com.android.services.telephony.TelephonyConnectionService}, ***, UserHandle{0}]: TSI.rPA@Aic
03-06 15:51:43.565  2026  2829 I Telecom : CallsManager: handlePhoneAccountChanged: phoneAccount=[[X] PhoneAccount: ComponentInfo{com.android.phone/com.android.services.telephony.TelephonyConnectionService}, ***, UserHandle{0} Capabilities: CallProvider MultiUser PlaceEmerg SimSub  Audio Routes: BESW Schemes: tel voicemail  Extras: Bundle[{android.telecom.extra.SUPPORTS_VIDEO_CALLING_FALLBACK=true}] GroupId: ***]: TSI.rPA@Aic
03-06 15:51:43.568  2476  2476 D CarrierConfigLoader: mHandler: 0 phoneId: 0
03-06 15:51:43.569  2476  2476 D CarrierConfigLoader: Broadcast CARRIER_CONFIG_CHANGED for phone 0
03-06 15:51:43.569  2476  2476 I VvmSimStateTracker: android.intent.action.SIM_STATE_CHANGED
03-06 15:51:43.570  4330  4330 I Bugle   : Carrier config changed. Reloading MMS config.
03-06 15:51:43.571  4113  4113 D CellBroadcastReceiver: onReceive Intent { act=android.telephony.action.CARRIER_CONFIG_CHANGED flg=0x15000010 cmp=com.android.cellbroadcastreceiver/.CellBroadcastReceiver (has extras) }
03-06 15:51:43.571  4113  4113 D CellBroadcastReceiver: initializeSharedPreference
03-06 15:51:43.571  6392  6392 I Finsky  : [2] com.google.android.finsky.simhandler.SimStateReceiver.a(6): android.intent.action.SIM_STATE_CHANGED : simState = UNKNOWN
03-06 15:51:43.572  4113  4113 D CellBroadcastReceiver: Default interval 0 did not change.
03-06 15:51:43.573  4113  4113 D CellBroadcastReceiver: Start Cell Broadcast configuration.
03-06 15:51:43.575  2476  3978 E CarrierInfoManager: Invalid networkOperator: 
03-06 15:51:43.575  2387  7465 I constellation: [sim_state_checker] sim state checker is disabled.
03-06 15:51:43.576  2026  4059 D AlarmManagerService: Kernel timezone updated to 0 minutes west of GMT
03-06 15:51:43.581  2026  2026 I Telecom : PhoneAccountRegistrar: getSimCallManager: SimCallManager for subId 1 queried, returning: null: CM.CCCR->CM.UECNT->CM.CCCR->CM.UECNT->CM.CCCR->CM.UECNT->CM.CCCR->CM.UECNT->CM.CCCR->CM.UECNT->CM.CCCR->CM.UECNT->CM.CCCR->CM.UECNT->CM.CCCR->CM.UECNT->CM.CCCR->CM.UECNT->CM.CCCR->CM.UECNT->CM.CCCR->CM.UECNT->CM.CCCR->CM.UECNT->CM.CCCR->CM.UECNT->CM.CCCR->CM.UECNT->CM.CCCR->CM.UECNT->CM.CCCR->CM.UECNT->CM.CCCR->CM.UECNT->CM.CCCR->CM.UECNT->CM.CCCR->CM.UECNT->CM.CCCR->CM.UECNT->CM.CCCR->CM.UECNT->CM.CCCR->CM.UECNT->CM.CCCR->CM.UECNT@AD4
03-06 15:51:43.582  2476  2476 I TelecomFramework: : Carrier-config changed, checking for phone account updates.
03-06 15:51:43.582  2476  2476 D OtaspSimStateReceiver: Received intent: android.telephony.action.CARRIER_CONFIG_CHANGED
03-06 15:51:43.588  2476  2476 D TelephonyProvider: subIdString = 1 subId = 1
03-06 15:51:43.593  2476  2476 E PhoneInterfaceManager: [PhoneIntfMgr] getIccId: No UICC
03-06 15:51:43.598  2184  2184 V KeyguardUpdateMonitor: onSubscriptionInfoChanged()
03-06 15:51:43.600  2184  2184 V KeyguardUpdateMonitor: SubInfo:{id=1, iccId=890141032[****] simSlotIndex=0 carrierId=1 displayName=T-Mobile carrierName=No service nameSource=3 iconTint=-16746133 mNumber=[****] dataRoaming=0 iconBitmap=android.graphics.Bitmap@fa46cfa mcc 310 mnc 260mCountryIso=us isEmbedded false accessRules null cardString=890141032[****] cardId=-1 isOpportunistic false mGroupUUID=null mIsGroupDisabled=false profileClass=-1 ehplmns = null hplmns = null subscriptionType=0 mGroupOwner=null}
03-06 15:51:43.600  6392  6422 I Finsky  : [491] fpw.a(10): onSubscriptionsChanged
03-06 15:51:43.600  6392  6422 I Finsky  : [491] fpt.c(15): notifySubscriptionInfoChangedListener: DataSubscriptionInfo=null
03-06 15:51:43.601  2026  2872 I LocationAccessPolicy: Allowing com.google.android.inputmethod.latin fine because it doesn't target API 29 yet. Please fix this app. Called from TelephonyRegistry push
03-06 15:51:43.601  2026  2872 I LocationAccessPolicy: Allowing com.google.android.apps.messaging fine because it doesn't target API 29 yet. Please fix this app. Called from TelephonyRegistry push
03-06 15:51:43.601  2026  2872 I LocationAccessPolicy: com.google.android.setupwizard is aware of coarse but the app-ops permission is specifically denied.
03-06 15:51:43.604  2476  2476 D ServiceStateProvider: subId=1
03-06 15:51:43.605  4113  4113 D CellBroadcastReceiver: onReceive Intent { act=android.intent.action.SERVICE_STATE flg=0x1000010 cmp=com.android.cellbroadcastreceiver/.CellBroadcastReceiver (has extras) }
03-06 15:51:43.606  2026  2123 E NetworkPolicy: Missing subscriberId for subId 1
03-06 15:51:43.607  2026  2123 W BestClock: java.time.DateTimeException: Missing NTP fix
03-06 15:51:43.607  2026  2053 I DropBoxManagerService: add tag=system_server_wtf isTagEnabled=true flags=0x2
03-06 15:51:43.607  2026  2123 W BestClock: java.time.DateTimeException: Missing NTP fix
03-06 15:51:43.607  1773  1773 I netd    : bandwidthSetGlobalAlert(2097152) <0.10ms>
03-06 15:51:43.608  2476  2476 I VvmSimStateTracker: android.telephony.action.CARRIER_CONFIG_CHANGED
03-06 15:51:43.608  2476  2476 I VvmSimStateTracker: Received SIM change for invalid subscription id.
03-06 15:51:43.608  4165  4165 I CarrierServices: [2] ServiceStateReceiver.onReceive: Received SERVICE_STATE intent.
03-06 15:51:43.610  6392  6392 I Finsky  : [2] pxd.b(7): Jobs in database: 12-1 21-333333333 28--559038737 31-305419896 
03-06 15:51:43.610  6392  6392 I Finsky  : [2] puk.a(113): ConstraintMapping: 12-1, 21-333333333, 28--559038737, 31-305419896,  -> L: 0ms, D: 82730508ms, C: false, I: false, N: 1
03-06 15:51:43.611  6392  6637 I Finsky  : [539] qjn.b(1): SIM removed, prefetching preloads
03-06 15:51:43.611  6392  6428 I Finsky  : [495] qjm.call(2): Prefetching preloads for account null
03-06 15:51:43.611  6392  6428 W Finsky  : [495] cwl.a(19): For unauth, use getDfeApiNonAuthenticated() instead!
03-06 15:51:43.611  6392  6392 I Finsky  : [2] com.google.android.finsky.scheduler.JobSchedulerEngine.a(42): Cancelling existing job with id: 9001
03-06 15:51:43.612  6392  6428 I Finsky  : [495] qnu.a(19): No PAI stub found
03-06 15:51:43.612  6392  6428 E Finsky  : [495] qjm.call(31): Error prefetching preloads, using account=null, preloads=NULL, preloadRros=NULL, preloadGroups=NULL
03-06 15:51:43.612  6392  6428 E Finsky  : com.google.android.finsky.setup.fetchers.RawDocumentsFetchException[reason=pai_config, account=null]
03-06 15:51:43.612  6392  6428 E Finsky  : 	at qnu.a(SourceFile:19)
03-06 15:51:43.612  6392  6428 E Finsky  : 	at qjm.call(Unknown Source:2)
03-06 15:51:43.612  6392  6428 E Finsky  : 	at afxg.a(SourceFile:1)
03-06 15:51:43.612  6392  6428 E Finsky  : 	at afwi.run(SourceFile:3)
03-06 15:51:43.612  6392  6428 E Finsky  : 	at afxf.run(SourceFile:2)
03-06 15:51:43.612  6392  6428 E Finsky  : 	at java.util.concurrent.ThreadPoolExecutor.runWorker(ThreadPoolExecutor.java:1167)
03-06 15:51:43.612  6392  6428 E Finsky  : 	at java.util.concurrent.ThreadPoolExecutor$Worker.run(ThreadPoolExecutor.java:641)
03-06 15:51:43.612  6392  6428 E Finsky  : 	at unn.run(Unknown Source:7)
03-06 15:51:43.612  6392  6428 E Finsky  : 	at java.lang.Thread.run(Thread.java:919)
03-06 15:51:43.612  6392  6428 I Finsky  : [495] qjn.a(10): VpaSelectionActivity will be disabled
03-06 15:51:43.615  2476  2476 D TelephonyProvider: match current APN size:  0
03-06 15:51:43.615  4165  4218 I CarrierServices: [259] CarrierServicesReleaseApp.a: Initialized already, return.
03-06 15:51:43.616  6392  6392 I Finsky  : [2] com.google.android.finsky.scheduler.JobSchedulerEngine.a(4): Scheduling job Id: 9000, L: 0, D: 82730508, C: false, I: false, N: 1
03-06 15:51:43.616  2476  2476 E TelephonyProvider: iccRecords is null
03-06 15:51:43.617  6392  6637 I Finsky  : [539] fpy.a(5): notifySubscriptionInfoChangedListener success.
03-06 15:51:43.621  2476  2490 W System  : A resource failed to call close. 
03-06 15:51:43.621  2476  2490 W System  : A resource failed to call close. 
03-06 15:51:43.623  2476  2476 D CallNotifier: updatePhoneStateListeners: update CF notifications.
03-06 15:51:43.624  2476  2476 I NotificationMgr: updateCfi: subId= 1, visible=N
03-06 15:51:43.624  2476  2476 I NotificationMgr: updateMwi(): subId 1 update to false
03-06 15:51:43.626  2476  2476 I TelecomFramework: : onSubscriptionsChanged - update accounts
03-06 15:51:43.626  2476  2476 I TelecomFramework: PstnIncomingCallNotifier: Unregistering: Handler (com.android.internal.telephony.GsmCdmaPhone) {b312827}
03-06 15:51:43.626  2476  2476 I TelecomFramework: TelecomAccountRegistry: setupAccounts: Found 1 phones.  Attempting to register.
03-06 15:51:43.626  2476  2476 I TelecomFramework: TelecomAccountRegistry: setupAccounts: Phone with subscription id 1
03-06 15:51:43.626  2476  2476 I TelecomFramework: TelecomAccountRegistry: setupAccounts: adding default
03-06 15:51:43.627  2476  2476 E PhoneInterfaceManager: [PhoneIntfMgr] getIccId: No UICC
03-06 15:51:43.632  2026  2872 I Telecom : PhoneAccountRegistrar: Modify account: [ComponentInfo{com.android.phone/com.android.services.telephony.TelephonyConnectionService}, ***, UserHandle{0}]: TSI.rPA@Aig
03-06 15:51:43.633  2026  2872 I Telecom : CallsManager: handlePhoneAccountChanged: phoneAccount=[[X] PhoneAccount: ComponentInfo{com.android.phone/com.android.services.telephony.TelephonyConnectionService}, ***, UserHandle{0} Capabilities: CallProvider MultiUser PlaceEmerg SimSub  Audio Routes: BESW Schemes: tel voicemail  Extras: Bundle[{android.telecom.extra.SUPPORTS_VIDEO_CALLING_FALLBACK=true}] GroupId: ***]: TSI.rPA@Aig
03-06 15:51:43.633  2476  2476 I TelecomFramework: AccountEntry: Registered phoneAccount: [[ ] PhoneAccount: ComponentInfo{com.android.phone/com.android.services.telephony.TelephonyConnectionService}, ***, UserHandle{0} Capabilities: CallProvider MultiUser PlaceEmerg SimSub  Audio Routes: BESW Schemes: tel voicemail  Extras: Bundle[{android.telecom.extra.SUPPORTS_VIDEO_CALLING_FALLBACK=true}] GroupId: ***] with handle: ComponentInfo{com.android.phone/com.android.services.telephony.TelephonyConnectionService}, ***, UserHandle{0}
03-06 15:51:43.633  2476  2476 I TelecomFramework: PstnIncomingCallNotifier: Registering: Handler (com.android.internal.telephony.GsmCdmaPhone) {b312827}
03-06 15:51:43.633  4030  4030 I Dialer  : LegacyVoicemailNotificationReceiver.onReceive - received legacy voicemail notification
03-06 15:51:43.633  4030  4030 I Dialer  : LegacyVoicemailNotificationReceiver.onReceive - isRefresh: true
03-06 15:51:43.633  4030  4030 I Dialer  : LegacyVoicemailNotificationReceiver.onReceive - clearing notification
03-06 15:51:43.633  4030  4030 I Dialer  : LegacyVoicemailNotifier.cancelNotification - enter
03-06 15:51:43.633  4030  4030 I Dialer  : LegacyVoicemailNotifier.cancelNotification - 'null' id, canceling all legacy voicemail notifications
03-06 15:51:43.634  2476  2476 D MultiSimSettingController: onSubscriptionsChanged
03-06 15:51:43.634  2476  2476 D MultiSimSettingController: updateDefaults
03-06 15:51:43.634  2476  2476 D MultiSimSettingController: [updateDefaultValues] change: 0
03-06 15:51:43.635  2026  4059 D AlarmManagerService: Kernel timezone updated to 0 minutes west of GMT
03-06 15:51:43.637  2476  2476 I TelecomFramework: PstnPhoneCapabilitiesNotifier: handleVideoCapabilitesChanged. Video capability - false
03-06 15:51:43.638  2476  2476 E PhoneInterfaceManager: [PhoneIntfMgr] getIccId: No UICC
03-06 15:51:43.641  2026  4059 I Telecom : PhoneAccountRegistrar: Modify account: [ComponentInfo{com.android.phone/com.android.services.telephony.TelephonyConnectionService}, ***, UserHandle{0}]: TSI.rPA@Ais
03-06 15:51:43.641  2026  4059 I Telecom : CallsManager: handlePhoneAccountChanged: phoneAccount=[[X] PhoneAccount: ComponentInfo{com.android.phone/com.android.services.telephony.TelephonyConnectionService}, ***, UserHandle{0} Capabilities: CallProvider MultiUser PlaceEmerg SimSub  Audio Routes: BESW Schemes: tel voicemail  Extras: Bundle[{android.telecom.extra.SUPPORTS_VIDEO_CALLING_FALLBACK=true}] GroupId: ***]: TSI.rPA@Ais
03-06 15:51:43.735  2026  2872 D AlarmManagerService: Kernel timezone updated to 0 minutes west of GMT
03-06 15:51:43.744  2476  4908 D IccSmsInterfaceManager: [IccSmsInterfaceManager] Failed to add GSM cell broadcast channels range 4383 to 4383
03-06 15:51:43.749  2476  4908 D IccSmsInterfaceManager: [IccSmsInterfaceManager] Calling setGsmBroadcastConfig with 1 configurations
03-06 15:51:43.778  2476  2476 D TelephonyProvider: subIdString = 1 subId = 1
03-06 15:51:43.783  2476  2476 E PhoneInterfaceManager: [PhoneIntfMgr] getIccId: ICC ID is null or empty.
03-06 15:51:43.786  2184  2184 V KeyguardUpdateMonitor: onSubscriptionInfoChanged()
03-06 15:51:43.787  2184  2184 V KeyguardUpdateMonitor: SubInfo:{id=1, iccId=890141032[****] simSlotIndex=0 carrierId=1 displayName=T-Mobile carrierName=Android nameSource=3 iconTint=-16746133 mNumber=[****] dataRoaming=0 iconBitmap=android.graphics.Bitmap@592c2ab mcc 310 mnc 260mCountryIso=us isEmbedded false accessRules null cardString=890141032[****] cardId=-1 isOpportunistic false mGroupUUID=null mIsGroupDisabled=false profileClass=-1 ehplmns = null hplmns = null subscriptionType=0 mGroupOwner=null}
03-06 15:51:43.789  2184  2184 D KeyguardViewMediator: onSimStateChanged(subId=1, slotId=0,state=READY)
03-06 15:51:43.790  2184  2184 D KeyguardViewMediator: READY, reset state? false
03-06 15:51:43.790  2026  2123 E NetworkPolicy: Missing subscriberId for subId 1
03-06 15:51:43.790  2026  2053 I DropBoxManagerService: add tag=system_server_wtf isTagEnabled=true flags=0x2
03-06 15:51:43.790  2026  2123 W BestClock: java.time.DateTimeException: Missing NTP fix
03-06 15:51:43.791  2026  2123 W BestClock: java.time.DateTimeException: Missing NTP fix
03-06 15:51:43.791  1773  1773 I netd    : bandwidthSetGlobalAlert(2097152) <0.04ms>
03-06 15:51:43.793  6392  6423 I Finsky  : [492] fpw.a(10): onSubscriptionsChanged
03-06 15:51:43.793  6392  6423 I Finsky  : [492] fpt.c(15): notifySubscriptionInfoChangedListener: DataSubscriptionInfo=DataSubscriptionInfo{imsiAnonymized=Optional.absent(), imsiRaw=Optional.absent(), groupIdLevel1=Optional.absent(), mccMnc=Optional.absent(), serviceProviderName=Optional.absent()}
03-06 15:51:43.797  2026  2872 I LocationAccessPolicy: Allowing com.google.android.inputmethod.latin fine because it doesn't target API 29 yet. Please fix this app. Called from TelephonyRegistry push
03-06 15:51:43.797  2026  2872 I LocationAccessPolicy: Allowing com.google.android.apps.messaging fine because it doesn't target API 29 yet. Please fix this app. Called from TelephonyRegistry push
03-06 15:51:43.798  2026  2872 I LocationAccessPolicy: com.google.android.setupwizard is aware of coarse but the app-ops permission is specifically denied.
03-06 15:51:43.803  2476  2476 D ServiceStateProvider: subId=1
03-06 15:51:43.803  4113  4113 D CellBroadcastReceiver: onReceive Intent { act=android.intent.action.SERVICE_STATE flg=0x1000010 cmp=com.android.cellbroadcastreceiver/.CellBroadcastReceiver (has extras) }
03-06 15:51:43.803  4330  7437 W Bugle   : BuglePhoneNumberUtils: canonicalizeMccMnc: invalid mccmnc. mcc: null, mnc: null
03-06 15:51:43.806  4165  4165 I CarrierServices: [2] ServiceStateReceiver.onReceive: Received SERVICE_STATE intent.
03-06 15:51:43.806  6392  6392 I Finsky  : [2] pxd.b(7): Jobs in database: 12-1 21-333333333 28--559038737 31-305419896 
03-06 15:51:43.807  6392  6392 I Finsky  : [2] puk.a(113): ConstraintMapping: 12-1, 21-333333333, 28--559038737, 31-305419896,  -> L: 0ms, D: 82730312ms, C: false, I: false, N: 1
03-06 15:51:43.808  6392  6392 I Finsky  : [2] com.google.android.finsky.scheduler.JobSchedulerEngine.a(42): Cancelling existing job with id: 9000
03-06 15:51:43.808  4330  7437 W Bugle   : Obsolete carrier config resource: maxMessageSize res: 1048576, sys: 307200
03-06 15:51:43.809  6392  6392 I Finsky  : [2] com.google.android.finsky.scheduler.JobSchedulerEngine.a(4): Scheduling job Id: 9001, L: 0, D: 82730312, C: false, I: false, N: 1
03-06 15:51:43.809  6392  6637 I Finsky  : [539] qjn.b(1): SIM loaded, prefetching preloads
03-06 15:51:43.809  6392  6428 I Finsky  : [495] qjm.call(2): Prefetching preloads for account null
03-06 15:51:43.809  6392  6428 W Finsky  : [495] cwl.a(19): For unauth, use getDfeApiNonAuthenticated() instead!
03-06 15:51:43.811  6392  6428 I Finsky  : [495] qnu.a(19): No PAI stub found
03-06 15:51:43.811  6392  6428 E Finsky  : [495] qjm.call(31): Error prefetching preloads, using account=null, preloads=NULL, preloadRros=NULL, preloadGroups=NULL
03-06 15:51:43.811  6392  6428 E Finsky  : com.google.android.finsky.setup.fetchers.RawDocumentsFetchException[reason=pai_config, account=null]
03-06 15:51:43.811  6392  6428 E Finsky  : 	at qnu.a(SourceFile:19)
03-06 15:51:43.811  6392  6428 E Finsky  : 	at qjm.call(Unknown Source:2)
03-06 15:51:43.811  6392  6428 E Finsky  : 	at afxg.a(SourceFile:1)
03-06 15:51:43.811  6392  6428 E Finsky  : 	at afwi.run(SourceFile:3)
03-06 15:51:43.811  6392  6428 E Finsky  : 	at afxf.run(SourceFile:2)
03-06 15:51:43.811  6392  6428 E Finsky  : 	at java.util.concurrent.ThreadPoolExecutor.runWorker(ThreadPoolExecutor.java:1167)
03-06 15:51:43.811  6392  6428 E Finsky  : 	at java.util.concurrent.ThreadPoolExecutor$Worker.run(ThreadPoolExecutor.java:641)
03-06 15:51:43.811  6392  6428 E Finsky  : 	at unn.run(Unknown Source:7)
03-06 15:51:43.811  6392  6428 E Finsky  : 	at java.lang.Thread.run(Thread.java:919)
03-06 15:51:43.811  6392  6428 I Finsky  : [495] qjn.a(10): VpaSelectionActivity will be disabled
03-06 15:51:43.811  6392  6428 I Finsky  : [495] qoh.a(3): PAI late SIM : experiment enabled = false
03-06 15:51:43.812  2476  4908 D IccSmsInterfaceManager: [IccSmsInterfaceManager] Failed to add GSM cell broadcast channels range 4371 to 4372
03-06 15:51:43.813  2476  4908 D IccSmsInterfaceManager: [IccSmsInterfaceManager] Calling setCdmaBroadcastConfig with 1 configurations
03-06 15:51:43.814  6392  6637 I Finsky  : [539] fpy.a(5): notifySubscriptionInfoChangedListener success.
03-06 15:51:43.808  4330  7437 W Bugle   : Obsolete carrier config resource: maxImageHeight res: 1944, sys: 480
03-06 15:51:43.822  4330  7437 W Bugle   : Obsolete carrier config resource: maxImageWidth res: 2592, sys: 640
