03-06 15:51:33.857  2026  2026 D ConditionProviders.SCP: notifyCondition condition://android/schedule?days=1.2.3.4.5.6.7&start=22.0&end=7.0&exitAtAlarm=true STATE_FALSE reason=!meetsSchedule
03-06 15:51:33.857  6208  6208 I SetupWizard: [bea] Network time not available. java.lang.reflect.InvocationTargetException
03-06 15:51:33.867  2476  2476 D MccTable: timezone set to America/New_York
03-06 15:51:33.867  2476  2476 D MccTable: updateMccMncConfiguration updateConfig config={0.0 310mcc260mnc ?localeList ?layoutDir ?swdp ?wdp ?hdp ?density ?lsize ?long ?ldr ?wideColorGamut ?orien ?uimode ?night ?touch ?keyb/?/? ?nav/? winConfig={ mBounds=Rect(0, 0 - 0, 0) mAppBounds=null mWindowingMode=undefined mDisplayWindowingMode=undefined mActivityType=undefined mAlwaysOnTop=undefined mRotation=undefined}}
03-06 15:51:33.871  2026  2026 D ConditionProviders.SCP: Scheduling evaluate for Wed Mar 06 22:00:00 EST 2024 (1709780400000), in +6h8m26s143ms, now=Wed Mar 06 15:51:33 EST 2024 (1709758293857)
03-06 15:51:33.858  6208  6208 I SetupWizard: [bea] Network time not available. java.lang.reflect.InvocationTargetException
03-06 15:51:33.874  2476  3412 D IccSmsInterfaceManager: [IccSmsInterfaceManager] Failed to add GSM cell broadcast channels range 4386 to 4391
03-06 15:51:33.885  2476  3412 D IccSmsInterfaceManager: [IccSmsInterfaceManager] Calling setGsmBroadcastConfig with 1 configurations
03-06 15:51:33.892  5804  5804 I AlarmClock: AlarmInitReceiver android.intent.action.TIMEZONE_CHANGED
03-06 15:51:33.897  5804  5831 I AlarmClock: Connected Dock: null
03-06 15:51:33.898  5804  5831 I AlarmClock: Removing AlarmClockInfo
03-06 15:51:33.900  2476  2476 D TelephonyProvider: match current APN size:  12
03-06 15:51:33.900  5804  5804 I AlarmClock: DigitalAppWidgetProvider processing Intent { act=android.intent.action.TIMEZONE_CHANGED flg=0x21200010 cmp=com.google.android.deskclock/com.android.alarmclock.DigitalAppWidgetProvider (has extras) }
03-06 15:51:33.900  2476  2476 D TelephonyProvider: match MNO APN: 5
03-06 15:51:33.900  2476  2476 D TelephonyProvider: subIdString = 1 subId = 1
03-06 15:51:33.900  2476  2476 D TelephonyProvider: getPreferredApnIdFromApn: for subId 1
03-06 15:51:33.903  2476  2476 D TelephonyProvider: subIdString = 1 subId = 1
03-06 15:51:33.903  2476  2476 D TelephonyProvider: getPreferredApnIdFromApn: for subId 1
03-06 15:51:33.909  2476  2476 D TelephonyProvider: subIdString = 1 subId = 1
03-06 15:51:33.909  2476  2476 D TelephonyProvider: getPreferredApnIdFromApn: for subId 1
03-06 15:51:33.913  2476  2476 D TelephonyProvider: subIdString = 1 subId = 1
03-06 15:51:33.913  2476  2476 D TelephonyProvider: getPreferredApnIdFromApn: for subId 1
03-06 15:51:33.914  2476  2476 D TelephonyProvider: subIdString = 1 subId = 1
03-06 15:51:33.914  2476  2476 D TelephonyProvider: getPreferredApnIdFromApn: for subId 1
03-06 15:51:33.919  2476  2476 D TelephonyProvider: subIdString = 1 subId = 1
03-06 15:51:33.919  2476  2476 D TelephonyProvider: getPreferredApnIdFromApn: for subId 1
03-06 15:51:33.921  2476  2476 D TelephonyProvider: subIdString = 1 subId = 1
03-06 15:51:33.921  2476  2476 D TelephonyProvider: getPreferredApnIdFromApn: for subId 1
03-06 15:51:33.925  2476  2476 D TelephonyProvider: subIdString = 1 subId = 1
03-06 15:51:33.925  2476  2476 D TelephonyProvider: getPreferredApnIdFromApn: for subId 1
03-06 15:51:33.931  2476  3373 D TelephonyProvider: subIdString = 1 subId = 1
03-06 15:51:33.931  2476  3373 D TelephonyProvider: getPreferredApnIdFromApn: for subId 1
03-06 15:51:33.932  7200  7254 W teco.fmhandroi: Accessing hidden method Lsun/misc/Unsafe;->compareAndSwapObject(Ljava/lang/Object;JLjava/lang/Object;Ljava/lang/Object;)Z (greylist, linking, allowed)
03-06 15:51:33.932  7200  7200 I ViewInteraction: Performing 'wait for a specific view with attribute <view.getId() is <2131231039>> during 10000 millis.' action on view view.getRootView() to equal view
03-06 15:51:33.935  2476  2476 D TelephonyProvider: subIdString = 1 subId = 1
--------- beginning of crash
03-06 15:51:33.938  7474  7474 F libc    : Fatal signal 11 (SIGSEGV), code 1 (SEGV_MAPERR), fault addr 0xa in tid 7474 (rild), pid 7474 (rild)
03-06 15:51:33.944  7492  7492 I crash_dump32: obtaining output fd from tombstoned, type: kDebuggerdTombstone
03-06 15:51:33.944  2184  2184 V KeyguardUpdateMonitor: onSubscriptionInfoChanged()
03-06 15:51:33.944  2476  3412 D IccSmsInterfaceManager: [IccSmsInterfaceManager] Failed to add GSM cell broadcast channels range 4379 to 4379
03-06 15:51:33.945  2476  2476 D CallNotifier: updatePhoneStateListeners: update CF notifications.
03-06 15:51:33.945  2476  2476 I NotificationMgr: updateCfi: subId= 1, visible=N
03-06 15:51:33.945  1864  1864 I /system/bin/tombstoned: received crash request for pid 7474
03-06 15:51:33.945  7492  7492 I crash_dump32: performing dump of process 7474 (target tid = 7474)
03-06 15:51:33.945  7492  7492 F DEBUG   : *** *** *** *** *** *** *** *** *** *** *** *** *** *** *** ***
03-06 15:51:33.945  7492  7492 F DEBUG   : Build fingerprint: 'google/sdk_gphone_x86/generic_x86:10/QSR1.190920.001/5891938:user/release-keys'
03-06 15:51:33.945  7492  7492 F DEBUG   : Revision: '0'
03-06 15:51:33.945  7492  7492 F DEBUG   : ABI: 'x86'
03-06 15:51:33.945  7492  7492 F DEBUG   : Timestamp: 2024-03-06 15:51:33-0500
03-06 15:51:33.946  7492  7492 F DEBUG   : pid: 7474, tid: 7474, name: rild  >>> /vendor/bin/hw/rild <<<
03-06 15:51:33.946  7492  7492 F DEBUG   : uid: 1001
03-06 15:51:33.946  7492  7492 F DEBUG   : signal 11 (SIGSEGV), code 1 (SEGV_MAPERR), fault addr 0xa
03-06 15:51:33.946  7492  7492 F DEBUG   : Cause: null pointer dereference
03-06 15:51:33.946  2476  2476 I NotificationMgr: updateMwi(): subId 1 update to false
03-06 15:51:33.946  7492  7492 F DEBUG   :     eax f4bee403  ebx f493c0e4  ecx 0000000a  edx 0000000a
03-06 15:51:33.946  7492  7492 F DEBUG   :     edi 0000000a  esi ffbb4678
03-06 15:51:33.946  7492  7492 F DEBUG   :     ebp ffbb46a8  esp ffbb465c  eip f4e51a62
03-06 15:51:33.946  2476  3366 D IccSmsInterfaceManager: [IccSmsInterfaceManager] Calling setCdmaBroadcastConfig with 1 configurations
03-06 15:51:33.947  2184  2184 V KeyguardUpdateMonitor: SubInfo:{id=1, iccId=890141032[****] simSlotIndex=0 carrierId=1 displayName=T-Mobile carrierName=Android nameSource=3 iconTint=-16746133 mNumber=[****] dataRoaming=0 iconBitmap=android.graphics.Bitmap@db402cb mcc 310 mnc 260mCountryIso=us isEmbedded false accessRules null cardString=890141032[****] cardId=-1 isOpportunistic false mGroupUUID=null mIsGroupDisabled=false profileClass=-1 ehplmns = null hplmns = null subscriptionType=0 mGroupOwner=null}
03-06 15:51:33.950  1791  2388 E GnssHAL_GnssInterface: gnssSvStatusCb: a: input svInfo.flags is 8
03-06 15:51:33.950  1791  2388 E GnssHAL_GnssInterface: gnssSvStatusCb: b: input svInfo.flags is 8
03-06 15:51:33.951  4030  4030 I Dialer  : LegacyVoicemailNotificationReceiver.onReceive - received legacy voicemail notification
03-06 15:51:33.951  4030  4030 I Dialer  : LegacyVoicemailNotificationReceiver.onReceive - isRefresh: false
03-06 15:51:33.951  4030  4030 I Dialer  : LegacyVoicemailNotificationReceiver.onReceive - clearing notification
03-06 15:51:33.951  4030  4030 I Dialer  : LegacyVoicemailNotifier.cancelNotification - enter
03-06 15:51:33.951  2026  2123 W BestClock: java.time.DateTimeException: Missing NTP fix
03-06 15:51:33.953  2026  2123 W BestClock: java.time.DateTimeException: Missing NTP fix
03-06 15:51:33.954  1773  1773 I netd    : bandwidthSetGlobalAlert(2097152) <0.05ms>
03-06 15:51:33.954  7492  7492 F DEBUG   : 
03-06 15:51:33.954  7492  7492 F DEBUG   : backtrace:
03-06 15:51:33.954  7492  7492 F DEBUG   :       #00 pc 00090a62  /apex/com.android.runtime/lib/bionic/libc.so (strlen_generic+18) (BuildId: 76290498408016ad14f4b98c3ab6c65c)
03-06 15:51:33.955  7492  7492 F DEBUG   :       #01 pc 00030dda  /vendor/lib/libril.so (convertRilDataCallToHal(RIL_Data_Call_Response_v11*, android::hardware::radio::V1_0::SetupDataCallResult&)+298) (BuildId: 4aeb9b9e6267ba7c4d9f952da87091a5)
03-06 15:51:33.955  7492  7492 F DEBUG   :       #02 pc 00030a9e  /vendor/lib/libril.so (radio::setupDataCallResponse(int, int, int, RIL_Errno, void*, unsigned int)+270) (BuildId: 4aeb9b9e6267ba7c4d9f952da87091a5)
03-06 15:51:33.955  7492  7492 F DEBUG   :       #03 pc 000223e7  /vendor/lib/libril.so (RIL_onRequestComplete+295) (BuildId: 4aeb9b9e6267ba7c4d9f952da87091a5)
03-06 15:51:33.955  7492  7492 F DEBUG   :       #04 pc 00010595  /vendor/lib/libgoldfish-ril.so (requestOrSendDataCallList+181) (BuildId: 11f26e2e312eda4514be88afc42925aa)
03-06 15:51:33.955  7492  7492 F DEBUG   :       #05 pc 0001358f  /vendor/lib/libgoldfish-ril.so (onRequest+9343) (BuildId: 11f26e2e312eda4514be88afc42925aa)
03-06 15:51:33.955  7492  7492 F DEBUG   :       #06 pc 00024513  /vendor/lib/libril.so (dispatchStrings(int, int, int, bool, int, ...)+259) (BuildId: 4aeb9b9e6267ba7c4d9f952da87091a5)
03-06 15:51:33.955  7492  7492 F DEBUG   :       #07 pc 00026339  /vendor/lib/libril.so (RadioImpl::setupDataCall(int, android::hardware::radio::V1_0::RadioTechnology, android::hardware::radio::V1_0::DataProfileInfo const&, bool, bool, bool)+521) (BuildId: 4aeb9b9e6267ba7c4d9f952da87091a5)
03-06 15:51:33.955  7492  7492 F DEBUG   :       #08 pc 00098c73  /system/lib/vndk-29/android.hardware.radio@1.0.so (android::hardware::radio::V1_0::BnHwRadio::_hidl_setupDataCall(android::hidl::base::V1_0::BnHwBase*, android::hardware::Parcel const&, android::hardware::Parcel*, std::__1::function<void (android::hardware::Parcel&)>)+419) (BuildId: b93c3e4da35ce72bc87e94c6240d3759)
03-06 15:51:33.955  7492  7492 F DEBUG   :       #09 pc 00070046  /system/lib/vndk-29/android.hardware.radio@1.1.so (android::hardware::radio::V1_1::BnHwRadio::onTransact(unsigned int, android::hardware::Parcel const&, android::hardware::Parcel*, unsigned int, std::__1::function<void (android::hardware::Parcel&)>)+12678) (BuildId: 3afdfbc61f24b3696c178b185465fa20)
03-06 15:51:33.955  7492  7492 F DEBUG   :       #10 pc 000954b9  /system/lib/vndk-sp-29/libhidlbase.so (android::hardware::BHwBinder::transact(unsigned int, android::hardware::Parcel const&, android::hardware::Parcel*, unsigned int, std::__1::function<void (android::hardware::Parcel&)>)+105) (BuildId: fcfb915b8de7916fd0e69779451b6316)
03-06 15:51:33.955  7492  7492 F DEBUG   :       #11 pc 00099abf  /system/lib/vndk-sp-29/libhidlbase.so (android::hardware::IPCThreadState::getAndExecuteCommand()+1759) (BuildId: fcfb915b8de7916fd0e69779451b6316)
03-06 15:51:33.955  7492  7492 F DEBUG   :       #12 pc 0009b596  /system/lib/vndk-sp-29/libhidlbase.so (android::hardware::IPCThreadState::joinThreadPool(bool)+118) (BuildId: fcfb915b8de7916fd0e69779451b6316)
03-06 15:51:33.955  7492  7492 F DEBUG   :       #13 pc 000480be  /system/lib/vndk-sp-29/libhidlbase.so (android::hardware::joinBinderRpcThreadpool()+46) (BuildId: fcfb915b8de7916fd0e69779451b6316)
03-06 15:51:33.955  7492  7492 F DEBUG   :       #14 pc 0004a3da  /system/lib/vndk-sp-29/libhidlbase.so (android::hardware::joinRpcThreadpool()+26) (BuildId: fcfb915b8de7916fd0e69779451b6316)
03-06 15:51:33.955  7492  7492 F DEBUG   :       #15 pc 00041dba  /vendor/lib/libril.so (rilc_thread_pool+26) (BuildId: 4aeb9b9e6267ba7c4d9f952da87091a5)
03-06 15:51:33.955  7492  7492 F DEBUG   :       #16 pc 00002499  /vendor/bin/hw/rild (main+1081) (BuildId: 55deaf6775ca3f6a96577d9ae211045e)
03-06 15:51:33.955  7492  7492 F DEBUG   :       #17 pc 000898e8  /apex/com.android.runtime/lib/bionic/libc.so (__libc_init+120) (BuildId: 76290498408016ad14f4b98c3ab6c65c)
03-06 15:51:33.959  6392  6422 I Finsky  : [491] fpw.a(10): onSubscriptionsChanged
03-06 15:51:33.959  6392  6422 I Finsky  : [491] fpt.c(15): notifySubscriptionInfoChangedListener: DataSubscriptionInfo=DataSubscriptionInfo{imsiAnonymized=Optional.of(310260000000000), imsiRaw=Optional.of(310260000000000), groupIdLevel1=Optional.absent(), mccMnc=Optional.of(310260), serviceProviderName=Optional.of(Android)}
03-06 15:51:33.960  4330  7437 W Bugle   : BuglePhoneNumberUtils: canonicalizeMccMnc: invalid mccmnc. mcc: null, mnc: null
03-06 15:51:33.960  2476  2476 D CallNotifier: updatePhoneStateListeners: update CF notifications.
03-06 15:51:33.960  2476  2476 I NotificationMgr: updateCfi: subId= 1, visible=N
03-06 15:51:33.961  2026  2299 W NativeCrashListener: Couldn't find ProcessRecord for pid 7474
03-06 15:51:33.961  7492  7492 E crash_dump32: AM data write failed: Broken pipe
03-06 15:51:33.961  1864  1864 E /system/bin/tombstoned: Tombstone written to: /data/tombstones/tombstone_09
03-06 15:51:33.962  2026  2060 I BootReceiver: Copying /data/tombstones/tombstone_09 to DropBox (SYSTEM_TOMBSTONE)
03-06 15:51:33.962  2026  2060 I DropBoxManagerService: add tag=SYSTEM_TOMBSTONE isTagEnabled=true flags=0x2
03-06 15:51:33.965  2476  2476 I NotificationMgr: updateMwi(): subId 1 update to false
03-06 15:51:33.966  4330  7437 W Bugle   : Obsolete carrier config resource: maxMessageSize res: 1048576, sys: 307200
03-06 15:51:33.966  4330  7437 W Bugle   : Obsolete carrier config resource: maxImageHeight res: 1944, sys: 480
03-06 15:51:33.966  4330  7437 W Bugle   : Obsolete carrier config resource: maxImageWidth res: 2592, sys: 640
03-06 15:51:33.967  4330  7437 I Bugle   : Carrier configs loaded: Bundle[{carrier_volte_provisioned_bool=false, disable_charge_indication_bool=false, support_tdscdma_bool=false, httpSocketTimeout=60000, call_redirection_service_component_name_string=null, carrier_wfc_supports_wifi_only_bool=false, carrier_default_actions_on_default_network_available_string_array=[false: 7, true: 8], operator_selection_expand_bool=true, disable_cdma_activation_code_bool=false, simplified_network_settings_bool=false, support_tdscdma_roaming_networks_string_array=null, gps.lpp_profile=0, call_barring_visibility_bool=false, gps.es_extension_sec=0, enable_apps_string_array=null, carrier_default_wfc_ims_roaming_enabled_bool=false, cdma_nonroaming_networks_string_array=null, aliasMinChars=2, wfc_data_spn_format_idx_int=0, hide_sim_lock_settings_bool=false, drop_video_call_when_answering_audio_call_bool=false, ci_action_on_sys_update_bool=false, convert_cdma_caller_id_mmi_codes_while_roaming_on_3gpp_bool=false, support_enhanced_call_blocking_bool=true, vvm_port_number_int=0, carrier_default_wfc_ims_enabled_bool=false, dial_string_replace_string_array=null, opportunistic_network_entry_threshold_bandwidth_int=1024, gsm_nonroaming_networks_string_array=null, hide_ims_apn_bool=false, vvm_destination_number_string=, dtmf_type_enabled_bool=false, allow_video_calling_fallback_bool=true, config_ims_package_override_string=null, only_auto_select_in_home_network=false, smsToMmsTextThreshold=-1, disable_severe_when_extreme_disabled_bool=true, force_home_network_bool=false, spdi_override_string_array=null, show_wfc_location_privacy_policy_bool=false, gps.supl_es=1, enableSMSDeliveryReports=true, auto_retry_enabled_bool=false, opportunistic_network_entry_threshold_rssnr_int=45, play_call_recording_tone_bool=false, carrier_force_disable_etws_cmas_test_bool=false, call_waiting_service_class_int=1, allow_emergency_video_calls_bool=false, csp_enabled_bool=false, default_sim_call_manager_string=, wifi.passpoint_profiles_string_array=null, carrier_app_required_during_setup_bool=false, call_forwarding_blocks_while_roaming_string_array=null, emergency_notification_delay_int=-1, support_video_conference_call_bool=false, ims_dtmf_tone_delay_int=0, show_signal_strength_in_sim_status_bool=true, data_rapid_notification_bool=true, carrier_instant_lettering_escaped_chars_string=, carrier_default_wfc_ims_roaming_mode_int=2, editable_wfc_mode_bool=true, support_direct_fdn_dialing_bool=false, carrier_ut_provisioning_required_bool=false, carrier_wifi_string_array=null, treat_downgraded_video_calls_as_video_calls_bool=false, wifi_calls_can_be_hd_audio=true, support_downgrade_vt_to_audio_bool=true, cdma_enhanced_roaming_indicator_for_home_network_int_array=[1], notify_handover_video_from_lte_to_wifi_bool=false, use_otasp_for_provisioning_bool=false, always_play_remote_hold_tone_bool=false, opportunistic_network_data_switch_hysteresis_time_long=10000, maxMessageTextSize=-1, duration_blocking_disabled_after_emergency_int=7200, carrier_metered_roaming_apn_types_strings=[default, mms, dun, supl], additional_settings_call_waiting_visibility_bool=true, show_video_call_charges_alert_dialog_bool=false, carrier_network_service_wlan_package_override_string=, show_apn_setting_cdma_bool=false, use_usim_bool=false, carrier_instant_lettering_length_limit_int=64, operator_name_filter_pattern_string=, carrier_instant_lettering_invalid_chars_string=, carrier_setup_app_string=, editable_wfc_roaming_mode_bool=false, supportMmsContentDisposition=true, support_manage_ims_conference_call_bool=true, opportunistic_network_exit_threshold_rssnr_int=10, allow_non_emergency_calls_in_ecm_bool=true, allow_cdma_eri_bool=false, carrier_data_service_wlan_package_override_string=, show_carrier_data_icon_pattern_string=, use_rcs_presence_bool=false, config_telephony_use_own_number_for_voicemail_bool=false, cdma_dtmf_tone_delay_int=100, editable_voicemail_number_bool=false, carrier_data_call_apn_retry_after_disconnect_long=10000, filtered_cnap_names_string_array=null, enabledTransID=false, aliasEnabled=false, vvm_disabl
03-06 15:51:33.967  2476  2476 I TelecomFramework: : onSubscriptionsChanged - update accounts
03-06 15:51:33.967  2476  2476 I TelecomFramework: PstnIncomingCallNotifier: Unregistering: Handler (com.android.internal.telephony.GsmCdmaPhone) {b312827}
03-06 15:51:33.967  2476  2476 I TelecomFramework: TelecomAccountRegistry: setupAccounts: Found 1 phones.  Attempting to register.
03-06 15:51:33.967  2476  2476 I TelecomFramework: TelecomAccountRegistry: setupAccounts: Phone with subscription id 1
03-06 15:51:33.969  4030  4030 I Dialer  : LegacyVoicemailNotificationReceiver.onReceive - received legacy voicemail notification
03-06 15:51:33.969  4030  4030 I Dialer  : LegacyVoicemailNotificationReceiver.onReceive - isRefresh: true
03-06 15:51:33.969  4030  4030 I Dialer  : LegacyVoicemailNotificationReceiver.onReceive - clearing notification
03-06 15:51:33.969  4030  4030 I Dialer  : LegacyVoicemailNotifier.cancelNotification - enter
03-06 15:51:33.970  2026  2053 W BroadcastQueue: Background execution not allowed: receiving Intent { act=android.intent.action.DROPBOX_ENTRY_ADDED flg=0x10 (has extras) } to com.google.android.gms/.stats.service.DropBoxEntryAddedReceiver
03-06 15:51:33.972  2026  2053 W BroadcastQueue: Background execution not allowed: receiving Intent { act=android.intent.action.DROPBOX_ENTRY_ADDED flg=0x10 (has extras) } to com.google.android.gms/.chimera.GmsIntentOperationService$PersistentTrustedReceiver
03-06 15:51:33.980  6392  6392 I Finsky  : [2] pxd.b(7): Jobs in database: 12-1 21-333333333 28--559038737 31-305419896 
03-06 15:51:33.981  6392  6392 I Finsky  : [2] puk.a(113): ConstraintMapping: 12-1, 21-333333333, 28--559038737, 31-305419896,  -> L: 0ms, D: 82740138ms, C: false, I: false, N: 1
03-06 15:51:33.981  6392  6637 I Finsky  : [539] qjn.b(1): SIM loaded, prefetching preloads
03-06 15:51:33.981  6392  6392 I Finsky  : [2] com.google.android.finsky.scheduler.JobSchedulerEngine.a(42): Cancelling existing job with id: 9001
03-06 15:51:33.981  6392  6428 I Finsky  : [495] qjm.call(2): Prefetching preloads for account null
03-06 15:51:33.982  6392  6428 W Finsky  : [495] cwl.a(19): For unauth, use getDfeApiNonAuthenticated() instead!
03-06 15:51:33.982  6392  6392 I Finsky  : [2] com.google.android.finsky.scheduler.JobSchedulerEngine.a(4): Scheduling job Id: 9000, L: 0, D: 82740138, C: false, I: false, N: 1
03-06 15:51:33.982  6392  6428 I Finsky  : [495] qnu.a(19): No PAI stub found
03-06 15:51:33.982  6392  6428 E Finsky  : [495] qjm.call(31): Error prefetching preloads, using account=null, preloads=NULL, preloadRros=NULL, preloadGroups=NULL
03-06 15:51:33.982  6392  6428 E Finsky  : com.google.android.finsky.setup.fetchers.RawDocumentsFetchException[reason=pai_config, account=null]
03-06 15:51:33.982  6392  6428 E Finsky  : 	at qnu.a(SourceFile:19)
03-06 15:51:33.982  6392  6428 E Finsky  : 	at qjm.call(Unknown Source:2)
03-06 15:51:33.982  6392  6428 E Finsky  : 	at afxg.a(SourceFile:1)
03-06 15:51:33.982  6392  6428 E Finsky  : 	at afwi.run(SourceFile:3)
03-06 15:51:33.982  6392  6428 E Finsky  : 	at afxf.run(SourceFile:2)
03-06 15:51:33.982  6392  6428 E Finsky  : 	at java.util.concurrent.ThreadPoolExecutor.runWorker(ThreadPoolExecutor.java:1167)
03-06 15:51:33.982  6392  6428 E Finsky  : 	at java.util.concurrent.ThreadPoolExecutor$Worker.run(ThreadPoolExecutor.java:641)
03-06 15:51:33.982  6392  6428 E Finsky  : 	at unn.run(Unknown Source:7)
03-06 15:51:33.982  6392  6428 E Finsky  : 	at java.lang.Thread.run(Thread.java:919)
03-06 15:51:33.982  6392  6428 I Finsky  : [495] qjn.a(10): VpaSelectionActivity will be disabled
03-06 15:51:33.982  6392  6428 I Finsky  : [495] qoh.a(3): PAI late SIM : experiment enabled = false
03-06 15:51:33.983  6392  6637 I Finsky  : [539] fpy.a(5): notifySubscriptionInfoChangedListener success.
03-06 15:51:33.984  2026  4059 I Telecom : PhoneAccountRegistrar: New phone account registered: [[ ] PhoneAccount: ComponentInfo{com.android.phone/com.android.services.telephony.TelephonyConnectionService}, ***, UserHandle{0} Capabilities: CallProvider MultiUser PlaceEmerg SimSub  Audio Routes: BESW Schemes: tel voicemail  Extras: Bundle[{android.telecom.extra.SUPPORTS_VIDEO_CALLING_FALLBACK=true}] GroupId: ***]: TSI.rPA@AgU
03-06 15:51:33.985  2026  4059 I Telecom : CallsManager: Sending phone-account ComponentInfo{com.android.phone/com.android.services.telephony.TelephonyConnectionService}, ***, UserHandle{0} registered intent as user: TSI.rPA@AgU
03-06 15:51:33.985  2026  4059 I Telecom : CallsManager: Sending phone-account registered intent to default dialer: TSI.rPA@AgU
03-06 15:51:33.986  2476  2476 I TelecomFramework: AccountEntry: Registered phoneAccount: [[ ] PhoneAccount: ComponentInfo{com.android.phone/com.android.services.telephony.TelephonyConnectionService}, ***, UserHandle{0} Capabilities: CallProvider MultiUser PlaceEmerg SimSub  Audio Routes: BESW Schemes: tel voicemail  Extras: Bundle[{android.telecom.extra.SUPPORTS_VIDEO_CALLING_FALLBACK=true}] GroupId: ***] with handle: ComponentInfo{com.android.phone/com.android.services.telephony.TelephonyConnectionService}, ***, UserHandle{0}
03-06 15:51:33.986  2476  2476 I TelecomFramework: PstnIncomingCallNotifier: Registering: Handler (com.android.internal.telephony.GsmCdmaPhone) {b312827}
03-06 15:51:33.988  2476  2476 I TelecomFramework: TelecomAccountRegistry: Unregistering phone account ComponentInfo{com.android.phone/com.android.services.telephony.TelephonyConnectionService}, ***, UserHandle{0}.
03-06 15:51:33.989  2026  3203 I Telecom : CallsManager: Sending phone-account ComponentInfo{com.android.phone/com.android.services.telephony.TelephonyConnectionService}, ***, UserHandle{0} unregistered intent as user: TSI.uPA@Agg
03-06 15:51:33.989  2026  3203 I Telecom : CallsManager: Sending phone-account unregistered intent to default dialer: TSI.uPA@Agg
03-06 15:51:33.990  2476  2476 D MultiSimSettingController: onSubscriptionsChanged
03-06 15:51:33.990  2476  2476 D MultiSimSettingController: updateDefaults
03-06 15:51:33.990  2476  2476 D MultiSimSettingController: [updateDefaultValues] change: 0
03-06 15:51:33.995  1676  1676 I hwservicemanager: getTransport: Cannot find entry android.hardware.radio@1.4::IRadio/slot1 in either framework or device manifest.
03-06 15:51:33.996  1676  1676 I hwservicemanager: getTransport: Cannot find entry android.hardware.radio@1.3::IRadio/slot1 in either framework or device manifest.
03-06 15:51:33.996  1676  1676 I hwservicemanager: getTransport: Cannot find entry android.hardware.radio@1.2::IRadio/slot1 in either framework or device manifest.
03-06 15:51:33.996  1676  1676 I hwservicemanager: getTransport: Cannot find entry android.hardware.radio@1.1::IRadio/slot1 in either framework or device manifest.
03-06 15:51:33.997  2476  2476 W ServiceManagement: getService: found dead hwbinder service for android.hardware.radio@1.0::IRadio/slot1.
03-06 15:51:33.998  2476  2476 W ServiceManagement: getService: found dead hwbinder service for android.hardware.radio@1.0::IRadio/slot1.
03-06 15:51:33.998  2476  2476 I ServiceManagement: getService: Trying again for android.hardware.radio@1.0::IRadio/slot1...
03-06 15:51:33.998  2476  2476 W ServiceManagement: getService: found dead hwbinder service for android.hardware.radio@1.0::IRadio/slot1.
03-06 15:51:33.998  2476  2476 I ServiceManagement: getService: Trying again for android.hardware.radio@1.0::IRadio/slot1...
03-06 15:51:34.951  1791  2388 E GnssHAL_GnssInterface: gnssSvStatusCb: a: input svInfo.flags is 8
03-06 15:51:34.952  1791  2388 E GnssHAL_GnssInterface: gnssSvStatusCb: b: input svInfo.flags is 8
03-06 15:51:34.999  2476  2476 W ServiceManagement: Waited one second for android.hardware.radio@1.0::IRadio/slot1
03-06 15:51:35.000  2476  2476 I ServiceManagement: getService: Trying again for android.hardware.radio@1.0::IRadio/slot1...
03-06 15:51:35.297  7200  7254 W teco.fmhandroi: Accessing hidden method Lsun/misc/Unsafe;->compareAndSwapObject(Ljava/lang/Object;JLjava/lang/Object;Ljava/lang/Object;)Z (greylist, linking, allowed)
03-06 15:51:35.300  7200  7200 I ViewInteraction: Checking 'MatchesViewAssertion{viewMatcher=(view has effective visibility <VISIBLE> and view.getGlobalVisibleRect() to return non-empty rectangle)}' assertion on view (an instance of android.widget.TextView and view.getText() with or without transformation to match: is "Authorization" and view.getParent() view.getParent() view.getId() is <2131231186/ru.iteco.fmhandroid:id/nav_host_fragment>)
03-06 15:51:35.301  7200  7254 W teco.fmhandroi: Accessing hidden method Lsun/misc/Unsafe;->compareAndSwapObject(Ljava/lang/Object;JLjava/lang/Object;Ljava/lang/Object;)Z (greylist, linking, allowed)
03-06 15:51:35.303  7200  7200 I ViewInteraction: Checking 'MatchesViewAssertion{viewMatcher=(view has effective visibility <VISIBLE> and view.getGlobalVisibleRect() to return non-empty rectangle)}' assertion on view (an instance of android.widget.TextView and view.getHint() matching: is "Login" and view.getParent() view.getParent() view.getId() is <2131231121/ru.iteco.fmhandroid:id/login_text_input_layout>)
03-06 15:51:35.303  7200  7254 W teco.fmhandroi: Accessing hidden method Lsun/misc/Unsafe;->compareAndSwapObject(Ljava/lang/Object;JLjava/lang/Object;Ljava/lang/Object;)Z (greylist, linking, allowed)
03-06 15:51:35.304  7200  7200 I ViewInteraction: Checking 'MatchesViewAssertion{viewMatcher=(view has effective visibility <VISIBLE> and view.getGlobalVisibleRect() to return non-empty rectangle)}' assertion on view (an instance of android.widget.TextView and view.getHint() matching: is "Password" and view.getParent() view.getParent() view.getId() is <2131231264/ru.iteco.fmhandroid:id/password_text_input_layout>)
03-06 15:51:35.304  7200  7254 W teco.fmhandroi: Accessing hidden method Lsun/misc/Unsafe;->compareAndSwapObject(Ljava/lang/Object;JLjava/lang/Object;Ljava/lang/Object;)Z (greylist, linking, allowed)
03-06 15:51:35.306  7200  7200 I ViewInteraction: Checking 'MatchesViewAssertion{viewMatcher=(view has effective visibility <VISIBLE> and view.getGlobalVisibleRect() to return non-empty rectangle)}' assertion on view (an instance of android.widget.TextView and view.getText() with or without transformation to match: is "Sign in" and view.getId() is <2131231039/ru.iteco.fmhandroid:id/enter_button>)
03-06 15:51:35.306  7200  7254 W teco.fmhandroi: Accessing hidden method Lsun/misc/Unsafe;->compareAndSwapObject(Ljava/lang/Object;JLjava/lang/Object;Ljava/lang/Object;)Z (greylist, linking, allowed)
03-06 15:51:35.307  7200  7200 I ViewInteraction: Performing 'replace text(login2)' action on view (an instance of android.widget.TextView and view.getHint() matching: is "Login" and view.getParent() view.getParent() view.getId() is <2131231121/ru.iteco.fmhandroid:id/login_text_input_layout>)
03-06 15:51:35.313  7200  7254 W teco.fmhandroi: Accessing hidden method Lsun/misc/Unsafe;->compareAndSwapObject(Ljava/lang/Object;JLjava/lang/Object;Ljava/lang/Object;)Z (greylist, linking, allowed)
03-06 15:51:35.333  7200  7200 I ViewInteraction: Performing 'close keyboard' action on view (an instance of android.widget.TextView and view.getHint() matching: is "Login" and view.getParent() view.getParent() view.getId() is <2131231121/ru.iteco.fmhandroid:id/login_text_input_layout>)
03-06 15:51:35.333  7200  7200 W CloseKeyboardAction: Attempting to close soft keyboard, while it is not shown.
03-06 15:51:35.334  7200  7254 W teco.fmhandroi: Accessing hidden method Lsun/misc/Unsafe;->compareAndSwapObject(Ljava/lang/Object;JLjava/lang/Object;Ljava/lang/Object;)Z (greylist, linking, allowed)
03-06 15:51:35.334  7200  7200 I ViewInteraction: Performing 'replace text(@!)' action on view (an instance of android.widget.TextView and view.getHint() matching: is "Password" and view.getParent() view.getParent() view.getId() is <2131231264/ru.iteco.fmhandroid:id/password_text_input_layout>)
03-06 15:51:35.337  7200  7254 W teco.fmhandroi: Accessing hidden method Lsun/misc/Unsafe;->compareAndSwapObject(Ljava/lang/Object;JLjava/lang/Object;Ljava/lang/Object;)Z (greylist, linking, allowed)
03-06 15:51:35.347  7200  7200 I ViewInteraction: Performing 'close keyboard' action on view (an instance of android.widget.TextView and view.getHint() matching: is "Password" and view.getParent() view.getParent() view.getId() is <2131231264/ru.iteco.fmhandroid:id/password_text_input_layout>)
03-06 15:51:35.348  7200  7200 W CloseKeyboardAction: Attempting to close soft keyboard, while it is not shown.
03-06 15:51:35.348  7200  7254 W teco.fmhandroi: Accessing hidden method Lsun/misc/Unsafe;->compareAndSwapObject(Ljava/lang/Object;JLjava/lang/Object;Ljava/lang/Object;)Z (greylist, linking, allowed)
03-06 15:51:35.349  7200  7200 I ViewInteraction: Performing 'single click' action on view (an instance of android.widget.TextView and view.getText() with or without transformation to match: is "Sign in" and view.getId() is <2131231039/ru.iteco.fmhandroid:id/enter_button>)
03-06 15:51:35.395  7200  7351 I okhttp.OkHttpClient: --> POST http://www.981757-ca08998.tmweb.ru:8080/fmh/authentication/login
03-06 15:51:35.396  7200  7351 I okhttp.OkHttpClient: Content-Type: application/json; charset=UTF-8
03-06 15:51:35.396  7200  7351 I okhttp.OkHttpClient: Content-Length: 34
03-06 15:51:35.396  7200  7351 I okhttp.OkHttpClient: {"login":"login2","password":"@!"}
03-06 15:51:35.396  7200  7351 I okhttp.OkHttpClient: --> END POST (34-byte body)
03-06 15:51:35.396  1780  3960 W audio_hw_generic: Not supplying enough data to HAL, expected position 304073 , only wrote 304060
03-06 15:51:35.399  7200  7351 I okhttp.OkHttpClient: <-- HTTP FAILED: java.net.UnknownHostException: Unable to resolve host "www.981757-ca08998.tmweb.ru": No address associated with hostname
03-06 15:51:35.404  7200  7200 W System.err: ru.iteco.fmhandroid.exceptions.ServerException
03-06 15:51:35.404  7200  7200 W System.err: 	at ru.iteco.fmhandroid.utils.Utils.makeRequest(Utils.kt:119)
03-06 15:51:35.404  7200  7200 W System.err: 	at ru.iteco.fmhandroid.utils.Utils$makeRequest$1.invokeSuspend(Unknown Source:15)
03-06 15:51:35.404  7200  7200 W System.err: 	at kotlin.coroutines.jvm.internal.BaseContinuationImpl.resumeWith(ContinuationImpl.kt:33)
03-06 15:51:35.404  7200  7200 W System.err: 	at kotlinx.coroutines.DispatchedTask.run(DispatchedTask.kt:104)
03-06 15:51:35.404  7200  7200 W System.err: 	at android.os.Handler.handleCallback(Handler.java:883)
03-06 15:51:35.404  7200  7200 W System.err: 	at android.os.Handler.dispatchMessage(Handler.java:100)
03-06 15:51:35.404  7200  7200 W System.err: 	at androidx.test.espresso.base.Interrogator.loopAndInterrogate(Interrogator.java:14)
03-06 15:51:35.404  7200  7200 W System.err: 	at androidx.test.espresso.base.UiControllerImpl.loopUntil(UiControllerImpl.java:8)
03-06 15:51:35.404  7200  7200 W System.err: 	at androidx.test.espresso.base.UiControllerImpl.loopUntil(UiControllerImpl.java:1)
03-06 15:51:35.405  7200  7200 W System.err: 	at androidx.test.espresso.base.UiControllerImpl.loopMainThreadForAtLeast(UiControllerImpl.java:8)
03-06 15:51:35.405  7200  7200 W System.err: 	at androidx.test.espresso.action.Tap$1.sendTap(Tap.java:6)
03-06 15:51:35.405  7200  7200 W System.err: 	at androidx.test.espresso.action.GeneralClickAction.perform(GeneralClickAction.java:6)
03-06 15:51:35.405  7200  7200 W System.err: 	at androidx.test.espresso.ViewInteraction$SingleExecutionViewAction.perform(ViewInteraction.java:2)
03-06 15:51:35.405  7200  7200 W System.err: 	at androidx.test.espresso.ViewInteraction.doPerform(ViewInteraction.java:22)
03-06 15:51:35.405  7200  7200 W System.err: 	at androidx.test.espresso.ViewInteraction.access$100(ViewInteraction.java:1)
03-06 15:51:35.405  7200  7200 W System.err: 	at androidx.test.espresso.ViewInteraction$1.call(ViewInteraction.java:2)
03-06 15:51:35.405  7200  7200 W System.err: 	at androidx.test.espresso.ViewInteraction$1.call(ViewInteraction.java:1)
03-06 15:51:35.405  7200  7200 W System.err: 	at java.util.concurrent.FutureTask.run(FutureTask.java:266)
03-06 15:51:35.405  7200  7200 W System.err: 	at android.os.Handler.handleCallback(Handler.java:883)
03-06 15:51:35.405  7200  7200 W System.err: 	at android.os.Handler.dispatchMessage(Handler.java:100)
03-06 15:51:35.405  7200  7200 W System.err: 	at android.os.Looper.loop(Looper.java:214)
03-06 15:51:35.405  7200  7200 W System.err: 	at android.app.ActivityThread.main(ActivityThread.java:7356)
03-06 15:51:35.405  7200  7200 W System.err: 	at java.lang.reflect.Method.invoke(Native Method)
03-06 15:51:35.405  7200  7200 W System.err: 	at com.android.internal.os.RuntimeInit$MethodAndArgsCaller.run(RuntimeInit.java:492)
03-06 15:51:35.405  7200  7200 W System.err: 	at com.android.internal.os.ZygoteInit.main(ZygoteInit.java:930)
03-06 15:51:35.425  1792  3032 D gralloc_ranchu: gralloc_alloc: Creating ashmem region of size 438272
03-06 15:51:35.432  1792  3032 I chatty  : uid=1000(system) HwBinder:1792_3 identical 1 line
03-06 15:51:35.440  1792  3032 D gralloc_ranchu: gralloc_alloc: Creating ashmem region of size 438272
03-06 15:51:35.440  7200  7276 D EGL_emulation: eglMakeCurrent: 0xdee1ae40: ver 2 0 (tinfo 0xc2e69120)
03-06 15:51:35.613  2026  2053 W BroadcastQueue: Background execution not allowed: receiving Intent { act=android.intent.action.DROPBOX_ENTRY_ADDED flg=0x10 (has extras) } to com.google.android.gms/.stats.service.DropBoxEntryAddedReceiver
03-06 15:51:35.613  2026  2053 W BroadcastQueue: Background execution not allowed: receiving Intent { act=android.intent.action.DROPBOX_ENTRY_ADDED flg=0x10 (has extras) } to com.google.android.gms/.chimera.GmsIntentOperationService$PersistentTrustedReceiver
03-06 15:51:35.450  7200  7276 D EGL_emulation: eglMakeCurrent: 0xdee1ae40: ver 2 0 (tinfo 0xc2e69120)
03-06 15:51:35.614  2026  2052 E memtrack: Couldn't load memtrack module
03-06 15:51:35.614  2026  2052 W android.os.Debug: failed to get memory consumption info: -1
03-06 15:51:35.780  7200  7254 W teco.fmhandroi: Accessing hidden method Lsun/misc/Unsafe;->compareAndSwapObject(Ljava/lang/Object;JLjava/lang/Object;Ljava/lang/Object;)Z (greylist, linking, allowed)
03-06 15:51:35.784  7200  7200 I ViewInteraction: Checking 'MatchesViewAssertion{viewMatcher=(view has effective visibility <VISIBLE> and view.getGlobalVisibleRect() to return non-empty rectangle)}' assertion on view an instance of android.widget.TextView and view.getText() equals string from resource id: <2131820798> [wrong_login_or_password] value: Wrong login or password
03-06 15:51:35.784  7200  7200 E ViewAssertions: '(view has effective visibility <VISIBLE> and view.getGlobalVisibleRect() to return non-empty rectangle)' check could not be performed because view 'an instance of android.widget.TextView and view.getText() equals string from resource id: <2131820798> [wrong_login_or_password] value: Wrong login or password' was not found.
03-06 15:51:35.786  2026  4059 I ActivityTaskManager: START u0 {act=android.intent.action.MAIN cat=[android.intent.category.LAUNCHER] flg=0x10000000 cmp=ru.iteco.fmhandroid.test/androidx.test.core.app.InstrumentationActivityInvoker$EmptyActivity} from uid 10134
03-06 15:51:35.790  7200  7200 D LifecycleMonitor: Lifecycle status change: ru.iteco.fmhandroid.ui.AppActivity@307b271 in: PAUSED
03-06 15:51:35.790  2026  2048 E system_server: Invalid ID 0x00000000.
03-06 15:51:35.790  7200  7200 V ActivityScenario: Activity lifecycle changed event received but ignored because the reported transition was not ON_CREATE while the last known transition was DESTROYED
03-06 15:51:35.790  7200  7200 V ActivityScenario: Update currentActivityStage to PAUSED, currentActivity=ru.iteco.fmhandroid.ui.AppActivity@307b271
03-06 15:51:35.791  2026  2043 W InputReader: Device has associated, but no associated display id.
03-06 15:51:35.794  2026  2043 I chatty  : uid=1000(system) Binder:2026_2 identical 38 lines
03-06 15:51:35.794  2026  2043 W InputReader: Device has associated, but no associated display id.
03-06 15:51:35.794  7353  7353 W ActivityThread: handleWindowVisibility: no activity for token android.os.BinderProxy@505ae45
03-06 15:51:35.795  2026  2043 W InputReader: Device has associated, but no associated display id.
03-06 15:51:35.795  2026  2043 I chatty  : uid=1000(system) Binder:2026_2 identical 8 lines
03-06 15:51:35.795  2026  2043 W InputReader: Device has associated, but no associated display id.
03-06 15:51:35.816  1792  3032 D gralloc_ranchu: gralloc_alloc: Creating ashmem region of size 9592832
03-06 15:51:35.831  1792  3032 I chatty  : uid=1000(system) HwBinder:1792_3 identical 1 line
03-06 15:51:35.903  1792  3032 D gralloc_ranchu: gralloc_alloc: Creating ashmem region of size 9592832
03-06 15:51:35.905  2026  2048 W InputReader: Device has associated, but no associated display id.
03-06 15:51:35.906  2026  2048 I chatty  : uid=1000(system) android.anim identical 18 lines
03-06 15:51:35.906  2026  2048 W InputReader: Device has associated, but no associated display id.
03-06 15:51:35.908  1792  1792 D gralloc_ranchu: gralloc_alloc: Creating ashmem region of size 6139904
03-06 15:51:35.916  7353  7385 D EGL_emulation: eglMakeCurrent: 0xdb9591c0: ver 2 0 (tinfo 0xf2089d00)
03-06 15:51:35.930  1792  3032 D gralloc_ranchu: gralloc_alloc: Creating ashmem region of size 9592832
03-06 15:51:35.940  7200  7276 D EGL_emulation: eglMakeCurrent: 0xdee1ae40: ver 2 0 (tinfo 0xc2e69120)
03-06 15:51:35.952  1791  2388 E GnssHAL_GnssInterface: gnssSvStatusCb: a: input svInfo.flags is 8
03-06 15:51:35.952  1791  2388 E GnssHAL_GnssInterface: gnssSvStatusCb: b: input svInfo.flags is 8
03-06 15:51:35.968  1792  3032 D gralloc_ranchu: gralloc_alloc: Creating ashmem region of size 9592832
03-06 15:51:35.975  2026  2052 I ActivityTaskManager: Displayed ru.iteco.fmhandroid.test/androidx.test.core.app.InstrumentationActivityInvoker$EmptyActivity: +186ms
03-06 15:51:35.976  2026  4059 W InputReader: Device has associated, but no associated display id.
03-06 15:51:35.976  2026  4059 I chatty  : uid=1000(system) Binder:2026_16 identical 8 lines
03-06 15:51:35.976  2026  4059 W InputReader: Device has associated, but no associated display id.
03-06 15:51:36.001  2476  2476 W ServiceManagement: Waited one second for android.hardware.radio@1.0::IRadio/slot1
03-06 15:51:36.002  2476  2476 I ServiceManagement: getService: Trying again for android.hardware.radio@1.0::IRadio/slot1...
03-06 15:51:36.045  2026  2043 W InputReader: Device has associated, but no associated display id.
03-06 15:51:36.045  2026  2043 I chatty  : uid=1000(system) Binder:2026_2 identical 8 lines
03-06 15:51:36.045  2026  2043 W InputReader: Device has associated, but no associated display id.
03-06 15:51:36.049  7200  7200 D LifecycleMonitor: Lifecycle status change: ru.iteco.fmhandroid.ui.AppActivity@307b271 in: STOPPED
03-06 15:51:36.050  7200  7200 V ActivityScenario: Activity lifecycle changed event received but ignored because the reported transition was not ON_CREATE while the last known transition was DESTROYED
03-06 15:51:36.050  7200  7200 V ActivityScenario: Update currentActivityStage to STOPPED, currentActivity=ru.iteco.fmhandroid.ui.AppActivity@307b271
03-06 15:51:36.057  1792  3032 D gralloc_ranchu: gralloc_alloc: Creating ashmem region of size 9592832
03-06 15:51:36.058  2634  3367 E ActivityThread: Failed to find provider info for com.google.android.apps.wellbeing.api
03-06 15:51:36.067  2026  2026 W ActivityManager: Unable to start service Intent { act=android.service.appprediction.AppPredictionService cmp=com.google.android.as/com.google.android.apps.miphone.aiai.app.AiAiPredictionService } U=0: not found
03-06 15:51:36.067  2026  2026 W RemoteAppPredictionService: could not bind to Intent { act=android.service.appprediction.AppPredictionService cmp=com.google.android.as/com.google.android.apps.miphone.aiai.app.AiAiPredictionService } using flags 67108865
03-06 15:51:36.068  7200  7200 D LifecycleMonitor: Lifecycle status change: ru.iteco.fmhandroid.ui.AppActivity@307b271 in: DESTROYED
03-06 15:51:36.079  7200  7200 V ActivityScenario: Activity lifecycle changed event received but ignored because the reported transition was not ON_CREATE while the last known transition was DESTROYED
03-06 15:51:36.079  7200  7200 V ActivityScenario: Update currentActivityStage to DESTROYED, currentActivity=null
03-06 15:51:36.083  1792  3032 D gralloc_ranchu: gralloc_alloc: Creating ashmem region of size 9592832
03-06 15:51:36.086  1792  1792 D gralloc_ranchu: gralloc_alloc: Creating ashmem region of size 9592832
03-06 15:51:36.096  2890  3240 D EGL_emulation: eglMakeCurrent: 0xdee1c2e0: ver 2 0 (tinfo 0xc1d14460)
03-06 15:51:36.115  1792  1792 D gralloc_ranchu: gralloc_alloc: Creating ashmem region of size 9592832
03-06 15:51:36.119  1792  3032 D gralloc_ranchu: gralloc_alloc: Creating ashmem region of size 9592832
03-06 15:51:36.169  2634  3076 D EGL_emulation: eglMakeCurrent: 0xdee1a120: ver 2 0 (tinfo 0xdee0f3f0)
03-06 15:51:36.169  1792  3032 D gralloc_ranchu: gralloc_alloc: Creating ashmem region of size 9592832
03-06 15:51:36.170  2026  2052 E memtrack: Couldn't load memtrack module
03-06 15:51:36.170  2026  2052 W android.os.Debug: failed to get memory consumption info: -1
03-06 15:51:36.189  1792  1792 D gralloc_ranchu: gralloc_alloc: Creating ashmem region of size 9592832
03-06 15:51:36.196  2026  2048 W InputReader: Device has associated, but no associated display id.
03-06 15:51:36.196  2026  2048 I chatty  : uid=1000(system) android.anim identical 8 lines
03-06 15:51:36.196  2026  2048 W InputReader: Device has associated, but no associated display id.
03-06 15:51:36.197  2890  3121 W SessionLifecycleManager: Handover failed. Creating new session controller.
03-06 15:51:36.198  1792  3032 D gralloc_ranchu: gralloc_alloc: Creating ashmem region of size 6139904
03-06 15:51:36.204  2890  3181 W ThreadPoolDumper: Queue length for executor EventBus is now 11. Perhaps some tasks are too long, or the pool is too small.
03-06 15:51:36.241  2890  3190 W LocationOracle: No location history returned by ContextManager
03-06 15:51:36.245  2634  2650 W System  : A resource failed to call release. 
03-06 15:51:36.245  2634  2650 W System  : A resource failed to call release. 
03-06 15:51:36.262  2164  3051 W GCoreFlp: No location to return for getLastLocation()
03-06 15:51:36.263  2164  3051 W GCoreFlp: No location to return for getLastLocation()
03-06 15:51:36.278  2890  3121 I MicroDetectionWorker: #startMicroDetector [speakerMode: 0]
03-06 15:51:36.279  2890  3121 I AudioController: Created new AudioSource
03-06 15:51:36.280  2890  3121 I MicroDetectionWorker: onReady
03-06 15:51:36.280  2026  4059 W AppOps  : Noting op not finished: uid 10099 pkg com.google.android.gms code 79 time=1709758295969 duration=-1709758170322
03-06 15:51:36.284  2890  3204 I MicroRecognitionRunner: Starting detection.
03-06 15:51:36.284  2890  3204 I MultipleReaderAudioSrc: Using micInputStream
03-06 15:51:36.288  2026  4059 W AppOps  : Noting op not finished: uid 10099 pkg com.google.android.gms code 79 time=1709758296280 duration=0
03-06 15:51:36.288  2890  3570 I MicrophoneInputStream: mic_starting  SR : 16000 CC : 16 SO : 1999
03-06 15:51:36.295  1803  7511 I AudioFlinger: AudioFlinger's thread 0xe2e87cc0 tid=7511 ready to run
03-06 15:51:36.298  2890  3570 I MicrophoneInputStream: mic_started  SR : 16000 CC : 16 SO : 1999
03-06 15:51:36.298  2026  3203 I AudioService.RecordingActivityMonitor: rec update riid:63 uid:10105 session:49 src:HOTWORD pack:com.google.android.googlequicksearchbox
03-06 15:51:36.315  2164  3051 W GCoreFlp: No location to return for getLastLocation()
03-06 15:51:36.324  2164  3051 I chatty  : uid=10099(com.google.android.gms) FlpThread identical 1 line
03-06 15:51:36.326  2164  3051 W GCoreFlp: No location to return for getLastLocation()
03-06 15:51:36.330  2890  3121 I MicroDetectionWorker: onReady
03-06 15:51:36.337  2164  3051 W GCoreFlp: No location to return for getLastLocation()
03-06 15:51:36.341  7200  7254 E TestRunner: failed: testAuthInvalidPassword(ru.netology.tests.AuthTest)
03-06 15:51:36.341  2164  3049 W ctxmgr  : [AclManager] No 3 for (accnt=account#-517948760#, com.google.android.gms(10099):UserVelocityProducer, vrsn=17786022, 0, 3pPkg = null ,  3pMdlId = null ,  pid = 2164). Was: 3 for 1, account#-517948760# [CONTEXT service_id=47 ]
03-06 15:51:36.341  7200  7254 E TestRunner: ----- begin exception -----
03-06 15:51:36.341  7200  7254 E TestRunner: androidx.test.espresso.NoMatchingViewException: No views in hierarchy found matching: an instance of android.widget.TextView and view.getText() equals string from resource id: <2131820798> [wrong_login_or_password] value: Wrong login or password
03-06 15:51:36.341  7200  7254 E TestRunner: 
03-06 15:51:36.341  7200  7254 E TestRunner: View Hierarchy:
03-06 15:51:36.341  7200  7254 E TestRunner: +>LinearLayout{id=-1, visibility=VISIBLE, width=805, height=135, has-focus=false, has-focusable=false, has-window-focus=false, is-clickable=false, is-enabled=true, is-focused=false, is-focusable=false, is-layout-requested=false, is-selected=false, layout-params={(0,66)(wrapxwrap) gr=BOTTOM CENTER ty=TOAST fmt=TRANSLUCENT wanim=0x1030004
03-06 15:51:36.341  7200  7254 E TestRunner:   fl=NOT_FOCUSABLE NOT_TOUCHABLE KEEP_SCREEN_ON HARDWARE_ACCELERATED}, tag=null, root-is-layout-requested=false, has-input-connection=false, x=0.0, y=0.0, child-count=1} 
03-06 15:51:36.341  7200  7254 E TestRunner: |
03-06 15:51:36.341  7200  7254 E TestRunner: +->MaterialTextView{id=16908299, res-name=message, visibility=VISIBLE, width=673, height=53, has-focus=false, has-focusable=false, has-window-focus=false, is-clickable=false, is-enabled=true, is-focused=false, is-focusable=false, is-layout-requested=false, is-selected=false, layout-params=android.widget.LinearLayout$LayoutParams@eb01d1c, tag=null, root-is-layout-requested=false, has-input-connection=false, x=66.0, y=41.0, text=Something went wrong. Try again later., input-type=0, ime-target=false, has-links=false} 
03-06 15:51:36.341  7200  7254 E TestRunner: 	at dalvik.system.VMStack.getThreadStackTrace(Native Method)
03-06 15:51:36.341  7200  7254 E TestRunner: 	at java.lang.Thread.getStackTrace(Thread.java:1720)
03-06 15:51:36.341  7200  7254 E TestRunner: 	at androidx.test.espresso.base.DefaultFailureHandler.getUserFriendlyError(DefaultFailureHandler.java:12)
03-06 15:51:36.341  7200  7254 E TestRunner: 	at androidx.test.espresso.base.DefaultFailureHandler.handle(DefaultFailureHandler.java:7)
03-06 15:51:36.341  7200  7254 E TestRunner: 	at androidx.test.espresso.ViewInteraction.waitForAndHandleInteractionResults(ViewInteraction.java:8)
03-06 15:51:36.341  7200  7254 E TestRunner: 	at androidx.test.espresso.ViewInteraction.check(ViewInteraction.java:12)
03-06 15:51:36.341  7200  7254 E TestRunner: 	at ru.netology.data.DataHelper.checkMessage(DataHelper.java:108)
03-06 15:51:36.341  7200  7254 E TestRunner: 	at ru.netology.tests.AuthTest.testAuthInvalidPassword(AuthTest.java:82)
03-06 15:51:36.341  7200  7254 E TestRunner: 	at java.lang.reflect.Method.invoke(Native Method)
03-06 15:51:36.341  7200  7254 E TestRunner: 	at org.junit.runners.model.FrameworkMethod$1.runReflectiveCall(FrameworkMethod.java:59)
03-06 15:51:36.341  7200  7254 E TestRunner: 	at org.junit.internal.runners.model.ReflectiveCallable.run(ReflectiveCallable.java:12)
03-06 15:51:36.341  7200  7254 E TestRunner: 	at org.junit.runners.model.FrameworkMethod.invokeExplosively(FrameworkMethod.java:56)
03-06 15:51:36.341  7200  7254 E TestRunner: 	at org.junit.internal.runners.statements.InvokeMethod.evaluate(InvokeMethod.java:17)
03-06 15:51:36.341  7200  7254 E TestRunner: 	at androidx.test.internal.runner.junit4.statement.RunBefores.evaluate(RunBefores.java:80)
03-06 15:51:36.341  7200  7254 E TestRunner: 	at org.junit.rules.ExternalResource$1.evaluate(ExternalResource.java:54)
03-06 15:51:36.341  7200  7254 E TestRunner: 	at io.qameta.allure.android.rules.ScreenshotRule$apply$1.evaluate(ScreenshotRule.kt:22)
03-06 15:51:36.341  7200  7254 E TestRunner: 	at org.junit.rules.ExternalResource$1.evaluate(ExternalResource.java:54)
03-06 15:51:36.341  7200  7254 E TestRunner: 	at io.qameta.allure.android.rules.LogcatRule$apply$1.evaluate(LogcatRule.kt:23)
03-06 15:51:36.341  7200  7254 E TestRunner: 	at org.junit.rules.RunRules.evaluate(RunRules.java:20)
03-06 15:51:36.341  7200  7254 E TestRunner: 	at org.junit.runners.ParentRunner$3.evaluate(ParentRunner.java:306)
